> Task :hospital-core:compileJava UP-TO-DATE
> Task :hospital-core:processResources UP-TO-DATE
> Task :hospital-core:classes UP-TO-DATE
> Task :hospital-core:compileTestJava UP-TO-DATE
> Task :hospital-core:processTestResources UP-TO-DATE
> Task :hospital-core:testClasses UP-TO-DATE

> Task :hospital-core:test

HelloWorldTest > testHelloWorld() PASSED

HmsApplicationTests STANDARD_OUT
    23:47:15.515 [Test worker] INFO org.springframework.test.context.support.AnnotationConfigContextLoaderUtils -- Could not detect default configuration classes for test class [com.example.hms.HmsApplicationTests]: HmsApplicationTests does not declare any static, non-private, non-final, nested classes annotated with @Configuration.
    23:47:16.171 [Test worker] INFO org.springframework.boot.test.context.SpringBootTestContextBootstrapper -- Found @SpringBootConfiguration com.example.hms.HmsApplication for test class com.example.hms.HmsApplicationTests

      .   ____          _            __ _ _
     /\\ / ___'_ __ _ _(_)_ __  __ _ \ \ \ \
    ( ( )\___ | '_ | '_| | '_ \/ _` | \ \ \ \
     \\/  ___)| |_)| | | | | || (_| |  ) ) ) )
      '  |____| .__|_| |_|_| |_\__, | / / / /
     =========|_|==============|___/=/_/_/_/

     :: Spring Boot ::               (v3.4.11)

    2026-03-10 23:47:18  WARN [Test worker] ory$DuplicateJsonObjectContextCustomizer - 

    Found multiple occurrences of org.json.JSONObject on the class path:

    	jar:file:/C:/Users/tiego/.gradle/caches/modules-2/files-2.1/org.json/json/20240303/ebb88e8fb5122b7506d5cf1d69f1ccdb790d22a/json-20240303.jar!/org/json/JSONObject.class
    	jar:file:/C:/Users/tiego/.gradle/caches/modules-2/files-2.1/com.vaadin.external.google/android-json/0.0.20131108.vaadin1/fa26d351fe62a6a17f5cda1287c1c6110dec413f/android-json-0.0.20131108.vaadin1.jar!/org/json/JSONObject.class

    You may wish to exclude one of them to ensure predictable runtime behavior

    2026-03-10 23:47:18  INFO [Test worker] com.example.hms.HmsApplicationTests      - Starting HmsApplicationTests using Java 21.0.10 with PID 2608 (started by tiego in C:\Users\tiego\OneDrive\Desktop\HMS\hms\hospital-core)
    2026-03-10 23:47:18  INFO [Test worker] com.example.hms.HmsApplicationTests      - The following 1 profile is active: "test"
    2026-03-10 23:47:33  WARN [Test worker] org.hibernate.orm.deprecation            - HHH90000025: H2Dialect does not need to be specified explicitly using 'hibernate.dialect' (remove the property setting and it will be selected by default)
    2026-03-10 23:47:36  WARN [Test worker] o.h.boot.model.internal.ToOneBinder      - HHH000491: 'com.example.hms.model.User.patientProfile' uses both @NotFound and FetchType.LAZY. @ManyToOne and @OneToOne associations mapped with @NotFound are forced to EAGER fetching.
    2026-03-10 23:47:36  WARN [Test worker] o.h.boot.model.internal.ToOneBinder      - HHH000491: 'com.example.hms.model.User.staffProfile' uses both @NotFound and FetchType.LAZY. @ManyToOne and @OneToOne associations mapped with @NotFound are forced to EAGER fetching.
    2026-03-10 23:47:55  INFO [Test worker] c.example.hms.security.JwtTokenProvider  - JWT secret configured (45 bytes) activeProfile=test rawPrefix=base64:dGVzd...
    2026-03-10 23:48:01  WARN [Test worker] r$InitializeUserDetailsManagerConfigurer - Global AuthenticationManager configured with an AuthenticationProvider bean. UserDetailsService beans will not be used by Spring Security for automatically configuring username/password login. Consider removing the AuthenticationProvider bean. Alternatively, consider using the UserDetailsService in a manually instantiated DaoAuthenticationProvider. If the current configuration is intentional, to turn off this warning, increase the logging level of 'org.springframework.security.config.annotation.authentication.configuration.InitializeUserDetailsBeanManagerConfigurer' to ERROR
    2026-03-10 23:48:14  INFO [Test worker] com.example.hms.HmsApplicationTests      - Started HmsApplicationTests in 57.327 seconds (process running for 65.824)
    2026-03-10 23:48:14  INFO [Test worker] c.e.hms.bootstrap.JwtSecretValidator     - JWT secret validated (length=67)

HmsApplicationTests > contextLoads() STANDARD_ERROR
    Mockito is currently self-attaching to enable the inline-mock-maker. This will no longer work in future releases of the JDK. Please add Mockito as an agent to your build what is described in Mockito's documentation: https://javadoc.io/doc/org.mockito/mockito-core/latest/org/mockito/Mockito.html#0.3
    WARNING: A Java agent has been loaded dynamically (C:\Users\tiego\.gradle\caches\modules-2\files-2.1\net.bytebuddy\byte-buddy-agent\1.15.11\a38b16385e867f59a641330f0362ebe742788ed8\byte-buddy-agent-1.15.11.jar)
    WARNING: If a serviceability tool is in use, please run with -XX:+EnableDynamicAgentLoading to hide this warning
    WARNING: If a serviceability tool is not in use, please run with -Djdk.instrument.traceUsage for more information
    WARNING: Dynamic loading of agents will be disallowed by default in a future release

.\gradlew.bat : OpenJDK 64-Bit Server VM warning: Sharing is only supported for boot loader classes because bootstrap classpath has been appended
At line:1 char:1
+ .\gradlew.bat :hospital-core:test --rerun 2>&1 | Out-File -FilePath t ...
+ ~~~~~~~~~~~~~~~~~~~~~~~~~~~~~~~~~~~~~~~~~~~~~~
    + CategoryInfo          : NotSpecified: (OpenJDK 64-Bit ...s been appended:String) [], RemoteException
    + FullyQualifiedErrorId : NativeCommandError
 

> Task :hospital-core:test

HmsApplicationTests > contextLoads() PASSED

PatientControllerTest STANDARD_OUT

      .   ____          _            __ _ _
     /\\ / ___'_ __ _ _(_)_ __  __ _ \ \ \ \
    ( ( )\___ | '_ | '_| | '_ \/ _` | \ \ \ \
     \\/  ___)| |_)| | | | | || (_| |  ) ) ) )
      '  |____| .__|_| |_|_| |_\__, | / / / /
     =========|_|==============|___/=/_/_/_/

     :: Spring Boot ::               (v3.4.11)

    2026-03-10 23:48:15  WARN [Test worker] ory$DuplicateJsonObjectContextCustomizer - 

    Found multiple occurrences of org.json.JSONObject on the class path:

    	jar:file:/C:/Users/tiego/.gradle/caches/modules-2/files-2.1/org.json/json/20240303/ebb88e8fb5122b7506d5cf1d69f1ccdb790d22a/json-20240303.jar!/org/json/JSONObject.class
    	jar:file:/C:/Users/tiego/.gradle/caches/modules-2/files-2.1/com.vaadin.external.google/android-json/0.0.20131108.vaadin1/fa26d351fe62a6a17f5cda1287c1c6110dec413f/android-json-0.0.20131108.vaadin1.jar!/org/json/JSONObject.class

    You may wish to exclude one of them to ensure predictable runtime behavior

    2026-03-10 23:48:15  INFO [Test worker] com.example.hms.PatientControllerTest    - Starting PatientControllerTest using Java 21.0.10 with PID 2608 (started by tiego in C:\Users\tiego\OneDrive\Desktop\HMS\hms\hospital-core)
    2026-03-10 23:48:15  INFO [Test worker] com.example.hms.PatientControllerTest    - The following 1 profile is active: "test"
    2026-03-10 23:48:19  WARN [Test worker] org.hibernate.orm.deprecation            - HHH90000025: H2Dialect does not need to be specified explicitly using 'hibernate.dialect' (remove the property setting and it will be selected by default)
    2026-03-10 23:48:19  WARN [Test worker] o.h.boot.model.internal.ToOneBinder      - HHH000491: 'com.example.hms.model.User.patientProfile' uses both @NotFound and FetchType.LAZY. @ManyToOne and @OneToOne associations mapped with @NotFound are forced to EAGER fetching.
    2026-03-10 23:48:19  WARN [Test worker] o.h.boot.model.internal.ToOneBinder      - HHH000491: 'com.example.hms.model.User.staffProfile' uses both @NotFound and FetchType.LAZY. @ManyToOne and @OneToOne associations mapped with @NotFound are forced to EAGER fetching.
    2026-03-10 23:48:23  INFO [Test worker] c.example.hms.security.JwtTokenProvider  - JWT secret configured (45 bytes) activeProfile=test rawPrefix=base64:dGVzd...
    2026-03-10 23:48:24  WARN [Test worker] r$InitializeUserDetailsManagerConfigurer - Global AuthenticationManager configured with an AuthenticationProvider bean. UserDetailsService beans will not be used by Spring Security for automatically configuring username/password login. Consider removing the AuthenticationProvider bean. Alternatively, consider using the UserDetailsService in a manually instantiated DaoAuthenticationProvider. If the current configuration is intentional, to turn off this warning, increase the logging level of 'org.springframework.security.config.annotation.authentication.configuration.InitializeUserDetailsBeanManagerConfigurer' to ERROR
    2026-03-10 23:48:28  INFO [Test worker] com.example.hms.PatientControllerTest    - Started PatientControllerTest in 12.933 seconds (process running for 80.086)
    2026-03-10 23:48:28  INFO [Test worker] c.e.hms.bootstrap.JwtSecretValidator     - JWT secret validated (length=67)

PatientControllerTest > createAndSearchPatient() PASSED

DevSyntheticDataSeederTest > CreatePermissionsForAssignmentOptimizedTests > createPermissionsForAssignmentOptimized_createsOnlyMissing() PASSED

DevSyntheticDataSeederTest > SeedFeaturedAccountsIfNeededTests > seedFeaturedAccountsIfNeeded_skipsWhenAlreadySeeded() PASSED

DevSyntheticDataSeederTest > SeedFeaturedAccountsIfNeededTests > seedFeaturedAccountsIfNeeded_seedsWhenHospitalFound() STANDARD_OUT
    2026-03-10 23:48:36  WARN [Test worker] c.e.h.bootstrap.DevSyntheticDataSeeder   - Skipping featured account dev_midwife_2031 because role ROLE_MIDWIFE is unavailable
    2026-03-10 23:48:36  INFO [Test worker] c.e.h.bootstrap.DevSyntheticDataSeeder   - Seeded 1 featured developer accounts anchored to DEV-ORG-01-H01

DevSyntheticDataSeederTest > SeedFeaturedAccountsIfNeededTests > seedFeaturedAccountsIfNeeded_seedsWhenHospitalFound() PASSED

DevSyntheticDataSeederTest > SeedFeaturedAccountsIfNeededTests > seedFeaturedAccountsIfNeeded_skipsWhenHospitalNotFound() PASSED

DevSyntheticDataSeederTest > CreateEncounterTreatmentsFullTests > createEncounterTreatments_savesWhenCachePopulated() PASSED

DevSyntheticDataSeederTest > SeedTreatmentsForHospitalFullPathTests > seedTreatmentsForHospital_createsNewTreatments() STANDARD_OUT
    2026-03-10 23:48:36  INFO [Test worker] c.e.h.bootstrap.DevSyntheticDataSeeder   - Seeded treatment 'Prenatal consultation' for hospital DEV-ORG-01-H01
    2026-03-10 23:48:36  INFO [Test worker] c.e.h.bootstrap.DevSyntheticDataSeeder   - Seeded treatment 'Post-operative wound care' for hospital DEV-ORG-01-H01
    2026-03-10 23:48:36  INFO [Test worker] c.e.h.bootstrap.DevSyntheticDataSeeder   - Seeded treatment 'Physical therapy session' for hospital DEV-ORG-01-H01
    2026-03-10 23:48:36  INFO [Test worker] c.e.h.bootstrap.DevSyntheticDataSeeder   - Seeded treatment 'Comprehensive metabolic panel' for hospital DEV-ORG-01-H01
    2026-03-10 23:48:36  INFO [Test worker] c.e.h.bootstrap.DevSyntheticDataSeeder   - Seeded treatment 'Day surgery preparation' for hospital DEV-ORG-01-H01

DevSyntheticDataSeederTest > SeedTreatmentsForHospitalFullPathTests > seedTreatmentsForHospital_createsNewTreatments() PASSED

DevSyntheticDataSeederTest > SeedTreatmentsForHospitalFullPathTests > seedTreatmentsForHospital_updatesExistingTreatments() STANDARD_OUT
    2026-03-10 23:48:36  INFO [Test worker] c.e.h.bootstrap.DevSyntheticDataSeeder   - Seeded treatment 'Post-operative wound care' for hospital DEV-ORG-01-H01
    2026-03-10 23:48:36  INFO [Test worker] c.e.h.bootstrap.DevSyntheticDataSeeder   - Seeded treatment 'Physical therapy session' for hospital DEV-ORG-01-H01
    2026-03-10 23:48:36  INFO [Test worker] c.e.h.bootstrap.DevSyntheticDataSeeder   - Seeded treatment 'Comprehensive metabolic panel' for hospital DEV-ORG-01-H01
    2026-03-10 23:48:36  INFO [Test worker] c.e.h.bootstrap.DevSyntheticDataSeeder   - Seeded treatment 'Day surgery preparation' for hospital DEV-ORG-01-H01

DevSyntheticDataSeederTest > SeedTreatmentsForHospitalFullPathTests > seedTreatmentsForHospital_updatesExistingTreatments() PASSED

DevSyntheticDataSeederTest > SeedConsentForEmailFullPathTests > seedConsentForEmail_skipsWhenNoAlternateHospital() PASSED

DevSyntheticDataSeederTest > SeedConsentForEmailFullPathTests > seedConsentForEmail_createsConsent() STANDARD_OUT
    2026-03-10 23:48:36  INFO [Test worker] c.e.h.bootstrap.DevSyntheticDataSeeder   - Seeded patient consent for dev_patient_0007@seed.dev from DEV-ORG-01-H01 to OTHER-H01

DevSyntheticDataSeederTest > SeedConsentForEmailFullPathTests > seedConsentForEmail_createsConsent() PASSED

DevSyntheticDataSeederTest > SeedConsentForEmailFullPathTests > seedConsentForEmail_skipsWhenConsentAlreadyExists() PASSED

DevSyntheticDataSeederTest > CreatePatientInsuranceViaWorkflowTests > createPatientInsurance_savesInsurance() PASSED

DevSyntheticDataSeederTest > CreatePatientInsuranceViaWorkflowTests > createPatientInsurance_skipsWhenAlreadyExists() PASSED

DevSyntheticDataSeederTest > GetPermissionsForRoleTests > getPermissionsForRole_returnsNonEmptyList() PASSED

DevSyntheticDataSeederTest > BuildTreatmentSeedsTests > buildTreatmentSeeds_returnsListOfSeeds() PASSED

DevSyntheticDataSeederTest > InitializeSequencesFromDatabaseTests > initializeSequences_callsBothSyncMethods() PASSED

DevSyntheticDataSeederTest > EnsureFeaturedUserTests > ensureFeaturedUser_returnsExistingWithUpdates() PASSED

DevSyntheticDataSeederTest > EnsureFeaturedUserTests > ensureFeaturedUser_createsNewWhenNotFound() PASSED

DevSyntheticDataSeederTest > SeedFeaturedAccountTests > seedFeaturedAccount_skipsWhenRoleMissing() STANDARD_OUT
    2026-03-10 23:48:37  WARN [Test worker] c.e.h.bootstrap.DevSyntheticDataSeeder   - Skipping featured account dev_midwife_2031 because role ROLE_MIDWIFE is unavailable

DevSyntheticDataSeederTest > SeedFeaturedAccountTests > seedFeaturedAccount_skipsWhenRoleMissing() PASSED

DevSyntheticDataSeederTest > SeedFeaturedAccountTests > seedFeaturedAccount_createsAccountWhenRolePresent() PASSED

DevSyntheticDataSeederTest > EnsureDeveloperConsentScenariosTests > ensureDeveloperConsentScenarios_callsSeedConsentWithTransactionTemplate() PASSED

DevSyntheticDataSeederTest > CreateLabResultsTests > createLabResults_savesOrderAndResult() PASSED

DevSyntheticDataSeederTest > CreateBillingTests > createBilling_savesInvoice() PASSED

DevSyntheticDataSeederTest > CreateEncounterTests > createEncounter_savesEncounter() PASSED

DevSyntheticDataSeederTest > CreateAppointmentTests > createAppointment_savesAppointment() PASSED

DevSyntheticDataSeederTest > SeedPatientsForHospitalTests > seedPatientsForHospital_skipsWhenEnoughPatientsExist() PASSED

DevSyntheticDataSeederTest > EnsureStaffTests > ensureStaff_createsNewWhenNotInMap() PASSED

DevSyntheticDataSeederTest > EnsureStaffTests > ensureStaff_returnsExistingAndUpdatesDepartment() PASSED

DevSyntheticDataSeederTest > EnsureStaffTests > ensureStaff_returnsNullWhenRoleIsMissing() STANDARD_OUT
    2026-03-10 23:48:37  WARN [Test worker] c.e.h.bootstrap.DevSyntheticDataSeeder   - Missing role configuration for DOCTOR ΓÇö skipping staff seed

DevSyntheticDataSeederTest > EnsureStaffTests > ensureStaff_returnsNullWhenRoleIsMissing() PASSED

DevSyntheticDataSeederTest > CreateStaffTests > createStaff_createsUserStaffAndAssignment() PASSED

DevSyntheticDataSeederTest > CreateStaffForExistingUserTests > createStaffForExistingUser_savesStaffAndLinksToUser() PASSED

DevSyntheticDataSeederTest > CreateAssignmentTests > createAssignment_savesAndCreatesPermissions() PASSED

DevSyntheticDataSeederTest > CreateDepartmentTests > createDepartment_updatesExistingWhenHospitalMissing() PASSED

DevSyntheticDataSeederTest > CreateDepartmentTests > createDepartment_updatesExistingWhenAssignmentMissing() PASSED

DevSyntheticDataSeederTest > CreateDepartmentTests > createDepartment_createsNewWhenNotFound() PASSED

DevSyntheticDataSeederTest > CreateDepartmentTests > createDepartment_returnsExistingWhenFound() PASSED

DevSyntheticDataSeederTest > SeedHospitalGraphTests > seedHospitalGraph_skipsWhenEnoughStaffExist() PASSED

DevSyntheticDataSeederTest > SeedHospitalGraphTests > seedHospitalGraph_createsNewHospitalWhenNotFound() PASSED

DevSyntheticDataSeederTest > SeedOrganizationGraphTests > seedOrganizationGraph_createsNewOrgWhenNotFound() PASSED

DevSyntheticDataSeederTest > SeedOrganizationGraphTests > seedOrganizationGraph_usesExistingOrg() PASSED

DevSyntheticDataSeederTest > SyncPhoneSequenceFromExistingDataTests > syncPhoneSequence_handlesNonNumeric() PASSED

DevSyntheticDataSeederTest > SyncPhoneSequenceFromExistingDataTests > syncPhoneSequence_updatesWhenMaxIsHigher() PASSED

DevSyntheticDataSeederTest > SyncPhoneSequenceFromExistingDataTests > syncPhoneSequence_handlesEmpty() PASSED

DevSyntheticDataSeederTest > SyncUserSequenceFromExistingDataTests > syncUserSequence_doesNotDowngrade() PASSED

DevSyntheticDataSeederTest > SyncUserSequenceFromExistingDataTests > syncUserSequence_handlesEmptyList() PASSED

DevSyntheticDataSeederTest > SyncUserSequenceFromExistingDataTests > syncUserSequence_updatesWhenMaxIsHigher() PASSED

DevSyntheticDataSeederTest > RunMethodTests > run_initializesTransactionTemplateAndSequences() STANDARD_OUT
    2026-03-10 23:48:37  INFO [Test worker] c.e.h.bootstrap.DevSyntheticDataSeeder   - Seeded treatment 'Prenatal consultation' for hospital DEV-ORG-01-H01
    2026-03-10 23:48:37  INFO [Test worker] c.e.h.bootstrap.DevSyntheticDataSeeder   - Seeded treatment 'Post-operative wound care' for hospital DEV-ORG-01-H01
    2026-03-10 23:48:37  INFO [Test worker] c.e.h.bootstrap.DevSyntheticDataSeeder   - Seeded treatment 'Physical therapy session' for hospital DEV-ORG-01-H01
    2026-03-10 23:48:37  INFO [Test worker] c.e.h.bootstrap.DevSyntheticDataSeeder   - Seeded treatment 'Comprehensive metabolic panel' for hospital DEV-ORG-01-H01
    2026-03-10 23:48:37  INFO [Test worker] c.e.h.bootstrap.DevSyntheticDataSeeder   - Seeded treatment 'Day surgery preparation' for hospital DEV-ORG-01-H01
    2026-03-10 23:48:37  INFO [Test worker] c.e.h.bootstrap.DevSyntheticDataSeeder   - Seeded treatment 'Prenatal consultation' for hospital DEV-ORG-01-H01
    2026-03-10 23:48:37  INFO [Test worker] c.e.h.bootstrap.DevSyntheticDataSeeder   - Seeded treatment 'Post-operative wound care' for hospital DEV-ORG-01-H01
    2026-03-10 23:48:37  INFO [Test worker] c.e.h.bootstrap.DevSyntheticDataSeeder   - Seeded treatment 'Physical therapy session' for hospital DEV-ORG-01-H01
    2026-03-10 23:48:37  INFO [Test worker] c.e.h.bootstrap.DevSyntheticDataSeeder   - Seeded treatment 'Comprehensive metabolic panel' for hospital DEV-ORG-01-H01
    2026-03-10 23:48:37  INFO [Test worker] c.e.h.bootstrap.DevSyntheticDataSeeder   - Seeded treatment 'Day surgery preparation' for hospital DEV-ORG-01-H01
    2026-03-10 23:48:37  WARN [Test worker] c.e.h.bootstrap.DevSyntheticDataSeeder   - Unable to locate department PED for hospital DEV-ORG-01-H01; skipping staff profile for dev_midwife_2031
    2026-03-10 23:48:37  INFO [Test worker] c.e.h.bootstrap.DevSyntheticDataSeeder   - Seeded 1 featured developer accounts anchored to DEV-ORG-01-H01
    2026-03-10 23:48:38  INFO [Test worker] c.e.h.bootstrap.DevSyntheticDataSeeder   - Seeded treatment 'Prenatal consultation' for hospital DEV-ORG-01-H01
    2026-03-10 23:48:38  INFO [Test worker] c.e.h.bootstrap.DevSyntheticDataSeeder   - Seeded treatment 'Post-operative wound care' for hospital DEV-ORG-01-H01
    2026-03-10 23:48:38  INFO [Test worker] c.e.h.bootstrap.DevSyntheticDataSeeder   - Seeded treatment 'Physical therapy session' for hospital DEV-ORG-01-H01
    2026-03-10 23:48:38  INFO [Test worker] c.e.h.bootstrap.DevSyntheticDataSeeder   - Seeded treatment 'Comprehensive metabolic panel' for hospital DEV-ORG-01-H01
    2026-03-10 23:48:38  INFO [Test worker] c.e.h.bootstrap.DevSyntheticDataSeeder   - Seeded treatment 'Day surgery preparation' for hospital DEV-ORG-01-H01
    2026-03-10 23:48:38  INFO [Test worker] c.e.h.bootstrap.DevSyntheticDataSeeder   - Seeded treatment 'Prenatal consultation' for hospital DEV-ORG-01-H01
    2026-03-10 23:48:38  INFO [Test worker] c.e.h.bootstrap.DevSyntheticDataSeeder   - Seeded treatment 'Post-operative wound care' for hospital DEV-ORG-01-H01
    2026-03-10 23:48:38  INFO [Test worker] c.e.h.bootstrap.DevSyntheticDataSeeder   - Seeded treatment 'Physical therapy session' for hospital DEV-ORG-01-H01
    2026-03-10 23:48:38  INFO [Test worker] c.e.h.bootstrap.DevSyntheticDataSeeder   - Seeded treatment 'Comprehensive metabolic panel' for hospital DEV-ORG-01-H01
    2026-03-10 23:48:38  INFO [Test worker] c.e.h.bootstrap.DevSyntheticDataSeeder   - Seeded treatment 'Day surgery preparation' for hospital DEV-ORG-01-H01
    2026-03-10 23:48:38  INFO [Test worker] c.e.h.bootstrap.DevSyntheticDataSeeder   - Backfilling permissions for existing assignments...
    2026-03-10 23:48:38  INFO [Test worker] c.e.h.bootstrap.DevSyntheticDataSeeder   - Backfilled permissions for 0 assignments

DevSyntheticDataSeederTest > RunMethodTests > run_initializesTransactionTemplateAndSequences() PASSED

DevSyntheticDataSeederTest > SeedConsentForEmailTests > seedConsentForEmail_noPatientMatch_doesNothing() PASSED

DevSyntheticDataSeederTest > SeedConsentForEmailTests > seedConsentForEmail_noActiveRegistration_doesNothing() PASSED

DevSyntheticDataSeederTest > CreateUserTests > createUser_incrementsSequence() PASSED

DevSyntheticDataSeederTest > CreateUserTests > createUser_createsAndSavesUser() PASSED

DevSyntheticDataSeederTest > EnsureSequenceAheadOfTests > ensureSequenceAheadOf_nonDevUsername_doesNotBump() PASSED

DevSyntheticDataSeederTest > EnsureSequenceAheadOfTests > ensureSequenceAheadOf_validDevUsername_bumpsSequence() PASSED

DevSyntheticDataSeederTest > BumpUserSequenceTests > bumpUserSequence_higherValue_updatesSequence() PASSED

DevSyntheticDataSeederTest > BumpUserSequenceTests > bumpUserSequence_lowerValue_doesNotDecrease() PASSED

DevSyntheticDataSeederTest > ResolveDepartmentForFeaturedAccountTests > resolveDepartmentForFeaturedAccount_hospitalWithNullId_returnsEmpty() PASSED

DevSyntheticDataSeederTest > ResolveDepartmentForFeaturedAccountTests > resolveDepartmentForFeaturedAccount_foundByCode_returnsIt() PASSED

DevSyntheticDataSeederTest > ResolveDepartmentForFeaturedAccountTests > resolveDepartmentForFeaturedAccount_nothingFound_returnsEmpty() PASSED

DevSyntheticDataSeederTest > ResolveDepartmentForFeaturedAccountTests > resolveDepartmentForFeaturedAccount_notFoundByCode_returnsFirst() PASSED

DevSyntheticDataSeederTest > ResolveDepartmentForFeaturedAccountTests > resolveDepartmentForFeaturedAccount_nullHospital_returnsEmpty() PASSED

DevSyntheticDataSeederTest > SeedFeaturedAccountsTests > seedFeaturedAccountsIfNeeded_featuredHospitalNotFound_skips() PASSED

DevSyntheticDataSeederTest > SeedFeaturedAccountsTests > seedFeaturedAccountsIfNeeded_alreadySeeded_returnsImmediately() PASSED

DevSyntheticDataSeederTest > BackfillPermissionsTests > backfillPermissionsForExistingAssignments_noAssignments_logsAndReturns() STANDARD_OUT
    2026-03-10 23:48:38  INFO [Test worker] c.e.h.bootstrap.DevSyntheticDataSeeder   - Backfilling permissions for existing assignments...
    2026-03-10 23:48:38  INFO [Test worker] c.e.h.bootstrap.DevSyntheticDataSeeder   - Backfilled permissions for 0 assignments

DevSyntheticDataSeederTest > BackfillPermissionsTests > backfillPermissionsForExistingAssignments_noAssignments_logsAndReturns() PASSED

DevSyntheticDataSeederTest > BackfillPermissionsTests > backfillPermissionsForExistingAssignments_assignmentWithNullRole_skips() STANDARD_OUT
    2026-03-10 23:48:38  INFO [Test worker] c.e.h.bootstrap.DevSyntheticDataSeeder   - Backfilling permissions for existing assignments...
    2026-03-10 23:48:38  INFO [Test worker] c.e.h.bootstrap.DevSyntheticDataSeeder   - Backfilled permissions for 0 assignments

DevSyntheticDataSeederTest > BackfillPermissionsTests > backfillPermissionsForExistingAssignments_assignmentWithNullRole_skips() PASSED

DevSyntheticDataSeederTest > BackfillPermissionsTests > backfillPermissionsForExistingAssignments_assignmentWithExistingPerms_skips() STANDARD_OUT
    2026-03-10 23:48:38  INFO [Test worker] c.e.h.bootstrap.DevSyntheticDataSeeder   - Backfilling permissions for existing assignments...
    2026-03-10 23:48:38  INFO [Test worker] c.e.h.bootstrap.DevSyntheticDataSeeder   - Backfilled permissions for 0 assignments

DevSyntheticDataSeederTest > BackfillPermissionsTests > backfillPermissionsForExistingAssignments_assignmentWithExistingPerms_skips() PASSED

DevSyntheticDataSeederTest > BackfillPermissionsTests > backfillPermissionsForExistingAssignments_assignmentWithNoPerms_backfills() STANDARD_OUT
    2026-03-10 23:48:38  INFO [Test worker] c.e.h.bootstrap.DevSyntheticDataSeeder   - Backfilling permissions for existing assignments...
    2026-03-10 23:48:38  INFO [Test worker] c.e.h.bootstrap.DevSyntheticDataSeeder   - Backfilled permissions for 1 assignments

DevSyntheticDataSeederTest > BackfillPermissionsTests > backfillPermissionsForExistingAssignments_assignmentWithNoPerms_backfills() PASSED

DevSyntheticDataSeederTest > CreatePatientInsuranceTests > createPatientInsurance_nullStaffBundle_doesNothing() PASSED

DevSyntheticDataSeederTest > CreatePatientInsuranceTests > createPatientInsurance_nullPatient_doesNothing() PASSED

DevSyntheticDataSeederTest > CreateEncounterTreatmentsTests > createEncounterTreatments_nullEncounter_doesNothing() PASSED

DevSyntheticDataSeederTest > CreateEncounterTreatmentsTests > createEncounterTreatments_existingTreatments_skips() PASSED

DevSyntheticDataSeederTest > CreateEncounterTreatmentsTests > createEncounterTreatments_nullHospital_doesNothing() PASSED

DevSyntheticDataSeederTest > SeedTreatmentsForHospitalTests > seedTreatmentsForHospital_nullStaffBundle_doesNothing() PASSED

DevSyntheticDataSeederTest > SeedTreatmentsForHospitalTests > seedTreatmentsForHospital_nullHospital_doesNothing() PASSED

DevSyntheticDataSeederTest > FindAlternateHospitalTests > findAlternateHospital_hospitalWithNullId_returnsNull() PASSED

DevSyntheticDataSeederTest > FindAlternateHospitalTests > findAlternateHospital_withoutOrganization_searchesAllHospitals() PASSED

DevSyntheticDataSeederTest > FindAlternateHospitalTests > findAlternateHospital_nullHospital_returnsNull() PASSED

DevSyntheticDataSeederTest > FindAlternateHospitalTests > findAlternateHospital_noOtherHospital_returnsNull() PASSED

DevSyntheticDataSeederTest > FindAlternateHospitalTests > findAlternateHospital_withOrganization_returnsDifferentHospital() PASSED

DevSyntheticDataSeederTest > EnsureTranslationTests > ensureTranslation_nullLanguageCode_doesNothing() PASSED

DevSyntheticDataSeederTest > EnsureTranslationTests > ensureTranslation_newTranslation_saves() PASSED

DevSyntheticDataSeederTest > EnsureTranslationTests > ensureTranslation_blankName_doesNothing() PASSED

DevSyntheticDataSeederTest > EnsureTranslationTests > ensureTranslation_nullTreatment_doesNothing() PASSED

DevSyntheticDataSeederTest > EnsureTranslationTests > ensureTranslation_nullAssignment_doesNothing() PASSED

DevSyntheticDataSeederTest > EnsureTranslationTests > ensureTranslation_translationAlreadyExists_skips() PASSED

DevSyntheticDataSeederTest > EnsureLabTestsTests > ensureLabTests_updatesExistingDefinitions() PASSED

DevSyntheticDataSeederTest > EnsureLabTestsTests > ensureLabTests_createsThreeLabTests() PASSED

DevSyntheticDataSeederTest > CreatePermissionsForAssignmentTests > createPermissionsForAssignment_skipsExistingPermissions() PASSED

DevSyntheticDataSeederTest > CreatePermissionsForAssignmentTests > createPermissionsForAssignment_nullAssignment_doesNothing() PASSED

DevSyntheticDataSeederTest > CreatePermissionsForAssignmentTests > createPermissionsForAssignment_nullRole_doesNothing() PASSED

DevSyntheticDataSeederTest > CreatePermissionsForAssignmentTests > createPermissionsForAssignment_createsPermissionsForRole() PASSED

DevSyntheticDataSeederTest > EnsureGlobalAssignmentTests > ensureGlobalAssignment_alreadyExists_doesNotCreateAgain() PASSED

DevSyntheticDataSeederTest > EnsureGlobalAssignmentTests > ensureGlobalAssignment_notExists_createsAndSaves() PASSED

DevSyntheticDataSeederTest > EnsureGlobalAssignmentTests > ensureGlobalAssignment_nullUser_doesNothing() PASSED

DevSyntheticDataSeederTest > EnsureGlobalAssignmentTests > ensureGlobalAssignment_nullRole_doesNothing() PASSED

DevSyntheticDataSeederTest > AddGlobalRoleTests > addGlobalRole_existingLink_doesNotCreateAgain() PASSED

DevSyntheticDataSeederTest > AddGlobalRoleTests > addGlobalRole_nullUser_doesNothing() PASSED

DevSyntheticDataSeederTest > AddGlobalRoleTests > addGlobalRole_nullRole_doesNothing() PASSED

DevSyntheticDataSeederTest > AddGlobalRoleTests > addGlobalRole_nullUserId_doesNothing() PASSED

DevSyntheticDataSeederTest > EnsureSuperAdminUserTests > ensureSuperAdminUser_existingUser_updatesIfNeeded() PASSED

DevSyntheticDataSeederTest > EnsureSuperAdminUserTests > ensureSuperAdminUser_newUser_createsAndSaves() PASSED

DevSyntheticDataSeederTest > EnsureSuperAdminUserTests > ensureSuperAdminUser_nullRole_skips() STANDARD_OUT
    2026-03-10 23:48:38  WARN [Test worker] c.e.h.bootstrap.DevSyntheticDataSeeder   - Super admin role not available; skipping super admin user seed

DevSyntheticDataSeederTest > EnsureSuperAdminUserTests > ensureSuperAdminUser_nullRole_skips() PASSED

DevSyntheticDataSeederTest > EnsureRolesTests > ensureRoles_createsAllExpectedRoles() PASSED

DevSyntheticDataSeederTest > EnsureRolesTests > ensureRoles_reusesExistingRoles() PASSED

DevSyntheticDataSeederTest > BuildHospitalTests > buildHospital_returnsHospitalWithAllFields() PASSED

DevSyntheticDataSeederTest > BuildHospitalTests > buildHospital_setsAddress() PASSED

DevSyntheticDataSeederTest > BuildOrganizationTests > buildOrganization_setsOnboardingNotes() PASSED

DevSyntheticDataSeederTest > BuildOrganizationTests > buildOrganization_setsDefaultTimezone() PASSED

DevSyntheticDataSeederTest > BuildOrganizationTests > buildOrganization_setsTypeBasedOnIndex() PASSED

DevSyntheticDataSeederTest > BuildOrganizationTests > buildOrganization_setsContactEmail() PASSED

DevSyntheticDataSeederTest > BuildOrganizationTests > buildOrganization_returnsOrganizationWithCodeAndName() PASSED

DevSyntheticDataSeederTest > ResolveAssignmentTests > resolveAssignment_nullStaff_returnsFallback() PASSED

DevSyntheticDataSeederTest > ResolveAssignmentTests > resolveAssignment_staffWithAssignment_returnsStaffAssignment() PASSED

DevSyntheticDataSeederTest > ResolveAssignmentTests > resolveAssignment_staffWithoutAssignment_returnsFallback() PASSED

DevSyntheticDataSeederTest > ResolveStaffTests > resolveStaff_primaryNotNull_returnsPrimary() PASSED

DevSyntheticDataSeederTest > ResolveStaffTests > resolveStaff_primaryNull_returnsFallback() PASSED

DevSyntheticDataSeederTest > ResolveStaffTests > resolveStaff_bothNull_returnsNull() PASSED

DevSyntheticDataSeederTest > SanitizePrefixTests > sanitizePrefix_null_returnsNull() PASSED

DevSyntheticDataSeederTest > SanitizePrefixTests > sanitizePrefix_longString_returnsFirst3() PASSED

DevSyntheticDataSeederTest > SanitizePrefixTests > sanitizePrefix_singleChar_paddsWithDefaultPrefix() PASSED

DevSyntheticDataSeederTest > SanitizePrefixTests > sanitizePrefix_specialCharsOnly_returnsNull() PASSED

DevSyntheticDataSeederTest > SanitizePrefixTests > sanitizePrefix_lowercase_isUppercased() PASSED

DevSyntheticDataSeederTest > SanitizePrefixTests > sanitizePrefix_exactly3Chars_returnsAll3() PASSED

DevSyntheticDataSeederTest > SanitizePrefixTests > sanitizePrefix_blankString_returnsNull() PASSED

DevSyntheticDataSeederTest > SanitizePrefixTests > sanitizePrefix_shortString_paddsWithDefaultPrefix() PASSED

DevSyntheticDataSeederTest > SanitizePrefixTests > sanitizePrefix_mixedSpecialAndAlpha_stripsSpecialChars() PASSED

DevSyntheticDataSeederTest > DeriveHospitalPrefixTests > deriveHospitalPrefix_validCode_usesCode() PASSED

DevSyntheticDataSeederTest > DeriveHospitalPrefixTests > deriveHospitalPrefix_nullCode_usesName() PASSED

DevSyntheticDataSeederTest > DeriveHospitalPrefixTests > deriveHospitalPrefix_bothNull_returnsDefault() PASSED

DevSyntheticDataSeederTest > DeriveHospitalPrefixTests > deriveHospitalPrefix_nullHospital_returnsDefault() PASSED

DevSyntheticDataSeederTest > GenerateMrnTests > generateMrn_largeOrdinal_moduloWraps() PASSED

DevSyntheticDataSeederTest > GenerateMrnTests > generateMrn_negativePatientialOrdinal_handledByAbsoluteValue() PASSED

DevSyntheticDataSeederTest > GenerateMrnTests > generateMrn_withNullHospital_usesDefaultPrefix() PASSED

DevSyntheticDataSeederTest > GenerateMrnTests > generateMrn_withHospitalCode_usesCodePrefix() PASSED

DevSyntheticDataSeederTest > GenerateMrnTests > generateMrn_normalizesPadding() PASSED

DevSyntheticDataSeederTest > GenerateGlobalAssignmentCodeTests > generateGlobalAssignmentCode_longRoleCode_truncatesTo50() PASSED

DevSyntheticDataSeederTest > GenerateGlobalAssignmentCodeTests > generateGlobalAssignmentCode_nullRoleCode_usesROLE() PASSED

DevSyntheticDataSeederTest > GenerateGlobalAssignmentCodeTests > generateGlobalAssignmentCode_normalRole_returnsGlobalPrefix() PASSED

DevSyntheticDataSeederTest > GenerateAssignmentCodeTests > generateAssignmentCode_longCode_isTruncatedTo50() PASSED

DevSyntheticDataSeederTest > GenerateAssignmentCodeTests > generateAssignmentCode_stripsRolePrefix() PASSED

DevSyntheticDataSeederTest > GenerateAssignmentCodeTests > generateAssignmentCode_normalInput_returnsFormattedCode() PASSED

DevSyntheticDataSeederTest > GenerateAssignmentCodeTests > generateAssignmentCode_incrementsEachCall() PASSED

DevSyntheticDataSeederTest > PickNameTests > pickName_sameSaltReturnsSameName() PASSED

DevSyntheticDataSeederTest > PickNameTests > pickName_differentSaltMayReturnDifferentNames() PASSED

DevSyntheticDataSeederTest > PickNameTests > pickName_returnsNameFromPool() PASSED

DevSyntheticDataSeederTest > SelectStateTests > selectState_returnsNonNullString() PASSED

DevSyntheticDataSeederTest > SelectStateTests > selectState_alwaysReturnsKnownRegion(int, int) > "selectState_alwaysReturnsKnownRegion(int, int).orgIndex=1, hospitalIndex=1" PASSED

DevSyntheticDataSeederTest > SelectStateTests > selectState_alwaysReturnsKnownRegion(int, int) > "selectState_alwaysReturnsKnownRegion(int, int).orgIndex=3, hospitalIndex=5" PASSED

DevSyntheticDataSeederTest > SelectStateTests > selectState_alwaysReturnsKnownRegion(int, int) > "selectState_alwaysReturnsKnownRegion(int, int).orgIndex=10, hospitalIndex=10" PASSED

DevSyntheticDataSeederTest > SelectCityTests > selectCity_returnsNonNullString() PASSED

DevSyntheticDataSeederTest > SelectCityTests > selectCity_alwaysReturnsKnownCity(int, int) > "selectCity_alwaysReturnsKnownCity(int, int).orgIndex=1, hospitalIndex=1" PASSED

DevSyntheticDataSeederTest > SelectCityTests > selectCity_alwaysReturnsKnownCity(int, int) > "selectCity_alwaysReturnsKnownCity(int, int).orgIndex=2, hospitalIndex=3" PASSED

DevSyntheticDataSeederTest > SelectCityTests > selectCity_alwaysReturnsKnownCity(int, int) > "selectCity_alwaysReturnsKnownCity(int, int).orgIndex=5, hospitalIndex=5" PASSED

DevSyntheticDataSeederTest > SelectCityTests > selectCity_alwaysReturnsKnownCity(int, int) > "selectCity_alwaysReturnsKnownCity(int, int).orgIndex=10, hospitalIndex=10" PASSED

DevSyntheticDataSeederTest > SelectCityTests > selectCity_differentIndicesYieldDifferentCities() PASSED

DevSyntheticDataSeederTest > SelectBloodTypeTests > selectBloodType_index4_returnsOPlus() PASSED

DevSyntheticDataSeederTest > SelectBloodTypeTests > selectBloodType_index7_returnsABMinus() PASSED

DevSyntheticDataSeederTest > SelectBloodTypeTests > selectBloodType_index0_returnsAPlus() PASSED

DevSyntheticDataSeederTest > SelectBloodTypeTests > selectBloodType_wrapsAround() PASSED

DevSyntheticDataSeederTest > SelectBloodTypeTests > selectBloodType_allIndicesReturnValidTypes(int) > "selectBloodType_allIndicesReturnValidTypes(int).index=0" PASSED

DevSyntheticDataSeederTest > SelectBloodTypeTests > selectBloodType_allIndicesReturnValidTypes(int) > "selectBloodType_allIndicesReturnValidTypes(int).index=1" PASSED

DevSyntheticDataSeederTest > SelectBloodTypeTests > selectBloodType_allIndicesReturnValidTypes(int) > "selectBloodType_allIndicesReturnValidTypes(int).index=2" PASSED

DevSyntheticDataSeederTest > SelectBloodTypeTests > selectBloodType_allIndicesReturnValidTypes(int) > "selectBloodType_allIndicesReturnValidTypes(int).index=3" PASSED

DevSyntheticDataSeederTest > SelectBloodTypeTests > selectBloodType_allIndicesReturnValidTypes(int) > "selectBloodType_allIndicesReturnValidTypes(int).index=4" PASSED

DevSyntheticDataSeederTest > SelectBloodTypeTests > selectBloodType_allIndicesReturnValidTypes(int) > "selectBloodType_allIndicesReturnValidTypes(int).index=5" PASSED

DevSyntheticDataSeederTest > SelectBloodTypeTests > selectBloodType_allIndicesReturnValidTypes(int) > "selectBloodType_allIndicesReturnValidTypes(int).index=6" PASSED

DevSyntheticDataSeederTest > SelectBloodTypeTests > selectBloodType_allIndicesReturnValidTypes(int) > "selectBloodType_allIndicesReturnValidTypes(int).index=7" PASSED

DevSyntheticDataSeederTest > GenerateLicenseTests > generateLicense_incrementsEachCall() PASSED

DevSyntheticDataSeederTest > GenerateLicenseTests > generateLicense_returnsLICPrefix() PASSED

DevSyntheticDataSeederTest > GenerateLicenseTests > generateLicense_stripsNonAlphaCharacters() PASSED

DevSyntheticDataSeederTest > FormatPhoneTests > formatPhone_incrementsSequence() PASSED

DevSyntheticDataSeederTest > FormatPhoneTests > formatPhone_returnsCorrectFormat() PASSED

DevSyntheticDataSeederTest > ExtractPhoneSequenceTests > extractPhoneSequence_nonNumericSuffix_returnsEmpty() PASSED

DevSyntheticDataSeederTest > ExtractPhoneSequenceTests > extractPhoneSequence_wrongPrefix_returnsEmpty() PASSED

DevSyntheticDataSeederTest > ExtractPhoneSequenceTests > extractPhoneSequence_nullPhone_returnsEmpty() PASSED

DevSyntheticDataSeederTest > ExtractPhoneSequenceTests > extractPhoneSequence_validPhone_returnsSequence() PASSED

DevSyntheticDataSeederTest > ExtractDevUserSequenceTests > extractDevUserSequence_upperCase_returnsSequence() PASSED

DevSyntheticDataSeederTest > ExtractDevUserSequenceTests > extractDevUserSequence_nullUsername_returnsEmpty() PASSED

DevSyntheticDataSeederTest > ExtractDevUserSequenceTests > extractDevUserSequence_onlyDevPrefix_returnsEmpty() PASSED

DevSyntheticDataSeederTest > ExtractDevUserSequenceTests > extractDevUserSequence_nonDevPrefix_returnsEmpty() PASSED

DevSyntheticDataSeederTest > ExtractDevUserSequenceTests > extractDevUserSequence_noNumericSuffix_returnsEmpty() PASSED

DevSyntheticDataSeederTest > ExtractDevUserSequenceTests > extractDevUserSequence_largeNumber_returnsCorrectValue() PASSED

DevSyntheticDataSeederTest > ExtractDevUserSequenceTests > extractDevUserSequence_singleDigit_returnsCorrectValue() PASSED

DevSyntheticDataSeederTest > ExtractDevUserSequenceTests > extractDevUserSequence_endsWithUnderscore_returnsEmpty() PASSED

DevSyntheticDataSeederTest > ExtractDevUserSequenceTests > extractDevUserSequence_validDevUsername_returnsSequence() PASSED

HospitalOrganizationAlignmentRunnerTest > run_usesCorrectOrganizationCode() PASSED

HospitalOrganizationAlignmentRunnerTest > run_organizationFound_unassignedHospitals_linksAndSaves() STANDARD_OUT
    2026-03-10 23:48:39  INFO [Test worker] .h.b.HospitalOrganizationAlignmentRunner - Linked 2 hospitals to organization Kouritenga Public Health (KPL)

HospitalOrganizationAlignmentRunnerTest > run_organizationFound_unassignedHospitals_linksAndSaves() PASSED

HospitalOrganizationAlignmentRunnerTest > run_setsOrganizationOnEveryUnassignedHospital() STANDARD_OUT
    2026-03-10 23:48:39  INFO [Test worker] .h.b.HospitalOrganizationAlignmentRunner - Linked 3 hospitals to organization Kouritenga Public Health (KPL)

HospitalOrganizationAlignmentRunnerTest > run_setsOrganizationOnEveryUnassignedHospital() PASSED

HospitalOrganizationAlignmentRunnerTest > run_manyUnassignedHospitals_allLinked() STANDARD_OUT
    2026-03-10 23:48:39  INFO [Test worker] .h.b.HospitalOrganizationAlignmentRunner - Linked 5 hospitals to organization Kouritenga Public Health (KPL)

HospitalOrganizationAlignmentRunnerTest > run_manyUnassignedHospitals_allLinked() PASSED

HospitalOrganizationAlignmentRunnerTest > run_organizationFound_noUnassignedHospitals_doesNotSave() PASSED

HospitalOrganizationAlignmentRunnerTest > run_singleUnassignedHospital_linksToOrganization() STANDARD_OUT
    2026-03-10 23:48:39  INFO [Test worker] .h.b.HospitalOrganizationAlignmentRunner - Linked 1 hospitals to organization Kouritenga Public Health (KPL)

HospitalOrganizationAlignmentRunnerTest > run_singleUnassignedHospital_linksToOrganization() PASSED

HospitalOrganizationAlignmentRunnerTest > run_withUnassignedHospitals_callsSaveAllExactlyOnce() STANDARD_OUT
    2026-03-10 23:48:39  INFO [Test worker] .h.b.HospitalOrganizationAlignmentRunner - Linked 1 hospitals to organization Kouritenga Public Health (KPL)

HospitalOrganizationAlignmentRunnerTest > run_withUnassignedHospitals_callsSaveAllExactlyOnce() PASSED

HospitalOrganizationAlignmentRunnerTest > run_organizationNotFound_skipsAlignment() PASSED

JwtSecretValidatorTest > run_with31CharSecret_throwsTooShortMessage() PASSED

JwtSecretValidatorTest > run_secretBoundaryAt31_failsValidation() PASSED

JwtSecretValidatorTest > run_withWhitespaceOnlySecret_throwsMissingMessage() PASSED

JwtSecretValidatorTest > run_secretBoundaryAt32_passesValidation() STANDARD_OUT
    2026-03-10 23:48:39  INFO [Test worker] c.e.hms.bootstrap.JwtSecretValidator     - JWT secret validated (length=32)

JwtSecretValidatorTest > run_secretBoundaryAt32_passesValidation() PASSED

JwtSecretValidatorTest > run_withExactly32CharSecret_completesSuccessfully() STANDARD_OUT
    2026-03-10 23:48:39  INFO [Test worker] c.e.hms.bootstrap.JwtSecretValidator     - JWT secret validated (length=32)

JwtSecretValidatorTest > run_withExactly32CharSecret_completesSuccessfully() PASSED

JwtSecretValidatorTest > run_withBlankOrNullSecret_throwsIllegalStateException(String) > "run_withBlankOrNullSecret_throwsIllegalStateException(String).secret=null" PASSED

JwtSecretValidatorTest > run_withBlankOrNullSecret_throwsIllegalStateException(String) > "run_withBlankOrNullSecret_throwsIllegalStateException(String).secret=" PASSED

JwtSecretValidatorTest > run_withBlankOrNullSecret_throwsIllegalStateException(String) > "run_withBlankOrNullSecret_throwsIllegalStateException(String).secret=   " PASSED

JwtSecretValidatorTest > run_withBlankOrNullSecret_throwsIllegalStateException(String) > "run_withBlankOrNullSecret_throwsIllegalStateException(String).secret=	" PASSED

JwtSecretValidatorTest > run_withBlankOrNullSecret_throwsIllegalStateException(String) > "run_withBlankOrNullSecret_throwsIllegalStateException(String).secret=
" PASSED

JwtSecretValidatorTest > run_withBlankOrNullSecret_throwsIllegalStateException(String) > "run_withBlankOrNullSecret_throwsIllegalStateException(String).secret=  	
  " PASSED

JwtSecretValidatorTest > run_withShortSecret_throwsIllegalStateException() PASSED

JwtSecretValidatorTest > run_withSecretAtLeast32_doesNotThrow(int) > "run_withSecretAtLeast32_doesNotThrow(int).length=32" STANDARD_OUT
    2026-03-10 23:48:39  INFO [Test worker] c.e.hms.bootstrap.JwtSecretValidator     - JWT secret validated (length=32)

JwtSecretValidatorTest > run_withSecretAtLeast32_doesNotThrow(int) > "run_withSecretAtLeast32_doesNotThrow(int).length=32" PASSED

JwtSecretValidatorTest > run_withSecretAtLeast32_doesNotThrow(int) > "run_withSecretAtLeast32_doesNotThrow(int).length=33" STANDARD_OUT
    2026-03-10 23:48:39  INFO [Test worker] c.e.hms.bootstrap.JwtSecretValidator     - JWT secret validated (length=33)

JwtSecretValidatorTest > run_withSecretAtLeast32_doesNotThrow(int) > "run_withSecretAtLeast32_doesNotThrow(int).length=33" PASSED

JwtSecretValidatorTest > run_withSecretAtLeast32_doesNotThrow(int) > "run_withSecretAtLeast32_doesNotThrow(int).length=64" STANDARD_OUT
    2026-03-10 23:48:39  INFO [Test worker] c.e.hms.bootstrap.JwtSecretValidator     - JWT secret validated (length=64)

JwtSecretValidatorTest > run_withSecretAtLeast32_doesNotThrow(int) > "run_withSecretAtLeast32_doesNotThrow(int).length=64" PASSED

JwtSecretValidatorTest > run_withSecretAtLeast32_doesNotThrow(int) > "run_withSecretAtLeast32_doesNotThrow(int).length=128" STANDARD_OUT
    2026-03-10 23:48:39  INFO [Test worker] c.e.hms.bootstrap.JwtSecretValidator     - JWT secret validated (length=128)

JwtSecretValidatorTest > run_withSecretAtLeast32_doesNotThrow(int) > "run_withSecretAtLeast32_doesNotThrow(int).length=128" PASSED

JwtSecretValidatorTest > run_withSecretAtLeast32_doesNotThrow(int) > "run_withSecretAtLeast32_doesNotThrow(int).length=256" STANDARD_OUT
    2026-03-10 23:48:39  INFO [Test worker] c.e.hms.bootstrap.JwtSecretValidator     - JWT secret validated (length=256)

JwtSecretValidatorTest > run_withSecretAtLeast32_doesNotThrow(int) > "run_withSecretAtLeast32_doesNotThrow(int).length=256" PASSED

JwtSecretValidatorTest > run_with1CharSecret_throwsTooShortMessage() PASSED

JwtSecretValidatorTest > run_withLongSecret_completesSuccessfully() STANDARD_OUT
    2026-03-10 23:48:39  INFO [Test worker] c.e.hms.bootstrap.JwtSecretValidator     - JWT secret validated (length=62)

JwtSecretValidatorTest > run_withLongSecret_completesSuccessfully() PASSED

JwtSecretValidatorTest > run_withValidSecret_completesSuccessfully() STANDARD_OUT
    2026-03-10 23:48:39  INFO [Test worker] c.e.hms.bootstrap.JwtSecretValidator     - JWT secret validated (length=32)

JwtSecretValidatorTest > run_withValidSecret_completesSuccessfully() PASSED

JwtSecretValidatorTest > run_withNullSecret_throwsIllegalStateException() PASSED

JwtSecretValidatorTest > run_withSecretShorterThan32_throwsTooShort(int) > "run_withSecretShorterThan32_throwsTooShort(int).length=1" PASSED

JwtSecretValidatorTest > run_withSecretShorterThan32_throwsTooShort(int) > "run_withSecretShorterThan32_throwsTooShort(int).length=5" PASSED

JwtSecretValidatorTest > run_withSecretShorterThan32_throwsTooShort(int) > "run_withSecretShorterThan32_throwsTooShort(int).length=10" PASSED

JwtSecretValidatorTest > run_withSecretShorterThan32_throwsTooShort(int) > "run_withSecretShorterThan32_throwsTooShort(int).length=15" PASSED

JwtSecretValidatorTest > run_withSecretShorterThan32_throwsTooShort(int) > "run_withSecretShorterThan32_throwsTooShort(int).length=20" PASSED

JwtSecretValidatorTest > run_withSecretShorterThan32_throwsTooShort(int) > "run_withSecretShorterThan32_throwsTooShort(int).length=25" PASSED

JwtSecretValidatorTest > run_withSecretShorterThan32_throwsTooShort(int) > "run_withSecretShorterThan32_throwsTooShort(int).length=30" PASSED

JwtSecretValidatorTest > run_withSecretShorterThan32_throwsTooShort(int) > "run_withSecretShorterThan32_throwsTooShort(int).length=31" PASSED

JwtSecretValidatorTest > run_withEmptySecret_throwsMissingMessage() PASSED

ActingContextArgumentResolverTest > ResolveArgument_FullContextTests > resolveArgument_noHeadersNoAuth_returnsMinimalContext() PASSED

ActingContextArgumentResolverTest > ResolveArgument_FullContextTests > resolveArgument_allHeadersSet_returnsFullyPopulatedContext() PASSED

ActingContextArgumentResolverTest > ResolveArgument_FullContextTests > resolveArgument_staffModeWithInvalidHospitalId_hospitalIdNull() PASSED

ActingContextArgumentResolverTest > ResolveArgument_RoleCodeHeaderTests > resolveArgument_roleCodePresent_includesInContext() PASSED

ActingContextArgumentResolverTest > ResolveArgument_RoleCodeHeaderTests > resolveArgument_roleCodeNull_roleCodeIsNull() PASSED

ActingContextArgumentResolverTest > ResolveArgument_HospitalIdHeaderTests > resolveArgument_invalidUUIDHospitalId_hospitalIdIsNull() PASSED

ActingContextArgumentResolverTest > ResolveArgument_HospitalIdHeaderTests > resolveArgument_malformedUUID_hospitalIdIsNull() PASSED

ActingContextArgumentResolverTest > ResolveArgument_HospitalIdHeaderTests > resolveArgument_nullHospitalId_hospitalIdIsNull() PASSED

ActingContextArgumentResolverTest > ResolveArgument_HospitalIdHeaderTests > resolveArgument_validHospitalId_parsesUUID() PASSED

ActingContextArgumentResolverTest > ResolveArgument_HospitalIdHeaderTests > resolveArgument_emptyHospitalId_hospitalIdIsNull() PASSED

ActingContextArgumentResolverTest > ResolveArgument_HospitalIdHeaderTests > resolveArgument_blankHospitalId_hospitalIdIsNull() PASSED

ActingContextArgumentResolverTest > ResolveArgument_ActAsHeaderTests > resolveArgument_actAsPatientLowerCase_returnsPatientMode() PASSED

ActingContextArgumentResolverTest > ResolveArgument_ActAsHeaderTests > resolveArgument_actAsStaff_returnsStaffMode() PASSED

ActingContextArgumentResolverTest > ResolveArgument_ActAsHeaderTests > resolveArgument_actAsUnknownValue_defaultsToStaff() PASSED

ActingContextArgumentResolverTest > ResolveArgument_ActAsHeaderTests > resolveArgument_actAsNull_defaultsToStaff() PASSED

ActingContextArgumentResolverTest > ResolveArgument_ActAsHeaderTests > resolveArgument_actAsPatient_returnsPatientMode() PASSED

ActingContextArgumentResolverTest > ResolveArgument_ActAsHeaderTests > resolveArgument_actAsPatientMixedCase_returnsPatientMode() PASSED

ActingContextArgumentResolverTest > ResolveArgument_AuthenticationTests > resolveArgument_nullAuthentication_userIdIsNull() PASSED

ActingContextArgumentResolverTest > ResolveArgument_AuthenticationTests > resolveArgument_customUserDetailsPrincipal_extractsUserId() PASSED

ActingContextArgumentResolverTest > ResolveArgument_AuthenticationTests > resolveArgument_nonCustomUserDetailsPrincipal_userIdIsNull() PASSED

ActingContextArgumentResolverTest > SupportsParameterTests > supportsParameter_returnsFalseForObject() PASSED

ActingContextArgumentResolverTest > SupportsParameterTests > supportsParameter_returnsFalseForString() PASSED

ActingContextArgumentResolverTest > SupportsParameterTests > supportsParameter_returnsTrueForActingContext() PASSED

ActingContextArgumentResolverTest > SupportsParameterTests > supportsParameter_returnsFalseForUUID() PASSED

ActingContextInterceptor > HandlerInterceptor contract > implements HandlerInterceptor PASSED

ActingContextInterceptor > when principal is not CustomUserDetails > returns true (continues chain) when principal is a plain string PASSED

ActingContextInterceptor > when authentication is present > always returns true PASSED

ActingContextInterceptor > when authentication is present > extracts userId from CustomUserDetails principal PASSED

ActingContextInterceptor > when authentication is present > full scenario integration > STAFF mode with all headers populated PASSED

ActingContextInterceptor > when authentication is present > full scenario integration > PATIENT mode with minimal headers PASSED

ActingContextInterceptor > when authentication is present > full scenario integration > STAFF mode with no optional headers PASSED

ActingContextInterceptor > when authentication is present > request attribute 'ACTING_CONTEXT' > sets ACTING_CONTEXT attribute with correct key PASSED

ActingContextInterceptor > when authentication is present > request attribute 'ACTING_CONTEXT' > attribute contains fully-populated ActingContext PASSED

ActingContextInterceptor > when authentication is present > X-Role-Code header handling > role code is captured when present PASSED

ActingContextInterceptor > when authentication is present > X-Role-Code header handling > role code is null when header absent PASSED

ActingContextInterceptor > when authentication is present > X-Role-Code header handling > empty role code is captured as-is PASSED

ActingContextInterceptor > when authentication is present > X-Hospital-Id header in PATIENT mode > X-Hospital-Id header is not read in PATIENT mode PASSED

ActingContextInterceptor > when authentication is present > X-Hospital-Id header in PATIENT mode > hospitalId is always null in PATIENT mode, even when header present PASSED

ActingContextInterceptor > when authentication is present > X-Hospital-Id header in STAFF mode > invalid UUID throws IllegalArgumentException PASSED

ActingContextInterceptor > when authentication is present > X-Hospital-Id header in STAFF mode > valid UUID is parsed correctly PASSED

ActingContextInterceptor > when authentication is present > X-Hospital-Id header in STAFF mode > blank X-Hospital-Id yields null hospitalId PASSED

ActingContextInterceptor > when authentication is present > X-Hospital-Id header in STAFF mode > empty X-Hospital-Id yields null hospitalId PASSED

ActingContextInterceptor > when authentication is present > X-Hospital-Id header in STAFF mode > null X-Hospital-Id yields null hospitalId PASSED

ActingContextInterceptor > when authentication is present > X-Act-As header handling > X-Act-As 'patient' (lowercase) yields PATIENT mode PASSED

ActingContextInterceptor > when authentication is present > X-Act-As header handling > X-Act-As 'STAFF' yields STAFF mode PASSED

ActingContextInterceptor > when authentication is present > X-Act-As header handling > X-Act-As 'PATIENT' yields PATIENT mode PASSED

ActingContextInterceptor > when authentication is present > X-Act-As header handling > X-Act-As unrecognized value defaults to STAFF mode PASSED

ActingContextInterceptor > when authentication is present > X-Act-As header handling > X-Act-As 'Patient' (mixed case) yields PATIENT mode PASSED

ActingContextInterceptor > when authentication is present > X-Act-As header handling > X-Act-As empty string defaults to STAFF mode PASSED

ActingContextInterceptor > when authentication is present > X-Act-As header handling > null X-Act-As defaults to STAFF mode PASSED

ActingContextInterceptor > when authentication is present > X-Act-As header handling > X-Act-As 'staff' (lowercase) yields STAFF mode PASSED

ActingContextInterceptor > when authentication is null > returns true immediately PASSED

ActingContextInterceptor > when authentication is null > does not read any headers PASSED

ActingContextInterceptor > when authentication is null > does not set request attribute PASSED

KafkaConfigIntegrationTest > shouldExposePlatformRegistryTopicAndTemplate() PASSED

RenderDatabaseEnvironmentPostProcessorTest > preservesSslModeIfAlreadySpecified() STANDARD_OUT
    2026-03-10 23:48:42  INFO [Test worker] c.RenderDatabaseEnvironmentPostProcessor - Populated DEV_DB settings from DATABASE_URL for deployment.

RenderDatabaseEnvironmentPostProcessorTest > preservesSslModeIfAlreadySpecified() PASSED

RenderDatabaseEnvironmentPostProcessorTest > populatesDevPasswordFromDatabasePasswordWhenOnlyPasswordIsMissing() STANDARD_OUT
    2026-03-10 23:48:42  INFO [Test worker] c.RenderDatabaseEnvironmentPostProcessor - Populated DEV_DB settings from Render environment variables for deployment.

RenderDatabaseEnvironmentPostProcessorTest > populatesDevPasswordFromDatabasePasswordWhenOnlyPasswordIsMissing() PASSED

RenderDatabaseEnvironmentPostProcessorTest > derivesAllDevSettingsFromDatabaseUrlWhenMissing() STANDARD_OUT
    2026-03-10 23:48:42  INFO [Test worker] c.RenderDatabaseEnvironmentPostProcessor - Populated DEV_DB settings from DATABASE_URL for deployment.

RenderDatabaseEnvironmentPostProcessorTest > derivesAllDevSettingsFromDatabaseUrlWhenMissing() PASSED

RenderDatabaseEnvironmentPostProcessorTest > handlesMalformedDatabaseUrlGracefully() STANDARD_OUT
    2026-03-10 23:48:42  WARN [Test worker] c.RenderDatabaseEnvironmentPostProcessor - DATABASE_URL does not contain username and password information.
    2026-03-10 23:48:42  INFO [Test worker] c.RenderDatabaseEnvironmentPostProcessor - Populated DEV_DB settings from Render environment variables for deployment.

RenderDatabaseEnvironmentPostProcessorTest > handlesMalformedDatabaseUrlGracefully() PASSED

RenderDatabaseEnvironmentPostProcessorTest > usesExpandedFallbacksWhenDatabaseUrlMissing() STANDARD_OUT
    2026-03-10 23:48:42  INFO [Test worker] c.RenderDatabaseEnvironmentPostProcessor - Populated DEV_DB settings from Render environment variables for deployment.

RenderDatabaseEnvironmentPostProcessorTest > usesExpandedFallbacksWhenDatabaseUrlMissing() PASSED

RenderDatabaseEnvironmentPostProcessorTest > ignoresDatabaseUrlWithoutCredentials() STANDARD_OUT
    2026-03-10 23:48:42  WARN [Test worker] c.RenderDatabaseEnvironmentPostProcessor - DATABASE_URL does not contain username and password information.
    2026-03-10 23:48:42  INFO [Test worker] c.RenderDatabaseEnvironmentPostProcessor - Populated DEV_DB settings from Render environment variables for deployment.

RenderDatabaseEnvironmentPostProcessorTest > ignoresDatabaseUrlWithoutCredentials() PASSED

RenderDatabaseEnvironmentPostProcessorTest > fallsBackToExplicitPasswordWhenDatabaseUrlAbsent() STANDARD_OUT
    2026-03-10 23:48:42  INFO [Test worker] c.RenderDatabaseEnvironmentPostProcessor - Populated DEV_DB settings from Render environment variables for deployment.

RenderDatabaseEnvironmentPostProcessorTest > fallsBackToExplicitPasswordWhenDatabaseUrlAbsent() PASSED

RenderDatabaseEnvironmentPostProcessorTest > skipsWorkWhenAllDevSettingsAlreadyPresent() PASSED

RenderDatabaseEnvironmentPostProcessorTest > keepsExistingDevPasswordIfAlreadyPresent() PASSED

TwilioConfigTest > twilioRestClientBuildsWhenCredentialsPresent() PASSED

TwilioConfigTest > twilioRestClientFailsWhenCredentialsMissing() PASSED

AdmissionControllerTest > POST /api/admissions/order-sets/{orderSetId}/deactivate ΓÇö deactivateOrderSet STANDARD_OUT

      .   ____          _            __ _ _
     /\\ / ___'_ __ _ _(_)_ __  __ _ \ \ \ \
    ( ( )\___ | '_ | '_| | '_ \/ _` | \ \ \ \
     \\/  ___)| |_)| | | | | || (_| |  ) ) ) )
      '  |____| .__|_| |_|_| |_\__, | / / / /
     =========|_|==============|___/=/_/_/_/

     :: Spring Boot ::               (v3.4.11)

    2026-03-10 23:48:44  WARN [Test worker] ory$DuplicateJsonObjectContextCustomizer - 

    Found multiple occurrences of org.json.JSONObject on the class path:

    	jar:file:/C:/Users/tiego/.gradle/caches/modules-2/files-2.1/org.json/json/20240303/ebb88e8fb5122b7506d5cf1d69f1ccdb790d22a/json-20240303.jar!/org/json/JSONObject.class
    	jar:file:/C:/Users/tiego/.gradle/caches/modules-2/files-2.1/com.vaadin.external.google/android-json/0.0.20131108.vaadin1/fa26d351fe62a6a17f5cda1287c1c6110dec413f/android-json-0.0.20131108.vaadin1.jar!/org/json/JSONObject.class

    You may wish to exclude one of them to ensure predictable runtime behavior

    2026-03-10 23:48:44  INFO [Test worker] c.e.h.c.AdmissionControllerTest          - Starting AdmissionControllerTest using Java 21.0.10 with PID 2608 (started by tiego in C:\Users\tiego\OneDrive\Desktop\HMS\hms\hospital-core)
    2026-03-10 23:48:44  INFO [Test worker] c.e.h.c.AdmissionControllerTest          - The following 1 profile is active: "test"
    2026-03-10 23:48:49  INFO [Test worker] c.e.h.c.AdmissionControllerTest          - Started AdmissionControllerTest in 5.089 seconds (process running for 100.807)

      .   ____          _            __ _ _
     /\\ / ___'_ __ _ _(_)_ __  __ _ \ \ \ \
    ( ( )\___ | '_ | '_| | '_ \/ _` | \ \ \ \
     \\/  ___)| |_)| | | | | || (_| |  ) ) ) )
      '  |____| .__|_| |_|_| |_\__, | / / / /
     =========|_|==============|___/=/_/_/_/

     :: Spring Boot ::               (v3.4.11)

    2026-03-10 23:48:49  WARN [Test worker] ory$DuplicateJsonObjectContextCustomizer - 

    Found multiple occurrences of org.json.JSONObject on the class path:

    	jar:file:/C:/Users/tiego/.gradle/caches/modules-2/files-2.1/org.json/json/20240303/ebb88e8fb5122b7506d5cf1d69f1ccdb790d22a/json-20240303.jar!/org/json/JSONObject.class
    	jar:file:/C:/Users/tiego/.gradle/caches/modules-2/files-2.1/com.vaadin.external.google/android-json/0.0.20131108.vaadin1/fa26d351fe62a6a17f5cda1287c1c6110dec413f/android-json-0.0.20131108.vaadin1.jar!/org/json/JSONObject.class

    You may wish to exclude one of them to ensure predictable runtime behavior

    2026-03-10 23:48:49  INFO [Test worker] missionControllerTest$DeactivateOrderSet - Starting AdmissionControllerTest.DeactivateOrderSet using Java 21.0.10 with PID 2608 (started by tiego in C:\Users\tiego\OneDrive\Desktop\HMS\hms\hospital-core)
    2026-03-10 23:48:49  INFO [Test worker] missionControllerTest$DeactivateOrderSet - The following 1 profile is active: "test"
    2026-03-10 23:48:53  INFO [Test worker] missionControllerTest$DeactivateOrderSet - Started AdmissionControllerTest.DeactivateOrderSet in 4.006 seconds (process running for 104.83)

AdmissionControllerTest > POST /api/admissions/order-sets/{orderSetId}/deactivate ΓÇö deactivateOrderSet > returns 204 NO CONTENT PASSED

AdmissionControllerTest > GET /api/admissions/order-sets/hospital/{hospitalId} ΓÇö getOrderSetsByHospital > returns 200 OK with order sets ΓÇö no filter PASSED

AdmissionControllerTest > GET /api/admissions/order-sets/hospital/{hospitalId} ΓÇö getOrderSetsByHospital > returns 200 OK with order sets ΓÇö with admissionType filter PASSED

AdmissionControllerTest > GET /api/admissions/order-sets/{orderSetId} ΓÇö getOrderSet > returns 200 OK with order set details PASSED

AdmissionControllerTest > POST /api/admissions/order-sets ΓÇö createOrderSet > returns 201 CREATED with order set response PASSED

AdmissionControllerTest > GET /api/admissions/hospital/{hospitalId} ΓÇö getAdmissionsByHospital > returns 200 OK with filtered admissions ΓÇö all params PASSED

AdmissionControllerTest > GET /api/admissions/hospital/{hospitalId} ΓÇö getAdmissionsByHospital > returns 200 OK with no filters PASSED

AdmissionControllerTest > GET /api/admissions/patient/{patientId}/current ΓÇö getCurrentAdmissionForPatient > returns 404 NOT FOUND when no active admission PASSED

AdmissionControllerTest > GET /api/admissions/patient/{patientId}/current ΓÇö getCurrentAdmissionForPatient > returns 200 OK when active admission exists PASSED

AdmissionControllerTest > GET /api/admissions/patient/{patientId} ΓÇö getAdmissionsByPatient > returns 200 OK with admission list PASSED

AdmissionControllerTest > DELETE /api/admissions/{admissionId} ΓÇö cancelAdmission > returns 204 NO CONTENT PASSED

AdmissionControllerTest > POST /api/admissions/{admissionId}/discharge ΓÇö dischargePatient > returns 200 OK with discharged admission PASSED

AdmissionControllerTest > POST /api/admissions/{admissionId}/apply-order-sets ΓÇö applyOrderSets > returns 200 OK after applying order sets PASSED

AdmissionControllerTest > PUT /api/admissions/{admissionId} ΓÇö updateAdmission > returns 200 OK with updated admission PASSED

AdmissionControllerTest > GET /api/admissions/{admissionId} ΓÇö getAdmission > returns 200 OK with admission details PASSED

AdmissionControllerTest > POST /api/admissions ΓÇö admitPatient > returns 201 CREATED with admission response PASSED

AnnouncementControllerTest STANDARD_OUT

      .   ____          _            __ _ _
     /\\ / ___'_ __ _ _(_)_ __  __ _ \ \ \ \
    ( ( )\___ | '_ | '_| | '_ \/ _` | \ \ \ \
     \\/  ___)| |_)| | | | | || (_| |  ) ) ) )
      '  |____| .__|_| |_|_| |_\__, | / / / /
     =========|_|==============|___/=/_/_/_/

     :: Spring Boot ::               (v3.4.11)

    2026-03-10 23:48:54  WARN [Test worker] ory$DuplicateJsonObjectContextCustomizer - 

    Found multiple occurrences of org.json.JSONObject on the class path:

    	jar:file:/C:/Users/tiego/.gradle/caches/modules-2/files-2.1/org.json/json/20240303/ebb88e8fb5122b7506d5cf1d69f1ccdb790d22a/json-20240303.jar!/org/json/JSONObject.class
    	jar:file:/C:/Users/tiego/.gradle/caches/modules-2/files-2.1/com.vaadin.external.google/android-json/0.0.20131108.vaadin1/fa26d351fe62a6a17f5cda1287c1c6110dec413f/android-json-0.0.20131108.vaadin1.jar!/org/json/JSONObject.class

    You may wish to exclude one of them to ensure predictable runtime behavior

    2026-03-10 23:48:54  INFO [Test worker] c.e.h.c.AnnouncementControllerTest       - Starting AnnouncementControllerTest using Java 21.0.10 with PID 2608 (started by tiego in C:\Users\tiego\OneDrive\Desktop\HMS\hms\hospital-core)
    2026-03-10 23:48:54  INFO [Test worker] c.e.h.c.AnnouncementControllerTest       - The following 1 profile is active: "test"
    2026-03-10 23:48:57  INFO [Test worker] c.e.h.c.AnnouncementControllerTest       - Started AnnouncementControllerTest in 3.226 seconds (process running for 109.298)

AnnouncementControllerTest > DELETE /announcements/{id} ΓÇö returns 204 PASSED

AnnouncementControllerTest > GET /announcements?limit=10 ΓÇö passes custom limit PASSED

AnnouncementControllerTest > PUT /announcements/{id} ΓÇö updates announcement PASSED

AnnouncementControllerTest > GET /announcements ΓÇö returns list with default limit PASSED

AnnouncementControllerTest > GET /announcements/{id} ΓÇö returns announcement PASSED

AnnouncementControllerTest > POST /announcements ΓÇö creates announcement PASSED

AppointmentControllerTest STANDARD_OUT

      .   ____          _            __ _ _
     /\\ / ___'_ __ _ _(_)_ __  __ _ \ \ \ \
    ( ( )\___ | '_ | '_| | '_ \/ _` | \ \ \ \
     \\/  ___)| |_)| | | | | || (_| |  ) ) ) )
      '  |____| .__|_| |_|_| |_\__, | / / / /
     =========|_|==============|___/=/_/_/_/

     :: Spring Boot ::               (v3.4.11)

    2026-03-10 23:48:57  WARN [Test worker] ory$DuplicateJsonObjectContextCustomizer - 

    Found multiple occurrences of org.json.JSONObject on the class path:

    	jar:file:/C:/Users/tiego/.gradle/caches/modules-2/files-2.1/org.json/json/20240303/ebb88e8fb5122b7506d5cf1d69f1ccdb790d22a/json-20240303.jar!/org/json/JSONObject.class
    	jar:file:/C:/Users/tiego/.gradle/caches/modules-2/files-2.1/com.vaadin.external.google/android-json/0.0.20131108.vaadin1/fa26d351fe62a6a17f5cda1287c1c6110dec413f/android-json-0.0.20131108.vaadin1.jar!/org/json/JSONObject.class

    You may wish to exclude one of them to ensure predictable runtime behavior

    2026-03-10 23:48:57  INFO [Test worker] c.e.h.c.AppointmentControllerTest        - Starting AppointmentControllerTest using Java 21.0.10 with PID 2608 (started by tiego in C:\Users\tiego\OneDrive\Desktop\HMS\hms\hospital-core)
    2026-03-10 23:48:57  INFO [Test worker] c.e.h.c.AppointmentControllerTest        - The following 1 profile is active: "test"
    2026-03-10 23:49:01  INFO [Test worker] c.e.h.c.AppointmentControllerTest        - Started AppointmentControllerTest in 3.59 seconds (process running for 113.048)

AppointmentControllerTest > parseLocale_withRegionAndVariant_shouldParse() PASSED

AppointmentControllerTest > searchAppointments_negativePage_shouldClampToZero() STANDARD_OUT
    2026-03-10 23:49:01  WARN [Test worker] ration$PageModule$WarningLoggingModifier - Serializing PageImpl instances as-is is not supported, meaning that there is no guarantee about the stability of the resulting JSON structure!
    	For a stable JSON structure, please use Spring Data's PagedModel (globally via @EnableSpringDataWebSupport(pageSerializationMode = VIA_DTO))
    	or Spring HATEOAS and Spring Data's PagedResourcesAssembler as documented in https://docs.spring.io/spring-data/commons/reference/repositories/core-extensions.html#core.web.pageables.


AppointmentControllerTest > searchAppointments_negativePage_shouldClampToZero() PASSED

AppointmentControllerTest > parseLocale_withUnderscore_shouldConvertToDash() PASSED

AppointmentControllerTest > parseSort_descDirection_shouldSortDesc() PASSED

AppointmentControllerTest > parseLocale_nullHeader_shouldUseDefault() PASSED

AppointmentControllerTest > getAppointmentsByPatientUsername_noLangHeader_shouldUseDefaultLocale() PASSED

AppointmentControllerTest > getAppointmentsByNurseId_emptyList_shouldReturnEmptyList() PASSED

AppointmentControllerTest > parseLocale_blankHeader_shouldUseDefault() PASSED

AppointmentControllerTest > updateAppointmentStatus_shouldReturnOk() PASSED

AppointmentControllerTest > parseLocale_tooShortLanguage_shouldUseDefault() PASSED

AppointmentControllerTest > parseSort_emptyProperty_shouldFallbackToDefault() PASSED

AppointmentControllerTest > searchAppointments_customSortAsc_shouldReturnPage() PASSED

AppointmentControllerTest > searchAppointments_defaultSort_shouldReturnPage() PASSED

AppointmentControllerTest > parseLocale_validTagButIllformedLocale_shouldFallbackToDefault() PASSED

AppointmentControllerTest > getAppointmentsByNurseId_nullList_shouldReturnEmptyList() PASSED

AppointmentControllerTest > parseLocale_tooLongLanguage_shouldUseDefault() PASSED

AppointmentControllerTest > parseLocale_commaList_shouldTakeFirstValue() PASSED

AppointmentControllerTest > getAppointmentsByNurseId_listWithNulls_shouldFilterThem() PASSED

AppointmentControllerTest > parseSort_blankSort_shouldUseDefault() PASSED

AppointmentControllerTest > createAppointment_shouldReturn201() PASSED

AppointmentControllerTest > getAppointmentsByPatientId_shouldReturnList() PASSED

AppointmentControllerTest > getAppointmentsByDoctorId_shouldReturnList() PASSED

AppointmentControllerTest > getAppointmentsByNurseId_shouldReturnFilteredList() PASSED

AppointmentControllerTest > parseLocale_tooShortSecondSegment_shouldUseDefault() PASSED

AppointmentControllerTest > getAppointmentById_shouldReturnOk() PASSED

AppointmentControllerTest > parseLocale_validTagButIllformedVariant_shouldFallbackToDefault() PASSED

AppointmentControllerTest > parseSort_noDirection_shouldDefaultToDesc() PASSED

AppointmentControllerTest > parseLocale_emptyFirstSegmentBeforeComma_shouldUseDefault() PASSED

AppointmentControllerTest > getAllAppointments_shouldReturnList() PASSED

AppointmentControllerTest > parseLocale_letterWithDigit_shouldUseDefault() PASSED

AppointmentControllerTest > parseLocale_tooLongSecondSegment_shouldUseDefault() PASSED

AppointmentControllerTest > deleteAppointment_shouldReturnOkWithMessage() PASSED

AppointmentControllerTest > updateAppointment_shouldReturnOk() PASSED

AppointmentControllerTest > getAppointmentsByStaffId_shouldReturnList() PASSED

AppointmentControllerTest > searchAppointments_nullFilter_shouldReturnPage() PASSED

AppointmentControllerTest > parseLocale_invalidSecondSegment_shouldUseDefault() PASSED

AppointmentControllerTest > parseLocale_blankSecondSegment_shouldUseDefault() PASSED

AppointmentControllerTest > parseLocale_validLangRegion_shouldParse() PASSED

AppointmentControllerTest > getAppointmentsByPatientUsername_shouldReturnList() PASSED

AppointmentControllerTest > parseLocale_invalidTag_digitsOnly_shouldUseDefault() PASSED

AuditEventLogControllerTest > getAllAuditLogsReturnsEmptyPage() PASSED

AuditEventLogControllerTest > logEventReturnsOk() PASSED

AuditEventLogControllerTest > getAllAuditLogsReturnsPagedResults() PASSED

AuditEventLogControllerTest > getLogsByTargetReturnsEmptyPage() PASSED

AuditEventLogControllerTest > getLogsByTargetReturnsOk() PASSED

AuditEventLogControllerTest > getLogsByUserReturnsOk() PASSED

AuditEventLogControllerTest > GetLogsByEventTypeAndStatus > withEventTypeOnly_statusNull() PASSED

AuditEventLogControllerTest > GetLogsByEventTypeAndStatus > invalidEventTypeThrowsBadRequest() PASSED

AuditEventLogControllerTest > GetLogsByEventTypeAndStatus > withEventTypeCaseInsensitive() PASSED

AuditEventLogControllerTest > GetLogsByEventTypeAndStatus > withEventTypeOnly_statusBlank() PASSED

AuditEventLogControllerTest > GetLogsByEventTypeAndStatus > withEventTypeAndStatus() PASSED

AuditEventLogControllerTest > GetLogsByEventTypeAndStatus > invalidStatusThrowsBadRequest() PASSED

AuthControllerTest STANDARD_OUT

      .   ____          _            __ _ _
     /\\ / ___'_ __ _ _(_)_ __  __ _ \ \ \ \
    ( ( )\___ | '_ | '_| | '_ \/ _` | \ \ \ \
     \\/  ___)| |_)| | | | | || (_| |  ) ) ) )
      '  |____| .__|_| |_|_| |_\__, | / / / /
     =========|_|==============|___/=/_/_/_/

     :: Spring Boot ::               (v3.4.11)

    2026-03-10 23:49:02  WARN [Test worker] ory$DuplicateJsonObjectContextCustomizer - 

    Found multiple occurrences of org.json.JSONObject on the class path:

    	jar:file:/C:/Users/tiego/.gradle/caches/modules-2/files-2.1/org.json/json/20240303/ebb88e8fb5122b7506d5cf1d69f1ccdb790d22a/json-20240303.jar!/org/json/JSONObject.class
    	jar:file:/C:/Users/tiego/.gradle/caches/modules-2/files-2.1/com.vaadin.external.google/android-json/0.0.20131108.vaadin1/fa26d351fe62a6a17f5cda1287c1c6110dec413f/android-json-0.0.20131108.vaadin1.jar!/org/json/JSONObject.class

    You may wish to exclude one of them to ensure predictable runtime behavior

    2026-03-10 23:49:02  INFO [Test worker] c.e.hms.controller.AuthControllerTest    - Starting AuthControllerTest using Java 21.0.10 with PID 2608 (started by tiego in C:\Users\tiego\OneDrive\Desktop\HMS\hms\hospital-core)
    2026-03-10 23:49:02  INFO [Test worker] c.e.hms.controller.AuthControllerTest    - The following 1 profile is active: "test"
    2026-03-10 23:49:05  INFO [Test worker] c.e.hms.controller.AuthControllerTest    - Started AuthControllerTest in 3.208 seconds (process running for 117.44)

AuthControllerTest > login_withBlankPassword_returns400() PASSED

AuthControllerTest > tokenEcho_withInvalidBearer_returns400() PASSED

AuthControllerTest > credentialsMe_returnsUnauthorizedWhenNotAuthenticated() PASSED

AuthControllerTest > verifyPassword_blankPassword_returns400() PASSED

AuthControllerTest > refreshToken_validToken_returns200WithNewTokens() STANDARD_OUT
    2026-03-10 23:49:05  INFO [Test worker] c.example.hms.controller.AuthController  - ≡ƒöä [REFRESH] Tokens rotated for user='doctor@example.com'

AuthControllerTest > refreshToken_validToken_returns200WithNewTokens() PASSED

AuthControllerTest > register_returns410Gone() PASSED

AuthControllerTest > verifyPassword_usernameMismatch_returns403() STANDARD_OUT
    2026-03-10 23:49:06  WARN [Test worker] c.example.hms.controller.AuthController  - ≡ƒöÆ [VERIFY-PWD] Username mismatch: authenticated='drjones' requested='someoneelse'

AuthControllerTest > verifyPassword_usernameMismatch_returns403() PASSED

AuthControllerTest > login_success_includesHospitalContext() STANDARD_OUT
    2026-03-10 23:49:06  INFO [Test worker] c.example.hms.controller.AuthController  - ≡ƒöÉ [LOGIN] Attempting login for user='admin@hospital-a.com' at 2026-03-11T03:49:06.041195100Z
    2026-03-10 23:49:06  INFO [Test worker] c.example.hms.controller.AuthController  - ≡ƒöÉ [LOGIN] Success user='admin@hospital-a.com' roles=[ROLE_HOSPITAL_ADMIN] in 2ms

AuthControllerTest > login_success_includesHospitalContext() PASSED

AuthControllerTest > verifyPassword_wrongPassword_returns401() STANDARD_OUT
    2026-03-10 23:49:06  WARN [Test worker] c.example.hms.controller.AuthController  - ≡ƒöÆ [VERIFY-PWD] Wrong password for user='drjones'

AuthControllerTest > verifyPassword_wrongPassword_returns401() PASSED

AuthControllerTest > csrfToken_withoutTokenAttribute_returns204() PASSED

AuthControllerTest > refreshToken_userNotFound_returns401() STANDARD_OUT
    2026-03-10 23:49:06  WARN [Test worker] c.example.hms.controller.AuthController  - ≡ƒöä [REFRESH] User 'ghost@example.com' not found or inactive

AuthControllerTest > refreshToken_userNotFound_returns401() PASSED

AuthControllerTest > logout_returns200() PASSED

AuthControllerTest > csrfToken_withTokenAttribute_returns204() PASSED

AuthControllerTest > verifyPassword_disabledAccount_returns401() PASSED

AuthControllerTest > login_success_noAssignment_hospitalFieldsNull() STANDARD_OUT
    2026-03-10 23:49:06  INFO [Test worker] c.example.hms.controller.AuthController  - ≡ƒöÉ [LOGIN] Attempting login for user='newuser@example.com' at 2026-03-11T03:49:06.128882200Z
    2026-03-10 23:49:06  INFO [Test worker] c.example.hms.controller.AuthController  - ≡ƒöÉ [LOGIN] Success user='newuser@example.com' roles=[ROLE_DOCTOR] in 1ms

AuthControllerTest > login_success_noAssignment_hospitalFieldsNull() PASSED

AuthControllerTest > login_withBlankUsername_returns400() PASSED

AuthControllerTest > refreshToken_nullBody_returns401() STANDARD_OUT
    2026-03-10 23:49:06  WARN [Test worker] c.example.hms.controller.AuthController  - ≡ƒöä [REFRESH] Missing refreshToken in request body

AuthControllerTest > refreshToken_nullBody_returns401() PASSED

AuthControllerTest > refreshToken_missingBody_returns401() STANDARD_OUT
    2026-03-10 23:49:06  WARN [Test worker] c.example.hms.controller.AuthController  - ≡ƒöä [REFRESH] Missing refreshToken in request body

AuthControllerTest > refreshToken_missingBody_returns401() PASSED

AuthControllerTest > verifyPassword_blankUsername_returns400() PASSED

AuthControllerTest > refreshToken_inactiveUser_returns401() STANDARD_OUT
    2026-03-10 23:49:06  WARN [Test worker] c.example.hms.controller.AuthController  - ≡ƒöä [REFRESH] User 'inactive@example.com' not found or inactive

AuthControllerTest > refreshToken_inactiveUser_returns401() PASSED

AuthControllerTest > login_withInvalidCredentials_returns401() STANDARD_OUT
    2026-03-10 23:49:06  INFO [Test worker] c.example.hms.controller.AuthController  - ≡ƒöÉ [LOGIN] Attempting login for user='nonexistent_user' at 2026-03-11T03:49:06.185042800Z
    2026-03-10 23:49:06  WARN [Test worker] c.example.hms.controller.AuthController  - ≡ƒöÉ [LOGIN] Bad credentials for user='nonexistent_user'

AuthControllerTest > login_withInvalidCredentials_returns401() PASSED

AuthControllerTest > verifyPassword_correctPassword_returns200() STANDARD_OUT
    2026-03-10 23:49:06  INFO [Test worker] c.example.hms.controller.AuthController  - ≡ƒöÆ [VERIFY-PWD] Password verified for user='drjones'

AuthControllerTest > verifyPassword_correctPassword_returns200() PASSED

AuthControllerTest > refreshToken_invalidToken_returns401() STANDARD_OUT
    2026-03-10 23:49:06  WARN [Test worker] c.example.hms.controller.AuthController  - ≡ƒöä [REFRESH] Invalid or expired refresh token

AuthControllerTest > refreshToken_invalidToken_returns401() PASSED

AuthControllerTest > refreshToken_blankToken_returns401() STANDARD_OUT
    2026-03-10 23:49:06  WARN [Test worker] c.example.hms.controller.AuthController  - ≡ƒöä [REFRESH] Missing refreshToken in request body

AuthControllerTest > refreshToken_blankToken_returns401() PASSED

AuthControllerTest > tokenEcho_withoutHeader_returns400() PASSED

AuthControllerTest > ping_returns200Pong() PASSED

AuthControllerTest > bootstrapStatus_returnsAllowedFlag() PASSED

BillingInvoiceControllerPdfTest STANDARD_OUT

      .   ____          _            __ _ _
     /\\ / ___'_ __ _ _(_)_ __  __ _ \ \ \ \
    ( ( )\___ | '_ | '_| | '_ \/ _` | \ \ \ \
     \\/  ___)| |_)| | | | | || (_| |  ) ) ) )
      '  |____| .__|_| |_|_| |_\__, | / / / /
     =========|_|==============|___/=/_/_/_/

     :: Spring Boot ::               (v3.4.11)

    2026-03-10 23:49:06  WARN [Test worker] ory$DuplicateJsonObjectContextCustomizer - 

    Found multiple occurrences of org.json.JSONObject on the class path:

    	jar:file:/C:/Users/tiego/.gradle/caches/modules-2/files-2.1/org.json/json/20240303/ebb88e8fb5122b7506d5cf1d69f1ccdb790d22a/json-20240303.jar!/org/json/JSONObject.class
    	jar:file:/C:/Users/tiego/.gradle/caches/modules-2/files-2.1/com.vaadin.external.google/android-json/0.0.20131108.vaadin1/fa26d351fe62a6a17f5cda1287c1c6110dec413f/android-json-0.0.20131108.vaadin1.jar!/org/json/JSONObject.class

    You may wish to exclude one of them to ensure predictable runtime behavior

    2026-03-10 23:49:06  INFO [Test worker] c.e.h.c.BillingInvoiceControllerPdfTest  - Starting BillingInvoiceControllerPdfTest using Java 21.0.10 with PID 2608 (started by tiego in C:\Users\tiego\OneDrive\Desktop\HMS\hms\hospital-core)
    2026-03-10 23:49:06  INFO [Test worker] c.e.h.c.BillingInvoiceControllerPdfTest  - The following 1 profile is active: "test"
    2026-03-10 23:49:09  INFO [Test worker] c.e.h.c.BillingInvoiceControllerPdfTest  - Started BillingInvoiceControllerPdfTest in 3.094 seconds (process running for 121.022)

BillingInvoiceControllerPdfTest > downloadInvoicePdfRespondsWithAttachment() PASSED

BirthPlanControllerTest > getPendingReviews > returns 200 OK with paged pending reviews, hospitalId provided PASSED

BirthPlanControllerTest > getPendingReviews > returns 200 OK with paged pending reviews, hospitalId null PASSED

BirthPlanControllerTest > deleteBirthPlan > returns 204 NO_CONTENT on successful deletion PASSED

BirthPlanControllerTest > providerReview > returns 200 OK with reviewed birth plan PASSED

BirthPlanControllerTest > searchBirthPlans > DESC direction (default) ΓÇô returns 200 with paged results PASSED

BirthPlanControllerTest > searchBirthPlans > non-ASC direction string treated as DESC PASSED

BirthPlanControllerTest > searchBirthPlans > asc lowercase treated as ASC PASSED

BirthPlanControllerTest > searchBirthPlans > ASC direction ΓÇô correct sort applied PASSED

BirthPlanControllerTest > getActiveBirthPlan > returns 204 NO_CONTENT when no active plan exists PASSED

BirthPlanControllerTest > getActiveBirthPlan > returns 200 OK when active plan exists PASSED

BirthPlanControllerTest > getBirthPlansByPatientId > returns 200 OK with list of birth plans PASSED

BirthPlanControllerTest > getBirthPlanById > returns 200 OK with birth plan PASSED

BirthPlanControllerTest > updateBirthPlan > returns 200 OK with updated response body PASSED

BirthPlanControllerTest > createBirthPlan > returns 201 CREATED with response body PASSED

BirthPlanControllerTest > getUsername via endpoints > non-null authentication passes getName() to service PASSED

BirthPlanControllerTest > getUsername via endpoints > null authentication passes null username to service PASSED

DashboardControllerTest > getDashboardForCurrentUser returns null body when service returns null PASSED

DashboardControllerTest > getDashboardForCurrentUser delegates to service PASSED

DashboardControllerTest > getDashboardForCurrentUser returns 200 OK with response body PASSED

DepartmentControllerIT STANDARD_OUT

      .   ____          _            __ _ _
     /\\ / ___'_ __ _ _(_)_ __  __ _ \ \ \ \
    ( ( )\___ | '_ | '_| | '_ \/ _` | \ \ \ \
     \\/  ___)| |_)| | | | | || (_| |  ) ) ) )
      '  |____| .__|_| |_|_| |_\__, | / / / /
     =========|_|==============|___/=/_/_/_/

     :: Spring Boot ::               (v3.4.11)

    2026-03-10 23:49:09  WARN [Test worker] ory$DuplicateJsonObjectContextCustomizer - 

    Found multiple occurrences of org.json.JSONObject on the class path:

    	jar:file:/C:/Users/tiego/.gradle/caches/modules-2/files-2.1/org.json/json/20240303/ebb88e8fb5122b7506d5cf1d69f1ccdb790d22a/json-20240303.jar!/org/json/JSONObject.class
    	jar:file:/C:/Users/tiego/.gradle/caches/modules-2/files-2.1/com.vaadin.external.google/android-json/0.0.20131108.vaadin1/fa26d351fe62a6a17f5cda1287c1c6110dec413f/android-json-0.0.20131108.vaadin1.jar!/org/json/JSONObject.class

    You may wish to exclude one of them to ensure predictable runtime behavior

    2026-03-10 23:49:09  INFO [Test worker] c.e.h.controller.DepartmentControllerIT  - Starting DepartmentControllerIT using Java 21.0.10 with PID 2608 (started by tiego in C:\Users\tiego\OneDrive\Desktop\HMS\hms\hospital-core)
    2026-03-10 23:49:09  INFO [Test worker] c.e.h.controller.DepartmentControllerIT  - The following 1 profile is active: "test"
    2026-03-10 23:49:15  WARN [Test worker] org.hibernate.orm.deprecation            - HHH90000025: H2Dialect does not need to be specified explicitly using 'hibernate.dialect' (remove the property setting and it will be selected by default)
    2026-03-10 23:49:16  WARN [Test worker] o.h.boot.model.internal.ToOneBinder      - HHH000491: 'com.example.hms.model.User.patientProfile' uses both @NotFound and FetchType.LAZY. @ManyToOne and @OneToOne associations mapped with @NotFound are forced to EAGER fetching.
    2026-03-10 23:49:16  WARN [Test worker] o.h.boot.model.internal.ToOneBinder      - HHH000491: 'com.example.hms.model.User.staffProfile' uses both @NotFound and FetchType.LAZY. @ManyToOne and @OneToOne associations mapped with @NotFound are forced to EAGER fetching.
    2026-03-10 23:49:20  INFO [Test worker] c.example.hms.security.JwtTokenProvider  - JWT secret configured (45 bytes) activeProfile=test rawPrefix=base64:dGVzd...
    2026-03-10 23:49:22  WARN [Test worker] r$InitializeUserDetailsManagerConfigurer - Global AuthenticationManager configured with an AuthenticationProvider bean. UserDetailsService beans will not be used by Spring Security for automatically configuring username/password login. Consider removing the AuthenticationProvider bean. Alternatively, consider using the UserDetailsService in a manually instantiated DaoAuthenticationProvider. If the current configuration is intentional, to turn off this warning, increase the logging level of 'org.springframework.security.config.annotation.authentication.configuration.InitializeUserDetailsBeanManagerConfigurer' to ERROR
    2026-03-10 23:49:28  INFO [Test worker] c.e.h.controller.DepartmentControllerIT  - Started DepartmentControllerIT in 18.7 seconds (process running for 140.17)
    2026-03-10 23:49:28  INFO [Test worker] c.e.hms.bootstrap.JwtSecretValidator     - JWT secret validated (length=67)

DepartmentControllerIT > GET /departments supports case-insensitive hospital city filtering STANDARD_OUT
    2026-03-10 23:49:28  WARN [Test worker] o.s.w.s.h.HandlerMappingIntrospector     - Cache miss for REQUEST dispatch to '/api/departments' (previous null). Performing MatchableHandlerMapping lookup. This is logged once only at WARN level, and every time at TRACE.

DepartmentControllerIT > GET /departments supports case-insensitive hospital city filtering PASSED

DepartmentControllerIT > GET /departments filters by organization id PASSED

DepartmentControllerIT > GET /departments returns only hospitals without organization when requested PASSED

DigitalSignatureControllerTest > getSignatureAuditTrailReturnsOk() PASSED

DigitalSignatureControllerTest > getSignaturesByProviderReturnsOk() PASSED

DigitalSignatureControllerTest > getSignatureAuditTrailReturnsEmptyList() PASSED

DigitalSignatureControllerTest > isReportSignedReturnsTrueWhenSigned() PASSED

DigitalSignatureControllerTest > isReportSignedReturnsFalseWhenNotSigned() PASSED

DigitalSignatureControllerTest > getSignatureByIdReturnsOk() PASSED

DigitalSignatureControllerTest > getSignaturesByReportReturnsOk() PASSED

DigitalSignatureControllerTest > revokeSignatureReturnsOk() PASSED

DigitalSignatureControllerTest > getSignaturesByProviderReturnsEmptyList() PASSED

DigitalSignatureControllerTest > getSignaturesByReportReturnsEmptyList() PASSED

DigitalSignatureControllerTest > verifySignatureReturnsOk() PASSED

DigitalSignatureControllerTest > signReportReturnsCreated() PASSED

DischargeApprovalControllerTest > getByHospitalReturnsEmptyList() PASSED

DischargeApprovalControllerTest > getPendingForHospitalReturnsOk() PASSED

DischargeApprovalControllerTest > cancelWithoutReasonReturnsOk() PASSED

DischargeApprovalControllerTest > getByIdReturnsOk() PASSED

DischargeApprovalControllerTest > getPendingForHospitalReturnsEmptyList() PASSED

DischargeApprovalControllerTest > requestDischargeReturnsOk() PASSED

DischargeApprovalControllerTest > getByHospitalWithStatusReturnsOk() PASSED

DischargeApprovalControllerTest > getByHospitalWithoutStatusReturnsOk() PASSED

DischargeApprovalControllerTest > getActiveForPatientReturnsOk() PASSED

DischargeApprovalControllerTest > cancelWithReasonReturnsOk() PASSED

DischargeApprovalControllerTest > approveReturnsOk() PASSED

DischargeApprovalControllerTest > rejectReturnsOk() PASSED

DischargeApprovalControllerTest > getActiveForPatientReturnsEmptyList() PASSED

DischargeSummaryControllerTest > getDischargeSummaryByIdReturnsOk() PASSED

DischargeSummaryControllerTest > finalizeDischargeSummaryReturnsOk() PASSED

DischargeSummaryControllerTest > getDischargeSummariesWithPendingResultsReturnsOk() PASSED

DischargeSummaryControllerTest > deleteDischargeSummaryReturnsNoContent() PASSED

DischargeSummaryControllerTest > getDischargeSummariesByPatientReturnsOk() PASSED

DischargeSummaryControllerTest > updateDischargeSummaryReturnsOk() PASSED

DischargeSummaryControllerTest > getDischargeSummariesByProviderReturnsOk() PASSED

DischargeSummaryControllerTest > getDischargeSummariesByHospitalAndDateRangeReturnsOk() PASSED

DischargeSummaryControllerTest > getDischargeSummaryByEncounterReturnsOk() PASSED

DischargeSummaryControllerTest > getUnfinalizedDischargeSummariesReturnsOk() PASSED

DischargeSummaryControllerTest > createDischargeSummaryReturnsCreated() PASSED

FeatureFlagControllerTest STANDARD_OUT

      .   ____          _            __ _ _
     /\\ / ___'_ __ _ _(_)_ __  __ _ \ \ \ \
    ( ( )\___ | '_ | '_| | '_ \/ _` | \ \ \ \
     \\/  ___)| |_)| | | | | || (_| |  ) ) ) )
      '  |____| .__|_| |_|_| |_\__, | / / / /
     =========|_|==============|___/=/_/_/_/

     :: Spring Boot ::               (v3.4.11)

    2026-03-10 23:49:30  WARN [Test worker] ory$DuplicateJsonObjectContextCustomizer - 

    Found multiple occurrences of org.json.JSONObject on the class path:

    	jar:file:/C:/Users/tiego/.gradle/caches/modules-2/files-2.1/org.json/json/20240303/ebb88e8fb5122b7506d5cf1d69f1ccdb790d22a/json-20240303.jar!/org/json/JSONObject.class
    	jar:file:/C:/Users/tiego/.gradle/caches/modules-2/files-2.1/com.vaadin.external.google/android-json/0.0.20131108.vaadin1/fa26d351fe62a6a17f5cda1287c1c6110dec413f/android-json-0.0.20131108.vaadin1.jar!/org/json/JSONObject.class

    You may wish to exclude one of them to ensure predictable runtime behavior

    2026-03-10 23:49:30  INFO [Test worker] c.e.h.c.FeatureFlagControllerTest        - Starting FeatureFlagControllerTest using Java 21.0.10 with PID 2608 (started by tiego in C:\Users\tiego\OneDrive\Desktop\HMS\hms\hospital-core)
    2026-03-10 23:49:30  INFO [Test worker] c.e.h.c.FeatureFlagControllerTest        - The following 1 profile is active: "test"
    2026-03-10 23:49:34  INFO [Test worker] c.e.h.c.FeatureFlagControllerTest        - Started FeatureFlagControllerTest in 3.49 seconds (process running for 145.762)

FeatureFlagControllerTest > listFlagsSupportsEnvironmentOverride() PASSED

FeatureFlagControllerTest > listFlagsReturnsEffectiveMap() PASSED

GeneralReferralControllerTest STANDARD_OUT

      .   ____          _            __ _ _
     /\\ / ___'_ __ _ _(_)_ __  __ _ \ \ \ \
    ( ( )\___ | '_ | '_| | '_ \/ _` | \ \ \ \
     \\/  ___)| |_)| | | | | || (_| |  ) ) ) )
      '  |____| .__|_| |_|_| |_\__, | / / / /
     =========|_|==============|___/=/_/_/_/

     :: Spring Boot ::               (v3.4.11)

    2026-03-10 23:49:34  WARN [Test worker] ory$DuplicateJsonObjectContextCustomizer - 

    Found multiple occurrences of org.json.JSONObject on the class path:

    	jar:file:/C:/Users/tiego/.gradle/caches/modules-2/files-2.1/org.json/json/20240303/ebb88e8fb5122b7506d5cf1d69f1ccdb790d22a/json-20240303.jar!/org/json/JSONObject.class
    	jar:file:/C:/Users/tiego/.gradle/caches/modules-2/files-2.1/com.vaadin.external.google/android-json/0.0.20131108.vaadin1/fa26d351fe62a6a17f5cda1287c1c6110dec413f/android-json-0.0.20131108.vaadin1.jar!/org/json/JSONObject.class

    You may wish to exclude one of them to ensure predictable runtime behavior

    2026-03-10 23:49:34  INFO [Test worker] c.e.h.c.GeneralReferralControllerTest    - Starting GeneralReferralControllerTest using Java 21.0.10 with PID 2608 (started by tiego in C:\Users\tiego\OneDrive\Desktop\HMS\hms\hospital-core)
    2026-03-10 23:49:34  INFO [Test worker] c.e.h.c.GeneralReferralControllerTest    - The following 1 profile is active: "test"
    2026-03-10 23:49:36  INFO [Test worker] c.e.h.c.GeneralReferralControllerTest    - Started GeneralReferralControllerTest in 2.238 seconds (process running for 148.068)

GeneralReferralControllerTest > cancelReferral_returns204() PASSED

GeneralReferralControllerTest > POST /api/referrals creates new referral PASSED

GeneralReferralControllerTest > getReferralsByHospital_supportsStatusFilter() PASSED

GeneralReferralControllerTest > acknowledgeReferral_requiresReceivingProvider() PASSED

GeneralReferralControllerTest > submitReferral_returnsUpdatedStatus() PASSED

GeneralReferralControllerTest > getOverdueReferrals_returnsList() PASSED

HighRiskPregnancyCarePlanControllerTest STANDARD_OUT

      .   ____          _            __ _ _
     /\\ / ___'_ __ _ _(_)_ __  __ _ \ \ \ \
    ( ( )\___ | '_ | '_| | '_ \/ _` | \ \ \ \
     \\/  ___)| |_)| | | | | || (_| |  ) ) ) )
      '  |____| .__|_| |_|_| |_\__, | / / / /
     =========|_|==============|___/=/_/_/_/

     :: Spring Boot ::               (v3.4.11)

    2026-03-10 23:49:36  WARN [Test worker] ory$DuplicateJsonObjectContextCustomizer - 

    Found multiple occurrences of org.json.JSONObject on the class path:

    	jar:file:/C:/Users/tiego/.gradle/caches/modules-2/files-2.1/org.json/json/20240303/ebb88e8fb5122b7506d5cf1d69f1ccdb790d22a/json-20240303.jar!/org/json/JSONObject.class
    	jar:file:/C:/Users/tiego/.gradle/caches/modules-2/files-2.1/com.vaadin.external.google/android-json/0.0.20131108.vaadin1/fa26d351fe62a6a17f5cda1287c1c6110dec413f/android-json-0.0.20131108.vaadin1.jar!/org/json/JSONObject.class

    You may wish to exclude one of them to ensure predictable runtime behavior

    2026-03-10 23:49:36  INFO [Test worker] .HighRiskPregnancyCarePlanControllerTest - Starting HighRiskPregnancyCarePlanControllerTest using Java 21.0.10 with PID 2608 (started by tiego in C:\Users\tiego\OneDrive\Desktop\HMS\hms\hospital-core)
    2026-03-10 23:49:36  INFO [Test worker] .HighRiskPregnancyCarePlanControllerTest - The following 1 profile is active: "test"
    2026-03-10 23:49:39  INFO [Test worker] .HighRiskPregnancyCarePlanControllerTest - Started HighRiskPregnancyCarePlanControllerTest in 2.473 seconds (process running for 150.723)

HighRiskPregnancyCarePlanControllerTest > getActivePlanReturnsNoContentWhenAbsent() PASSED

HighRiskPregnancyCarePlanControllerTest > createPlanReturnsCreatedResponse() PASSED

HighRiskPregnancyCarePlanControllerTest > markMilestoneCompleteForwardsCompletionDate() PASSED

HighRiskPregnancyCarePlanControllerTest > updatePlanDelegatesToService() PASSED

HospitalControllerIT > GET /hospitals filters by organization id PASSED

HospitalControllerIT > GET /hospitals returns only unassigned when requested PASSED

HospitalControllerIT > GET /hospitals supports case-insensitive city filtering PASSED

MaternalHistoryControllerTest > getRequiringSpecialistReferral_shouldReturnReferralCases() PASSED

MaternalHistoryControllerTest > createMaternalHistory_shouldReturnCreatedStatus() PASSED

MaternalHistoryControllerTest > getMaternalHistoryById_shouldReturnHistory() PASSED

MaternalHistoryControllerTest > getAllVersionsByPatient_shouldReturnAllVersions() PASSED

MaternalHistoryControllerTest > calculateRiskScore_shouldRecalculateRisk() PASSED

MaternalHistoryControllerTest > getHighRiskMaternities_shouldReturnHighRiskCases() PASSED

MaternalHistoryControllerTest > searchMaternalHistory_shouldReturnPagedResults() PASSED

MaternalHistoryControllerTest > searchMaternalHistory_shouldPassAllFilters() PASSED

MaternalHistoryControllerTest > getMaternalHistoryVersion_shouldReturnSpecificVersion() PASSED

MaternalHistoryControllerTest > deleteMaternalHistory_shouldReturnNoContentStatus() PASSED

MaternalHistoryControllerTest > getPendingReview_shouldReturnUnreviewedCases() PASSED

MaternalHistoryControllerTest > updateMaternalHistory_shouldReturnOkStatus() PASSED

MaternalHistoryControllerTest > getWithPsychosocialConcerns_shouldReturnConcernCases() PASSED

MaternalHistoryControllerTest > getCurrentMaternalHistory_shouldReturnCurrentVersion() PASSED

MaternalHistoryControllerTest > markAsReviewed_shouldUpdateReviewStatus() PASSED

MeControllerTest > getRoomedPatients_withNoPatients_shouldReturnEmptyList() PASSED

MeControllerTest > getOnCallStatus_shouldReturnStatus() PASSED

MeControllerTest > acknowledgeAlert_withMultipleAlerts_shouldAcknowledgeEach() PASSED

MeControllerTest > getClinicalDashboard_shouldReturnDashboardData() PASSED

MeControllerTest > myHospital_withoutHospitalIdInJwt_shouldFallbackToAssignment() PASSED

MeControllerTest > getOnCallStatus_whenNotOnCall_shouldReturnFalse() PASSED

MeControllerTest > getClinicalDashboard_withInvalidAuth_shouldThrowException() PASSED

MeControllerTest > getDashboardConfig_asMidwife_shouldExposeExpectedPermissions() PASSED

MeControllerTest > getRoomedPatients_shouldReturnPatientList() PASSED

MeControllerTest > myHospital_withValidHospitalId_shouldReturnHospital() PASSED

MeControllerTest > getInboxCounts_shouldReturnAllCounts() PASSED

MeControllerTest > resolveUserId_fromUserRepository_shouldFindUser() PASSED

MeControllerTest > getDashboardConfig_shouldReturnConfigForCurrentUser() PASSED

MeControllerTest > getCriticalAlerts_withNoAlerts_shouldReturnEmptyList() PASSED

MeControllerTest > getInboxCounts_withZeroCounts_shouldReturnZeros() PASSED

MeControllerTest > getCriticalAlerts_withDefaultHours_shouldReturn24HourAlerts() PASSED

MeControllerTest > resolveUserId_fromJwtSub_shouldExtractUserId() PASSED

MeControllerTest > getActiveStaff_shouldReturnActiveStaffForCurrentUser() PASSED

MeControllerTest > acknowledgeAlert_shouldCallServiceAndReturnOk() PASSED

MeControllerTest > getCriticalAlerts_asMidwife_shouldReturnAlerts() PASSED

MeControllerTest > getCriticalAlerts_withCustomHours_shouldReturnAlertsForSpecifiedWindow() PASSED

OrganizationControllerIT > Updating an organization does not create duplicate policies STANDARD_OUT
    2026-03-10 23:49:40  INFO [Test worker] c.e.h.s.OrganizationSecurityServiceImpl  - Applying default security policies for organization: GOV002 of type: GOVERNMENT_AGENCY
    2026-03-10 23:49:40  INFO [Test worker] c.e.h.s.OrganizationSecurityServiceImpl  - Created security policy: DEFAULT_PASSWORD_POLICY for organization: GOV002
    2026-03-10 23:49:40  INFO [Test worker] c.e.h.s.OrganizationSecurityServiceImpl  - Created security policy: DEFAULT_SESSION_MANAGEMENT for organization: GOV002
    2026-03-10 23:49:40  INFO [Test worker] c.e.h.s.p.i.PlatformRegistryServiceImpl  - Registered platform service type=EHR for organization 4100295d-a093-456a-97cf-2d7767f084fc
    2026-03-10 23:49:40  INFO [Test worker] s.p.OrganizationPlatformBootstrapService - Auto-provisioned EHR integration for organization 4100295d-a093-456a-97cf-2d7767f084fc
    2026-03-10 23:49:40  INFO [Test worker] c.e.h.controller.OrganizationController  - Created new organization: GOV002
    2026-03-10 23:49:40  INFO [Test worker] c.e.h.controller.OrganizationController  - Updated organization: GOV002

OrganizationControllerIT > Updating an organization does not create duplicate policies PASSED

OrganizationControllerIT > Creating a high-security organization applies default password and session policies STANDARD_OUT
    2026-03-10 23:49:40  INFO [Test worker] c.e.h.s.OrganizationSecurityServiceImpl  - Applying default security policies for organization: GOV001 of type: GOVERNMENT_AGENCY
    2026-03-10 23:49:40  INFO [Test worker] c.e.h.s.OrganizationSecurityServiceImpl  - Created security policy: DEFAULT_PASSWORD_POLICY for organization: GOV001
    2026-03-10 23:49:40  INFO [Test worker] c.e.h.s.OrganizationSecurityServiceImpl  - Created security policy: DEFAULT_SESSION_MANAGEMENT for organization: GOV001
    2026-03-10 23:49:40  INFO [Test worker] c.e.h.s.p.i.PlatformRegistryServiceImpl  - Registered platform service type=EHR for organization e8a5b7ea-4b6f-4cbb-ade1-00809e7661c1
    2026-03-10 23:49:40  INFO [Test worker] s.p.OrganizationPlatformBootstrapService - Auto-provisioned EHR integration for organization e8a5b7ea-4b6f-4cbb-ade1-00809e7661c1
    2026-03-10 23:49:40  INFO [Test worker] c.e.h.controller.OrganizationController  - Created new organization: GOV001

OrganizationControllerIT > Creating a high-security organization applies default password and session policies PASSED

OrganizationControllerIT > Creating a security rule persists rule under target policy STANDARD_OUT
    2026-03-10 23:49:40  INFO [Test worker] c.e.h.s.OrganizationSecurityServiceImpl  - Applying default security policies for organization: PRV001 of type: PRIVATE_PRACTICE
    2026-03-10 23:49:40  INFO [Test worker] c.e.h.s.OrganizationSecurityServiceImpl  - Created security policy: DEFAULT_PASSWORD_POLICY for organization: PRV001
    2026-03-10 23:49:40  INFO [Test worker] c.e.h.s.p.i.PlatformRegistryServiceImpl  - Registered platform service type=EHR for organization 67ea8240-0d6f-4ee5-99a4-7626b21dca2d
    2026-03-10 23:49:40  INFO [Test worker] s.p.OrganizationPlatformBootstrapService - Auto-provisioned EHR integration for organization 67ea8240-0d6f-4ee5-99a4-7626b21dca2d
    2026-03-10 23:49:40  INFO [Test worker] c.e.h.controller.OrganizationController  - Created new organization: PRV001
    2026-03-10 23:49:40  INFO [Test worker] c.e.h.s.OrganizationSecurityServiceImpl  - Created security rule: CUSTOM_PASSWORD_RULE for policy: DEFAULT_PASSWORD_POLICY
    2026-03-10 23:49:40  INFO [Test worker] c.e.h.c.OrganizationSecurityController   - Created security rule: CUSTOM_PASSWORD_RULE for policy ID: 57a014b6-d271-48c1-b7b1-fc5876e35f05

OrganizationControllerIT > Creating a security rule persists rule under target policy PASSED

OrganizationControllerIT > Compliance endpoint returns policy violations and settings STANDARD_OUT
    2026-03-10 23:49:40  INFO [Test worker] c.e.h.s.OrganizationSecurityServiceImpl  - Applying default security policies for organization: NET001 of type: HEALTHCARE_NETWORK
    2026-03-10 23:49:40  INFO [Test worker] c.e.h.s.OrganizationSecurityServiceImpl  - Created security policy: DEFAULT_PASSWORD_POLICY for organization: NET001
    2026-03-10 23:49:40  INFO [Test worker] c.e.h.s.p.i.PlatformRegistryServiceImpl  - Registered platform service type=EHR for organization 3deeccaa-3ff4-4416-85ec-784d37aa5293
    2026-03-10 23:49:40  INFO [Test worker] s.p.OrganizationPlatformBootstrapService - Auto-provisioned EHR integration for organization 3deeccaa-3ff4-4416-85ec-784d37aa5293
    2026-03-10 23:49:40  INFO [Test worker] c.e.h.controller.OrganizationController  - Created new organization: NET001
    2026-03-10 23:49:41  INFO [Test worker] c.e.h.c.OrganizationSecurityController   - Security compliance check for organization NET001: 2 violations found

OrganizationControllerIT > Compliance endpoint returns policy violations and settings PASSED

PatientControllerDiagnosisIT > POST /patients/{id}/diagnoses creates a diagnosis and history entry STANDARD_OUT
    2026-03-10 23:49:41  INFO [Test worker] c.e.hms.service.PatientServiceImpl       - Diagnosis CREATED [patientId=d7b12c0e-7197-4fff-be2a-a387d8c3f358, hospitalId=06ff8a09-d8e8-48c5-be10-20f9ecfc48b0, diagnosisId=d1365cb2-649c-4c7d-92fc-4365f3167503, requesterId=a03f3612-414c-401a-bb01-8a897b31cc9e, status=ACTIVE, icdVersion=ICD-10, codeProvided=true, additionalCodes=1, chronic=false, changeReasonProvided=false]

PatientControllerDiagnosisIT > POST /patients/{id}/diagnoses creates a diagnosis and history entry PASSED

PatientControllerDiagnosisIT > GET /patients/{id}/diagnoses can include historical entries PASSED

PatientControllerDiagnosisIT > PUT /patients/{id}/diagnoses/{diagnosisId} transitions status when reason provided STANDARD_OUT
    2026-03-10 23:49:41  INFO [Test worker] c.e.hms.service.PatientServiceImpl       - Diagnosis STATUS_CHANGED [patientId=0863fb7a-5925-4411-94a2-eb34ad7d369a, hospitalId=5fc78e9e-4f2b-4eef-a765-48c0b0b579da, diagnosisId=712f953e-0205-4833-85bb-81094a42c787, requesterId=adaea76f-5309-43f8-ab89-668ce4be5209, status=RESOLVED, icdVersion=N/A, codeProvided=true, additionalCodes=1, chronic=false, changeReasonProvided=true]

PatientControllerDiagnosisIT > PUT /patients/{id}/diagnoses/{diagnosisId} transitions status when reason provided PASSED

PatientControllerDiagnosisIT > GET /patients/{id}/diagnoses only returns active entries by default PASSED

PatientControllerDiagnosisIT > DELETE /patients/{id}/diagnoses/{diagnosisId} marks diagnosis inactive with justification STANDARD_OUT
    2026-03-10 23:49:42  INFO [Test worker] c.e.hms.service.PatientServiceImpl       - Diagnosis DELETED [patientId=b9f36519-ae71-4975-9153-cd572f22e6e1, hospitalId=b12b3835-01ea-43cb-ba50-9405aac30923, diagnosisId=2a6d8895-4557-428f-87c8-029d890bf9f4, requesterId=0accff3c-6ed6-4724-aa90-cb4ac80a5c05, status=INACTIVE, icdVersion=N/A, codeProvided=true, additionalCodes=1, chronic=false, changeReasonProvided=true]

PatientControllerDiagnosisIT > DELETE /patients/{id}/diagnoses/{diagnosisId} marks diagnosis inactive with justification PASSED

PatientControllerTest > receptionistWithoutAssignmentThrowsBusinessException() PASSED

PatientControllerTest > receptionistFallsBackToAssignmentHospital() PASSED

PatientPortalControllerPhase2Test > GET /me/patient/access-log STANDARD_OUT

      .   ____          _            __ _ _
     /\\ / ___'_ __ _ _(_)_ __  __ _ \ \ \ \
    ( ( )\___ | '_ | '_| | '_ \/ _` | \ \ \ \
     \\/  ___)| |_)| | | | | || (_| |  ) ) ) )
      '  |____| .__|_| |_|_| |_\__, | / / / /
     =========|_|==============|___/=/_/_/_/

     :: Spring Boot ::               (v3.4.11)

    2026-03-10 23:49:42  WARN [Test worker] ory$DuplicateJsonObjectContextCustomizer - 

    Found multiple occurrences of org.json.JSONObject on the class path:

    	jar:file:/C:/Users/tiego/.gradle/caches/modules-2/files-2.1/org.json/json/20240303/ebb88e8fb5122b7506d5cf1d69f1ccdb790d22a/json-20240303.jar!/org/json/JSONObject.class
    	jar:file:/C:/Users/tiego/.gradle/caches/modules-2/files-2.1/com.vaadin.external.google/android-json/0.0.20131108.vaadin1/fa26d351fe62a6a17f5cda1287c1c6110dec413f/android-json-0.0.20131108.vaadin1.jar!/org/json/JSONObject.class

    You may wish to exclude one of them to ensure predictable runtime behavior

    2026-03-10 23:49:42  INFO [Test worker] .e.h.c.PatientPortalControllerPhase2Test - Starting PatientPortalControllerPhase2Test using Java 21.0.10 with PID 2608 (started by tiego in C:\Users\tiego\OneDrive\Desktop\HMS\hms\hospital-core)
    2026-03-10 23:49:42  INFO [Test worker] .e.h.c.PatientPortalControllerPhase2Test - The following 1 profile is active: "test"
    2026-03-10 23:49:44  INFO [Test worker] .e.h.c.PatientPortalControllerPhase2Test - Started PatientPortalControllerPhase2Test in 1.866 seconds (process running for 156.262)

      .   ____          _            __ _ _
     /\\ / ___'_ __ _ _(_)_ __  __ _ \ \ \ \
    ( ( )\___ | '_ | '_| | '_ \/ _` | \ \ \ \
     \\/  ___)| |_)| | | | | || (_| |  ) ) ) )
      '  |____| .__|_| |_|_| |_\__, | / / / /
     =========|_|==============|___/=/_/_/_/

     :: Spring Boot ::               (v3.4.11)

    2026-03-10 23:49:44  WARN [Test worker] ory$DuplicateJsonObjectContextCustomizer - 

    Found multiple occurrences of org.json.JSONObject on the class path:

    	jar:file:/C:/Users/tiego/.gradle/caches/modules-2/files-2.1/org.json/json/20240303/ebb88e8fb5122b7506d5cf1d69f1ccdb790d22a/json-20240303.jar!/org/json/JSONObject.class
    	jar:file:/C:/Users/tiego/.gradle/caches/modules-2/files-2.1/com.vaadin.external.google/android-json/0.0.20131108.vaadin1/fa26d351fe62a6a17f5cda1287c1c6110dec413f/android-json-0.0.20131108.vaadin1.jar!/org/json/JSONObject.class

    You may wish to exclude one of them to ensure predictable runtime behavior

    2026-03-10 23:49:44  INFO [Test worker] ientPortalControllerPhase2Test$AccessLog - Starting PatientPortalControllerPhase2Test.AccessLog using Java 21.0.10 with PID 2608 (started by tiego in C:\Users\tiego\OneDrive\Desktop\HMS\hms\hospital-core)
    2026-03-10 23:49:44  INFO [Test worker] ientPortalControllerPhase2Test$AccessLog - The following 1 profile is active: "test"
    2026-03-10 23:49:46  INFO [Test worker] ientPortalControllerPhase2Test$AccessLog - Started PatientPortalControllerPhase2Test.AccessLog in 1.881 seconds (process running for 158.146)

PatientPortalControllerPhase2Test > GET /me/patient/access-log > should support custom pagination parameters STANDARD_OUT
    2026-03-10 23:49:46  WARN [Test worker] ration$PageModule$WarningLoggingModifier - Serializing PageImpl instances as-is is not supported, meaning that there is no guarantee about the stability of the resulting JSON structure!
    	For a stable JSON structure, please use Spring Data's PagedModel (globally via @EnableSpringDataWebSupport(pageSerializationMode = VIA_DTO))
    	or Spring HATEOAS and Spring Data's PagedResourcesAssembler as documented in https://docs.spring.io/spring-data/commons/reference/repositories/core-extensions.html#core.web.pageables.


PatientPortalControllerPhase2Test > GET /me/patient/access-log > should support custom pagination parameters PASSED

PatientPortalControllerPhase2Test > GET /me/patient/access-log > should return 200 with paged access log entries PASSED

PatientPortalControllerPhase2Test > GET /me/patient/care-team > should return 200 with care team PASSED

PatientPortalControllerPhase2Test > GET /me/patient/after-visit-summaries > should return 200 with summaries list PASSED

PatientPortalControllerPhase2Test > GET /me/patient/after-visit-summaries > should return 200 with empty list when none exist PASSED

PatientPortalControllerPhase2Test > PUT /me/patient/refills/{refillId}/cancel > should return 200 with cancelled refill PASSED

PatientPortalControllerPhase2Test > GET /me/patient/refills > should return 200 with paged refills PASSED

PatientPortalControllerPhase2Test > POST /me/patient/refills > should return 400 when prescriptionId missing PASSED

PatientPortalControllerPhase2Test > POST /me/patient/refills > should return 201 with refill response PASSED

PatientPortalControllerPhase2Test > POST /me/patient/vitals > should return 201 with recorded vital PASSED

PatientPortalControllerPhase2Test > DELETE /me/patient/consents > should return 200 on successful revocation PASSED

PatientPortalControllerPhase2Test > DELETE /me/patient/consents > should return 400 when fromHospitalId missing STANDARD_OUT
    2026-03-10 23:49:46  WARN [Test worker] .w.s.m.s.DefaultHandlerExceptionResolver - Resolved [org.springframework.web.bind.MissingServletRequestParameterException: Required request parameter 'fromHospitalId' for method parameter type UUID is not present]

PatientPortalControllerPhase2Test > DELETE /me/patient/consents > should return 400 when fromHospitalId missing PASSED

PatientPortalControllerPhase2Test > POST /me/patient/consents > should return 201 with granted consent PASSED

PatientPortalControllerPhase2Test > POST /me/patient/consents > should return 400 when hospital IDs missing PASSED

PatientPortalControllerPhase2Test > PUT /me/patient/appointments/reschedule > should return 200 with rescheduled appointment PASSED

PatientPortalControllerPhase2Test > PUT /me/patient/appointments/reschedule > should return 400 when required fields missing PASSED

PatientPortalControllerPhase2Test > PUT /me/patient/appointments/cancel > should return 400 when appointmentId is missing PASSED

PatientPortalControllerPhase2Test > PUT /me/patient/appointments/cancel > should return 200 with cancelled appointment PASSED

PatientVitalSignControllerTest > listVitals_throwsForInvalidDate() PASSED

PatientVitalSignControllerTest > listVitals_parsesDateFilters() PASSED

PatientVitalSignControllerTest > getRecentVitals_clampsLimitAndScopesHospital() PASSED

PatientVitalSignControllerTest > recordVital_scopesHospitalAndDelegatesToService() PASSED

ServiceTranslationControllerTest > DeleteTranslation STANDARD_OUT

      .   ____          _            __ _ _
     /\\ / ___'_ __ _ _(_)_ __  __ _ \ \ \ \
    ( ( )\___ | '_ | '_| | '_ \/ _` | \ \ \ \
     \\/  ___)| |_)| | | | | || (_| |  ) ) ) )
      '  |____| .__|_| |_|_| |_\__, | / / / /
     =========|_|==============|___/=/_/_/_/

     :: Spring Boot ::               (v3.4.11)

    2026-03-10 23:49:47  WARN [Test worker] ory$DuplicateJsonObjectContextCustomizer - 

    Found multiple occurrences of org.json.JSONObject on the class path:

    	jar:file:/C:/Users/tiego/.gradle/caches/modules-2/files-2.1/org.json/json/20240303/ebb88e8fb5122b7506d5cf1d69f1ccdb790d22a/json-20240303.jar!/org/json/JSONObject.class
    	jar:file:/C:/Users/tiego/.gradle/caches/modules-2/files-2.1/com.vaadin.external.google/android-json/0.0.20131108.vaadin1/fa26d351fe62a6a17f5cda1287c1c6110dec413f/android-json-0.0.20131108.vaadin1.jar!/org/json/JSONObject.class

    You may wish to exclude one of them to ensure predictable runtime behavior

    2026-03-10 23:49:47  INFO [Test worker] c.e.h.c.ServiceTranslationControllerTest - Starting ServiceTranslationControllerTest using Java 21.0.10 with PID 2608 (started by tiego in C:\Users\tiego\OneDrive\Desktop\HMS\hms\hospital-core)
    2026-03-10 23:49:47  INFO [Test worker] c.e.h.c.ServiceTranslationControllerTest - The following 1 profile is active: "test"
    2026-03-10 23:49:49  INFO [Test worker] c.e.h.c.ServiceTranslationControllerTest - Started ServiceTranslationControllerTest in 1.857 seconds (process running for 160.69)

ServiceTranslationControllerTest > DeleteTranslation > deleteTranslation_safeMessageNeededNoHtmlChars_returnsPlain() PASSED

ServiceTranslationControllerTest > DeleteTranslation > deleteTranslation_returnsPlainTextBody_xssSafe() PASSED

ServiceTranslationControllerTest > UpdateTranslation > updateTranslation_returns200WithUpdatedBody() PASSED

ServiceTranslationControllerTest > GetAllTranslations > getAllTranslations_emptyList_returns200() PASSED

ServiceTranslationControllerTest > GetAllTranslations > getAllTranslations_returnsListOf200() PASSED

ServiceTranslationControllerTest > GetTranslationById > getTranslationById_returns200WithBody() PASSED

ServiceTranslationControllerTest > CreateTranslation > createTranslation_missingName_returns400() PASSED

ServiceTranslationControllerTest > CreateTranslation > createTranslation_blankLanguageCode_returns400() PASSED

ServiceTranslationControllerTest > CreateTranslation > createTranslation_returns201WithBody() PASSED

SuperAdminOrganizationControllerIT STANDARD_OUT

      .   ____          _            __ _ _
     /\\ / ___'_ __ _ _(_)_ __  __ _ \ \ \ \
    ( ( )\___ | '_ | '_| | '_ \/ _` | \ \ \ \
     \\/  ___)| |_)| | | | | || (_| |  ) ) ) )
      '  |____| .__|_| |_|_| |_\__, | / / / /
     =========|_|==============|___/=/_/_/_/

     :: Spring Boot ::               (v3.4.11)

    2026-03-10 23:49:49  WARN [Test worker] ory$DuplicateJsonObjectContextCustomizer - 

    Found multiple occurrences of org.json.JSONObject on the class path:

    	jar:file:/C:/Users/tiego/.gradle/caches/modules-2/files-2.1/org.json/json/20240303/ebb88e8fb5122b7506d5cf1d69f1ccdb790d22a/json-20240303.jar!/org/json/JSONObject.class
    	jar:file:/C:/Users/tiego/.gradle/caches/modules-2/files-2.1/com.vaadin.external.google/android-json/0.0.20131108.vaadin1/fa26d351fe62a6a17f5cda1287c1c6110dec413f/android-json-0.0.20131108.vaadin1.jar!/org/json/JSONObject.class

    You may wish to exclude one of them to ensure predictable runtime behavior

    2026-03-10 23:49:49  INFO [Test worker] e.h.c.SuperAdminOrganizationControllerIT - Starting SuperAdminOrganizationControllerIT using Java 21.0.10 with PID 2608 (started by tiego in C:\Users\tiego\OneDrive\Desktop\HMS\hms\hospital-core)
    2026-03-10 23:49:49  INFO [Test worker] e.h.c.SuperAdminOrganizationControllerIT - The following 1 profile is active: "test"
    2026-03-10 23:49:52  WARN [Test worker] org.hibernate.orm.deprecation            - HHH90000025: H2Dialect does not need to be specified explicitly using 'hibernate.dialect' (remove the property setting and it will be selected by default)
    2026-03-10 23:49:53  WARN [Test worker] o.h.boot.model.internal.ToOneBinder      - HHH000491: 'com.example.hms.model.User.patientProfile' uses both @NotFound and FetchType.LAZY. @ManyToOne and @OneToOne associations mapped with @NotFound are forced to EAGER fetching.
    2026-03-10 23:49:53  WARN [Test worker] o.h.boot.model.internal.ToOneBinder      - HHH000491: 'com.example.hms.model.User.staffProfile' uses both @NotFound and FetchType.LAZY. @ManyToOne and @OneToOne associations mapped with @NotFound are forced to EAGER fetching.
    2026-03-10 23:49:56  INFO [Test worker] c.example.hms.security.JwtTokenProvider  - JWT secret configured (45 bytes) activeProfile=test rawPrefix=base64:dGVzd...
    2026-03-10 23:49:56  WARN [Test worker] r$InitializeUserDetailsManagerConfigurer - Global AuthenticationManager configured with an AuthenticationProvider bean. UserDetailsService beans will not be used by Spring Security for automatically configuring username/password login. Consider removing the AuthenticationProvider bean. Alternatively, consider using the UserDetailsService in a manually instantiated DaoAuthenticationProvider. If the current configuration is intentional, to turn off this warning, increase the logging level of 'org.springframework.security.config.annotation.authentication.configuration.InitializeUserDetailsBeanManagerConfigurer' to ERROR
    2026-03-10 23:50:01  INFO [Test worker] e.h.c.SuperAdminOrganizationControllerIT - Started SuperAdminOrganizationControllerIT in 12.271 seconds (process running for 173.228)
    2026-03-10 23:50:01  INFO [Test worker] c.e.hms.bootstrap.JwtSecretValidator     - JWT secret validated (length=67)

SuperAdminOrganizationControllerIT > assignHospitalToOrganization_linksHospital() STANDARD_OUT
    2026-03-10 23:50:01  WARN [Test worker] o.s.w.s.h.HandlerMappingIntrospector     - Cache miss for REQUEST dispatch to '/api/super-admin/organizations/a1395206-eb07-4c61-a921-235e065d5cbc/hospitals/a7c946de-b352-45c1-bfb1-7574975af5ac' (previous null). Performing MatchableHandlerMapping lookup. This is logged once only at WARN level, and every time at TRACE.

SuperAdminOrganizationControllerIT > assignHospitalToOrganization_linksHospital() PASSED

SuperAdminOrganizationControllerIT > unassignHospitalFromOrganization_clearsLink() PASSED

SuperAdminOrganizationControllerIT > createOrganization_returns201() STANDARD_OUT
    2026-03-10 23:50:01  INFO [Test worker] c.e.h.s.OrganizationSecurityServiceImpl  - Applying default security policies for organization: CTRL-IT of type: HEALTHCARE_NETWORK
    2026-03-10 23:50:01  INFO [Test worker] c.e.h.s.OrganizationSecurityServiceImpl  - Created security policy: DEFAULT_PASSWORD_POLICY for organization: CTRL-IT
    2026-03-10 23:50:01  INFO [Test worker] c.e.h.s.p.i.PlatformRegistryServiceImpl  - Registered platform service type=EHR for organization cd2c6eee-f629-482c-88cb-2273fd7f85c4
    2026-03-10 23:50:01  INFO [Test worker] s.p.OrganizationPlatformBootstrapService - Auto-provisioned EHR integration for organization cd2c6eee-f629-482c-88cb-2273fd7f85c4
    2026-03-10 23:50:01  INFO [Test worker] AdminOrganizationProvisioningServiceImpl - Provisioned organization CTRL-IT with timezone UTC

SuperAdminOrganizationControllerIT > createOrganization_returns201() PASSED

SuperAdminPlatformRegistryControllerTest > exportSnapshotReturnsLatestSnapshot() PASSED

SuperAdminPlatformRegistryControllerTest > scheduleReleaseWindowCreatesResource() PASSED

SuperAdminPlatformRegistryControllerTest > getRegistrySummaryReturnsServiceResponse() PASSED

SuperAdminSecurityPolicyControllerTest > exportLatestBaselineReturnsServiceResult() PASSED

SuperAdminSecurityPolicyControllerTest > createBaselineReturnsCreatedResponse() PASSED

SuperAdminSecurityPolicyControllerTest > listPendingApprovalsReturnsServiceResult() PASSED

SuperAdminSecurityRuleControllerTest > simulatePolicyImpactReturnsOk() PASSED

SuperAdminSecurityRuleControllerTest > listTemplatesReturnsServicePayload() PASSED

SuperAdminSecurityRuleControllerTest > importTemplateReturnsCreated() PASSED

SuperAdminSecurityRuleControllerTest > createRuleSetReturnsCreated() PASSED

SuperAdminUserGovernanceControllerTest > createUserReturnsCreated() PASSED

SuperAdminUserGovernanceControllerTest > forcePasswordResetReturnsOk() PASSED

SuperAdminUserGovernanceControllerTest > importUsersReturnsOk() PASSED

UserControllerTest STANDARD_OUT

      .   ____          _            __ _ _
     /\\ / ___'_ __ _ _(_)_ __  __ _ \ \ \ \
    ( ( )\___ | '_ | '_| | '_ \/ _` | \ \ \ \
     \\/  ___)| |_)| | | | | || (_| |  ) ) ) )
      '  |____| .__|_| |_|_| |_\__, | / / / /
     =========|_|==============|___/=/_/_/_/

     :: Spring Boot ::               (v3.4.11)

    2026-03-10 23:50:02  WARN [Test worker] ory$DuplicateJsonObjectContextCustomizer - 

    Found multiple occurrences of org.json.JSONObject on the class path:

    	jar:file:/C:/Users/tiego/.gradle/caches/modules-2/files-2.1/org.json/json/20240303/ebb88e8fb5122b7506d5cf1d69f1ccdb790d22a/json-20240303.jar!/org/json/JSONObject.class
    	jar:file:/C:/Users/tiego/.gradle/caches/modules-2/files-2.1/com.vaadin.external.google/android-json/0.0.20131108.vaadin1/fa26d351fe62a6a17f5cda1287c1c6110dec413f/android-json-0.0.20131108.vaadin1.jar!/org/json/JSONObject.class

    You may wish to exclude one of them to ensure predictable runtime behavior

    2026-03-10 23:50:02  INFO [Test worker] c.e.hms.controller.UserControllerTest    - Starting UserControllerTest using Java 21.0.10 with PID 2608 (started by tiego in C:\Users\tiego\OneDrive\Desktop\HMS\hms\hospital-core)
    2026-03-10 23:50:02  INFO [Test worker] c.e.hms.controller.UserControllerTest    - The following 1 profile is active: "test"
    2026-03-10 23:50:05  INFO [Test worker] c.e.hms.controller.UserControllerTest    - Started UserControllerTest in 2.687 seconds (process running for 176.884)

UserControllerTest > adminRegister_superAdmin_withoutHospital_returns201() PASSED

UserControllerTest > adminRegister_superAdmin_withHospital_returns201() PASSED

UserControllerTest > adminRegister_hospitalAdmin_withoutHospital_returns400() STANDARD_OUT
    2026-03-10 23:50:05  WARN [Test worker] c.example.hms.controller.UserController  - [ADMIN REGISTER] Missing hospital for non-patient staff/admin registration.

UserControllerTest > adminRegister_hospitalAdmin_withoutHospital_returns400() PASSED

UserControllerTest > restoreUser_asSuperAdmin_returns204() PASSED

UserControllerTest > restoreUser_asHospitalAdmin_returns204() PASSED

UserControllerTest > restoreUser_serviceThrows_propagatesError() PASSED

UserRoleHospitalAssignmentControllerTest STANDARD_OUT

      .   ____          _            __ _ _
     /\\ / ___'_ __ _ _(_)_ __  __ _ \ \ \ \
    ( ( )\___ | '_ | '_| | '_ \/ _` | \ \ \ \
     \\/  ___)| |_)| | | | | || (_| |  ) ) ) )
      '  |____| .__|_| |_|_| |_\__, | / / / /
     =========|_|==============|___/=/_/_/_/

     :: Spring Boot ::               (v3.4.11)

    2026-03-10 23:50:05  WARN [Test worker] ory$DuplicateJsonObjectContextCustomizer - 

    Found multiple occurrences of org.json.JSONObject on the class path:

    	jar:file:/C:/Users/tiego/.gradle/caches/modules-2/files-2.1/org.json/json/20240303/ebb88e8fb5122b7506d5cf1d69f1ccdb790d22a/json-20240303.jar!/org/json/JSONObject.class
    	jar:file:/C:/Users/tiego/.gradle/caches/modules-2/files-2.1/com.vaadin.external.google/android-json/0.0.20131108.vaadin1/fa26d351fe62a6a17f5cda1287c1c6110dec413f/android-json-0.0.20131108.vaadin1.jar!/org/json/JSONObject.class

    You may wish to exclude one of them to ensure predictable runtime behavior

    2026-03-10 23:50:05  INFO [Test worker] UserRoleHospitalAssignmentControllerTest - Starting UserRoleHospitalAssignmentControllerTest using Java 21.0.10 with PID 2608 (started by tiego in C:\Users\tiego\OneDrive\Desktop\HMS\hms\hospital-core)
    2026-03-10 23:50:05  INFO [Test worker] UserRoleHospitalAssignmentControllerTest - The following 1 profile is active: "test"
    2026-03-10 23:50:07  INFO [Test worker] UserRoleHospitalAssignmentControllerTest - Started UserRoleHospitalAssignmentControllerTest in 1.997 seconds (process running for 179.043)

UserRoleHospitalAssignmentControllerTest > regenerateAssignmentCodeReturnsUpdatedAssignment() STANDARD_OUT
    2026-03-10 23:50:07  INFO [Test worker] h.c.UserRoleHospitalAssignmentController - ≡ƒöü Regenerating assignment code for assignment '789f9271-98ab-46d0-9349-ba5ffa34bc78' (resendNotifications=true)

UserRoleHospitalAssignmentControllerTest > regenerateAssignmentCodeReturnsUpdatedAssignment() PASSED

UserRoleHospitalAssignmentControllerTest > bulkImportAssignmentsReturnsSummary() STANDARD_OUT
    2026-03-10 23:50:07  INFO [Test worker] h.c.UserRoleHospitalAssignmentController - ≡ƒôª Bulk importing assignments (delimiter=',')

UserRoleHospitalAssignmentControllerTest > bulkImportAssignmentsReturnsSummary() PASSED

UserRoleHospitalAssignmentControllerTest > assignAcrossMultipleScopesReturnsBatchSummary() STANDARD_OUT
    2026-03-10 23:50:07  INFO [Test worker] h.c.UserRoleHospitalAssignmentController - ≡ƒîÉ Assigning role '9d7a67e6-1ff2-41d0-9486-aaac8edb4154' across multiple scopes for user '26a7e697-848c-4661-b8b1-9cab5b240737'

UserRoleHospitalAssignmentControllerTest > assignAcrossMultipleScopesReturnsBatchSummary() PASSED

PlatformRegistryControllerTest STANDARD_OUT

      .   ____          _            __ _ _
     /\\ / ___'_ __ _ _(_)_ __  __ _ \ \ \ \
    ( ( )\___ | '_ | '_| | '_ \/ _` | \ \ \ \
     \\/  ___)| |_)| | | | | || (_| |  ) ) ) )
      '  |____| .__|_| |_|_| |_\__, | / / / /
     =========|_|==============|___/=/_/_/_/

     :: Spring Boot ::               (v3.4.11)

    2026-03-10 23:50:07  WARN [Test worker] ory$DuplicateJsonObjectContextCustomizer - 

    Found multiple occurrences of org.json.JSONObject on the class path:

    	jar:file:/C:/Users/tiego/.gradle/caches/modules-2/files-2.1/org.json/json/20240303/ebb88e8fb5122b7506d5cf1d69f1ccdb790d22a/json-20240303.jar!/org/json/JSONObject.class
    	jar:file:/C:/Users/tiego/.gradle/caches/modules-2/files-2.1/com.vaadin.external.google/android-json/0.0.20131108.vaadin1/fa26d351fe62a6a17f5cda1287c1c6110dec413f/android-json-0.0.20131108.vaadin1.jar!/org/json/JSONObject.class

    You may wish to exclude one of them to ensure predictable runtime behavior

    2026-03-10 23:50:07  INFO [Test worker] c.e.h.c.p.PlatformRegistryControllerTest - Starting PlatformRegistryControllerTest using Java 21.0.10 with PID 2608 (started by tiego in C:\Users\tiego\OneDrive\Desktop\HMS\hms\hospital-core)
    2026-03-10 23:50:07  INFO [Test worker] c.e.h.c.p.PlatformRegistryControllerTest - The following 1 profile is active: "test"
    2026-03-10 23:50:09  INFO [Test worker] c.e.h.c.p.PlatformRegistryControllerTest - Started PlatformRegistryControllerTest in 2.024 seconds (process running for 181.389)

PlatformRegistryControllerTest > updateOrganizationServiceReturnsOk() PASSED

PlatformRegistryControllerTest > catalogDescriptorLookupReturnsNotFoundWhenMissing() PASSED

PlatformRegistryControllerTest > linkDepartmentToServiceReturnsCreated() PASSED

PlatformRegistryControllerTest > listDepartmentServiceLinksReturnsData() PASSED

PlatformRegistryControllerTest > catalogEndpointReturnsDescriptors() PASSED

PlatformRegistryControllerTest > listOrganizationServicesReturnsData() PASSED

PlatformRegistryControllerTest > unlinkDepartmentFromServiceReturnsNoContent() PASSED

PlatformRegistryControllerTest > unlinkHospitalFromServiceReturnsNoContent() PASSED

PlatformRegistryControllerTest > linkHospitalToServiceReturnsCreated() PASSED

PlatformRegistryControllerTest > catalogDescriptorLookupReturnsSingleDescriptor() PASSED

PlatformRegistryControllerTest > registerOrganizationServiceReturnsCreated() PASSED

PlatformRegistryControllerTest > listHospitalServiceLinksReturnsData() PASSED

BadRequestExceptionTest > constructor sets message correctly PASSED

BadRequestExceptionTest > can be caught as RuntimeException PASSED

BadRequestExceptionTest > message is preserved through getCause chain PASSED

BadRequestExceptionTest > is throwable and catchable PASSED

BadRequestExceptionTest > is a RuntimeException PASSED

BadRequestExceptionTest > constructor with empty message PASSED

BadRequestExceptionTest > @ResponseStatus annotation present with BAD_REQUEST PASSED

BadRequestExceptionTest > constructor with null message PASSED

BusinessValidationExceptionTest > constructor sets message correctly PASSED

BusinessValidationExceptionTest > can be caught as RuntimeException PASSED

BusinessValidationExceptionTest > is a RuntimeException PASSED

BusinessValidationExceptionTest > is throwable and catchable as BusinessValidationException PASSED

BusinessValidationExceptionTest > constructor with empty message PASSED

BusinessValidationExceptionTest > @ResponseStatus annotation present with BAD_REQUEST PASSED

BusinessValidationExceptionTest > constructor with null message PASSED

BusinessValidationExceptionTest > no cause is set PASSED

ConflictException > @ResponseStatus > is annotated with @ResponseStatus(CONFLICT) PASSED

ConflictException > class hierarchy > is a RuntimeException PASSED

ConflictException > class hierarchy > is throwable and catchable as ConflictException PASSED

ConflictException > class hierarchy > can be caught as RuntimeException PASSED

ConflictException > constructor > stores null message without NPE PASSED

ConflictException > constructor > stores a plain message verbatim PASSED

ConflictException > constructor > stores empty message PASSED

ConflictException > constructor > stores a field-prefixed message verbatim PASSED

GlobalExceptionHandler > handleIllegalStateException > returns 400 with the exception message STANDARD_OUT
    2026-03-10 23:50:09  WARN [Test worker] c.e.h.exception.GlobalExceptionHandler   - Illegal state (business rule violation): Business rule violated

GlobalExceptionHandler > handleIllegalStateException > returns 400 with the exception message PASSED

GlobalExceptionHandler > handleIllegalArgumentException > returns 400 with the exception message PASSED

GlobalExceptionHandler > handleConflictException > extracts email field from 'email:...' prefixed message PASSED

GlobalExceptionHandler > handleConflictException > extracts username field from 'username:...' prefixed message PASSED

GlobalExceptionHandler > handleConflictException > extracts phone field from 'phone:...' prefixed message PASSED

GlobalExceptionHandler > handleConflictException > message with multiple colons splits only on the first colon PASSED

GlobalExceptionHandler > handleConflictException > body always contains status=409, error=Conflict, path and timestamp keys PASSED

GlobalExceptionHandler > handleConflictException > plain message (no colon) ΓåÆ no 'field' key in response body PASSED

GlobalExceptionHandler > handleConflictException > null message ΓåÆ no 'field' key and null 'message' value, still 409 PASSED

GlobalExceptionHandler > handleConflictException > returns 409 HTTP status for any ConflictException PASSED

RoleControllerIntegrationTest > putRolePersistsDescription() PASSED

AppointmentMapperTest > toAppointmentResponseDtoReturnsNullForNullAppointment() PASSED

AppointmentMapperTest > updateAppointmentFromDtoOverwritesMutableFields() PASSED

AppointmentMapperTest > updateAppointmentFromDtoHandlesNullInputs() PASSED

AppointmentMapperTest > toAppointmentResponseDtoMapsNestedEntities() PASSED

AppointmentMapperTest > toAppointmentBuildsEntityFromDto() PASSED

EmpiMapperTest > toIdentityDtoSortsAliasesByCreatedAt() PASSED

EmpiMapperTest > createAliasFromRequestConfiguresDefaults() PASSED

EmpiMapperTest > updateIdentityFromLinkRequestMergesNonNullProperties() PASSED

EmpiMapperTest > initializeIdentitySetsActiveTrue() PASSED

EmpiMapperTest > toAliasDtoListReturnsEmptyForNull() PASSED

EmpiMapperTest > toIdentityDtoReturnsNullWhenIdentityNull() PASSED

EmpiMapperTest > updateIdentityFromLinkRequestUsesExistingValuesWhenDtoNull() PASSED

HospitalMapperTest > toHospitalDTO_nullOrganization() PASSED

HospitalMapperTest > toHospital_normalizesWebsiteWithScheme() PASSED

HospitalMapperTest > updateHospitalFromDto_updatesOnlyNonNullFields() PASSED

HospitalMapperTest > toHospital_fromResponseDTO_nullReturnsNull() PASSED

HospitalMapperTest > updateHospitalFromDto_nullHospitalNoOp() PASSED

HospitalMapperTest > updateHospitalFromDto_nullDtoNoOp() PASSED

HospitalMapperTest > toHospital_blankEmailReturnsNull() PASSED

HospitalMapperTest > toHospitalDTO_nullFieldsReturnEmptyStrings() PASSED

HospitalMapperTest > toHospitalDTO_mapsAllFields() PASSED

HospitalMapperTest > toHospitalDTO_nullReturnsNull() PASSED

HospitalMapperTest > toHospital_fromRequestDTO_nullReturnsNull() PASSED

HospitalMapperTest > toHospital_blankWebsiteReturnsNull() PASSED

HospitalMapperTest > toHospital_fromResponseDTO_mapsIdAndTimestamps() PASSED

HospitalMapperTest > toHospital_fromRequestDTO_mapsFields() PASSED

PatientAllergyMapperTest > updateEntityFromRequestIgnoresNullInputs() PASSED

PatientAllergyMapperTest > updateEntityFromRequestPopulatesAndTrimsFields() PASSED

EmpiMapperPlaceholderTest > privateConstructorThrowsIllegalStateException() PASSED

EmpiMapperPlaceholderTest > constructorIsPrivate() PASSED

EmpiMapperPlaceholderTest > classIsNotPublic() PASSED

AdvanceDirectiveTest > equals & hashCode > different id ΓåÆ not equal PASSED

AdvanceDirectiveTest > equals & hashCode > not equal to different type PASSED

AdvanceDirectiveTest > equals & hashCode > not equal to null PASSED

AdvanceDirectiveTest > equals & hashCode > null id fields ΓåÆ equal by convention PASSED

AdvanceDirectiveTest > equals & hashCode > same id ΓåÆ equal PASSED

AdvanceDirectiveTest > ensureDefaults ΓÇö @PrePersist / @PreUpdate > sets status to ACTIVE when null PASSED

AdvanceDirectiveTest > ensureDefaults ΓÇö @PrePersist / @PreUpdate > preserves existing status when non-null PASSED

AdvanceDirectiveTest > Getters & Setters > all setters mutate corresponding getters PASSED

AdvanceDirectiveTest > Constructors > no-args constructor creates empty instance PASSED

AdvanceDirectiveTest > Constructors > all-args constructor sets every field PASSED

AdvanceDirectiveTest > Builder > defaults status to ACTIVE via @Builder.Default PASSED

AdvanceDirectiveTest > Builder > builds with all fields populated PASSED

AuditEventLogTest > AuditEventType enum coverage > can set and get every AuditEventType value PASSED

AuditEventLogTest > AuditStatus enum coverage > can set and get every AuditStatus value PASSED

AuditEventLogTest > equals and hashCode (via BaseEntity) > two logs with different UUID are not equal PASSED

AuditEventLogTest > equals and hashCode (via BaseEntity) > log is not equal to null PASSED

AuditEventLogTest > equals and hashCode (via BaseEntity) > log is equal to itself PASSED

AuditEventLogTest > equals and hashCode (via BaseEntity) > two logs with same UUID are equal PASSED

AuditEventLogTest > validateAndSnapshot > assignment has hospital but no user ΓÇô snapshots hospitalName PASSED

AuditEventLogTest > validateAndSnapshot > user firstName null but lastName present ΓÇô userName uses last only PASSED

AuditEventLogTest > validateAndSnapshot > user is null ΓÇô userName falls back to SYSTEM PASSED

AuditEventLogTest > validateAndSnapshot > assignment.user and audit user share same UUID ΓÇô no exception PASSED

AuditEventLogTest > validateAndSnapshot > assignment.hospital set, both users null ΓÇô snapshots hospital, userName falls back to SYSTEM PASSED

AuditEventLogTest > validateAndSnapshot > user first/last blank ΓÇô userName falls back to email PASSED

AuditEventLogTest > validateAndSnapshot > assignment present but hospital null ΓÇô skips snapshot, snapshots userName from user PASSED

AuditEventLogTest > validateAndSnapshot > userName already set ΓÇô does not overwrite from user PASSED

AuditEventLogTest > validateAndSnapshot > assignment.user differs from audit user ΓÇô throws IllegalStateException PASSED

AuditEventLogTest > validateAndSnapshot > no-op when assignment is null and user is null ΓÇô userName falls back to SYSTEM PASSED

AuditEventLogTest > validateAndSnapshot > user first/last both null ΓÇô userName falls back to email PASSED

AuditEventLogTest > validateAndSnapshot > hospitalName already set ΓÇô does not overwrite from assignment PASSED

AuditEventLogTest > validateAndSnapshot > user firstName present but lastName null ΓÇô userName uses first only PASSED

AuditEventLogTest > validateAndSnapshot > assignment.user null but audit user set ΓÇô no exception (guard short-circuits) PASSED

AuditEventLogTest > validateAndSnapshot > assignment.user set but audit user null ΓÇô no exception (guard short-circuits), userName falls back to SYSTEM PASSED

AuditEventLogTest > validateAndSnapshot > user first/last empty strings ΓÇô userName falls back to email PASSED

AuditEventLogTest > validateAndSnapshot > assignment.user matches audit user ΓÇô succeeds PASSED

AuditEventLogTest > BaseEntity inheritance > inherits id from BaseEntity PASSED

AuditEventLogTest > BaseEntity inheritance > inherits createdAt from BaseEntity PASSED

AuditEventLogTest > BaseEntity inheritance > inherits updatedAt from BaseEntity PASSED

AuditEventLogTest > toString > toString excludes user and assignment (Lombok @ToString(exclude)) PASSED

AuditEventLogTest > toString > toString contains scalar fields PASSED

AuditEventLogTest > Getters and Setters > hospitalName getter/setter PASSED

AuditEventLogTest > Getters and Setters > entityType getter/setter PASSED

AuditEventLogTest > Getters and Setters > actorLabel getter/setter PASSED

AuditEventLogTest > Getters and Setters > resourceId getter/setter PASSED

AuditEventLogTest > Getters and Setters > status getter/setter PASSED

AuditEventLogTest > Getters and Setters > resourceName getter/setter PASSED

AuditEventLogTest > Getters and Setters > roleName getter/setter PASSED

AuditEventLogTest > Getters and Setters > userName getter/setter PASSED

AuditEventLogTest > Getters and Setters > user getter/setter PASSED

AuditEventLogTest > Getters and Setters > eventType getter/setter PASSED

AuditEventLogTest > Getters and Setters > actorType getter/setter PASSED

AuditEventLogTest > Getters and Setters > eventTimestamp getter/setter PASSED

AuditEventLogTest > Getters and Setters > assignment getter/setter PASSED

AuditEventLogTest > Getters and Setters > details getter/setter PASSED

AuditEventLogTest > Getters and Setters > ipAddress getter/setter PASSED

AuditEventLogTest > Getters and Setters > eventDescription getter/setter PASSED

AuditEventLogTest > Builder > builds with minimal fields (nulls) PASSED

AuditEventLogTest > Builder > builds with all fields populated PASSED

AuditEventLogTest > AllArgsConstructor > creates instance with all fields populated PASSED

AuditEventLogTest > NoArgsConstructor > creates instance with all fields null/default PASSED

BillingInvoiceTest > InvoiceStatus enum coverage > can set every InvoiceStatus value PASSED

BillingInvoiceTest > equals and hashCode (via BaseEntity) > same id ΓåÆ equal PASSED

BillingInvoiceTest > equals and hashCode (via BaseEntity) > equal to itself PASSED

BillingInvoiceTest > equals and hashCode (via BaseEntity) > different id ΓåÆ not equal PASSED

BillingInvoiceTest > equals and hashCode (via BaseEntity) > not equal to null PASSED

BillingInvoiceTest > preUpdate > dueDate equals invoiceDate ΓåÆ no exception PASSED

BillingInvoiceTest > preUpdate > preUpdate with paid in full ΓåÆ PAID status PASSED

BillingInvoiceTest > preUpdate > recomputes totals and validates dates PASSED

BillingInvoiceTest > preUpdate > dueDate before invoiceDate ΓåÆ throws IllegalStateException PASSED

BillingInvoiceTest > prePersist > dueDate equals invoiceDate ΓåÆ no exception PASSED

BillingInvoiceTest > prePersist > totalAmount preset ΓåÆ recomputed from items anyway PASSED

BillingInvoiceTest > prePersist > amountPaid preset ΓåÆ not overwritten PASSED

BillingInvoiceTest > prePersist > dueDate preset ΓåÆ not overwritten PASSED

BillingInvoiceTest > prePersist > totalAmount null preset ΓåÆ defaults to 0.00 then recomputed PASSED

BillingInvoiceTest > prePersist > all nulls ΓåÆ defaults invoiceDate, dueDate, amountPaid, totalAmount, status PASSED

BillingInvoiceTest > prePersist > dueDate before invoiceDate ΓåÆ throws IllegalStateException PASSED

BillingInvoiceTest > prePersist > status preset ΓåÆ may be updated by recomputeTotals PASSED

BillingInvoiceTest > prePersist > invoiceDate preset ΓåÆ not overwritten PASSED

BillingInvoiceTest > recomputeTotals branch coverage > total is 0, amountPaid is 0, status already set ΓåÆ status unchanged PASSED

BillingInvoiceTest > recomputeTotals branch coverage > amountPaid > 0 but < total, status is null ΓåÆ defaults to DRAFT PASSED

BillingInvoiceTest > recomputeTotals branch coverage > amountPaid >= totalAmount and total > 0 ΓåÆ PAID PASSED

BillingInvoiceTest > recomputeTotals branch coverage > amountPaid > 0 but < total, status already set ΓåÆ status unchanged PASSED

BillingInvoiceTest > recomputeTotals branch coverage > amountPaid > totalAmount ΓåÆ PAID PASSED

BillingInvoiceTest > recomputeTotals branch coverage > total is 0 and amountPaid is 0 ΓåÆ status null gets DRAFT PASSED

BillingInvoiceTest > recomputeTotals branch coverage > amountPaid null ΓåÆ defaults to 0.00 PASSED

BillingInvoiceTest > removeItem > removes item, nulls back-reference, recomputes totals PASSED

BillingInvoiceTest > addItem > adds item, sets back-reference, recomputes totals PASSED

BillingInvoiceTest > addItem > adds item with null totalPrice ΓÇô treated as zero PASSED

BillingInvoiceTest > addItem > adds multiple items ΓÇô totals sum correctly PASSED

BillingInvoiceTest > BaseEntity inheritance > updatedAt PASSED

BillingInvoiceTest > BaseEntity inheritance > id PASSED

BillingInvoiceTest > BaseEntity inheritance > createdAt PASSED

BillingInvoiceTest > toString > excludes patient, hospital, encounter, invoiceItems PASSED

BillingInvoiceTest > Getters and Setters > updatedBy PASSED

BillingInvoiceTest > Getters and Setters > amountPaid PASSED

BillingInvoiceTest > Getters and Setters > totalAmount PASSED

BillingInvoiceTest > Getters and Setters > invoiceItems PASSED

BillingInvoiceTest > Getters and Setters > status PASSED

BillingInvoiceTest > Getters and Setters > invoiceDate PASSED

BillingInvoiceTest > Getters and Setters > patient PASSED

BillingInvoiceTest > Getters and Setters > hospital PASSED

BillingInvoiceTest > Getters and Setters > notes PASSED

BillingInvoiceTest > Getters and Setters > invoiceNumber PASSED

BillingInvoiceTest > Getters and Setters > createdBy PASSED

BillingInvoiceTest > Getters and Setters > encounter PASSED

BillingInvoiceTest > Getters and Setters > dueDate PASSED

BillingInvoiceTest > Builder > builds with all fields PASSED

BillingInvoiceTest > Builder > builder default initializes invoiceItems to empty set PASSED

BillingInvoiceTest > AllArgsConstructor > creates instance with all fields populated PASSED

BillingInvoiceTest > NoArgsConstructor > creates instance with null/default fields PASSED

ChatMessageTest > validate() > throws when all three are null PASSED

ChatMessageTest > validate() > throws when assignment.user id differs from sender id PASSED

ChatMessageTest > validate() > passes when assignment.user matches sender PASSED

ChatMessageTest > validate() > does not throw when assignment is null (optional) PASSED

ChatMessageTest > validate() > throws when recipient is null PASSED

ChatMessageTest > validate() > passes when sender.id is null (guard short-circuits) PASSED

ChatMessageTest > validate() > passes when both assignment.user.id and sender.id are the same UUID PASSED

ChatMessageTest > validate() > throws when sender is null PASSED

ChatMessageTest > validate() > passes when assignment.user is null (guard short-circuits) PASSED

ChatMessageTest > equals and hashCode > different id ΓåÆ not equal PASSED

ChatMessageTest > equals and hashCode > same id ΓåÆ equal PASSED

ChatMessageTest > equals and hashCode > not equal to null PASSED

ChatMessageTest > BaseEntity inheritance > updatedAt PASSED

ChatMessageTest > BaseEntity inheritance > id PASSED

ChatMessageTest > BaseEntity inheritance > createdAt PASSED

ChatMessageTest > toString > excludes sender, recipient, assignment PASSED

ChatMessageTest > toString > contains scalar fields PASSED

ChatMessageTest > Getters and Setters > sender PASSED

ChatMessageTest > Getters and Setters > sentAt PASSED

ChatMessageTest > Getters and Setters > read PASSED

ChatMessageTest > Getters and Setters > Timestamp PASSED

ChatMessageTest > Getters and Setters > recipient PASSED

ChatMessageTest > Getters and Setters > content PASSED

ChatMessageTest > Getters and Setters > assignment PASSED

ChatMessageTest > Builder > @Builder.Default read defaults to false PASSED

ChatMessageTest > Builder > builds with all fields PASSED

ChatMessageTest > Builder > minimal builder ΓÇô nulls PASSED

ChatMessageTest > AllArgsConstructor > all fields populated PASSED

ChatMessageTest > NoArgsConstructor > all fields null/default PASSED

DepartmentTranslationTest > idFromBaseEntity() PASSED

DepartmentTranslationTest > allArgsConstructor() PASSED

DepartmentTranslationTest > noArgConstructor() PASSED

DepartmentTranslationTest > setAndGetLanguageCode() PASSED

DepartmentTranslationTest > setAndGetDepartment() PASSED

DepartmentTranslationTest > setAndGetAssignment() PASSED

DepartmentTranslationTest > setAndGetDescription() PASSED

DepartmentTranslationTest > notEqualDifferentIds() PASSED

DepartmentTranslationTest > toStringContainsNameButExcludesDepartmentAndAssignment() PASSED

DepartmentTranslationTest > builderMinimal() PASSED

DepartmentTranslationTest > setAndGetLanguage() PASSED

DepartmentTranslationTest > setAndGetName() PASSED

DepartmentTranslationTest > equalsAndHashCodeById() PASSED

DepartmentTranslationTest > builderAllFields() PASSED

DepartmentTranslationTest > NormalizeAndValidate > assignmentHospitalNullThrows() PASSED

DepartmentTranslationTest > NormalizeAndValidate > departmentHospitalNullThrows() PASSED

DepartmentTranslationTest > NormalizeAndValidate > assignmentNullThrows() PASSED

DepartmentTranslationTest > NormalizeAndValidate > nullLanguageCodeStaysNull() PASSED

DepartmentTranslationTest > NormalizeAndValidate > hospitalsMatchNoException() PASSED

DepartmentTranslationTest > NormalizeAndValidate > happyPathNormalizesLanguageCode() PASSED

DepartmentTranslationTest > NormalizeAndValidate > hospitalIdMismatchThrows() PASSED

DepartmentTranslationTest > NormalizeAndValidate > departmentNullThrows() PASSED

DischargeApprovalTest > idFromBaseEntity() PASSED

DischargeApprovalTest > allArgsConstructor() PASSED

DischargeApprovalTest > noArgConstructor() PASSED

DischargeApprovalTest > setAndGetStatus() PASSED

DischargeApprovalTest > setAndGetHospital() PASSED

DischargeApprovalTest > setAndGetRequestedAt() PASSED

DischargeApprovalTest > notEqualToDifferentType() PASSED

DischargeApprovalTest > setAndGetPatient() PASSED

DischargeApprovalTest > toStringExcludesRelations() PASSED

DischargeApprovalTest > equalsSameId() PASSED

DischargeApprovalTest > setAndGetNurseSummary() PASSED

DischargeApprovalTest > setAndGetRegistration() PASSED

DischargeApprovalTest > setAndGetNurseAssignment() PASSED

DischargeApprovalTest > setAndGetApprovedAt() PASSED

DischargeApprovalTest > notEqualToNull() PASSED

DischargeApprovalTest > setAndGetVersion() PASSED

DischargeApprovalTest > builderWithDefaults() PASSED

DischargeApprovalTest > notEqualDifferentIds() PASSED

DischargeApprovalTest > setAndGetRejectionReason() PASSED

DischargeApprovalTest > setAndGetNurse() PASSED

DischargeApprovalTest > builderMinimal() PASSED

DischargeApprovalTest > setAndGetDoctorAssignment() PASSED

DischargeApprovalTest > setAndGetDoctorNote() PASSED

DischargeApprovalTest > setAndGetResolvedAt() PASSED

DischargeApprovalTest > setAndGetDoctor() PASSED

DischargeApprovalTest > builderAllFields() PASSED

DischargeApprovalTest > BeforeSaveTests > setsRequestedAtAndStatusWhenBothNull() PASSED

DischargeApprovalTest > BeforeSaveTests > doesNotOverrideExistingRequestedAt() PASSED

DischargeApprovalTest > BeforeSaveTests > doesNotOverrideExistingStatus() PASSED

DischargeApprovalTest > BeforeSaveTests > doesNotOverrideEitherWhenBothSet() PASSED

EncounterTest > allArgsConstructor() PASSED

EncounterTest > getDescriptionReturnsNotes() PASSED

EncounterTest > setAndGetCreatedBy() PASSED

EncounterTest > noArgConstructor() PASSED

EncounterTest > setAndGetStatus() PASSED

EncounterTest > setAndGetHospital() PASSED

EncounterTest > setAndGetExtraFields() PASSED

EncounterTest > setEncounterNoteWithNullPatientAndHospital() PASSED

EncounterTest > setEncounterNoteWithHospitalNoPatient() PASSED

EncounterTest > setAndGetPatient() PASSED

EncounterTest > generateEncounterCodeFormat() PASSED

EncounterTest > toStringExcludesRelations() PASSED

EncounterTest > getTypeNullWhenNotSet() PASSED

EncounterTest > generateEncounterCodeUnique() PASSED

EncounterTest > setAndGetDepartment() PASSED

EncounterTest > setAndGetVersion() PASSED

EncounterTest > setAndGetUpdatedBy() PASSED

EncounterTest > setAndGetAssignment() PASSED

EncounterTest > getEncounterTimeFromDate() PASSED

EncounterTest > setAndGetAppointment() PASSED

EncounterTest > setAndGetEncounterDate() PASSED

EncounterTest > setAndGetEncounterType() PASSED

EncounterTest > getEncounterTimeNullWhenDateNull() PASSED

EncounterTest > setAndGetEncounterTreatments() PASSED

EncounterTest > setEncounterNoteNull() PASSED

EncounterTest > setAndGetNotes() PASSED

EncounterTest > setAndGetStaff() PASSED

EncounterTest > getTypeReturnsEncounterType() PASSED

EncounterTest > setAndGetEncounterNoteField() PASSED

EncounterTest > setEncounterNoteSetsBackreferences() PASSED

EncounterTest > setAndGetCode() PASSED

EncounterTest > setEncounterNoteWithPatientNoHospital() PASSED

EncounterTest > builderDefaults() PASSED

EncounterTest > getDescriptionNullWhenNotesNull() PASSED

EncounterTest > Validate > staffHospitalIdMismatchThrows() PASSED

EncounterTest > Validate > happyPathValidates() PASSED

EncounterTest > Validate > assignmentHospitalNullThrows() PASSED

EncounterTest > Validate > staffHospitalNullThrows() PASSED

EncounterTest > Validate > departmentHospitalNullPasses() PASSED

EncounterTest > Validate > setsStatusIfNull() PASSED

EncounterTest > Validate > hospitalNullThrows() PASSED

EncounterTest > Validate > assignmentNullThrows() PASSED

EncounterTest > Validate > appointmentStaffMismatchThrows() PASSED

EncounterTest > Validate > departmentHospitalMismatchThrows() PASSED

EncounterTest > Validate > appointmentNullPasses() PASSED

EncounterTest > Validate > assignmentHospitalIdMismatchThrows() PASSED

EncounterTest > Validate > setsEncounterDateIfNull() PASSED

EncounterTest > Validate > appointmentMatchesPasses() PASSED

EncounterTest > Validate > departmentNullPasses() PASSED

EncounterTest > Validate > departmentSameHospitalPasses() PASSED

EncounterTest > Validate > appointmentPatientMismatchThrows() PASSED

EncounterTest > Validate > staffNullThrows() PASSED

EncounterTest > Validate > appointmentHospitalMismatchThrows() PASSED

PlatformDomainModelTest > hospitalHelpersMaintainBidirectionalConsistency() PASSED

PlatformDomainModelTest > isLinkedToReturnsTrueForLinkedHospital() PASSED

PlatformDomainModelTest > removingDepartmentLinkBreaksBidirectionalRelation() PASSED

PlatformDomainModelTest > removingHospitalLinkBreaksBidirectionalRelation() PASSED

PlatformDomainModelTest > addingDepartmentLinkSetsBidirectionalRelation() PASSED

PlatformDomainModelTest > addingHospitalLinkSetsBidirectionalRelation() PASSED

PlatformDomainModelTest > departmentHelpersMaintainBidirectionalConsistency() PASSED

RefillRequestTest > toString > toString excludes lazy associations (patient, prescription) PASSED

RefillRequestTest > RefillStatus enum > has all expected values PASSED

RefillRequestTest > Setters and Getters > setter updates are reflected by getters PASSED

RefillRequestTest > Builder > builds a complete RefillRequest with all fields PASSED

RefillRequestTest > Builder > builder can override default status PASSED

RefillRequestTest > Builder > builder default produces REQUESTED status PASSED

RefillRequestTest > NoArgsConstructor > creates instance with REQUESTED default status and null optional fields PASSED

EmpiIdentityAliasTest > normalizeTrimsFields() PASSED

EmpiMasterIdentityTest > normalizeTrimsAndUppercasesFields() PASSED

EmpiMasterIdentityTest > addAliasBackfillsRelationship() PASSED

EmpiMasterIdentityTest > applyTenantScopeRespectsExistingValues() PASSED

EmpiMasterIdentityTest > applyTenantScopePopulatesMissingIdentifiers() PASSED

EmpiMergeEventTest > applyTenantScopePopulatesMissingIds() PASSED

EmpiMergeEventTest > onPersistBackfillsTimestampWhenMissing() PASSED

EncounterNoteTest > clearLinksResetsInternalCollection() PASSED

DigitalSignatureTest > idFromBaseEntity() PASSED

DigitalSignatureTest > allArgsConstructor() PASSED

DigitalSignatureTest > isValidWhenSignedAndNotExpired() PASSED

DigitalSignatureTest > noArgConstructor() PASSED

DigitalSignatureTest > recordVerificationSuccess() PASSED

DigitalSignatureTest > notEqualToDifferentType() PASSED

DigitalSignatureTest > isNotValidWhenExpired() PASSED

DigitalSignatureTest > equalsSameId() PASSED

DigitalSignatureTest > revoke() PASSED

DigitalSignatureTest > recordVerificationFailure() PASSED

DigitalSignatureTest > isNotValidWhenPending() PASSED

DigitalSignatureTest > addAuditEntryWhenAuditLogIsNull() PASSED

DigitalSignatureTest > cannotRevokeWhenExpired() PASSED

DigitalSignatureTest > isValidWhenSignedAndFutureExpiry() PASSED

DigitalSignatureTest > recordVerificationIncrementsCount() PASSED

DigitalSignatureTest > notEqualToNull() PASSED

DigitalSignatureTest > cannotRevokeWhenPending() PASSED

DigitalSignatureTest > builder() PASSED

DigitalSignatureTest > addAuditEntryAppendsToExistingList() PASSED

DigitalSignatureTest > isNotValidWhenSignedButPastExpiry() PASSED

DigitalSignatureTest > markAsSigned() PASSED

DigitalSignatureTest > toStringExcludesSignedByAndHospital() PASSED

DigitalSignatureTest > setAndGetAllFields() PASSED

DigitalSignatureTest > isNotValidWhenRevoked() PASSED

DigitalSignatureTest > builderMinimal() PASSED

DigitalSignatureTest > markAsExpired() PASSED

DigitalSignatureTest > notEqualDifferentId() PASSED

DigitalSignatureTest > cannotRevokeWhenRevoked() PASSED

DigitalSignatureTest > canRevokeWhenSigned() PASSED

DigitalSignatureTest > PreUpdateTests > doesNotExpireWhenExpiresAtNull() PASSED

DigitalSignatureTest > PreUpdateTests > doesNotExpireWhenExpiresAtInFuture() PASSED

DigitalSignatureTest > PreUpdateTests > doesNotExpireWhenNotSigned() PASSED

DigitalSignatureTest > PreUpdateTests > doesNotExpireWhenRevokedEvenIfPastExpiry() PASSED

DigitalSignatureTest > PreUpdateTests > marksAsExpiredWhenSignedAndPastExpiry() PASSED

DigitalSignatureTest > PrePersistTests > doesNotExpireWhenExpiresAtNull() PASSED

DigitalSignatureTest > PrePersistTests > doesNotOverrideExistingSignatureDateTime() PASSED

DigitalSignatureTest > PrePersistTests > marksAsExpiredWhenExpiresAtInPast() PASSED

DigitalSignatureTest > PrePersistTests > doesNotExpireWhenExpiresAtInFuture() PASSED

DigitalSignatureTest > PrePersistTests > setsSignatureDateTimeWhenNull() PASSED

BaseUserDTOTest > isMinor() > returns false for exactly 18 years old today PASSED

BaseUserDTOTest > isMinor() > returns false for a person over 18 PASSED

BaseUserDTOTest > isMinor() > returns false when dateOfBirth is null PASSED

BaseUserDTOTest > isMinor() > returns true for one-day-old PASSED

BaseUserDTOTest > isMinor() > returns true for a person under 18 PASSED

BaseUserDTOTest > isMinor() > returns true for 17 years and 364 days PASSED

BaseUserDTOTest > isMinor() > returns true for a newborn (today) PASSED

BaseUserDTOTest > Getters and Setters > lastName getter/setter PASSED

BaseUserDTOTest > Getters and Setters > phoneNumber getter/setter PASSED

BaseUserDTOTest > Getters and Setters > dateOfBirth getter/setter PASSED

BaseUserDTOTest > Getters and Setters > username getter/setter PASSED

BaseUserDTOTest > Getters and Setters > email getter/setter PASSED

BaseUserDTOTest > Getters and Setters > firstName getter/setter PASSED

BaseUserDTOTest > Default state > all fields default to null PASSED

DepartmentMinimalDTOTest > allArgsConstructor() PASSED

DepartmentMinimalDTOTest > canEqualDifferentType() PASSED

DepartmentMinimalDTOTest > notEqualDifferentName() PASSED

DepartmentMinimalDTOTest > canEqualSameType() PASSED

DepartmentMinimalDTOTest > toStringContainsAllFields() PASSED

DepartmentMinimalDTOTest > notEqualToDifferentType() PASSED

DepartmentMinimalDTOTest > notEqualDifferentEmail() PASSED

DepartmentMinimalDTOTest > notEqualDifferentPhone() PASSED

DepartmentMinimalDTOTest > noArgConstructorCreatesEmptyInstance() PASSED

DepartmentMinimalDTOTest > equalsReflexive() PASSED

DepartmentMinimalDTOTest > notEqualToNull() PASSED

DepartmentMinimalDTOTest > twoArgConstructor() PASSED

DepartmentMinimalDTOTest > setAndGetPhoneNumber() PASSED

DepartmentMinimalDTOTest > setAndGetEmail() PASSED

DepartmentMinimalDTOTest > setAndGetId() PASSED

DepartmentMinimalDTOTest > notEqualDifferentId() PASSED

DepartmentMinimalDTOTest > setAndGetName() PASSED

DepartmentMinimalDTOTest > equalsSameValues() PASSED

EmailInvoiceRequestTest > constructorWithNulls() PASSED

EmailInvoiceRequestTest > notEqualToDifferentType() PASSED

EmailInvoiceRequestTest > messageAccessor() PASSED

EmailInvoiceRequestTest > fullConstructor() PASSED

EmailInvoiceRequestTest > equalsReflexive() PASSED

EmailInvoiceRequestTest > notEqualToNull() PASSED

EmailInvoiceRequestTest > attachPdfAccessor() PASSED

EmailInvoiceRequestTest > hashCodeDiffersForDifferentObjects() PASSED

EmailInvoiceRequestTest > toStringContainsFieldNames() PASSED

EmailInvoiceRequestTest > localeAccessor() PASSED

EmailInvoiceRequestTest > bccAccessor() PASSED

EmailInvoiceRequestTest > ccAccessor() PASSED

EmailInvoiceRequestTest > notEqualDifferentTo() PASSED

EmailInvoiceRequestTest > notEqualDifferentAttachPdf() PASSED

EmailInvoiceRequestTest > notEqualDifferentMessage() PASSED

EmailInvoiceRequestTest > hashCodeSameForEqualObjects() PASSED

EmailInvoiceRequestTest > equalsSameValues() PASSED

EmailInvoiceRequestTest > toAccessor() PASSED

EmailVerificationRequestDTOTest > noArgConstructor() PASSED

EmailVerificationRequestDTOTest > setEmailToNull() PASSED

EmailVerificationRequestDTOTest > setTokenToNull() PASSED

EmailVerificationRequestDTOTest > setAllFields() PASSED

EmailVerificationRequestDTOTest > setAndGetEmail() PASSED

EmailVerificationRequestDTOTest > setAndGetToken() PASSED

AppointmentRepositoryTest > happyPath_validatesSuccessfully() PASSED

AppointmentRepositoryTest > DefaultStatus > existingStatus_isPreserved() PASSED

AppointmentRepositoryTest > DefaultStatus > nullStatus_defaultsToScheduled() PASSED

AppointmentRepositoryTest > AssignmentHospitalValidation > assignmentHospitalMismatch_throws() PASSED

AppointmentRepositoryTest > AssignmentHospitalValidation > assignmentNull_throws() PASSED

AppointmentRepositoryTest > AssignmentHospitalValidation > assignmentHospitalNull_throws() PASSED

AppointmentRepositoryTest > StaffHospitalValidation > staffNull_throws() PASSED

AppointmentRepositoryTest > StaffHospitalValidation > staffHospitalNull_throws() PASSED

AppointmentRepositoryTest > StaffHospitalValidation > staffHospitalMismatch_throws() PASSED

AppointmentRepositoryTest > TimeValidation > endTimeBeforeStartTime_throws() PASSED

AppointmentRepositoryTest > TimeValidation > endTimeEqualsStartTime_throws() PASSED

AppointmentRepositoryTest > TimeValidation > nullStartTime_throws() PASSED

AppointmentRepositoryTest > TimeValidation > nullEndTime_throws() PASSED

EducationResourceRepositoryTest STANDARD_OUT

      .   ____          _            __ _ _
     /\\ / ___'_ __ _ _(_)_ __  __ _ \ \ \ \
    ( ( )\___ | '_ | '_| | '_ \/ _` | \ \ \ \
     \\/  ___)| |_)| | | | | || (_| |  ) ) ) )
      '  |____| .__|_| |_|_| |_\__, | / / / /
     =========|_|==============|___/=/_/_/_/

     :: Spring Boot ::               (v3.4.11)

    2026-03-10 23:50:11  WARN [Test worker] ory$DuplicateJsonObjectContextCustomizer - 

    Found multiple occurrences of org.json.JSONObject on the class path:

    	jar:file:/C:/Users/tiego/.gradle/caches/modules-2/files-2.1/org.json/json/20240303/ebb88e8fb5122b7506d5cf1d69f1ccdb790d22a/json-20240303.jar!/org/json/JSONObject.class
    	jar:file:/C:/Users/tiego/.gradle/caches/modules-2/files-2.1/com.vaadin.external.google/android-json/0.0.20131108.vaadin1/fa26d351fe62a6a17f5cda1287c1c6110dec413f/android-json-0.0.20131108.vaadin1.jar!/org/json/JSONObject.class

    You may wish to exclude one of them to ensure predictable runtime behavior

    2026-03-10 23:50:11  INFO [Test worker] c.e.h.r.EducationResourceRepositoryTest  - Starting EducationResourceRepositoryTest using Java 21.0.10 with PID 2608 (started by tiego in C:\Users\tiego\OneDrive\Desktop\HMS\hms\hospital-core)
    2026-03-10 23:50:11  INFO [Test worker] c.e.h.r.EducationResourceRepositoryTest  - The following 1 profile is active: "test"
    2026-03-10 23:50:13  WARN [Test worker] org.hibernate.orm.deprecation            - HHH90000025: H2Dialect does not need to be specified explicitly using 'hibernate.dialect' (remove the property setting and it will be selected by default)
    2026-03-10 23:50:14  WARN [Test worker] o.h.boot.model.internal.ToOneBinder      - HHH000491: 'com.example.hms.model.User.patientProfile' uses both @NotFound and FetchType.LAZY. @ManyToOne and @OneToOne associations mapped with @NotFound are forced to EAGER fetching.
    2026-03-10 23:50:14  WARN [Test worker] o.h.boot.model.internal.ToOneBinder      - HHH000491: 'com.example.hms.model.User.staffProfile' uses both @NotFound and FetchType.LAZY. @ManyToOne and @OneToOne associations mapped with @NotFound are forced to EAGER fetching.
    Hibernate: drop table if exists billing.billing_invoices cascade 
    Hibernate: drop table if exists billing.invoice_items cascade 
    Hibernate: drop table if exists clinical.advance_directives cascade 
    Hibernate: drop table if exists clinical.appointments cascade 
    Hibernate: drop table if exists clinical.birth_plan_comfort_items cascade 
    Hibernate: drop table if exists clinical.birth_plan_medicated_options cascade 
    Hibernate: drop table if exists clinical.birth_plan_support_persons cascade 
    Hibernate: drop table if exists clinical.birth_plan_unmedicated_techniques cascade 
    Hibernate: drop table if exists clinical.birth_plans cascade 
    Hibernate: drop table if exists clinical.consultations cascade 
    Hibernate: drop table if exists clinical.digital_signature_audit_log cascade 
    Hibernate: drop table if exists clinical.digital_signatures cascade 
    Hibernate: drop table if exists clinical.discharge_approvals cascade 
    Hibernate: drop table if exists clinical.discharge_equipment_supplies cascade 
    Hibernate: drop table if exists clinical.discharge_follow_up_appointments cascade 
    Hibernate: drop table if exists clinical.discharge_medication_reconciliations cascade 
    Hibernate: drop table if exists clinical.discharge_pending_test_results cascade 
    Hibernate: drop table if exists clinical.discharge_summaries cascade 
    Hibernate: drop table if exists clinical.drug_interactions cascade 
    Hibernate: drop table if exists clinical.education_resource_content_translations cascade 
    Hibernate: drop table if exists clinical.education_resource_cultural_notes cascade 
    Hibernate: drop table if exists clinical.education_resource_related cascade 
    Hibernate: drop table if exists clinical.education_resource_tags cascade 
    Hibernate: drop table if exists clinical.education_resource_translations cascade 
    Hibernate: drop table if exists clinical.education_resources cascade 
    Hibernate: drop table if exists clinical.encounter_history cascade 
    Hibernate: drop table if exists clinical.encounter_note_addenda cascade 
    Hibernate: drop table if exists clinical.encounter_note_history cascade 
    Hibernate: drop table if exists clinical.encounter_note_links cascade 
    Hibernate: drop table if exists clinical.encounter_notes cascade 
    Hibernate: drop table if exists clinical.encounter_treatments cascade 
    Hibernate: drop table if exists clinical.encounters cascade 
    Hibernate: drop table if exists clinical.high_risk_plan_bp_logs cascade 
    Hibernate: drop table if exists clinical.high_risk_plan_care_team_members cascade 
    Hibernate: drop table if exists clinical.high_risk_plan_care_team_notes cascade 
    Hibernate: drop table if exists clinical.high_risk_plan_education_topics cascade 
    Hibernate: drop table if exists clinical.high_risk_plan_emergency_symptoms cascade 
    Hibernate: drop table if exists clinical.high_risk_plan_lifestyle_factors cascade 
    Hibernate: drop table if exists clinical.high_risk_plan_medication_logs cascade 
    Hibernate: drop table if exists clinical.high_risk_plan_milestones cascade 
    Hibernate: drop table if exists clinical.high_risk_plan_preexisting_conditions cascade 
    Hibernate: drop table if exists clinical.high_risk_plan_pregnancy_conditions cascade 
    Hibernate: drop table if exists clinical.high_risk_plan_preventive_guidance cascade 
    Hibernate: drop table if exists clinical.high_risk_plan_support_resources cascade 
    Hibernate: drop table if exists clinical.high_risk_pregnancy_plans cascade 
    Hibernate: drop table if exists clinical.imaging_orders cascade 
    Hibernate: drop table if exists clinical.imaging_report_attachments cascade 
    Hibernate: drop table if exists clinical.imaging_report_measurements cascade 
    Hibernate: drop table if exists clinical.imaging_report_status_history cascade 
    Hibernate: drop table if exists clinical.imaging_reports cascade 
    Hibernate: drop table if exists clinical.maternal_history cascade 
    Hibernate: drop table if exists clinical.newborn_assessment_alerts cascade 
    Hibernate: drop table if exists clinical.newborn_assessment_education_topics cascade 
    Hibernate: drop table if exists clinical.newborn_assessment_follow_up_actions cascade 
    Hibernate: drop table if exists clinical.newborn_assessments cascade 
    Hibernate: drop table if exists clinical.nursing_note_addenda cascade 
    Hibernate: drop table if exists clinical.nursing_note_education_entries cascade 
    Hibernate: drop table if exists clinical.nursing_note_interventions cascade 
    Hibernate: drop table if exists clinical.nursing_notes cascade 
    Hibernate: drop table if exists clinical.obgyn_referral_attachments cascade 
    Hibernate: drop table if exists clinical.obgyn_referral_messages cascade 
    Hibernate: drop table if exists clinical.obgyn_referrals cascade 
    Hibernate: drop table if exists clinical.patient_allergies cascade 
    Hibernate: drop table if exists clinical.patient_chart_attachments cascade 
    Hibernate: drop table if exists clinical.patient_chart_section_entries cascade 
    Hibernate: drop table if exists clinical.patient_chart_updates cascade 
    Hibernate: drop table if exists clinical.patient_consents cascade 
    Hibernate: drop table if exists clinical.patient_education_progress cascade 
    Hibernate: drop table if exists clinical.patient_education_questions cascade 
    Hibernate: drop table if exists clinical.patient_family_history cascade 
    Hibernate: drop table if exists clinical.patient_hospital_registrations cascade 
    Hibernate: drop table if exists clinical.patient_immunization cascade 
    Hibernate: drop table if exists clinical.patient_insurances cascade 
    Hibernate: drop table if exists clinical.patient_primary_care cascade 
    Hibernate: drop table if exists clinical.patient_problem_history cascade 
    Hibernate: drop table if exists clinical.patient_problems cascade 
    Hibernate: drop table if exists clinical.patient_social_history cascade 
    Hibernate: drop table if exists clinical.patient_surgical_history cascade 
    Hibernate: drop table if exists clinical.patient_vital_signs cascade 
    Hibernate: drop table if exists clinical.patients cascade 
    Hibernate: drop table if exists clinical.pharmacy_fills cascade 
    Hibernate: drop table if exists clinical.postpartum_care_plans cascade 
    Hibernate: drop table if exists clinical.postpartum_observation_alerts cascade 
    Hibernate: drop table if exists clinical.postpartum_observation_education_topics cascade 
    Hibernate: drop table if exists clinical.postpartum_observations cascade 
    Hibernate: drop table if exists clinical.prescription_alerts cascade 
    Hibernate: drop table if exists clinical.prescription_instructions cascade 
    Hibernate: drop table if exists clinical.prescription_transmissions cascade 
    Hibernate: drop table if exists clinical.prescriptions cascade 
    Hibernate: drop table if exists clinical.procedure_orders cascade 
    Hibernate: drop table if exists clinical.refill_requests cascade 
    Hibernate: drop table if exists clinical.treatment_plan_followups cascade 
    Hibernate: drop table if exists clinical.treatment_plan_reviews cascade 
    Hibernate: drop table if exists clinical.treatment_plans cascade 
    Hibernate: drop table if exists clinical.treatments cascade 
    Hibernate: drop table if exists clinical.ultrasound_orders cascade 
    Hibernate: drop table if exists clinical.ultrasound_reports cascade 
    Hibernate: drop table if exists clinical.visit_education_documentation cascade 
    Hibernate: drop table if exists clinical.visit_education_resources_provided cascade 
    Hibernate: drop table if exists empi.identity_aliases cascade 
    Hibernate: drop table if exists empi.master_identities cascade 
    Hibernate: drop table if exists empi.merge_events cascade 
    Hibernate: drop table if exists governance.security_policy_approvals cascade 
    Hibernate: drop table if exists governance.security_policy_baselines cascade 
    Hibernate: drop table if exists governance.security_rule_sets cascade 
    Hibernate: drop table if exists hospital.department_translations cascade 
    Hibernate: drop table if exists hospital.departments cascade 
    Hibernate: drop table if exists hospital.hospitals cascade 
    Hibernate: drop table if exists hospital.organizations cascade 
    Hibernate: drop table if exists hospital.staff cascade 
    Hibernate: drop table if exists hospital.staff_availability cascade 
    Hibernate: drop table if exists hospital.staff_leave_requests cascade 
    Hibernate: drop table if exists hospital.staff_shifts cascade 
    Hibernate: drop table if exists lab.lab_orders cascade 
    Hibernate: drop table if exists lab.lab_results cascade 
    Hibernate: drop table if exists lab.lab_test_definitions cascade 
    Hibernate: drop table if exists platform.department_platform_service_links cascade 
    Hibernate: drop table if exists platform.hospital_platform_service_links cascade 
    Hibernate: drop table if exists platform.organization_platform_services cascade 
    Hibernate: drop table if exists platform.platform_feature_flag_overrides cascade 
    Hibernate: drop table if exists platform.platform_release_windows cascade 
    Hibernate: drop table if exists reference.catalog_entries cascade 
    Hibernate: drop table if exists reference.catalogs cascade 
    Hibernate: drop table if exists security.notifications cascade 
    Hibernate: drop table if exists security.organization_security_policies cascade 
    Hibernate: drop table if exists security.organization_security_rules cascade 
    Hibernate: drop table if exists security.password_reset_tokens cascade 
    Hibernate: drop table if exists security.permissions cascade 
    Hibernate: drop table if exists security.role_permissions cascade 
    Hibernate: drop table if exists security.roles cascade 
    Hibernate: drop table if exists security.user_mfa_enrollments cascade 
    Hibernate: drop table if exists security.user_recovery_contacts cascade 
    Hibernate: drop table if exists security.user_role_hospital_assignment cascade 
    Hibernate: drop table if exists security.user_roles cascade 
    Hibernate: drop table if exists security.users cascade 
    Hibernate: drop table if exists support.audit_event_logs cascade 
    Hibernate: drop table if exists support.chat_messages cascade 
    Hibernate: drop table if exists support.frontend_audit_events cascade 
    Hibernate: drop table if exists support.service_translations cascade 
    Hibernate: drop table if exists admission_applied_order_sets cascade 
    Hibernate: drop table if exists admission_order_sets cascade 
    Hibernate: drop table if exists admissions cascade 
    Hibernate: drop table if exists announcement cascade 
    Hibernate: drop table if exists articles cascade 
    Hibernate: drop table if exists education_resources cascade 
    Hibernate: drop table if exists general_referrals cascade 
    Hibernate: drop table if exists patient_insurances_v2 cascade 
    Hibernate: drop table if exists patient_medical_histories_v2 cascade 
    Hibernate: drop table if exists patients_v2 cascade 
    Hibernate: drop table if exists permission_matrix_audit_events cascade 
    Hibernate: drop table if exists permission_matrix_snapshots cascade 
    Hibernate: drop table if exists referral_attachments cascade 
    Hibernate: drop table if exists testimonials cascade 
    Hibernate: create table billing.billing_invoices (amount_paid numeric(12,2) not null, due_date date not null, invoice_date date not null, total_amount numeric(12,2) not null, created_at timestamp(6) not null, updated_at timestamp(6) not null, created_by uuid, encounter_id uuid, hospital_id uuid not null, id uuid not null, patient_id uuid not null, updated_by uuid, invoice_number varchar(50) not null, notes varchar(2048), status enum ('CANCELLED','DRAFT','PAID','PARTIALLY_PAID','SENT') not null, primary key (id), constraint uk_bi_invoice_number unique (invoice_number), check (amount_paid <= total_amount))
    Hibernate: create table billing.invoice_items (quantity integer not null, total_price numeric(12,2) not null, unit_price numeric(12,2) not null, created_at timestamp(6) not null, updated_at timestamp(6) not null, assignment_id uuid not null, billing_invoice_id uuid not null, id uuid not null, related_service_id uuid, item_description varchar(255) not null, item_category enum ('GENERAL','LAB_TEST','MEDICATION','SERVICE') not null, primary key (id))
    Hibernate: create index billing.idx_bi_patient on billing.billing_invoices (patient_id)
    Hibernate: create index billing.idx_bi_hospital on billing.billing_invoices (hospital_id)
    Hibernate: create index billing.idx_item_invoice on billing.invoice_items (billing_invoice_id)
    Hibernate: create index billing.idx_item_assignment on billing.invoice_items (assignment_id)
    Hibernate: create index billing.idx_item_service on billing.invoice_items (related_service_id)
    Hibernate: create table clinical.advance_directives (effective_date date, expiration_date date, created_at timestamp(6) not null, last_reviewed_at timestamp(6), updated_at timestamp(6) not null, hospital_id uuid not null, id uuid not null, patient_id uuid not null, source_system varchar(100), description varchar(1024), document_location varchar(255), physician_name varchar(255), witness_name varchar(255), directive_type enum ('DO_NOT_RESUSCITATE','DURABLE_POWER_OF_ATTORNEY','LIVING_WILL','OTHER','PHYSICIAN_ORDERS_FOR_LIFE_SUSTAINING_TREATMENT') not null, status enum ('ACTIVE','EXPIRED','PENDING','REVOKED') not null, primary key (id))
    Hibernate: create table clinical.appointments (appointment_date date not null, end_time time(6) not null, start_time time(6) not null, created_at timestamp(6) not null, updated_at timestamp(6) not null, assignment_id uuid not null, created_by uuid, department_id uuid not null, hospital_id uuid not null, id uuid not null, patient_id uuid not null, staff_id uuid not null, notes varchar(2048), reason varchar(2048), status enum ('CANCELLED','COMPLETED','CONFIRMED','FAILED','IN_PROGRESS','NO_SHOW','PENDING','RESCHEDULED','SCHEDULED','UNKNOWN') not null, primary key (id), constraint uq_appt_staff_slot unique (staff_id, appointment_date, start_time, end_time))
    Hibernate: create table clinical.birth_plan_comfort_items (item_order integer not null, birth_plan_id uuid not null, item varchar(255), primary key (item_order, birth_plan_id))
    Hibernate: create table clinical.birth_plan_medicated_options (option_order integer not null, birth_plan_id uuid not null, option varchar(255), primary key (option_order, birth_plan_id))
    Hibernate: create table clinical.birth_plan_support_persons (person_order integer not null, birth_plan_id uuid not null, person_name varchar(255), primary key (person_order, birth_plan_id))
    Hibernate: create table clinical.birth_plan_unmedicated_techniques (technique_order integer not null, birth_plan_id uuid not null, technique varchar(255), primary key (technique_order, birth_plan_id))
    Hibernate: create table clinical.birth_plans (cord_clamping_duration integer, delayed_cord_clamping boolean, discussed_with_provider boolean, expected_due_date date not null, flexibility_acknowledgment boolean not null, movement_during_labor boolean, provider_review_required boolean not null, provider_reviewed boolean not null, skin_to_skin_contact boolean, created_at timestamp(6) not null, provider_signature_date timestamp(6), review_timestamp timestamp(6), reviewed_by_provider_id bigint, updated_at timestamp(6) not null, hospital_id uuid not null, id uuid not null, patient_id uuid not null, eye_ointment varchar(20), hepatitis_b_vaccine varchar(20), vitamin_k_shot varchar(20), backup_delivery_method varchar(50), feeding_method varchar(50), fetal_monitoring_style varchar(50), first_bath_timing varchar(50), preferred_delivery_method varchar(50), preferred_pain_approach varchar(50), lighting_preference varchar(100), who_cuts_cord varchar(100), additional_wishes TEXT, delivery_method_notes TEXT, environment_notes TEXT, healthcare_provider varchar(255), medical_conditions TEXT, music_preference varchar(255), pain_management_notes TEXT, patient_name varchar(255) not null, place_of_birth varchar(255), postpartum_notes TEXT, provider_comments TEXT, provider_signature varchar(255), primary key (id))
    Hibernate: create table clinical.consultations (follow_up_required boolean, is_curbside boolean, acknowledged_at timestamp(6), cancelled_at timestamp(6), completed_at timestamp(6), created_at timestamp(6) not null, requested_at timestamp(6) not null, scheduled_at timestamp(6), sla_due_by timestamp(6), updated_at timestamp(6) not null, consultant_id uuid, encounter_id uuid, hospital_id uuid not null, id uuid not null, patient_id uuid not null, requesting_provider_id uuid not null, specialty_requested varchar(100) not null, cancellation_reason TEXT, clinical_question TEXT, consultant_note TEXT, current_medications TEXT, follow_up_instructions TEXT, reason_for_consult TEXT not null, recommendations TEXT, relevant_history TEXT, consultation_type enum ('CURBSIDE_CONSULT','EMERGENCY_CONSULT','FOLLOW_UP_CONSULT','INPATIENT_CONSULT','OUTPATIENT_CONSULT') not null, status enum ('ACKNOWLEDGED','CANCELLED','COMPLETED','DECLINED','IN_PROGRESS','REQUESTED','SCHEDULED') not null, urgency enum ('EMERGENCY','ROUTINE','STAT','URGENT') not null, primary key (id))
    Hibernate: create table clinical.digital_signature_audit_log (log_order integer not null, performed_at timestamp(6) not null, performed_by_user_id uuid not null, signature_id uuid not null, ip_address varchar(45), action varchar(50) not null, device_info varchar(500), details varchar(1000), performed_by_display varchar(255), primary key (log_order, signature_id))
    Hibernate: create table clinical.digital_signatures (verification_count integer not null, created_at timestamp(6) not null, expires_at timestamp(6), last_verified_at timestamp(6), revoked_at timestamp(6), signature_date_time timestamp(6) not null, updated_at timestamp(6) not null, version bigint, hospital_id uuid not null, id uuid not null, report_id uuid not null, revoked_by_user_id uuid, signed_by_staff_id uuid not null, ip_address varchar(45), signature_hash varchar(64) not null, device_info varchar(500), revocation_reason varchar(1000), signature_notes varchar(2000), signature_value varchar(2000) not null, metadata TEXT, revoked_by_display varchar(255), report_type enum ('CARE_PLAN','CONSULTATION_NOTE','DISCHARGE_SUMMARY','ED_NOTE','GENERIC_REPORT','IMAGING_REPORT','LAB_RESULT','MEDICATION_ORDER','OPERATIVE_NOTE','PATHOLOGY_REPORT','PROCEDURE_REPORT','PROGRESS_NOTE') not null, status enum ('EXPIRED','INVALID','PENDING','REVOKED','SIGNED') not null, primary key (id), constraint uk_active_signature_per_report unique (report_type, report_id, signed_by_staff_id, status))
    Hibernate: create table clinical.discharge_approvals (approved_at timestamp(6), created_at timestamp(6) not null, requested_at timestamp(6) not null, resolved_at timestamp(6), updated_at timestamp(6) not null, version bigint, doctor_assignment_id uuid, doctor_staff_id uuid, hospital_id uuid not null, id uuid not null, nurse_assignment_id uuid not null, nurse_staff_id uuid not null, patient_id uuid not null, registration_id uuid not null, doctor_note varchar(4000), nurse_summary varchar(4000), rejection_reason varchar(4000), status enum ('APPROVED','CANCELLED','PENDING','REJECTED') not null, primary key (id))
    Hibernate: create table clinical.discharge_equipment_supplies (equipment_order integer not null, discharge_summary_id uuid not null, equipment_and_supplies varchar(255), primary key (equipment_order, discharge_summary_id))
    Hibernate: create table clinical.discharge_follow_up_appointments (appointment_date date, appointment_order integer not null, is_confirmed boolean, appointment_time timestamp(6), appointment_id uuid, discharge_summary_id uuid not null, phone_number varchar(50), appointment_type varchar(100) not null, confirmation_number varchar(100), specialty varchar(100), location varchar(500), purpose varchar(1000), special_instructions varchar(1000), provider_name varchar(255), primary key (appointment_order, discharge_summary_id))
    Hibernate: create table clinical.discharge_medication_reconciliations (continue_at_discharge boolean, given_during_hospitalization boolean, was_on_admission boolean, discharge_summary_id uuid not null, prescription_id uuid, route varchar(50), medication_code varchar(64), dosage varchar(100), frequency varchar(100), patient_instructions varchar(1000), prescriber_notes varchar(1000), reason_for_change varchar(1000), medication_name varchar(255) not null, reconciliation_action enum ('CONTINUED','DISCONTINUED','MODIFIED','NEW_STARTED','REPLACED','RESUMED','TEMPORARY_ONLY') not null)
    Hibernate: create table clinical.discharge_pending_test_results (expected_result_date date, is_critical boolean, order_date date, patient_notified_of_pending boolean, discharge_summary_id uuid not null, imaging_order_id uuid, lab_order_id uuid, test_type varchar(50) not null, test_code varchar(64), notification_instructions varchar(1000), follow_up_provider varchar(255), ordering_provider varchar(255), test_name varchar(255) not null)
    Hibernate: create table clinical.discharge_summaries (discharge_date date not null, is_finalized boolean not null, created_at timestamp(6) not null, discharge_time timestamp(6), finalized_at timestamp(6), provider_signature_date_time timestamp(6), signature_date_time timestamp(6), updated_at timestamp(6) not null, version bigint, approval_record_id uuid, assignment_id uuid not null, discharging_provider_id uuid not null, encounter_id uuid not null, hospital_id uuid not null, id uuid not null, patient_id uuid not null, provider_signature varchar(500), additional_notes varchar(2000), discharge_condition varchar(2000), patient_education_provided varchar(2000), warning_signs varchar(2000), activity_restrictions varchar(3000), diet_instructions varchar(3000), follow_up_instructions varchar(3000), wound_care_instructions varchar(3000), discharge_diagnosis varchar(5000) not null, hospital_course varchar(5000), patient_or_caregiver_signature varchar(255), disposition enum ('AGAINST_MEDICAL_ADVICE','EXPIRED','HOME','HOME_WITH_HOME_HEALTH','HOSPICE_FACILITY','HOSPICE_HOME','LEFT_WITHOUT_BEING_SEEN','LONG_TERM_CARE_FACILITY','OTHER','PSYCHIATRIC_FACILITY','REHABILITATION_FACILITY','SKILLED_NURSING_FACILITY','TRANSFERRED_TO_ANOTHER_HOSPITAL') not null, primary key (id))
    Hibernate: create table clinical.drug_interactions (is_active boolean, monitoring_interval_hours integer, requires_avoidance boolean, requires_dose_adjustment boolean, requires_monitoring boolean, created_at timestamp(6) not null, updated_at timestamp(6) not null, id uuid not null, drug1_code varchar(100) not null, drug2_code varchar(100) not null, evidence_level varchar(100), source_database varchar(100), clinical_effects varchar(500), mechanism varchar(500), monitoring_parameters varchar(500), literature_references varchar(1000), notes varchar(1000), description TEXT, recommendation TEXT, drug1_name varchar(255) not null, drug2_name varchar(255) not null, external_reference_id varchar(255), severity enum ('CONTRAINDICATED','MAJOR','MINOR','MODERATE','UNKNOWN') not null, primary key (id))
    Hibernate: create table clinical.education_resource_content_translations (resource_id uuid not null, language_code varchar(255) not null, translated_content TEXT, primary key (resource_id, language_code))
    Hibernate: create table clinical.education_resource_cultural_notes (resource_id uuid not null, note varchar(1000))
    Hibernate: create table clinical.education_resource_related (related_resource_id uuid, resource_id uuid not null)
    Hibernate: create table clinical.education_resource_tags (resource_id uuid not null, tag varchar(100))
    Hibernate: create table clinical.education_resource_translations (resource_id uuid not null, translated_title varchar(500), language_code varchar(255) not null, primary key (resource_id, language_code))
    Hibernate: create table clinical.education_resources (average_rating float(53) not null, estimated_duration integer, is_active boolean not null, is_culturally_sensitive boolean not null, is_evidence_based boolean not null, is_high_risk_relevant boolean not null, is_warning_sign_content boolean not null, completion_count bigint not null, created_at timestamp(6) not null, published_at timestamp(6), rating_count bigint not null, updated_at timestamp(6) not null, view_count bigint not null, primary_language varchar(10) not null, hospital_id uuid, id uuid not null, organization_id uuid, created_by varchar(100) not null, last_modified_by varchar(100), thumbnail_url varchar(500), title varchar(500) not null, video_url varchar(500), content_url varchar(1000), evidence_source varchar(1000), description varchar(2000), text_content TEXT, category enum ('BIRTH_PLAN','BREASTFEEDING','EXERCISE','GENETIC_SCREENING','HIGH_RISK_PREGNANCY','LABOR_AND_DELIVERY','MANAGING_DISCOMFORT','MENTAL_HEALTH','NEWBORN_CARE','NUTRITION','POSTPARTUM_CARE','PRENATAL_CARE','PRENATAL_VITAMINS','ULTRASOUND_SCANS','WARNING_SIGNS') not null, resource_type enum ('ARTICLE','CHECKLIST','FAQ','INFOGRAPHIC','INTERACTIVE_MODULE','PODCAST','VIDEO') not null, primary key (id))
    Hibernate: create table clinical.encounter_history (changed_at timestamp(6) not null, encounter_date timestamp(6), encounter_id uuid not null, id uuid not null, change_type varchar(30), changed_by varchar(100), notes varchar(2048), extra_fields TEXT, previous_values TEXT, encounter_type enum ('CONSULTATION','EMERGENCY','FOLLOW_UP','INPATIENT','LAB','OUTPATIENT','SURGERY'), status enum ('ARRIVED','CANCELLED','COMPLETED','IN_PROGRESS','SCHEDULED'), primary key (id))
    Hibernate: create table clinical.encounter_note_addenda (attest_accuracy boolean not null, attest_no_abbreviations boolean not null, created_at timestamp(6) not null, documented_at timestamp(6) not null, event_occurred_at timestamp(6), signed_at timestamp(6), updated_at timestamp(6) not null, author_staff_id uuid, author_user_id uuid not null, id uuid not null, note_id uuid not null, author_credentials varchar(200), author_name varchar(200), content TEXT not null, primary key (id))
    Hibernate: create table clinical.encounter_note_history (changed_at timestamp(6) not null, encounter_id uuid not null, id uuid not null, note_id uuid, change_type varchar(30), changed_by varchar(120), content_snapshot TEXT, metadata_snapshot TEXT, template enum ('SOAP','SOAPIE'), primary key (id))
    Hibernate: create table clinical.encounter_note_links (created_at timestamp(6) not null, linked_at timestamp(6) not null, updated_at timestamp(6) not null, artifact_id uuid not null, id uuid not null, note_id uuid not null, artifact_code varchar(120), artifact_status varchar(120), artifact_display varchar(255), artifact_type enum ('CARE_PLAN','LAB_ORDER','OTHER','PRESCRIPTION','RADIOLOGY_ORDER','REFERRAL') not null, primary key (id), constraint uk_encounter_note_link unique (note_id, artifact_id, artifact_type))
    Hibernate: create table clinical.encounter_notes (attest_accuracy boolean not null, attest_no_abbreviations boolean not null, attest_spell_check boolean not null, late_entry boolean not null, created_at timestamp(6) not null, documented_at timestamp(6) not null, event_occurred_at timestamp(6), signed_at timestamp(6), updated_at timestamp(6) not null, author_staff_id uuid, author_user_id uuid not null, encounter_id uuid not null unique, hospital_id uuid not null, id uuid not null, patient_id uuid not null, author_credentials varchar(200), author_name varchar(200), signed_by_credentials varchar(200), signed_by_name varchar(200), chief_complaint TEXT, data_assessment TEXT, data_evaluation TEXT, data_implementation TEXT, data_objective TEXT, data_plan TEXT, data_subjective TEXT, diagnostic_results TEXT, history_present_illness TEXT, patient_instructions TEXT, physical_exam TEXT, review_of_systems TEXT, summary TEXT, template enum ('SOAP','SOAPIE') not null, primary key (id))
    Hibernate: create table clinical.encounter_treatments (created_at timestamp(6) not null, performed_at timestamp(6) not null, updated_at timestamp(6) not null, encounter_id uuid not null, id uuid not null, staff_id uuid, treatment_id uuid not null, outcome varchar(500), notes varchar(1000), primary key (id))
    Hibernate: create table clinical.encounters (created_at timestamp(6) not null, encounter_date timestamp(6) not null, updated_at timestamp(6) not null, version bigint, appointment_id uuid, assignment_id uuid not null, department_id uuid, hospital_id uuid not null, id uuid not null, patient_id uuid not null, staff_id uuid not null, code varchar(50) not null unique, created_by varchar(100), updated_by varchar(100), notes varchar(2048), extra_fields TEXT, encounter_type enum ('CONSULTATION','EMERGENCY','FOLLOW_UP','INPATIENT','LAB','OUTPATIENT','SURGERY') not null, status enum ('ARRIVED','CANCELLED','COMPLETED','IN_PROGRESS','SCHEDULED') not null, primary key (id))
    Hibernate: create table clinical.high_risk_plan_bp_logs (diastolic integer not null, heart_rate integer, list_order integer not null, reading_date date not null, systolic integer not null, log_id uuid not null, plan_id uuid not null, notes varchar(500), primary key (list_order, plan_id))
    Hibernate: create table clinical.high_risk_plan_care_team_members (list_order integer not null, plan_id uuid not null, contact varchar(120), member_role varchar(120), member_name varchar(150), coverage_notes varchar(300), primary key (list_order, plan_id))
    Hibernate: create table clinical.high_risk_plan_care_team_notes (list_order integer not null, logged_at timestamp(6) not null, note_id uuid not null, plan_id uuid not null, author varchar(120), follow_up varchar(500), summary varchar(500), primary key (list_order, plan_id))
    Hibernate: create table clinical.high_risk_plan_education_topics (list_order integer not null, plan_id uuid not null, topic varchar(150), guidance varchar(500), materials varchar(500), primary key (list_order, plan_id))
    Hibernate: create table clinical.high_risk_plan_emergency_symptoms (list_order integer not null, plan_id uuid not null, symptom varchar(240) not null, primary key (list_order, plan_id))
    Hibernate: create table clinical.high_risk_plan_lifestyle_factors (list_order integer not null, plan_id uuid not null, factor varchar(150) not null, primary key (list_order, plan_id))
    Hibernate: create table clinical.high_risk_plan_medication_logs (list_order integer not null, taken boolean not null, taken_at timestamp(6) not null, med_log_id uuid not null, plan_id uuid not null, dosage varchar(60), medication_name varchar(120) not null, notes varchar(500), primary key (list_order, plan_id))
    Hibernate: create table clinical.high_risk_plan_milestones (completed boolean not null, completed_at date, list_order integer not null, target_date date, milestone_id uuid not null, plan_id uuid not null, assigned_to varchar(120), location varchar(240), follow_up_actions varchar(500), summary varchar(500), milestone_type enum ('EDUCATION_TOUCHPOINT','HOME_MONITORING_REVIEW','MEDICATION_REVIEW','ROUTINE_VISIT','SPECIALIST_CONSULT','ULTRASOUND') not null, primary key (list_order, plan_id))
    Hibernate: create table clinical.high_risk_plan_preexisting_conditions (list_order integer not null, plan_id uuid not null, condition varchar(150) not null, primary key (list_order, plan_id))
    Hibernate: create table clinical.high_risk_plan_pregnancy_conditions (list_order integer not null, plan_id uuid not null, condition varchar(150) not null, primary key (list_order, plan_id))
    Hibernate: create table clinical.high_risk_plan_preventive_guidance (list_order integer not null, plan_id uuid not null, guidance varchar(240) not null, primary key (list_order, plan_id))
    Hibernate: create table clinical.high_risk_plan_support_resources (list_order integer not null, plan_id uuid not null, resource_type varchar(120), resource_name varchar(150), contact_details varchar(240), resource_url varchar(240), resource_notes varchar(300), primary key (list_order, plan_id))
    Hibernate: create table clinical.high_risk_pregnancy_plans (active boolean not null, last_specialist_review date, created_at timestamp(6) not null, updated_at timestamp(6) not null, hospital_id uuid not null, id uuid not null, patient_id uuid not null, risk_level varchar(60), visit_cadence varchar(150), coordination_notes varchar(500), delivery_recommendations TEXT, escalation_plan TEXT, home_monitoring_instructions TEXT, medication_plan TEXT, overall_notes TEXT, risk_notes TEXT, primary key (id))
    Hibernate: create table clinical.imaging_orders (attestation_confirmed boolean, contrast_required boolean, duplicate_of_recent_order boolean, has_contrast_allergy boolean, has_implanted_device boolean, needs_interpreter boolean, portable_study boolean, requires_authorization boolean, requires_follow_up_call boolean, requires_npo boolean, requires_pregnancy_test boolean, scheduled_date date, sedation_required boolean, cancelled_at timestamp(6), created_at timestamp(6) not null, ordered_at timestamp(6) not null, provider_signed_at timestamp(6), status_updated_at timestamp(6), updated_at timestamp(6) not null, cancelled_by_user_id uuid, duplicate_reference_order_id uuid, encounter_id uuid, hospital_id uuid not null, id uuid not null, ordering_provider_user_id uuid, patient_id uuid not null, status_updated_by uuid, ordering_provider_npi varchar(40), scheduled_time varchar(50), authorization_number varchar(120), contrast_type varchar(120), sedation_type varchar(120), body_region varchar(150), cancelled_by_name varchar(150), study_type varchar(150) not null, ordering_provider_name varchar(200), cancellation_reason varchar(500), contrast_allergy_details varchar(500), implanted_device_details varchar(500), sedation_notes varchar(500), additional_protocols varchar(1000), provider_signature_statement varchar(1000), special_instructions varchar(1000), workflow_notes varchar(1000), clinical_question varchar(2000), appointment_location varchar(255), laterality enum ('BILATERAL','LEFT','MIDLINE','NOT_APPLICABLE','RIGHT'), modality enum ('CT','DEXA','FLUOROSCOPY','INTERVENTIONAL_RADIOLOGY','MAMMOGRAPHY','MRI','NUCLEAR_MEDICINE','OTHER','PET','ULTRASOUND','XRAY') not null, priority enum ('ROUTINE','STAT','URGENT') not null, status enum ('CANCELLED','COMPLETED','DRAFT','IN_PROGRESS','ORDERED','PENDING_AUTHORIZATION','RESULTS_AVAILABLE','SCHEDULED') not null, primary key (id))
    Hibernate: create table clinical.imaging_report_attachments (position integer not null, created_at timestamp(6) not null, size_bytes bigint, report_id uuid not null, dicom_object_uid varchar(64), category varchar(80), content_type varchar(120), storage_bucket varchar(120), viewer_url varchar(500), file_name varchar(255), label varchar(255), storage_key varchar(255) not null, thumbnail_key varchar(255), primary key (position, report_id))
    Hibernate: create table clinical.imaging_report_measurements (is_abnormal boolean, numeric_value numeric(18,6), reference_max numeric(18,6), reference_min numeric(18,6), sequence_number integer, created_at timestamp(6) not null, id uuid not null, report_id uuid not null, unit varchar(50), plane varchar(80), modifier varchar(120), region varchar(120), label varchar(200), text_value varchar(500), notes varchar(1000), primary key (id))
    Hibernate: create table clinical.imaging_report_status_history (changed_at timestamp(6) not null, changed_by uuid, id uuid not null, imaging_order_id uuid not null, imaging_report_id uuid not null, client_source varchar(120), changed_by_name varchar(200), status_reason varchar(500), notes varchar(1000), status enum ('ADDENDUM','AMENDED','CANCELLED','CORRECTED','DRAFT','ERROR','FINAL','PRELIMINARY') not null, primary key (id))
    Hibernate: create table clinical.imaging_reports (attachments_count integer not null, contrast_administered boolean, is_latest_version boolean not null, is_locked_for_editing boolean, measurements_count integer not null, radiation_dose_mgy numeric(8,3), report_version integer not null, completed_at timestamp(6), created_at timestamp(6) not null, critical_result_acknowledged_at timestamp(6), critical_result_flagged_at timestamp(6), interpreted_at timestamp(6), last_status_synced_at timestamp(6), patient_notified_at timestamp(6), performed_at timestamp(6), signed_at timestamp(6), updated_at timestamp(6) not null, created_by uuid, critical_result_ack_by_staff_id uuid, department_id uuid, hospital_id uuid not null, id uuid not null, imaging_order_id uuid not null, interpreting_provider_id uuid, organization_id uuid, performed_by_staff_id uuid, signed_by_staff_id uuid, updated_by uuid, series_instance_uid varchar(64), study_instance_uid varchar(64), accession_number varchar(80), report_number varchar(80), external_report_id varchar(120), body_region varchar(150), external_system_name varchar(150), pacs_viewer_url varchar(500), contrast_details varchar(1000), comparison_studies TEXT, findings TEXT, impression TEXT, lock_reason varchar(255), recommendations TEXT, report_title varchar(255), technique TEXT, modality enum ('CT','DEXA','FLUOROSCOPY','INTERVENTIONAL_RADIOLOGY','MAMMOGRAPHY','MRI','NUCLEAR_MEDICINE','OTHER','PET','ULTRASOUND','XRAY'), report_status enum ('ADDENDUM','AMENDED','CANCELLED','CORRECTED','DRAFT','ERROR','FINAL','PRELIMINARY') not null, primary key (id))
    Hibernate: create table clinical.maternal_history (abortions integer, adequate_housing boolean, anxiety_present boolean, autoimmune_disorder boolean, caffeine_intake_daily integer, calculated_risk_score integer, cardiac_disease boolean, cigarettes_per_day integer, covid19_vaccination boolean, data_complete boolean, depression_screening_score integer, diabetes boolean, domestic_violence_concerns boolean, domestic_violence_screening boolean, eclampsia_history boolean, estimated_due_date date, estimated_due_date_by_ultrasound date, family_diabetes boolean, family_genetic_disorders boolean, family_hypertension boolean, family_pregnancy_complications boolean, family_twin_history boolean, fetal_anomaly_history boolean, financial_concerns boolean, flu_vaccination_current_season boolean, flu_vaccination_date date, folic_acid_supplementation boolean, food_security boolean, gestational_diabetes_history boolean, gravida integer, hellp_syndrome_history boolean, hepatitis_b_vaccination boolean, hypertension boolean, last_menstrual_period date, latex_allergy boolean, living_children integer, menstrual_cycle_length_days integer, mental_health_screening_completed boolean, occupational_hazards boolean, para integer, placenta_previa_history boolean, placental_abruption_history boolean, postpartum_hemorrhage_history boolean, preeclampsia_history boolean, prenatal_vitamins_start_date date, prenatal_vitamins_started boolean, preterm_births integer, preterm_labor_history boolean, previous_abdominal_surgery boolean, previous_cesarean_sections integer, previous_uterine_surgery boolean, recreational_drug_use boolean, renal_disease boolean, requires_specialist_referral boolean, reviewed_by_provider boolean, smoking_cessation_date date, tdap_vaccination boolean, tdap_vaccination_date date, term_births integer, thyroid_disorder boolean, ultrasound_confirmation_date date, version_number integer not null, zika_risk_exposure boolean, created_at timestamp(6) not null, recorded_date timestamp(6) not null, review_timestamp timestamp(6), reviewed_by_staff_id bigint, updated_at timestamp(6) not null, hospital_id uuid not null, id uuid not null, patient_id uuid not null, recorded_by_staff_id uuid, alcohol_use varchar(50), exercise_frequency varchar(50), menstrual_cycle_regularity varchar(50), risk_category varchar(50), smoking_status varchar(50), diet_type varchar(100), alcohol_use_details varchar(500), exercise_details varchar(500), update_reason varchar(500), additional_notes TEXT, allergies TEXT, chronic_conditions TEXT, clinical_notes TEXT, complications_details TEXT, contraception_method_prior varchar(255), current_medications TEXT, diet_description TEXT, domestic_violence_details TEXT, drug_allergies TEXT, environmental_exposures TEXT, family_history_details TEXT, family_medical_history TEXT, identified_risk_factors TEXT, immunization_notes TEXT, mental_health_conditions TEXT, occupational_hazards_details TEXT, pet_exposure varchar(255), previous_pregnancy_complications TEXT, previous_pregnancy_outcomes TEXT, psychosocial_notes TEXT, rubella_immunity varchar(255), specialist_referral_reason TEXT, substance_use TEXT, substance_use_details TEXT, support_system TEXT, surgical_history TEXT, travel_history TEXT, varicella_immunity varchar(255), primary key (id))
    Hibernate: create table clinical.newborn_assessment_alerts (alert_order integer not null, created_at timestamp(6) not null, assessment_id uuid not null, alert_code varchar(64), triggered_by varchar(120), alert_message TEXT not null, alert_severity enum ('CAUTION','INFO','URGENT') not null, alert_type enum ('APGAR','CARDIOVASCULAR','GENERAL','GLUCOSE','OXYGENATION','RESPIRATORY','THERMOREGULATION') not null, primary key (alert_order, assessment_id))
    Hibernate: create table clinical.newborn_assessment_education_topics (assessment_id uuid not null, topic enum ('BREASTFEEDING_SUPPORT','CORD_CARE','FEEDING_CUES','FOLLOW_UP_APPOINTMENTS','FORMULA_FEEDING_GUIDANCE','JAUNDICE_MONITORING','NEWBORN_SAFETY_CHECKS','SAFE_SLEEP','THERMOREGULATION','WHEN_TO_SEEK_CARE') not null, primary key (assessment_id, topic))
    Hibernate: create table clinical.newborn_assessment_follow_up_actions (assessment_id uuid not null, action enum ('FEEDING_SUPPORT','GLUCOSE_MONITORING','MONITORING_RECHECK','NICU_CONSULT','OXYGEN_THERAPY','PARENT_EDUCATION_REINFORCEMENT','PEDIATRICIAN_NOTIFICATION','RESPIRATORY_SUPPORT','SEPSIS_EVALUATION','THERMAL_SUPPORT') not null, primary key (assessment_id, action))
    Hibernate: create table clinical.newborn_assessments (apgar_five_minute integer, apgar_one_minute integer, apgar_ten_minute integer, diastolic_bp_mm_hg integer, escalation_recommended boolean not null, glucose_mg_dl integer, glucose_protocol_initiated boolean not null, heart_rate_bpm integer, late_entry boolean not null, oxygen_saturation_percent integer, parent_education_completed boolean not null, respirations_per_min integer, respiratory_support_initiated boolean not null, systolic_bp_mm_hg integer, temperature_celsius float(53), thermoregulation_support_initiated boolean not null, assessment_time timestamp(6) not null, created_at timestamp(6) not null, documented_at timestamp(6) not null, original_entry_time timestamp(6), updated_at timestamp(6) not null, documented_by_user_id uuid, hospital_id uuid not null, id uuid not null, patient_id uuid not null, recorded_by_staff_id uuid, registration_id uuid, apgar_notes TEXT, exam_abdomen TEXT, exam_cardiac TEXT, exam_chest_lungs TEXT, exam_general_appearance TEXT, exam_genitourinary TEXT, exam_head_neck TEXT, exam_musculoskeletal TEXT, exam_neurological TEXT, exam_notes TEXT, exam_skin TEXT, follow_up_notes TEXT, parent_education_notes TEXT, primary key (id))
    Hibernate: create table clinical.nursing_note_addenda (attest_accuracy boolean not null, attest_no_abbreviations boolean not null, created_at timestamp(6) not null, documented_at timestamp(6) not null, event_occurred_at timestamp(6), signed_at timestamp(6), updated_at timestamp(6) not null, author_staff_id uuid, author_user_id uuid not null, id uuid not null, note_id uuid not null, author_credentials varchar(200), author_name varchar(200), content TEXT not null, primary key (id))
    Hibernate: create table clinical.nursing_note_education_entries (entry_order integer not null, note_id uuid not null, teaching_method varchar(120), topic varchar(150), patient_understanding varchar(400), reinforcement_actions varchar(400), education_summary TEXT, primary key (entry_order, note_id))
    Hibernate: create table clinical.nursing_note_interventions (entry_order integer not null, linked_medication_task_id uuid, linked_order_id uuid, note_id uuid not null, description varchar(400), follow_up_actions varchar(400), primary key (entry_order, note_id))
    Hibernate: create table clinical.nursing_notes (attest_accuracy boolean not null, attest_no_abbreviations boolean not null, attest_spell_check boolean not null, late_entry boolean not null, readability_score float(53), created_at timestamp(6) not null, documented_at timestamp(6) not null, event_occurred_at timestamp(6), signed_at timestamp(6), updated_at timestamp(6) not null, author_staff_id uuid, author_user_id uuid not null, hospital_id uuid not null, id uuid not null, patient_id uuid not null, author_credentials varchar(200), author_name varchar(200), signed_by_credentials varchar(200), signed_by_name varchar(200), action_summary TEXT, data_assessment TEXT, data_evaluation TEXT, data_implementation TEXT, data_objective TEXT, data_plan TEXT, data_subjective TEXT, education_summary TEXT, narrative TEXT, response_summary TEXT, template enum ('DAR','SOAPIE') not null, primary key (id))
    Hibernate: create table clinical.obgyn_referral_attachments (created_at timestamp(6) not null, size_bytes bigint, updated_at timestamp(6) not null, uploaded_at timestamp(6), id uuid not null, referral_id uuid not null, uploaded_by uuid not null, content_type varchar(128), storage_key varchar(512) not null, display_name varchar(255) not null, category enum ('CONSENT','LAB_RESULT','NOTE','OTHER','ULTRASOUND') not null, primary key (id))
    Hibernate: create table clinical.obgyn_referral_messages (read boolean not null, created_at timestamp(6) not null, sent_at timestamp(6), updated_at timestamp(6) not null, id uuid not null, referral_id uuid not null, sender_user_id uuid not null, attachments TEXT, body TEXT not null, primary key (id))
    Hibernate: create table clinical.obgyn_referrals (attachments_present boolean not null, gestational_age_weeks integer, ongoing_midwifery_care boolean not null, acknowledgement_timestamp timestamp(6), cancelled_timestamp timestamp(6), care_team_updated_at timestamp(6), completion_timestamp timestamp(6), created_at timestamp(6) not null, letter_generated_at timestamp(6), sla_due_at timestamp(6), updated_at timestamp(6) not null, encounter_id uuid, hospital_id uuid not null, id uuid not null, midwife_user_id uuid not null, obgyn_user_id uuid, patient_id uuid not null, created_by varchar(120), updated_by varchar(120), letter_storage_path varchar(512), cancellation_reason TEXT, care_context enum ('ANTENATAL','INTRAPARTUM','POSTPARTUM') not null, clinical_indication TEXT, history_summary TEXT, midwife_contact_snapshot TEXT, patient_contact_snapshot TEXT, plan_summary TEXT, referral_reason TEXT not null, status enum ('ACKNOWLEDGED','CANCELLED','COMPLETED','IN_PROGRESS','SUBMITTED') not null, transfer_type enum ('CONSULTATION','SHARED_CARE','TRANSFER_OF_CARE') not null, urgency enum ('PRIORITY','ROUTINE','URGENT') not null, primary key (id))
    Hibernate: create table clinical.patient_allergies (active boolean not null, last_occurrence_date date, onset_date date, recorded_date date, created_at timestamp(6) not null, updated_at timestamp(6) not null, hospital_id uuid not null, id uuid not null, patient_id uuid not null, recorded_by_staff_id uuid, allergen_code varchar(64), category varchar(100), source_system varchar(100), reaction_notes varchar(1024), allergen_display varchar(255) not null, reaction varchar(255), severity enum ('LIFE_THREATENING','MILD','MODERATE','SEVERE','UNKNOWN'), verification_status enum ('CONFIRMED','ENTERED_IN_ERROR','PROVISIONAL','REFUTED','UNCONFIRMED'), primary key (id))
    Hibernate: create table clinical.patient_chart_attachments (position integer not null, size_bytes bigint, chart_update_id uuid not null, category varchar(60), sha256 varchar(64), content_type varchar(120), file_name varchar(255), label varchar(255), storage_key varchar(255) not null, primary key (position, chart_update_id))
    Hibernate: create table clinical.patient_chart_section_entries (occurred_on date, position integer not null, sensitive_flag boolean, chart_update_id uuid not null, linked_resource_id uuid, severity varchar(50), status varchar(50), code varchar(64), source_system varchar(120), author_notes varchar(2048), narrative varchar(2048), details_json TEXT, display varchar(255), section_type enum ('ALLERGY','CARE_PLAN','DIAGNOSIS','FAMILY_HISTORY','HOSPITALIZATION','IMMUNIZATION','MEDICAL_HISTORY','MEDICATION','NOTE','OTHER','PROBLEM','SOCIAL_FACTOR','SOCIAL_HISTORY','SURGICAL_HISTORY') not null, primary key (position, chart_update_id))
    Hibernate: create table clinical.patient_chart_updates (attachment_count integer, include_sensitive boolean not null, notify_care_team boolean not null, section_count integer, version_number integer not null, created_at timestamp(6) not null, notification_sent_at timestamp(6), updated_at timestamp(6) not null, assignment_id uuid not null, hospital_id uuid not null, id uuid not null, patient_id uuid not null, recorded_by_staff_id uuid not null, update_reason varchar(512) not null, summary varchar(1024), primary key (id), constraint uq_chart_update_version unique (patient_id, hospital_id, version_number))
    Hibernate: create table clinical.patient_consents (consent_given boolean not null, consent_expiration timestamp(6), consent_timestamp timestamp(6) not null, created_at timestamp(6) not null, updated_at timestamp(6) not null, from_hospital_id uuid not null, id uuid not null, patient_id uuid not null, to_hospital_id uuid not null, purpose varchar(1024), primary key (id), constraint uq_consent_patient_from_to unique (patient_id, from_hospital_id, to_hospital_id))
    Hibernate: create table clinical.patient_education_progress (access_count integer not null, confirmed_understanding boolean not null, needs_clarification boolean not null, progress_percentage integer not null, rating integer, completed_at timestamp(6), created_at timestamp(6) not null, discussed_with_provider_at timestamp(6), last_accessed_at timestamp(6), started_at timestamp(6), time_spent_seconds bigint not null, updated_at timestamp(6) not null, hospital_id uuid not null, id uuid not null, patient_id uuid not null, provider_id uuid, resource_id uuid not null, clarification_request varchar(1000), provider_notes varchar(1000), feedback varchar(2000), comprehension_status enum ('COMPLETED','CONFIRMED_UNDERSTANDING','FEEDBACK_PROVIDED','IN_PROGRESS','NEEDS_CLARIFICATION','NOT_STARTED') not null, primary key (id))
    Hibernate: create table clinical.patient_education_questions (appointment_scheduled boolean not null, is_answered boolean not null, is_urgent boolean not null, requires_in_person_discussion boolean not null, answered_at timestamp(6), created_at timestamp(6) not null, updated_at timestamp(6) not null, answered_by_staff_id uuid, hospital_id uuid not null, id uuid not null, patient_id uuid not null, related_appointment_id uuid, resource_id uuid, category varchar(100), provider_notes varchar(1000), question varchar(1000) not null, answer TEXT, primary key (id))
    Hibernate: create table clinical.patient_family_history (active boolean, age_at_onset integer, clinically_significant boolean, generation integer, genetic_condition boolean, genetic_testing_done boolean, is_autoimmune boolean, is_cancer boolean, is_cardiovascular boolean, is_diabetes boolean, is_mental_health boolean, is_neurological boolean, recommended_age_for_screening integer, recorded_date date not null, relative_age integer, relative_age_at_death integer, relative_living boolean, risk_factor_for_patient boolean, screening_recommended boolean, verification_date date, verified boolean, created_at timestamp(6) not null, updated_at timestamp(6) not null, hospital_id uuid not null, id uuid not null, patient_id uuid not null, recorded_by_staff_id uuid, relative_gender varchar(20), condition_code varchar(50), relationship_side varchar(50), severity varchar(50), condition_category varchar(100), inheritance_pattern varchar(100), outcome varchar(100), pedigree_id varchar(100), relationship varchar(100) not null, relative_name varchar(200), cause_of_death varchar(500), notes varchar(2048), condition_display varchar(255) not null, genetic_marker varchar(255), screening_type varchar(255), source_of_information varchar(255), primary key (id))
    Hibernate: create table clinical.patient_hospital_registrations (is_active boolean not null, registration_date date not null, created_at timestamp(6) not null, stay_status_updated_at timestamp(6), updated_at timestamp(6) not null, hospital_id uuid not null, id uuid not null, patient_id uuid not null, ready_by_staff_id uuid, current_bed varchar(30), current_room varchar(30), mrn varchar(50) not null, attending_physician_name varchar(150), ready_for_discharge_note varchar(1000), patient_name varchar(255), stay_status enum ('ADMITTED','DISCHARGED','HOLD','READY_FOR_DISCHARGE','REGISTERED','TRANSFERRED') not null, primary key (id), constraint uq_phr_patient_hospital unique (patient_id, hospital_id), constraint uq_phr_mrn_hospital unique (mrn, hospital_id))
    Hibernate: create table clinical.patient_immunization (active boolean, administration_date date not null, adverse_reaction boolean, consent_date date, consent_obtained boolean, contraindication boolean, dose_number integer, dose_quantity float(53), expiration_date date, insurance_reported boolean, next_dose_due_date date, occupational_requirement boolean, overdue boolean, pregnancy_related boolean, registry_reported boolean, registry_reported_date date, reminder_sent boolean, reminder_sent_date date, required_for_school boolean, required_for_travel boolean, total_doses_in_series integer, verified boolean, vis_date date, vis_given boolean, created_at timestamp(6) not null, updated_at timestamp(6) not null, administered_by_staff_id uuid, encounter_id uuid, hospital_id uuid not null, id uuid not null, patient_id uuid not null, ndc_code varchar(20), dose_unit varchar(50), reaction_severity varchar(50), route varchar(50), status varchar(50) not null, vaccine_code varchar(50), external_reference_id varchar(100), lot_number varchar(100), site varchar(100), source_of_record varchar(100), vaccine_type varchar(100), manufacturer varchar(200), contraindication_reason varchar(500), status_reason varchar(500), reaction_description varchar(1000), notes varchar(2048), target_disease varchar(255), vaccine_display varchar(255) not null, primary key (id))
    Hibernate: create table clinical.patient_insurances (effective_date date, expiration_date date, is_primary boolean not null, created_at timestamp(6) not null, updated_at timestamp(6) not null, linked_as varchar(10), assignment_id uuid, id uuid not null, linked_by_user_id uuid, patient_id uuid, payer_code varchar(50), subscriber_relationship varchar(50), group_number varchar(100), policy_number varchar(100) not null, provider_name varchar(150) not null, subscriber_name varchar(150), primary key (id), constraint uq_insurance_patient_provider_policy unique (patient_id, provider_name, policy_number))
    Hibernate: create table clinical.patient_primary_care (end_date date, is_current boolean not null, start_date date not null, created_at timestamp(6) not null, updated_at timestamp(6) not null, assignment_id uuid not null, hospital_id uuid not null, id uuid not null, patient_id uuid not null, notes varchar(512), primary key (id), unique (patient_id, hospital_id, is_current))
    Hibernate: create table clinical.patient_problem_history (changed_at timestamp(6) not null, created_at timestamp(6) not null, updated_at timestamp(6) not null, changed_by_user_id uuid, hospital_id uuid not null, id uuid not null, patient_id uuid not null, problem_id uuid not null, changed_by_name varchar(200), reason varchar(2000), snapshot_after TEXT, snapshot_before TEXT, change_type enum ('CHRONICITY_CHANGED','CREATED','DELETED','STATUS_CHANGED','UPDATED') not null, primary key (id))
    Hibernate: create table clinical.patient_problems (is_chronic boolean not null, onset_date date, resolved_date date, created_at timestamp(6) not null, last_reviewed_at timestamp(6), updated_at timestamp(6) not null, hospital_id uuid not null, id uuid not null, patient_id uuid not null, recorded_by_staff_id uuid, icd_version varchar(20), problem_code varchar(50), source_system varchar(100), status_change_reason varchar(500), notes varchar(2048), supporting_evidence varchar(4096), diagnosis_codes TEXT, problem_display varchar(255) not null, severity enum ('LIFE_THREATENING','MILD','MODERATE','SEVERE','UNKNOWN'), status enum ('ACTIVE','INACTIVE','RECURRENCE','RESOLVED') not null, primary key (id))
    Hibernate: create table clinical.patient_social_history (abuse_history boolean, active boolean, alcohol_binge_drinking boolean, alcohol_drinks_per_week integer, alcohol_use boolean, domestic_violence_screening boolean, exercise_minutes_per_week integer, feels_safe_at_home boolean, financial_barriers boolean, has_primary_caregiver boolean, health_literacy_concerns boolean, household_members integer, housing_stability boolean, interpreter_needed boolean, intravenous_drug_use boolean, mental_health_support boolean, number_of_partners integer, recorded_date date not null, recreational_drug_use boolean, sexually_active boolean, social_isolation_risk boolean, sti_history boolean, substance_abuse_treatment boolean, tobacco_packs_per_day float(53), tobacco_quit_date date, tobacco_use boolean, tobacco_years_used integer, transportation_access boolean, version_number integer, created_at timestamp(6) not null, updated_at timestamp(6) not null, hospital_id uuid not null, id uuid not null, patient_id uuid not null, recorded_by_staff_id uuid, employment_status varchar(50), marital_status varchar(50), preferred_language varchar(50), stress_level varchar(50), alcohol_frequency varchar(100), diet_type varchar(100), education_level varchar(100), exercise_frequency varchar(100), insurance_status varchar(100), living_arrangement varchar(100), tobacco_type varchar(100), occupation varchar(200), diet_restrictions varchar(500), drug_types_used varchar(500), social_support_network varchar(500), alcohol_notes varchar(1000), coping_mechanisms varchar(1000), nutritional_concerns varchar(1000), occupational_hazards varchar(1000), safety_concerns varchar(1000), sexual_health_notes varchar(1000), stress_sources varchar(1000), substance_notes varchar(1000), tobacco_notes varchar(1000), additional_notes varchar(2048), contraception_use varchar(255), exercise_type varchar(255), primary key (id))
    Hibernate: create table clinical.patient_surgical_history (procedure_date date, created_at timestamp(6) not null, last_updated_at timestamp(6), updated_at timestamp(6) not null, hospital_id uuid not null, id uuid not null, patient_id uuid not null, performed_by_staff_id uuid, procedure_code varchar(50), source_system varchar(100), location varchar(150), notes varchar(2048), procedure_display varchar(255) not null, outcome enum ('COMPLICATION','IMPROVED','SUCCESS','UNCHANGED','WORSENED'), primary key (id))
    Hibernate: create table clinical.patient_vital_signs (blood_glucose_mg_dl integer, clinically_significant boolean not null, diastolic_bp_mm_hg integer, heart_rate_bpm integer, respiratory_rate_bpm integer, spo2_percent integer, systolic_bp_mm_hg integer, temperature_celsius float(53), weight_kg float(53), created_at timestamp(6) not null, recorded_at timestamp(6) not null, updated_at timestamp(6) not null, hospital_id uuid, id uuid not null, patient_id uuid not null, recorded_by_assignment_id uuid, recorded_by_staff_id uuid, registration_id uuid, body_position varchar(40), source varchar(40), notes varchar(1000), primary key (id))
    Hibernate: create table clinical.patients (date_of_birth date not null, is_active boolean not null, blood_type varchar(5), created_at timestamp(6) not null, updated_at timestamp(6) not null, gender varchar(10), department_id uuid, hospital_id uuid, id uuid not null, organization_id uuid, user_id uuid not null unique, emergency_contact_phone varchar(20), emergency_contact_relationship varchar(50), city varchar(100), country varchar(100), emergency_contact_name varchar(100), first_name varchar(100) not null, last_name varchar(100) not null, middle_name varchar(100), phone_number_primary varchar(100) not null unique, phone_number_secondary varchar(100), state varchar(100), zip_code varchar(100), email varchar(150) not null unique, address varchar(1024), care_team_notes varchar(2000), allergies varchar(2048), chronic_conditions varchar(2048), medical_history_summary varchar(2048), address_line1 varchar(255), address_line2 varchar(255), preferred_pharmacy varchar(255), primary key (id))
    Hibernate: create table clinical.pharmacy_fills (days_supply integer, fill_date date not null, is_controlled_substance boolean, is_generic_substitution boolean, quantity_dispensed numeric(12,2), refill_number integer, created_at timestamp(6) not null, updated_at timestamp(6) not null, hospital_id uuid not null, id uuid not null, patient_id uuid not null, prescription_id uuid, ndc_code varchar(20), pharmacy_ncpdp varchar(20), rxnorm_code varchar(20), pharmacy_npi varchar(50), prescriber_dea varchar(50), prescriber_npi varchar(50), quantity_unit varchar(60), dosage_form varchar(80), source_system varchar(100), strength varchar(100), pharmacy_phone varchar(120), pharmacy_address varchar(500), directions varchar(1000), notes varchar(1000), external_reference_id varchar(255), medication_name varchar(255) not null, pharmacy_name varchar(255), prescriber_name varchar(255), primary key (id))
    Hibernate: create table clinical.postpartum_care_plans (active boolean not null, contact_info_verified boolean not null, discharge_checklist_complete boolean not null, hemorrhage_protocol_confirmed boolean not null, immediate_observation_target integer not null, immediate_observations_completed integer not null, immediate_window_completed boolean not null, immunizations_updated boolean not null, mental_health_referral_outstanding boolean not null, pain_followup_outstanding boolean not null, postpartum_visit_date date, rh_immunoglobulin_completed boolean not null, shift_frequency_minutes integer not null, social_support_referral_outstanding boolean not null, uterotonic_availability_confirmed boolean not null, closed_at timestamp(6), created_at timestamp(6) not null, delivery_occurred_at timestamp(6), last_observation_at timestamp(6), next_due_at timestamp(6), overdue_since timestamp(6), stabilization_achieved_at timestamp(6), updated_at timestamp(6) not null, hospital_id uuid not null, id uuid not null, patient_id uuid not null, registration_id uuid, follow_up_contact_method varchar(120), escalation_reason varchar(500), discharge_safety_notes TEXT, active_phase enum ('DISCHARGE_PLANNING','ENHANCED_MONITORING','IMMEDIATE_RECOVERY','SHIFT_BASELINE') not null, primary key (id))
    Hibernate: create table clinical.postpartum_observation_alerts (alert_order integer not null, created_at timestamp(6) not null, observation_id uuid not null, alert_code varchar(64), triggered_by varchar(120), alert_message TEXT not null, alert_severity enum ('CAUTION','INFO','URGENT') not null, alert_type enum ('EDUCATION','FOLLOW_UP','HEMORRHAGE','INFECTION','PAIN','PSYCHOSOCIAL') not null, primary key (alert_order, observation_id))
    Hibernate: create table clinical.postpartum_observation_education_topics (observation_id uuid not null, topic enum ('BOWEL_AND_BLADDER_SELF_CARE','BREAST_CARE_LACTATION','BREAST_ENGORGEMENT_RELIEF','CONTRACEPTION_OPTIONS','PERINEAL_HYGIENE','POSTPARTUM_DEPRESSION_SIGNS','RESUMPTION_OF_SEXUAL_ACTIVITY','SUPPORT_RESOURCES','UTERINE_INVOLUTION','WARNING_SIGNS_FEVER','WARNING_SIGNS_LEG_SWELLING','WARNING_SIGNS_LOCHIA_ODOR','WARNING_SIGNS_PERSISTENT_PAIN','WARNING_SIGNS_URINARY_URGENCY') not null, primary key (observation_id, topic))
    Hibernate: create table clinical.postpartum_observations (chills_or_rigors boolean not null, contact_info_verified boolean not null, diastolic_bp_mm_hg integer, discharge_checklist_complete boolean not null, education_completed boolean not null, estimated_blood_loss_ml integer, excessive_bleeding boolean not null, foul_lochia_odor boolean not null, fundus_height_cm integer, hemorrhage_protocol_activated boolean not null, hemorrhage_protocol_confirmed boolean not null, immunizations_updated boolean not null, late_entry boolean not null, mental_health_referral_suggested boolean not null, pain_management_referral_suggested boolean not null, pain_score integer check ((pain_score>=0) and (pain_score<=10)), postpartum_visit_date date, pulse_bpm integer, respirations_per_min integer, rh_immunoglobulin_completed boolean not null, social_support_referral_suggested boolean not null, systolic_bp_mm_hg integer, temperature_celsius float(53), uterine_atony_suspected boolean not null, uterine_tenderness boolean not null, uterotonic_availability_confirmed boolean not null, uterotonic_given boolean not null, created_at timestamp(6) not null, documented_at timestamp(6) not null, next_due_at_snapshot timestamp(6), observation_time timestamp(6) not null, original_entry_time timestamp(6), overdue_since_snapshot timestamp(6), signed_at timestamp(6), updated_at timestamp(6) not null, care_plan_id uuid not null, documented_by_user_id uuid, hospital_id uuid not null, id uuid not null, patient_id uuid not null, recorded_by_staff_id uuid, registration_id uuid, supersedes_observation_id uuid, follow_up_contact_method varchar(120), signoff_credentials varchar(200), signoff_name varchar(200), lochia_notes varchar(250), perineum_findings varchar(1000), discharge_safety_notes TEXT, education_notes TEXT, psychosocial_notes TEXT, bladder_status enum ('CATHETER_IN_PLACE','DISTENDED','NEEDS_STRAIGHT_CATHETERIZATION','UNABLE_TO_VOID','UNKNOWN','VOIDED_SPONTANEOUSLY','VOIDED_WITH_ASSISTANCE'), fundus_tone enum ('BOGGY','DEVIATED','FIRM','NOT_PALPABLE','SLIGHTLY_BOGGY','UNKNOWN'), lochia_amount enum ('EXCESSIVE','HEAVY','LIGHT','MODERATE','NONE','SCANT'), lochia_character enum ('ALBA','BROWN_TINGED','FOUL_ODOR','FRESH_RED','OTHER','RUBRA','SEROSA','WITH_CLOTS'), mood_status enum ('ANXIOUS','CALM','CONTENT','DEPRESSED','EUPHORIC','IRRITABLE','OTHER','TEARFUL','WITHDRAWN'), schedule_phase_at_entry enum ('DISCHARGE_PLANNING','ENHANCED_MONITORING','IMMEDIATE_RECOVERY','SHIFT_BASELINE'), sleep_status enum ('ADEQUATE','EXHAUSTED','INTERRUPTED','RESTED','UNKNOWN'), support_status enum ('ADEQUATE','LIMITED','NONE','ROBUST','UNKNOWN'), primary key (id))
    Hibernate: create table clinical.prescription_alerts (acknowledged boolean not null, alert_order integer not null, blocking boolean not null, acknowledged_at timestamp(6), prescription_id uuid not null, severity varchar(20), alert_type varchar(40), reference_code varchar(120), message TEXT, primary key (alert_order, prescription_id))
    Hibernate: create table clinical.prescription_instructions (instruction_order integer not null, patient_acknowledged boolean not null, acknowledged_at timestamp(6), language_code varchar(10), prescription_id uuid not null, label varchar(120), education_url varchar(512), instruction_text varchar(1024), primary key (instruction_order, prescription_id))
    Hibernate: create table clinical.prescription_transmissions (attempt_count integer, created_at timestamp(6) not null, last_attempted_at timestamp(6), updated_at timestamp(6) not null, id uuid not null, prescription_id uuid not null, channel varchar(40), status varchar(40), destination_reference varchar(120), destination varchar(255), status_reason TEXT, payload JSONB, primary key (id))
    Hibernate: create table clinical.prescriptions (allergies_reviewed boolean not null, contraindications_reviewed boolean not null, controlled_substance boolean not null, inpatient_order boolean not null, interactions_reviewed boolean not null, quantity numeric(12,2), refills_allowed integer, refills_remaining integer, requires_cosign boolean not null, acknowledged_at timestamp(6), cosigned_at timestamp(6), created_at timestamp(6) not null, dispatched_at timestamp(6), two_factor_verified_at timestamp(6), updated_at timestamp(6) not null, version bigint, assignment_id uuid not null, cosigned_by_staff_id uuid, encounter_id uuid not null, hospital_id uuid not null, id uuid not null, patient_id uuid not null, pharmacy_id uuid, staff_id uuid not null, dispatch_channel varchar(40), dispatch_status varchar(40), dose_unit varchar(40), two_factor_method varchar(40), pharmacy_npi varchar(50), quantity_unit varchar(60), medication_code varchar(64), route varchar(80), dosage varchar(100), duration varchar(100), frequency varchar(100), dispatch_reference varchar(120), pharmacy_contact varchar(120), two_factor_reference varchar(120), notes varchar(1024), override_reason varchar(1024), instructions varchar(2048), medication_display_name varchar(255), medication_name varchar(255) not null, pharmacy_address varchar(255), pharmacy_name varchar(255), education_material_json JSONB, patient_instruction_json JSONB, status enum ('CANCELLED','DISCONTINUED','DRAFT','PENDING_SIGNATURE','SIGNED','TRANSMISSION_FAILED','TRANSMITTED') not null, primary key (id))
    Hibernate: create table clinical.procedure_orders (blood_products_required boolean, consent_obtained boolean, estimated_duration_minutes integer, imaging_guidance_required boolean, requires_anesthesia boolean, requires_sedation boolean, site_marked boolean, cancelled_at timestamp(6), completed_at timestamp(6), consent_obtained_at timestamp(6), created_at timestamp(6) not null, ordered_at timestamp(6) not null, scheduled_datetime timestamp(6), updated_at timestamp(6) not null, encounter_id uuid, hospital_id uuid not null, id uuid not null, ordering_provider_id uuid not null, patient_id uuid not null, laterality varchar(20), anesthesia_type varchar(50), procedure_code varchar(50), sedation_type varchar(50), procedure_category varchar(100), consent_form_location varchar(500), cancellation_reason TEXT, clinical_notes TEXT, consent_obtained_by varchar(255), indication TEXT not null, pre_procedure_instructions TEXT, procedure_name varchar(255) not null, special_equipment_needed TEXT, status enum ('CANCELLED','COMPLETED','IN_PROGRESS','ORDERED','POSTPONED','PRE_OP_CLEARANCE_PENDING','READY_FOR_PROCEDURE','SCHEDULED') not null, urgency enum ('ELECTIVE','EMERGENT','ROUTINE','URGENT') not null, primary key (id))
    Hibernate: create table clinical.refill_requests (created_at timestamp(6) not null, updated_at timestamp(6) not null, id uuid not null, patient_id uuid not null, prescription_id uuid not null, preferred_pharmacy varchar(500), patient_notes varchar(1000), provider_notes varchar(1000), status enum ('APPROVED','CANCELLED','DENIED','DISPENSED','REQUESTED') not null, primary key (id))
    Hibernate: create table clinical.treatment_plan_followups (due_on date, completed_at timestamp(6), created_at timestamp(6) not null, updated_at timestamp(6) not null, assigned_staff_id uuid, id uuid not null, treatment_plan_id uuid not null, instructions TEXT, label varchar(255), status enum ('CANCELLED','COMPLETED','IN_PROGRESS','PENDING') not null, primary key (id))
    Hibernate: create table clinical.treatment_plan_reviews (created_at timestamp(6) not null, updated_at timestamp(6) not null, id uuid not null, reviewer_staff_id uuid not null, treatment_plan_id uuid not null, comment TEXT, action enum ('APPROVED','CHANGES_REQUESTED','SENT_BACK','SIGNED_OFF') not null, primary key (id))
    Hibernate: create table clinical.treatment_plans (patient_visibility boolean not null, timeline_review_date date, timeline_start_date date, created_at timestamp(6) not null, patient_visibility_at timestamp(6), sign_off_at timestamp(6), updated_at timestamp(6) not null, version bigint, assignment_id uuid not null, author_staff_id uuid not null, encounter_id uuid, hospital_id uuid not null, id uuid not null, patient_id uuid not null, sign_off_by uuid, supervising_staff_id uuid, follow_up_summary TEXT, problem_statement TEXT not null, timeline_summary TEXT, lifestyle_plan_json JSONB, medication_plan_json JSONB, referral_plan_json JSONB, responsible_parties_json JSONB, status enum ('APPROVED','ARCHIVED','CANCELLED','DRAFT','IN_REVIEW','REVISIONS_REQUIRED') not null, therapeutic_goals_json JSONB, primary key (id))
    Hibernate: create table clinical.treatments (active boolean not null, duration_minutes integer, price numeric(10,2) not null, created_at timestamp(6) not null, updated_at timestamp(6) not null, assignment_id uuid not null, department_id uuid not null, hospital_id uuid not null, id uuid not null, description varchar(1000), name varchar(255) not null, primary key (id), constraint uq_treatment_hospital_name unique (hospital_id, name))
    Hibernate: create table clinical.ultrasound_orders (gestational_age_at_order integer, is_high_risk_pregnancy boolean, scan_count_for_pregnancy integer, scheduled_date date, cancelled_at timestamp(6), created_at timestamp(6) not null, ordered_date timestamp(6) not null, updated_at timestamp(6) not null, hospital_id uuid not null, id uuid not null, patient_id uuid not null, priority varchar(20), cancelled_by varchar(200), ordered_by varchar(200), appointment_location varchar(500), cancellation_reason varchar(500), high_risk_notes varchar(1000), special_instructions varchar(1000), clinical_indication varchar(2000), scheduled_time varchar(255), scan_type enum ('ANATOMY_SCAN','BIOPHYSICAL_PROFILE','CERVICAL_LENGTH','DOPPLER_STUDY','GROWTH_SCAN','HIGH_RISK_FOLLOW_UP','NUCHAL_TRANSLUCENCY','OTHER') not null, status enum ('CANCELLED','COMPLETED','IN_PROGRESS','ORDERED','REPORT_AVAILABLE','SCHEDULED') not null, primary key (id))
    Hibernate: create table clinical.ultrasound_reports (abdominal_circumference_mm float(53), amniotic_fluid_index float(53), anatomy_survey_complete boolean, anomalies_detected boolean, biparietal_diameter_mm float(53), cervical_length_mm float(53), crown_rump_length_mm float(53), due_date_confirmed boolean, estimated_due_date date, estimated_fetal_weight_grams integer, femur_length_mm float(53), fetal_cardiac_activity boolean, fetal_heart_rate integer, fetal_movement_observed boolean, fetal_tone_normal boolean, follow_up_required boolean, genetic_screening_recommended boolean, gestational_age_at_scan integer, gestational_age_days integer, head_circumference_mm float(53), nasal_bone_present boolean, next_ultrasound_recommended_weeks integer, nuchal_translucency_mm float(53), number_of_fetuses integer, patient_notified boolean, report_reviewed_by_provider boolean, scan_date date not null, specialist_referral_needed boolean, created_at timestamp(6) not null, patient_notified_at timestamp(6), report_finalized_at timestamp(6), updated_at timestamp(6) not null, hospital_id uuid not null, id uuid not null, ultrasound_order_id uuid not null unique, placental_grade varchar(20), amniotic_fluid_level varchar(50), fetal_position varchar(100), placental_location varchar(100), scan_performed_by_credentials varchar(100), umbilical_artery_doppler varchar(100), uterine_artery_doppler varchar(100), genetic_screening_type varchar(200), report_finalized_by varchar(200), scan_performed_by varchar(200), specialist_referral_type varchar(200), provider_review_notes varchar(1000), anatomy_findings varchar(2000), anomaly_description varchar(2000), follow_up_recommendations varchar(2000), findings_summary varchar(3000), interpretation varchar(3000), finding_category enum ('ABNORMAL','CONCERNING_FOR_ANOMALY','MONITORING_REQUIRED','NORMAL','URGENT','VARIANT') not null, primary key (id))
    Hibernate: create table clinical.visit_education_documentation (birth_plan_discussed boolean not null, breastfeeding_discussed boolean not null, exercise_discussed boolean not null, mental_health_discussed boolean not null, nutrition_discussed boolean not null, patient_engaged boolean not null, patient_understood boolean not null, requires_follow_up boolean not null, warning_signs_discussed boolean not null, created_at timestamp(6) not null, follow_up_scheduled_for timestamp(6), updated_at timestamp(6) not null, encounter_id uuid not null, hospital_id uuid not null, id uuid not null, patient_id uuid not null, staff_id uuid not null, topic_discussed varchar(500) not null, comprehension_notes varchar(1000), follow_up_plan varchar(1000), patient_concerns varchar(1000), patient_questions varchar(1000), discussion_notes TEXT, category enum ('BIRTH_PLAN','BREASTFEEDING','EXERCISE','GENETIC_SCREENING','HIGH_RISK_PREGNANCY','LABOR_AND_DELIVERY','MANAGING_DISCOMFORT','MENTAL_HEALTH','NEWBORN_CARE','NUTRITION','POSTPARTUM_CARE','PRENATAL_CARE','PRENATAL_VITAMINS','ULTRASOUND_SCANS','WARNING_SIGNS') not null, primary key (id))
    Hibernate: create table clinical.visit_education_resources_provided (documentation_id uuid not null, resource_id uuid)
    Hibernate: create index clinical.idx_directive_patient on clinical.advance_directives (patient_id)
    Hibernate: create index clinical.idx_directive_hospital on clinical.advance_directives (hospital_id)
    Hibernate: create index clinical.idx_directive_status on clinical.advance_directives (status)
    Hibernate: create index clinical.idx_appt_patient on clinical.appointments (patient_id)
    Hibernate: create index clinical.idx_appt_staff on clinical.appointments (staff_id)
    Hibernate: create index clinical.idx_appt_hospital on clinical.appointments (hospital_id)
    Hibernate: create index clinical.idx_appt_date on clinical.appointments (appointment_date)
    Hibernate: create index clinical.idx_appt_status on clinical.appointments (status)
    Hibernate: create index clinical.idx_birth_plans_patient on clinical.birth_plans (patient_id)
    Hibernate: create index clinical.idx_birth_plans_hospital on clinical.birth_plans (hospital_id)
    Hibernate: create index clinical.idx_birth_plans_created on clinical.birth_plans (created_at)
    Hibernate: create index clinical.idx_consultation_patient on clinical.consultations (patient_id)
    Hibernate: create index clinical.idx_consultation_hospital on clinical.consultations (hospital_id)
    Hibernate: create index clinical.idx_consultation_requesting on clinical.consultations (requesting_provider_id)
    Hibernate: create index clinical.idx_consultation_consultant on clinical.consultations (consultant_id)
    Hibernate: create index clinical.idx_consultation_status on clinical.consultations (status)
    Hibernate: create index clinical.idx_consultation_created on clinical.consultations (created_at)
    Hibernate: create index clinical.idx_digital_signature_report on clinical.digital_signatures (report_type, report_id)
    Hibernate: create index clinical.idx_digital_signature_signed_by on clinical.digital_signatures (signed_by_staff_id)
    Hibernate: create index clinical.idx_digital_signature_status on clinical.digital_signatures (status)
    Hibernate: create index clinical.idx_digital_signature_hospital on clinical.digital_signatures (hospital_id)
    Hibernate: create index clinical.idx_digital_signature_datetime on clinical.digital_signatures (signature_date_time)
    Hibernate: create index clinical.idx_digital_signature_hash on clinical.digital_signatures (signature_hash)
    Hibernate: create index clinical.idx_discharge_patient on clinical.discharge_approvals (patient_id)
    Hibernate: create index clinical.idx_discharge_hospital on clinical.discharge_approvals (hospital_id)
    Hibernate: create index clinical.idx_discharge_status on clinical.discharge_approvals (status)
    Hibernate: create index clinical.idx_discharge_requested_at on clinical.discharge_approvals (requested_at)
    Hibernate: create index clinical.idx_discharge_summary_patient on clinical.discharge_summaries (patient_id)
    Hibernate: create index clinical.idx_discharge_summary_encounter on clinical.discharge_summaries (encounter_id)
    Hibernate: create index clinical.idx_discharge_summary_hospital on clinical.discharge_summaries (hospital_id)
    Hibernate: create index clinical.idx_discharge_summary_discharge_date on clinical.discharge_summaries (discharge_date)
    Hibernate: create index clinical.idx_discharge_summary_created_at on clinical.discharge_summaries (created_at)
    Hibernate: create index clinical.idx_drug_interaction_drug1 on clinical.drug_interactions (drug1_code)
    Hibernate: create index clinical.idx_drug_interaction_drug2 on clinical.drug_interactions (drug2_code)
    Hibernate: create index clinical.idx_drug_interaction_severity on clinical.drug_interactions (severity)
    Hibernate: create index clinical.idx_drug_interaction_source on clinical.drug_interactions (source_database)
    Hibernate: create index clinical.idx_encounter_notes_patient on clinical.encounter_notes (patient_id)
    Hibernate: create index clinical.idx_encounter_notes_hospital on clinical.encounter_notes (hospital_id)
    Hibernate: create index clinical.idx_encounter_notes_documented on clinical.encounter_notes (documented_at)
    Hibernate: create index clinical.idx_et_encounter on clinical.encounter_treatments (encounter_id)
    Hibernate: create index clinical.idx_et_treatment on clinical.encounter_treatments (treatment_id)
    Hibernate: create index clinical.idx_et_staff on clinical.encounter_treatments (staff_id)
    Hibernate: create index clinical.idx_encounter_patient on clinical.encounters (patient_id)
    Hibernate: create index clinical.idx_encounter_staff on clinical.encounters (staff_id)
    Hibernate: create index clinical.idx_encounter_hospital on clinical.encounters (hospital_id)
    Hibernate: create index clinical.idx_encounter_date on clinical.encounters (encounter_date)
    Hibernate: create index clinical.idx_encounter_status on clinical.encounters (status)
    Hibernate: create index clinical.idx_high_risk_plans_patient on clinical.high_risk_pregnancy_plans (patient_id)
    Hibernate: create index clinical.idx_high_risk_plans_hospital on clinical.high_risk_pregnancy_plans (hospital_id)
    Hibernate: create index clinical.idx_high_risk_plans_created on clinical.high_risk_pregnancy_plans (created_at)
    Hibernate: create index clinical.idx_imaging_order_patient on clinical.imaging_orders (patient_id)
    Hibernate: create index clinical.idx_imaging_order_hospital on clinical.imaging_orders (hospital_id)
    Hibernate: create index clinical.idx_imaging_order_modality on clinical.imaging_orders (modality)
    Hibernate: create index clinical.idx_imaging_order_status on clinical.imaging_orders (status)
    Hibernate: create index clinical.idx_imaging_order_body_region on clinical.imaging_orders (body_region)
    Hibernate: create index clinical.idx_imaging_order_scheduled_date on clinical.imaging_orders (scheduled_date)
    Hibernate: create index clinical.idx_imaging_attachment_report on clinical.imaging_report_attachments (report_id)
    Hibernate: create index clinical.idx_imaging_measurement_report on clinical.imaging_report_measurements (report_id)
    Hibernate: create index clinical.idx_imaging_history_report on clinical.imaging_report_status_history (imaging_report_id)
    Hibernate: create index clinical.idx_imaging_history_order on clinical.imaging_report_status_history (imaging_order_id)
    Hibernate: create index clinical.idx_imaging_history_status on clinical.imaging_report_status_history (status)
    Hibernate: create index clinical.idx_imaging_report_order on clinical.imaging_reports (imaging_order_id)
    Hibernate: create index clinical.idx_imaging_report_status on clinical.imaging_reports (report_status)
    Hibernate: create index clinical.idx_imaging_report_version on clinical.imaging_reports (imaging_order_id, is_latest_version)
    Hibernate: create index clinical.idx_imaging_report_performed_at on clinical.imaging_reports (performed_at)
    Hibernate: create index clinical.idx_imaging_report_interpreting_provider on clinical.imaging_reports (interpreting_provider_id)
    Hibernate: create index clinical.idx_imaging_report_hospital on clinical.imaging_reports (hospital_id)
    Hibernate: create index clinical.idx_maternal_history_patient on clinical.maternal_history (patient_id)
    Hibernate: create index clinical.idx_maternal_history_hospital on clinical.maternal_history (hospital_id)
    Hibernate: create index clinical.idx_maternal_history_recorded_date on clinical.maternal_history (recorded_date)
    Hibernate: create index clinical.idx_maternal_history_version on clinical.maternal_history (patient_id, version_number)
    Hibernate: create index clinical.idx_newborn_assessment_patient on clinical.newborn_assessments (patient_id)
    Hibernate: create index clinical.idx_newborn_assessment_hospital on clinical.newborn_assessments (hospital_id)
    Hibernate: create index clinical.idx_newborn_assessment_time on clinical.newborn_assessments (assessment_time desc)
    Hibernate: create index clinical.idx_nursing_notes_patient on clinical.nursing_notes (patient_id)
    Hibernate: create index clinical.idx_nursing_notes_hospital on clinical.nursing_notes (hospital_id)
    Hibernate: create index clinical.idx_nursing_notes_created on clinical.nursing_notes (created_at)
    Hibernate: create index clinical.idx_obgyn_attachment_referral on clinical.obgyn_referral_attachments (referral_id)
    Hibernate: create index clinical.idx_obgyn_attachment_category on clinical.obgyn_referral_attachments (category)
    Hibernate: create index clinical.idx_obgyn_message_referral on clinical.obgyn_referral_messages (referral_id)
    Hibernate: create index clinical.idx_obgyn_message_sent_at on clinical.obgyn_referral_messages (sent_at)
    Hibernate: create index clinical.idx_obgyn_referral_patient on clinical.obgyn_referrals (patient_id)
    Hibernate: create index clinical.idx_obgyn_referral_status on clinical.obgyn_referrals (status)
    Hibernate: create index clinical.idx_obgyn_referral_sla on clinical.obgyn_referrals (sla_due_at)
    Hibernate: create index clinical.idx_obgyn_referral_obgyn on clinical.obgyn_referrals (obgyn_user_id)
    Hibernate: create index clinical.idx_obgyn_referral_hospital on clinical.obgyn_referrals (hospital_id)
    Hibernate: create index clinical.idx_allergy_patient on clinical.patient_allergies (patient_id)
    Hibernate: create index clinical.idx_allergy_hospital on clinical.patient_allergies (hospital_id)
    Hibernate: create index clinical.idx_allergy_active on clinical.patient_allergies (active)
    Hibernate: create index clinical.idx_chart_update_patient on clinical.patient_chart_updates (patient_id)
    Hibernate: create index clinical.idx_chart_update_hospital on clinical.patient_chart_updates (hospital_id)
    Hibernate: create index clinical.idx_chart_update_version on clinical.patient_chart_updates (patient_id, hospital_id, version_number)
    Hibernate: create index clinical.idx_consent_patient on clinical.patient_consents (patient_id)
    Hibernate: create index clinical.idx_consent_from_hospital on clinical.patient_consents (from_hospital_id)
    Hibernate: create index clinical.idx_consent_to_hospital on clinical.patient_consents (to_hospital_id)
    Hibernate: create index clinical.idx_education_progress_patient on clinical.patient_education_progress (patient_id)
    Hibernate: create index clinical.idx_education_progress_resource on clinical.patient_education_progress (resource_id)
    Hibernate: create index clinical.idx_education_progress_status on clinical.patient_education_progress (comprehension_status)
    Hibernate: create index clinical.idx_education_question_patient on clinical.patient_education_questions (patient_id)
    Hibernate: create index clinical.idx_education_question_resource on clinical.patient_education_questions (resource_id)
    Hibernate: create index clinical.idx_education_question_answered on clinical.patient_education_questions (is_answered)
    Hibernate: create index clinical.idx_family_history_patient on clinical.patient_family_history (patient_id)
    Hibernate: create index clinical.idx_family_history_hospital on clinical.patient_family_history (hospital_id)
    Hibernate: create index clinical.idx_family_history_condition on clinical.patient_family_history (condition_code)
    Hibernate: create index clinical.idx_family_history_recorded_date on clinical.patient_family_history (recorded_date)
    Hibernate: create index clinical.idx_phr_patient on clinical.patient_hospital_registrations (patient_id)
    Hibernate: create index clinical.idx_phr_hospital on clinical.patient_hospital_registrations (hospital_id)
    Hibernate: create index clinical.idx_phr_active on clinical.patient_hospital_registrations (is_active)
    Hibernate: create index clinical.idx_immunization_patient on clinical.patient_immunization (patient_id)
    Hibernate: create index clinical.idx_immunization_hospital on clinical.patient_immunization (hospital_id)
    Hibernate: create index clinical.idx_immunization_vaccine on clinical.patient_immunization (vaccine_code)
    Hibernate: create index clinical.idx_immunization_date on clinical.patient_immunization (administration_date)
    Hibernate: create index clinical.idx_immunization_status on clinical.patient_immunization (status)
    Hibernate: create index clinical.idx_pi_patient on clinical.patient_insurances (patient_id)
    Hibernate: create index clinical.idx_pi_assignment on clinical.patient_insurances (assignment_id)
    Hibernate: create index clinical.idx_pi_effective on clinical.patient_insurances (effective_date)
    Hibernate: create index clinical.idx_pi_expiration on clinical.patient_insurances (expiration_date)
    Hibernate: create index clinical.IDX6diykltd0cmf45vxkc9ed0w0 on clinical.patient_primary_care (patient_id)
    Hibernate: create index clinical.IDXop3pmtxyyhrtswrgkkd4nirv5 on clinical.patient_primary_care (hospital_id)
    Hibernate: create index clinical.IDX77r0letk4lprpbxl7wpy1pxyo on clinical.patient_primary_care (assignment_id)
    Hibernate: create index clinical.idx_problem_patient on clinical.patient_problems (patient_id)
    Hibernate: create index clinical.idx_problem_hospital on clinical.patient_problems (hospital_id)
    Hibernate: create index clinical.idx_problem_status on clinical.patient_problems (status)
    Hibernate: create index clinical.idx_social_history_patient on clinical.patient_social_history (patient_id)
    Hibernate: create index clinical.idx_social_history_hospital on clinical.patient_social_history (hospital_id)
    Hibernate: create index clinical.idx_social_history_recorded_date on clinical.patient_social_history (recorded_date)
    Hibernate: create index clinical.idx_surgical_history_patient on clinical.patient_surgical_history (patient_id)
    Hibernate: create index clinical.idx_surgical_history_hospital on clinical.patient_surgical_history (hospital_id)
    Hibernate: create index clinical.idx_surgical_history_date on clinical.patient_surgical_history (procedure_date)
    Hibernate: create index clinical.idx_patient_vitals_patient on clinical.patient_vital_signs (patient_id)
    Hibernate: create index clinical.idx_patient_vitals_recorded_at on clinical.patient_vital_signs (recorded_at)
    Hibernate: create index clinical.idx_patient_vitals_registration on clinical.patient_vital_signs (registration_id)
    Hibernate: create index clinical.idx_patient_email on clinical.patients (email)
    Hibernate: create index clinical.idx_patient_phone_primary on clinical.patients (phone_number_primary)
    Hibernate: create index clinical.idx_patient_user on clinical.patients (user_id)
    Hibernate: create index clinical.idx_pharmacy_fill_patient on clinical.pharmacy_fills (patient_id)
    Hibernate: create index clinical.idx_pharmacy_fill_prescription on clinical.pharmacy_fills (prescription_id)
    Hibernate: create index clinical.idx_pharmacy_fill_hospital on clinical.pharmacy_fills (hospital_id)
    Hibernate: create index clinical.idx_pharmacy_fill_date on clinical.pharmacy_fills (fill_date)
    Hibernate: create index clinical.idx_pharmacy_fill_ndc on clinical.pharmacy_fills (ndc_code)
    Hibernate: create index clinical.idx_pharmacy_fill_source on clinical.pharmacy_fills (source_system)
    Hibernate: create index clinical.idx_postpartum_plan_patient on clinical.postpartum_care_plans (patient_id)
    Hibernate: create index clinical.idx_postpartum_plan_hospital on clinical.postpartum_care_plans (hospital_id)
    Hibernate: create index clinical.idx_postpartum_plan_active on clinical.postpartum_care_plans (active)
    Hibernate: create index clinical.idx_postpartum_obs_patient on clinical.postpartum_observations (patient_id)
    Hibernate: create index clinical.idx_postpartum_obs_hospital on clinical.postpartum_observations (hospital_id)
    Hibernate: create index clinical.idx_postpartum_obs_plan on clinical.postpartum_observations (care_plan_id)
    Hibernate: create index clinical.idx_postpartum_obs_observation_time on clinical.postpartum_observations (observation_time)
    Hibernate: create index clinical.idx_prescription_transmission_rx on clinical.prescription_transmissions (prescription_id)
    Hibernate: create index clinical.idx_prescription_transmission_status on clinical.prescription_transmissions (status)
    Hibernate: create index clinical.idx_rx_patient on clinical.prescriptions (patient_id)
    Hibernate: create index clinical.idx_rx_staff on clinical.prescriptions (staff_id)
    Hibernate: create index clinical.idx_rx_encounter on clinical.prescriptions (encounter_id)
    Hibernate: create index clinical.idx_rx_assignment on clinical.prescriptions (assignment_id)
    Hibernate: create index clinical.idx_rx_createdAt on clinical.prescriptions (created_at)
    Hibernate: create index clinical.idx_rx_hospital on clinical.prescriptions (hospital_id)
    Hibernate: create index clinical.idx_rx_status on clinical.prescriptions (status)
    Hibernate: create index clinical.idx_rx_dispatch_status on clinical.prescriptions (dispatch_status)
    Hibernate: create index clinical.idx_procedure_order_patient on clinical.procedure_orders (patient_id)
    Hibernate: create index clinical.idx_procedure_order_hospital on clinical.procedure_orders (hospital_id)
    Hibernate: create index clinical.idx_procedure_order_ordering on clinical.procedure_orders (ordering_provider_id)
    Hibernate: create index clinical.idx_procedure_order_status on clinical.procedure_orders (status)
    Hibernate: create index clinical.idx_procedure_order_scheduled on clinical.procedure_orders (scheduled_datetime)
    Hibernate: create index clinical.idx_refill_patient on clinical.refill_requests (patient_id)
    Hibernate: create index clinical.idx_refill_prescription on clinical.refill_requests (prescription_id)
    Hibernate: create index clinical.idx_refill_status on clinical.refill_requests (status)
    Hibernate: create index clinical.idx_tp_followups_plan on clinical.treatment_plan_followups (treatment_plan_id)
    Hibernate: create index clinical.idx_tp_followups_status on clinical.treatment_plan_followups (status)
    Hibernate: create index clinical.idx_tp_reviews_plan on clinical.treatment_plan_reviews (treatment_plan_id)
    Hibernate: create index clinical.idx_tp_reviews_reviewer on clinical.treatment_plan_reviews (reviewer_staff_id)
    Hibernate: create index clinical.idx_tp_patient on clinical.treatment_plans (patient_id)
    Hibernate: create index clinical.idx_tp_hospital on clinical.treatment_plans (hospital_id)
    Hibernate: create index clinical.idx_tp_status on clinical.treatment_plans (status)
    Hibernate: create index clinical.idx_tp_visibility on clinical.treatment_plans (patient_visibility)
    Hibernate: create index clinical.idx_tp_encounter on clinical.treatment_plans (encounter_id)
    Hibernate: create index clinical.idx_treatment_hospital on clinical.treatments (hospital_id)
    Hibernate: create index clinical.idx_treatment_department on clinical.treatments (department_id)
    Hibernate: create index clinical.idx_treatment_assignment on clinical.treatments (assignment_id)
    Hibernate: create index clinical.idx_treatment_active on clinical.treatments (active)
    Hibernate: create index clinical.idx_ultrasound_patient on clinical.ultrasound_orders (patient_id)
    Hibernate: create index clinical.idx_ultrasound_hospital on clinical.ultrasound_orders (hospital_id)
    Hibernate: create index clinical.idx_ultrasound_status on clinical.ultrasound_orders (status)
    Hibernate: create index clinical.idx_ultrasound_scan_type on clinical.ultrasound_orders (scan_type)
    Hibernate: create index clinical.idx_ultrasound_ordered_date on clinical.ultrasound_orders (ordered_date)
    Hibernate: create index clinical.idx_ultrasound_report_order on clinical.ultrasound_reports (ultrasound_order_id)
    Hibernate: create index clinical.idx_ultrasound_report_hospital on clinical.ultrasound_reports (hospital_id)
    Hibernate: create index clinical.idx_ultrasound_report_finding on clinical.ultrasound_reports (finding_category)
    Hibernate: create index clinical.idx_ultrasound_report_date on clinical.ultrasound_reports (scan_date)
    Hibernate: create index clinical.idx_visit_education_encounter on clinical.visit_education_documentation (encounter_id)
    Hibernate: create index clinical.idx_visit_education_patient on clinical.visit_education_documentation (patient_id)
    Hibernate: create index clinical.idx_visit_education_category on clinical.visit_education_documentation (category)
    Hibernate: create table empi.identity_aliases (active boolean not null, created_at timestamp(6) not null, updated_at timestamp(6) not null, created_by uuid, id uuid not null, master_identity_id uuid not null, updated_by uuid, source_system varchar(100), alias_value varchar(255) not null, alias_type enum ('DRIVER_LICENSE','INSURANCE_ID','LEGACY_EMPI','MRN','NATIONAL_ID','OTHER','PASSPORT') not null, primary key (id), constraint uq_empi_alias_value unique (alias_type, alias_value))
    Hibernate: create table empi.master_identities (active boolean not null, created_at timestamp(6) not null, updated_at timestamp(6) not null, created_by uuid, department_id uuid, hospital_id uuid, id uuid not null, organization_id uuid, patient_id uuid, updated_by uuid, empi_number varchar(64) not null unique, mrn_snapshot varchar(100), source_system varchar(100), metadata TEXT, resolution_state enum ('AUTO_MATCHED','CONFIRMED','MANUAL_REVIEW','NEW','REJECTED'), status enum ('ACTIVE','DUPLICATE','MERGED','RETIRED','SUSPENDED') not null, primary key (id))
    Hibernate: create table empi.merge_events (created_at timestamp(6) not null, merged_at timestamp(6) with time zone, updated_at timestamp(6) not null, department_id uuid, hospital_id uuid, id uuid not null, merged_by uuid, organization_id uuid, primary_identity_id uuid not null, secondary_identity_id uuid not null, resolution varchar(50), undo_token varchar(100), notes TEXT, merge_type enum ('AUTOMATED','CLINICAL_REQUEST','DATA_CLEANUP','MANUAL'), primary key (id))
    Hibernate: create index empi.idx_empi_alias_master on empi.identity_aliases (master_identity_id)
    Hibernate: create index empi.idx_empi_alias_type on empi.identity_aliases (alias_type)
    Hibernate: create index empi.idx_empi_identity_patient on empi.master_identities (patient_id)
    Hibernate: create index empi.idx_empi_identity_org on empi.master_identities (organization_id)
    Hibernate: create index empi.idx_empi_identity_hospital on empi.master_identities (hospital_id)
    Hibernate: create index empi.idx_empi_identity_status on empi.master_identities (status)
    Hibernate: create index empi.idx_empi_merge_primary on empi.merge_events (primary_identity_id)
    Hibernate: create index empi.idx_empi_merge_secondary on empi.merge_events (secondary_identity_id)
    Hibernate: create index empi.idx_empi_merge_org on empi.merge_events (organization_id)
    Hibernate: create index empi.idx_empi_merge_hospital on empi.merge_events (hospital_id)
    Hibernate: create table governance.security_policy_approvals (created_at timestamp(6) not null, required_by timestamp(6), submitted_at timestamp(6), updated_at timestamp(6) not null, id uuid not null, severity varchar(40), baseline_version varchar(80), change_type varchar(80), requested_by varchar(120), policy_name varchar(160) not null, summary varchar(1000), status enum ('APPROVED','PENDING','REJECTED') not null, primary key (id))
    Hibernate: create table governance.security_policy_baselines (policy_count integer not null, created_at timestamp(6) not null, updated_at timestamp(6) not null, id uuid not null, enforcement_level varchar(60) not null, baseline_version varchar(80) not null, created_by varchar(120), title varchar(160) not null, summary varchar(1000), control_objectives_json TEXT, primary key (id), constraint uq_security_policy_baseline_version unique (baseline_version))
    Hibernate: create table governance.security_rule_sets (rule_count integer not null, created_at timestamp(6) not null, published_at timestamp(6), updated_at timestamp(6) not null, id uuid not null, enforcement_scope varchar(60) not null, code varchar(100) not null, published_by varchar(120), name varchar(160) not null, description varchar(1000), metadata_json TEXT, primary key (id), constraint uq_security_rule_set_code unique (code))
    Hibernate: create index governance.idx_security_policy_approvals_status on governance.security_policy_approvals (status)
    Hibernate: create index governance.idx_security_policy_approvals_required_by on governance.security_policy_approvals (required_by)
    Hibernate: create index governance.idx_security_policy_baselines_created_at on governance.security_policy_baselines (created_at)
    Hibernate: create index governance.idx_security_rule_sets_code on governance.security_rule_sets (code)
    Hibernate: create index governance.idx_security_rule_sets_scope on governance.security_rule_sets (enforcement_scope)
    Hibernate: create table hospital.department_translations (created_at timestamp(6) not null, updated_at timestamp(6) not null, language_code varchar(10) not null, assignment_id uuid not null, department_id uuid not null, id uuid not null, language varchar(100), description varchar(2048), name varchar(255) not null, primary key (id), constraint uq_dept_translation_dept_lang unique (department_id, language_code))
    Hibernate: create table hospital.departments (bed_capacity integer, is_active boolean not null, created_at timestamp(6) not null, updated_at timestamp(6) not null, assignment_id uuid not null, head_of_department_staff_id uuid unique, hospital_id uuid not null, id uuid not null, phone_number varchar(20), code varchar(32) not null, department_service_level varchar(60), department_billing_system varchar(120), department_data_steward varchar(120), department_ehr_system varchar(120), department_inventory_system varchar(120), department_owner_team varchar(120), description varchar(2048), department_integration_notes varchar(255), department_owner_contact_email varchar(255), email varchar(255) not null, name varchar(255) not null, primary key (id), constraint uq_dept_hospital_name unique (hospital_id, name))
    Hibernate: create table hospital.hospitals (active boolean not null, created_at timestamp(6) not null, updated_at timestamp(6) not null, id uuid not null, organization_id uuid, phone_number varchar(30), po_box varchar(50), zip_code varchar(50), hospital_service_level varchar(60), city varchar(100), code varchar(100) not null unique, country varchar(100), license_number varchar(100), province varchar(100), region varchar(100), sector varchar(100), state varchar(100), hospital_billing_system varchar(120), hospital_data_steward varchar(120), hospital_ehr_system varchar(120), hospital_inventory_system varchar(120), hospital_owner_team varchar(120), address varchar(2048), email varchar(255), hospital_integration_notes varchar(255), hospital_owner_contact_email varchar(255), name varchar(255) not null, website varchar(255), primary key (id))
    Hibernate: create table hospital.organizations (active boolean not null, created_at timestamp(6) not null, updated_at timestamp(6) not null, id uuid not null, primary_contact_phone varchar(32), service_level varchar(60), code varchar(100) not null unique, billing_system varchar(120), data_steward varchar(120), default_timezone varchar(120), ehr_system varchar(120), inventory_system varchar(120), owner_team varchar(120), description varchar(500), onboarding_notes varchar(1000), integration_notes varchar(255), name varchar(255) not null, owner_contact_email varchar(255), primary_contact_email varchar(255), type enum ('ACADEMIC_CENTER','ACADEMIC_MEDICAL_CENTER','AMBULATORY','COMMUNITY_HOSPITAL','GOVERNMENT_AGENCY','HEALTHCARE_NETWORK','HEALTH_SYSTEM','HOSPITAL','HOSPITAL_CHAIN','PEDIATRIC_SYSTEM','PRIVATE_PRACTICE','REGIONAL_NETWORK','RESEARCH_INSTITUTION','SPECIALTY_GROUP','SPECIALTY_NETWORK') not null, primary key (id))
    Hibernate: create table hospital.staff (active boolean not null, end_date date, start_date date, created_at timestamp(6) not null, signature_captured_at timestamp(6), signature_revoked_at timestamp(6), updated_at timestamp(6) not null, assignment_id uuid not null, department_id uuid, hospital_id uuid not null, id uuid not null, user_id uuid not null unique, npi varchar(20) unique, license_number varchar(100), specialization varchar(100), signature_certificate_id varchar(120), name varchar(500), signature_public_key TEXT, employment_type enum ('CONTRACT','FULL_TIME','INTERN','LOCUM','PART_TIME') not null, job_title enum ('ADMINISTRATIVE_ASSISTANT','ADMINISTRATIVE_STAFF','ANESTHESIOLOGIST','BILLING_SPECIALIST','CLEANING_STAFF','DOCTOR','HOSPITAL_ADMIN','HOSPITAL_ADMINISTRATOR','HUMAN_RESOURCES','IT_SUPPORT','LABORATORY_SCIENTIST','LAB_SCIENTIST','LAB_TECHNICIAN','MIDWIFE','NURSE','NURSE_PRACTITIONER','PATIENT','PHARMACIST','PHYSICIAN','PHYSIOTHERAPIST','PSYCHOLOGIST','RADIOLOGIST','RECEPTIONIST','SECURITY_PERSONNEL','SOCIAL_WORKER','SUPER_ADMIN','SURGEON','TECHNICIAN','VISITOR') not null, primary key (id), constraint uq_staff_license_user unique (license_number, user_id), constraint uq_staff_user_hospital unique (user_id, hospital_id))
    Hibernate: create table hospital.staff_availability (available_from time(6), available_to time(6), date date not null, day_off boolean not null, is_active boolean not null, created_at timestamp(6) not null, updated_at timestamp(6) not null, hospital_id uuid not null, id uuid not null, staff_id uuid not null, note varchar(255), primary key (id), constraint uq_staff_availability_staff_date unique (staff_id, date))
    Hibernate: create table hospital.staff_leave_requests (end_date date not null, end_time time(6), requires_coverage boolean not null, start_date date not null, start_time time(6), created_at timestamp(6) not null, reviewed_at timestamp(6), updated_at timestamp(6) not null, department_id uuid, hospital_id uuid not null, id uuid not null, requested_by_user_id uuid not null, reviewed_by_user_id uuid, staff_id uuid not null, manager_note varchar(1000), reason varchar(1000), leave_type enum ('EMERGENCY','OTHER','SICK','TRAINING','UNPAID','VACATION') not null, status enum ('APPROVED','CANCELLED','PENDING','REJECTED') not null, primary key (id))
    Hibernate: create table hospital.staff_shifts (end_time time(6) not null, published boolean not null, shift_date date not null, start_time time(6) not null, created_at timestamp(6) not null, status_changed_at timestamp(6), updated_at timestamp(6) not null, department_id uuid, hospital_id uuid not null, id uuid not null, last_modified_by_user_id uuid, scheduled_by_user_id uuid not null, staff_id uuid not null, cancellation_reason varchar(1000), notes varchar(1000), shift_type enum ('AFTERNOON','EVENING','FLEX','MORNING','NIGHT','ON_CALL') not null, status enum ('CANCELLED','COMPLETED','SCHEDULED') not null, primary key (id), constraint uq_staff_shift_unique_slot unique (staff_id, shift_date, start_time, end_time))
    Hibernate: create index hospital.idx_dept_translation_dept on hospital.department_translations (department_id)
    Hibernate: create index hospital.idx_dept_translation_lang on hospital.department_translations (language_code)
    Hibernate: create index hospital.idx_dept_translation_assignment on hospital.department_translations (assignment_id)
    Hibernate: create index hospital.idx_dept_hospital on hospital.departments (hospital_id)
    Hibernate: create index hospital.idx_dept_assignment on hospital.departments (assignment_id)
    Hibernate: create index hospital.idx_dept_active on hospital.departments (is_active)
    Hibernate: create index hospital.idx_hospital_active on hospital.hospitals (active)
    Hibernate: create index hospital.idx_hospital_city on hospital.hospitals (city)
    Hibernate: create index hospital.idx_hospital_country on hospital.hospitals (country)
    Hibernate: create index hospital.idx_organization_active on hospital.organizations (active)
    Hibernate: create index hospital.idx_organization_type on hospital.organizations (type)
    Hibernate: create index hospital.idx_staff_hospital on hospital.staff (hospital_id)
    Hibernate: create index hospital.idx_staff_department on hospital.staff (department_id)
    Hibernate: create index hospital.idx_staff_assignment on hospital.staff (assignment_id)
    Hibernate: create index hospital.idx_staff_license on hospital.staff (license_number)
    Hibernate: create index hospital.idx_staff_availability_staff on hospital.staff_availability (staff_id)
    Hibernate: create index hospital.idx_staff_availability_hospital on hospital.staff_availability (hospital_id)
    Hibernate: create index hospital.idx_staff_availability_date on hospital.staff_availability (date)
    Hibernate: create index hospital.idx_staff_leave_staff on hospital.staff_leave_requests (staff_id)
    Hibernate: create index hospital.idx_staff_leave_hospital on hospital.staff_leave_requests (hospital_id)
    Hibernate: create index hospital.idx_staff_leave_department on hospital.staff_leave_requests (department_id)
    Hibernate: create index hospital.idx_staff_leave_status on hospital.staff_leave_requests (status)
    Hibernate: create index hospital.idx_staff_leave_start_date on hospital.staff_leave_requests (start_date)
    Hibernate: create index hospital.idx_staff_shift_staff on hospital.staff_shifts (staff_id)
    Hibernate: create index hospital.idx_staff_shift_hospital on hospital.staff_shifts (hospital_id)
    Hibernate: create index hospital.idx_staff_shift_department on hospital.staff_shifts (department_id)
    Hibernate: create index hospital.idx_staff_shift_date on hospital.staff_shifts (shift_date)
    Hibernate: create index hospital.idx_staff_shift_status on hospital.staff_shifts (status)
    Hibernate: create table lab.lab_orders (documentation_shared_with_lab boolean not null, standing_order boolean not null, standing_order_review_interval_days integer, created_at timestamp(6) not null, order_datetime timestamp(6) not null, signed_at timestamp(6), standing_order_expires_at timestamp(6), standing_order_last_reviewed_at timestamp(6), standing_order_review_due_at timestamp(6), updated_at timestamp(6) not null, assignment_id uuid not null, encounter_id uuid, hospital_id uuid not null, id uuid not null, lab_test_definition_id uuid not null, ordering_staff_id uuid not null, patient_id uuid not null, signed_by_user_id uuid, ordering_provider_npi varchar(20), primary_diagnosis_code varchar(20), order_channel_other varchar(120), provider_signature_digest varchar(512), clinical_indication varchar(2048) not null, medical_necessity_note varchar(2048), notes varchar(2048), standing_order_review_notes varchar(2048), additional_diagnosis_codes TEXT, documentation_reference varchar(255), order_channel enum ('ELECTRONIC','EMAIL','FAX','OTHER','PHONE','PORTAL','WALK_IN','WRITTEN') not null, status enum ('CANCELLED','COMPLETED','IN_PROGRESS','ORDERED','PENDING') not null, primary key (id))
    Hibernate: create table lab.lab_results (acknowledged boolean not null, released boolean not null, acknowledged_at timestamp(6), created_at timestamp(6) not null, released_at timestamp(6), result_date timestamp(6) not null, signed_at timestamp(6), updated_at timestamp(6) not null, acknowledged_by_user_id uuid, assignment_id uuid not null, id uuid not null, lab_order_id uuid not null, released_by_user_id uuid, signed_by_user_id uuid, result_unit varchar(50), notes varchar(2048), result_value varchar(2048) not null, signature_notes varchar(2048), signature_value varchar(2048), acknowledged_by_display varchar(255), released_by_display varchar(255), signed_by_display varchar(255), primary key (id))
    Hibernate: create table lab.lab_test_definitions (is_active boolean not null, turnaround_time_minutes integer, created_at timestamp(6) not null, updated_at timestamp(6) not null, assignment_id uuid, hospital_id uuid, id uuid not null, test_code varchar(50) not null, unit varchar(50), category varchar(100), sample_type varchar(100), preparation_instructions varchar(1000), description varchar(2048), name varchar(255) not null, reference_ranges TEXT, primary key (id), constraint uq_lab_testdef_name_global unique (name), constraint uq_lab_testdef_code_global unique (test_code))
    Hibernate: create index lab.idx_lab_order_patient on lab.lab_orders (patient_id)
    Hibernate: create index lab.idx_lab_order_staff on lab.lab_orders (ordering_staff_id)
    Hibernate: create index lab.idx_lab_order_hospital on lab.lab_orders (hospital_id)
    Hibernate: create index lab.idx_lab_order_status on lab.lab_orders (status)
    Hibernate: create index lab.idx_lab_order_datetime on lab.lab_orders (order_datetime)
    Hibernate: create index lab.idx_lab_result_order on lab.lab_results (lab_order_id)
    Hibernate: create index lab.idx_lab_result_date on lab.lab_results (result_date)
    Hibernate: create index lab.idx_lab_result_assignment on lab.lab_results (assignment_id)
    Hibernate: create index lab.idx_lab_testdef_hospital on lab.lab_test_definitions (hospital_id)
    Hibernate: create index lab.idx_lab_testdef_name on lab.lab_test_definitions (name)
    Hibernate: create index lab.idx_lab_testdef_assignment on lab.lab_test_definitions (assignment_id)
    Hibernate: create table platform.department_platform_service_links (enabled boolean not null, created_at timestamp(6) not null, updated_at timestamp(6) not null, department_id uuid not null, id uuid not null, organization_service_id uuid not null, dept_link_service_level varchar(60), credentials_reference varchar(120), dept_link_data_steward varchar(120), dept_link_owner_team varchar(120), dept_link_owner_contact_email varchar(255), override_endpoint varchar(255), primary key (id), constraint uq_department_service unique (department_id, organization_service_id))
    Hibernate: create table platform.hospital_platform_service_links (enabled boolean not null, created_at timestamp(6) not null, updated_at timestamp(6) not null, hospital_id uuid not null, id uuid not null, organization_service_id uuid not null, link_service_level varchar(60), credentials_reference varchar(120), link_data_steward varchar(120), link_owner_team varchar(120), link_owner_contact_email varchar(255), override_endpoint varchar(255), primary key (id), constraint uq_hospital_service unique (hospital_id, organization_service_id))
    Hibernate: create table platform.organization_platform_services (managed_by_platform boolean not null, created_at timestamp(6) not null, updated_at timestamp(6) not null, id uuid not null, organization_id uuid not null, service_level varchar(60), api_key_reference varchar(120), provider varchar(120), service_billing_system varchar(120), service_data_steward varchar(120), service_ehr_system varchar(120), service_inventory_system varchar(120), service_owner_team varchar(120), base_url varchar(255), documentation_url varchar(255), service_integration_notes varchar(255), service_owner_contact_email varchar(255), service_type enum ('ANALYTICS','BILLING','CLINICAL_ANALYTICS','EHR','INVENTORY','LIMS','ORTHO_IMAGING','PEDIATRIC_MESSAGING','REMOTE_MONITORING','RESP_TELEMED') not null, status enum ('ACTIVE','DECOMMISSIONED','INACTIVE','PENDING','PILOT') not null, primary key (id), constraint uq_org_service_type unique (organization_id, service_type))
    Hibernate: create table platform.platform_feature_flag_overrides (enabled boolean not null, created_at timestamp(6) not null, updated_at timestamp(6) not null, id uuid not null, flag_key varchar(120) not null, updated_by varchar(120), description varchar(255), primary key (id), constraint uq_feature_flag_override_key unique (flag_key))
    Hibernate: create table platform.platform_release_windows (freeze_changes boolean not null, created_at timestamp(6) not null, ends_at timestamp(6) not null, starts_at timestamp(6) not null, updated_at timestamp(6) not null, id uuid not null, environment varchar(60) not null, owner_team varchar(120), window_name varchar(120) not null, description varchar(240), notes varchar(255), status enum ('CANCELLED','COMPLETED','IN_PROGRESS','SCHEDULED') not null, primary key (id), constraint uq_release_window_name unique (window_name, environment))
    Hibernate: create index platform.idx_hospital_service_enabled on platform.hospital_platform_service_links (enabled)
    Hibernate: create index platform.idx_org_service_type on platform.organization_platform_services (service_type)
    Hibernate: create index platform.idx_org_service_status on platform.organization_platform_services (status)
    Hibernate: create table reference.catalog_entries (active boolean not null, created_at timestamp(6) not null, updated_at timestamp(6) not null, catalog_id uuid not null, id uuid not null, code varchar(160) not null, description varchar(255), label varchar(255) not null, metadata varchar(255), primary key (id))
    Hibernate: create table reference.catalogs (entry_count integer not null, created_at timestamp(6) not null, last_imported_at timestamp(6), published_at timestamp(6), scheduled_publish_at timestamp(6), updated_at timestamp(6) not null, id uuid not null, code varchar(120) not null unique, description varchar(255), name varchar(255) not null, status enum ('ACTIVE','DRAFT','FAILED','INACTIVE','PUBLISHED','SCHEDULED') not null, primary key (id))
    Hibernate: create table security.notifications (read boolean not null, created_at timestamp(6) not null, id uuid not null, message varchar(255) not null, recipient_username varchar(255) not null, primary key (id))
    Hibernate: create table security.organization_security_policies (active boolean not null, enforce_strict boolean not null, priority integer not null, created_at timestamp(6) not null, updated_at timestamp(6) not null, id uuid not null, organization_id uuid not null, code varchar(100) not null, description varchar(1000), name varchar(255) not null, policy_type enum ('ACCESS_CONTROL','API_RATE_LIMITING','AUDIT_LOGGING','COMPLIANCE','DATA_PROTECTION','MULTI_FACTOR_AUTH','PASSWORD_POLICY','ROLE_MANAGEMENT','SESSION_MANAGEMENT') not null, primary key (id), constraint uq_org_security_policy_code unique (organization_id, code))
    Hibernate: create table security.organization_security_rules (active boolean not null, priority integer not null, created_at timestamp(6) not null, updated_at timestamp(6) not null, id uuid not null, security_policy_id uuid not null, code varchar(100) not null, description varchar(1000), rule_value varchar(2000), name varchar(255) not null, rule_type enum ('API_RATE_LIMIT','AUDIT_REQUIREMENT','COMPLIANCE_CHECK','DATA_FILTER','ENDPOINT_ACCESS','IP_WHITELIST','MFA','PASSWORD_STRENGTH','ROLE_PERMISSION','SESSION','SESSION_TIMEOUT','TWO_FACTOR_AUTH') not null, primary key (id), constraint uq_org_security_rule_code unique (security_policy_id, code))
    Hibernate: create table security.password_reset_tokens (consumed_at timestamp(6), created_at timestamp(6) not null, expiration timestamp(6) not null, updated_at timestamp(6) not null, id uuid not null, user_id uuid not null, ip_address varchar(45), token_hash varchar(64) not null unique, primary key (id))
    Hibernate: create table security.permissions (created_at timestamp(6) not null, updated_at timestamp(6) not null, assignment_id uuid not null, id uuid not null, name varchar(50) not null, code varchar(80) not null, primary key (id), constraint uq_permission_assignment_code unique (assignment_id, code))
    Hibernate: create table security.role_permissions (permission_id uuid not null, role_id uuid not null, primary key (permission_id, role_id))
    Hibernate: create table security.roles (created_at timestamp(6) not null, updated_at timestamp(6) not null, id uuid not null, code varchar(50) not null unique, name varchar(50) not null unique, description varchar(255), primary key (id))
    Hibernate: create table security.user_mfa_enrollments (enabled boolean not null, primary_factor boolean not null, created_at timestamp(6) not null, enrolled_at timestamp(6), last_verified_at timestamp(6), updated_at timestamp(6) not null, id uuid not null, user_id uuid not null, channel varchar(120), metadata_json varchar(255), method enum ('APP_PUSH','BACKUP_CODE','EMAIL','PUSH','SECURITY_KEY','SMS','TOTP') not null, primary key (id))
    Hibernate: create table security.user_recovery_contacts (primary_contact boolean not null, verified boolean not null, created_at timestamp(6) not null, updated_at timestamp(6) not null, verified_at timestamp(6), id uuid not null, user_id uuid not null, contact_value varchar(255) not null, notes varchar(255), contact_type enum ('EMAIL','OTHER','PERSONAL_CONTACT','PHONE','SECURITY_KEY') not null, primary key (id))
    Hibernate: create table security.user_role_hospital_assignment (is_active boolean not null, start_date date, assigned_at timestamp(6) not null, confirmation_sent_at timestamp(6), confirmation_verified_at timestamp(6), created_at timestamp(6) not null, updated_at timestamp(6) not null, confirmation_code varchar(16), hospital_id uuid, id uuid not null, registered_by_user_id uuid, role_id uuid not null, user_id uuid not null, assignment_code varchar(50) unique, description varchar(255), temp_plain_password varchar(255), primary key (id), unique (user_id, hospital_id, role_id))
    Hibernate: create table security.user_roles (role_id uuid not null, user_id uuid not null, primary key (user_id, role_id))
    Hibernate: create table security.users (force_password_change boolean default false not null, is_active boolean not null, is_deleted boolean not null, activation_token_expires_at timestamp(6), created_at timestamp(6) not null, last_login_at timestamp(6), password_changed_at timestamp(6), password_rotation_forced_at timestamp(6), password_rotation_warning_at timestamp(6), updated_at timestamp(6) not null, id uuid not null, phone_number varchar(20) not null unique, username varchar(50) not null unique, activation_token varchar(100) unique, email varchar(100) not null unique, first_name varchar(100), last_name varchar(100), profile_image_url varchar(500), password_hash varchar(255) not null, primary key (id))
    Hibernate: create index security.idx_org_policy_organization on security.organization_security_policies (organization_id)
    Hibernate: create index security.idx_org_policy_active on security.organization_security_policies (active)
    Hibernate: create index security.idx_org_policy_type on security.organization_security_policies (policy_type)
    Hibernate: create index security.idx_org_rule_policy on security.organization_security_rules (security_policy_id)
    Hibernate: create index security.idx_org_rule_active on security.organization_security_rules (active)
    Hibernate: create index security.idx_org_rule_type on security.organization_security_rules (rule_type)
    Hibernate: create index security.idx_prt_user on security.password_reset_tokens (user_id)
    Hibernate: create index security.idx_prt_expiration on security.password_reset_tokens (expiration)
    Hibernate: create index security.idx_prt_consumed on security.password_reset_tokens (consumed_at)
    Hibernate: create index security.idx_perm_assignment on security.permissions (assignment_id)
    Hibernate: create index security.idx_perm_code on security.permissions (code)
    Hibernate: create index security.idx_role_name on security.roles (name)
    Hibernate: create index security.idx_role_code on security.roles (code)
    Hibernate: create table support.audit_event_logs (created_at timestamp(6) not null, event_timestamp timestamp(6) not null, updated_at timestamp(6) not null, assignment_id uuid, id uuid not null, user_id uuid, ip_address varchar(45), target_entity_type varchar(50), target_resource_id varchar(100), details varchar(2048), event_description varchar(2048) not null, actor_label varchar(255), hospital_name varchar(255), resource_name varchar(255), role_name varchar(255), user_name varchar(255), actor_type enum ('SYSTEM','USER') not null, event_type enum ('ACCESS','ACCOUNT_LOCKED','ACCOUNT_UNLOCKED','API_KEY_CREATED','API_KEY_REVOKED','APPOINTMENT_CANCELLED','APPOINTMENT_CREATED','APPOINTMENT_UPDATED','ASSIGNMENT_CONFIRMED','BREAK_GLASS_ACCESS','CLAIM_SUBMITTED','CONFIGURATION_CHANGED','CONSENT_GRANTED','CONSENT_REVOKED','CONSENT_UPDATE','DATA_ACCESS','DATA_DELETE','DATA_EXPORT','DATA_IMPORT','DATA_UPDATE','IMAGING_ORDER_CREATED','IMAGING_RESULT_UPDATED','INTEGRATION_CONFIGURED','INVOICE_CREATED','INVOICE_UPDATED','LAB_ORDER_CREATED','LAB_RESULT_RELEASED','LAB_RESULT_UPDATED','LOGIN','LOGIN_FAILURE','LOGOUT','MFA_CHALLENGE','MFA_FAILURE','OTHER','PASSWORD_CHANGED','PASSWORD_RESET_COMPLETE','PASSWORD_RESET_REQUEST','PATIENT_ACCESS','PATIENT_CREATE','PATIENT_DELETE','PATIENT_EXPORT','PATIENT_MERGE','PATIENT_UPDATE','PAYMENT_POSTED','PERMISSION_GRANTED','PERMISSION_REVOKED','PLATFORM_REGISTRY_UPDATED','PRESCRIPTION_CREATED','PRESCRIPTION_DISCONTINUED','PRESCRIPTION_UPDATED','RECORD_SHARE','REFUND_ISSUED','ROLE_ASSIGNED','ROLE_REVOKED','SECURITY_ALERT_TRIGGERED','SECURITY_POLICY_UPDATED','SESSION_TERMINATED','UPDATE','USER_BOOTSTRAP','USER_CREATE','USER_DELETE','USER_DISABLE','USER_ENABLE','USER_UPDATE') not null, status enum ('APPROVED','CANCELLED','COMPLETED','ERROR','FAILURE','IN_PROGRESS','PENDING','REJECTED','SUCCESS'), primary key (id))
    Hibernate: create table support.chat_messages (is_read boolean not null, created_at timestamp(6) not null, sent_at timestamp(6) not null, timestamp timestamp(6), updated_at timestamp(6) not null, assignment_id uuid, id uuid not null, recipient_id uuid not null, sender_id uuid not null, content varchar(2048) not null, primary key (id))
    Hibernate: create table support.frontend_audit_events (created_at timestamp(6) not null, occurred_at timestamp(6) not null, updated_at timestamp(6) not null, id uuid not null, ip_address varchar(45), event_type varchar(120) not null, metadata varchar(4000), actor varchar(255), user_agent varchar(255), primary key (id))
    Hibernate: create table support.service_translations (created_at timestamp(6) not null, updated_at timestamp(6) not null, language_code varchar(10) not null, assignment_id uuid not null, id uuid not null, treatment_id uuid not null, description varchar(1000), name varchar(255) not null, primary key (id), constraint uq_service_translation_treatment_lang unique (treatment_id, language_code))
    Hibernate: create index support.idx_audit_user_time on support.audit_event_logs (user_id, event_timestamp)
    Hibernate: create index support.idx_audit_assignment on support.audit_event_logs (assignment_id)
    Hibernate: create index support.idx_audit_type_time on support.audit_event_logs (event_type, event_timestamp)
    Hibernate: create index support.idx_audit_entity on support.audit_event_logs (target_entity_type, target_resource_id)
    Hibernate: create index support.idx_chat_sender_time on support.chat_messages (sender_id, sent_at)
    Hibernate: create index support.idx_chat_recipient_time on support.chat_messages (recipient_id, sent_at)
    Hibernate: create index support.idx_chat_assignment on support.chat_messages (assignment_id)
    Hibernate: create index support.idx_chat_unread_recipient on support.chat_messages (recipient_id, is_read)
    Hibernate: create index support.idx_frontend_audit_event_type on support.frontend_audit_events (event_type)
    Hibernate: create index support.idx_frontend_audit_actor on support.frontend_audit_events (actor)
    Hibernate: create index support.idx_frontend_audit_occurred on support.frontend_audit_events (occurred_at)
    Hibernate: create index support.idx_st_treatment on support.service_translations (treatment_id)
    Hibernate: create index support.idx_st_assignment on support.service_translations (assignment_id)
    Hibernate: create index support.idx_st_language_code on support.service_translations (language_code)
    Hibernate: create table admission_applied_order_sets (admission_id uuid not null, order_set_id uuid not null)
    Hibernate: create table admission_order_sets (active boolean not null, version integer not null, created_at timestamp(6) not null, deactivated_at timestamp(6), updated_at timestamp(6) not null, created_by_staff_id uuid, department_id uuid, hospital_id uuid not null, id uuid not null, last_modified_by_staff_id uuid, name varchar(200) not null, clinical_guidelines varchar(500), deactivation_reason varchar(500), description varchar(1000), admission_type enum ('DAY_CASE','ELECTIVE','EMERGENCY','LABOR_DELIVERY','NEWBORN','OBSERVATION','PSYCHIATRIC','TRANSFER','URGENT') not null, order_items jsonb not null, primary key (id))
    Hibernate: create table admissions (length_of_stay_days integer, actual_discharge_date_time timestamp(6), admission_date_time timestamp(6) not null, created_at timestamp(6) not null, expected_discharge_date_time timestamp(6), updated_at timestamp(6) not null, admitting_provider_id uuid not null, attending_physician_id uuid, department_id uuid, discharging_provider_id uuid, hospital_id uuid not null, id uuid not null, patient_id uuid not null, primary_diagnosis_code varchar(20), room_bed varchar(50), insurance_auth_number varchar(100), admission_source varchar(200), chief_complaint varchar(500) not null, primary_diagnosis_description varchar(500), admission_notes varchar(2000), discharge_instructions varchar(2000), discharge_summary varchar(5000), acuity_level enum ('LEVEL_1_MINIMAL','LEVEL_2_MODERATE','LEVEL_3_MAJOR','LEVEL_4_SEVERE','LEVEL_5_CRITICAL') not null, admission_type enum ('DAY_CASE','ELECTIVE','EMERGENCY','LABOR_DELIVERY','NEWBORN','OBSERVATION','PSYCHIATRIC','TRANSFER','URGENT') not null, consulting_physicians jsonb, custom_orders jsonb, discharge_disposition enum ('AGAINST_MEDICAL_ADVICE','EXPIRED','HOME','HOME_WITH_HOME_HEALTH','HOSPICE_FACILITY','HOSPICE_HOME','LEFT_WITHOUT_BEING_SEEN','LONG_TERM_CARE_FACILITY','OTHER','PSYCHIATRIC_FACILITY','REHABILITATION_FACILITY','SKILLED_NURSING_FACILITY','TRANSFERRED_TO_ANOTHER_HOSPITAL'), follow_up_appointments jsonb, metadata jsonb, secondary_diagnoses jsonb, status enum ('ACTIVE','AWAITING_DISCHARGE','CANCELLED','DECEASED','DISCHARGED','ON_LEAVE','PENDING','TRANSFERRED') not null, primary key (id))
    Hibernate: create table announcement (date timestamp(6) not null, id uuid not null, text varchar(255) not null, primary key (id))
    Hibernate: create table articles (published_at timestamp(6) with time zone, id uuid not null, content varchar(2000), author varchar(255), image_url varchar(255), title varchar(255) not null, primary key (id))
    Hibernate: create table education_resources (id bigint generated by default as identity, category varchar(255) not null, content TEXT, title varchar(255) not null, url varchar(255), type enum ('ARTICLE','CHECKLIST','FAQ','INFOGRAPHIC','INTERACTIVE_MODULE','PODCAST','VIDEO') not null, primary key (id))
    Hibernate: create table general_referrals (priority_score integer, acknowledged_at timestamp(6), completed_at timestamp(6), created_at timestamp(6) not null, scheduled_appointment_at timestamp(6), sla_due_at timestamp(6), submitted_at timestamp(6), updated_at timestamp(6) not null, hospital_id uuid not null, id uuid not null, patient_id uuid not null, receiving_provider_id uuid, referring_provider_id uuid not null, target_department_id uuid, insurance_auth_number varchar(100), anticipated_treatment varchar(300), appointment_location varchar(300), target_facility_name varchar(300), cancellation_reason varchar(500), clinical_question varchar(500), referral_reason varchar(500) not null, acknowledgement_notes varchar(1000), clinical_indication varchar(1000), follow_up_recommendations varchar(1000), clinical_summary varchar(2000), completion_summary varchar(2000), current_medications jsonb, diagnoses jsonb, metadata jsonb, referral_type enum ('CONSULTATION','EMERGENCY_TRANSFER','SHARED_CARE','TRANSFER_OF_CARE') not null, status enum ('ACKNOWLEDGED','CANCELLED','COMPLETED','DRAFT','EXPIRED','IN_PROGRESS','REJECTED','SCHEDULED','SUBMITTED') not null, target_specialty enum ('ALLERGY_IMMUNOLOGY','ANESTHESIOLOGY','AUDIOLOGY','BEHAVIORAL_HEALTH','CARDIOLOGY','CARDIOTHORACIC_SURGERY','DERMATOLOGY','EMERGENCY_MEDICINE','ENDOCRINOLOGY','FAMILY_MEDICINE','GASTROENTEROLOGY','GENERAL_PRACTICE','GENERAL_SURGERY','GENETICS','GERIATRICS','HEMATOLOGY','INFECTIOUS_DISEASE','INTERNAL_MEDICINE','INTERVENTIONAL_RADIOLOGY','MATERNAL_FETAL_MEDICINE','MIDWIFERY','NEPHROLOGY','NEUROLOGY','NEUROSURGERY','NUTRITION_DIETETICS','OBSTETRICS_GYNECOLOGY','OCCUPATIONAL_THERAPY','ONCOLOGY','OPHTHALMOLOGY','ORTHOPEDIC_SURGERY','OTHER','OTOLARYNGOLOGY','PAIN_MANAGEMENT','PALLIATIVE_CARE','PATHOLOGY','PEDIATRICS','PHYSICAL_MEDICINE_REHABILITATION','PHYSICAL_THERAPY','PLASTIC_SURGERY','PSYCHIATRY','PSYCHOLOGY','PULMONOLOGY','RADIOLOGY','REPRODUCTIVE_ENDOCRINOLOGY','RHEUMATOLOGY','SLEEP_MEDICINE','SPEECH_THERAPY','SPORTS_MEDICINE','UROLOGY','VASCULAR_SURGERY','WOUND_CARE') not null, urgency enum ('EMERGENCY','PRIORITY','ROUTINE','URGENT') not null, primary key (id))
    Hibernate: create table patient_insurances_v2 (coverage_end date, coverage_start date, primary_plan boolean not null, id uuid not null, patient_id uuid not null, group_number varchar(120), member_id varchar(120), policy_number varchar(120), provider_name varchar(180) not null, primary key (id))
    Hibernate: create table patient_medical_histories_v2 (id uuid not null, patient_id uuid not null unique, allergies CLOB, conditions CLOB, medications CLOB, notes CLOB, surgeries CLOB, primary key (id))
    Hibernate: create table patients_v2 (date_of_birth date not null, created_at timestamp(6) with time zone not null, updated_at timestamp(6) with time zone not null, id uuid not null, gender varchar(32) not null, phone varchar(40), postal_code varchar(40), mrn varchar(64) not null unique, city varchar(120), country varchar(120), first_name varchar(120) not null, last_name varchar(120) not null, middle_name varchar(120), state varchar(120), address_line1 varchar(180), address_line2 varchar(180), email varchar(180), primary key (id))
    Hibernate: create table permission_matrix_audit_events (created_at timestamp(6) with time zone not null, id uuid not null, snapshot_id uuid, description varchar(512), initiated_by varchar(255), matrix_json TEXT, metadata_json TEXT, action enum ('COMPARISON_RUN','EXPORT_GENERATED','SNAPSHOT_PUBLISHED') not null, left_environment enum ('BASELINE','CURRENT','PRODUCTION','STAGING'), right_environment enum ('BASELINE','CURRENT','PRODUCTION','STAGING'), primary key (id))
    Hibernate: create table permission_matrix_snapshots (version_number integer not null, created_at timestamp(6) with time zone not null, id uuid not null, source_snapshot_id uuid, notes varchar(2000), created_by varchar(255), label varchar(255), matrix_json TEXT not null, environment enum ('BASELINE','CURRENT','PRODUCTION','STAGING') not null, primary key (id), constraint uk_permission_matrix_env_version unique (environment, version_number))
    Hibernate: create table referral_attachments (size_bytes bigint not null, uploaded_at timestamp(6) not null, id uuid not null, referral_id uuid not null, uploaded_by_staff_id uuid, category varchar(50) not null, content_type varchar(100) not null, display_name varchar(300) not null, description varchar(500), storage_key varchar(500) not null, primary key (id))
    Hibernate: create table testimonials (rating integer, created_at timestamp(6) with time zone, id uuid not null, text varchar(1000), author varchar(255) not null, avatar_url varchar(255), role_label varchar(255), primary key (id))
    Hibernate: create index idx_admission_patient on admissions (patient_id)
    Hibernate: create index idx_admission_hospital on admissions (hospital_id)
    Hibernate: create index idx_admission_status on admissions (status)
    Hibernate: create index idx_admission_date on admissions (admission_date_time)
    Hibernate: create index idx_admission_provider on admissions (admitting_provider_id)
    Hibernate: create index idx_referral_patient on general_referrals (patient_id)
    Hibernate: create index idx_referral_hospital on general_referrals (hospital_id)
    Hibernate: create index idx_referral_specialty on general_referrals (target_specialty)
    Hibernate: create index idx_referral_status on general_referrals (status)
    Hibernate: create index idx_referral_urgency on general_referrals (urgency)
    Hibernate: create index idx_referral_referring_provider on general_referrals (referring_provider_id)
    Hibernate: create index idx_referral_receiving_provider on general_referrals (receiving_provider_id)
    Hibernate: create index idx_patients_v2_mrn on patients_v2 (mrn)
    Hibernate: create index idx_patients_v2_last_name on patients_v2 (last_name)
    Hibernate: create index idx_patients_v2_phone on patients_v2 (phone)
    Hibernate: alter table if exists billing.billing_invoices add constraint fk_bi_encounter foreign key (encounter_id) references clinical.encounters
    Hibernate: alter table if exists billing.billing_invoices add constraint fk_bi_hospital foreign key (hospital_id) references hospital.hospitals
    Hibernate: alter table if exists billing.billing_invoices add constraint fk_bi_patient foreign key (patient_id) references clinical.patients
    Hibernate: alter table if exists billing.invoice_items add constraint fk_item_assignment foreign key (assignment_id) references security.user_role_hospital_assignment
    Hibernate: alter table if exists billing.invoice_items add constraint fk_item_invoice foreign key (billing_invoice_id) references billing.billing_invoices
    Hibernate: alter table if exists billing.invoice_items add constraint fk_item_service foreign key (related_service_id) references clinical.treatments
    Hibernate: alter table if exists clinical.advance_directives add constraint fk_directive_hospital foreign key (hospital_id) references hospital.hospitals
    Hibernate: alter table if exists clinical.advance_directives add constraint fk_directive_patient foreign key (patient_id) references clinical.patients
    Hibernate: alter table if exists clinical.appointments add constraint fk_appointment_assignment foreign key (assignment_id) references security.user_role_hospital_assignment
    Hibernate: alter table if exists clinical.appointments add constraint fk_appointment_created_by foreign key (created_by) references security.users
    Hibernate: alter table if exists clinical.appointments add constraint fk_appointment_department foreign key (department_id) references hospital.departments
    Hibernate: alter table if exists clinical.appointments add constraint fk_appointment_hospital foreign key (hospital_id) references hospital.hospitals
    Hibernate: alter table if exists clinical.appointments add constraint fk_appointment_patient foreign key (patient_id) references clinical.patients
    Hibernate: alter table if exists clinical.appointments add constraint fk_appointment_staff foreign key (staff_id) references hospital.staff
    Hibernate: alter table if exists clinical.birth_plan_comfort_items add constraint fk_comfort_items_birth_plan foreign key (birth_plan_id) references clinical.birth_plans
    Hibernate: alter table if exists clinical.birth_plan_medicated_options add constraint fk_medicated_options_birth_plan foreign key (birth_plan_id) references clinical.birth_plans
    Hibernate: alter table if exists clinical.birth_plan_support_persons add constraint fk_support_persons_birth_plan foreign key (birth_plan_id) references clinical.birth_plans
    Hibernate: alter table if exists clinical.birth_plan_unmedicated_techniques add constraint fk_unmedicated_techniques_birth_plan foreign key (birth_plan_id) references clinical.birth_plans
    Hibernate: alter table if exists clinical.birth_plans add constraint fk_birth_plans_hospital foreign key (hospital_id) references hospital.hospitals
    Hibernate: alter table if exists clinical.birth_plans add constraint fk_birth_plans_patient foreign key (patient_id) references clinical.patients
    Hibernate: alter table if exists clinical.consultations add constraint fk_consultation_consultant foreign key (consultant_id) references hospital.staff
    Hibernate: alter table if exists clinical.consultations add constraint fk_consultation_encounter foreign key (encounter_id) references clinical.encounters
    Hibernate: alter table if exists clinical.consultations add constraint fk_consultation_hospital foreign key (hospital_id) references hospital.hospitals
    Hibernate: alter table if exists clinical.consultations add constraint fk_consultation_patient foreign key (patient_id) references clinical.patients
    Hibernate: alter table if exists clinical.consultations add constraint fk_consultation_requesting_provider foreign key (requesting_provider_id) references hospital.staff
    Hibernate: alter table if exists clinical.digital_signature_audit_log add constraint fk_signature_audit_log_signature foreign key (signature_id) references clinical.digital_signatures
    Hibernate: alter table if exists clinical.digital_signatures add constraint fk_digital_signature_hospital foreign key (hospital_id) references hospital.hospitals
    Hibernate: alter table if exists clinical.digital_signatures add constraint fk_digital_signature_staff foreign key (signed_by_staff_id) references hospital.staff
    Hibernate: alter table if exists clinical.discharge_approvals add constraint fk_discharge_doctor foreign key (doctor_staff_id) references hospital.staff
    Hibernate: alter table if exists clinical.discharge_approvals add constraint fk_discharge_doctor_assignment foreign key (doctor_assignment_id) references security.user_role_hospital_assignment
    Hibernate: alter table if exists clinical.discharge_approvals add constraint fk_discharge_hospital foreign key (hospital_id) references hospital.hospitals
    Hibernate: alter table if exists clinical.discharge_approvals add constraint fk_discharge_nurse foreign key (nurse_staff_id) references hospital.staff
    Hibernate: alter table if exists clinical.discharge_approvals add constraint fk_discharge_nurse_assignment foreign key (nurse_assignment_id) references security.user_role_hospital_assignment
    Hibernate: alter table if exists clinical.discharge_approvals add constraint fk_discharge_patient foreign key (patient_id) references clinical.patients
    Hibernate: alter table if exists clinical.discharge_approvals add constraint fk_discharge_registration foreign key (registration_id) references clinical.patient_hospital_registrations
    Hibernate: alter table if exists clinical.discharge_equipment_supplies add constraint fk_equipment_supplies_discharge_summary foreign key (discharge_summary_id) references clinical.discharge_summaries
    Hibernate: alter table if exists clinical.discharge_follow_up_appointments add constraint fk_follow_up_appointments_discharge_summary foreign key (discharge_summary_id) references clinical.discharge_summaries
    Hibernate: alter table if exists clinical.discharge_medication_reconciliations add constraint fk_medication_reconciliation_discharge_summary foreign key (discharge_summary_id) references clinical.discharge_summaries
    Hibernate: alter table if exists clinical.discharge_pending_test_results add constraint fk_pending_test_results_discharge_summary foreign key (discharge_summary_id) references clinical.discharge_summaries
    Hibernate: alter table if exists clinical.discharge_summaries add constraint fk_discharge_summary_approval foreign key (approval_record_id) references clinical.discharge_approvals
    Hibernate: alter table if exists clinical.discharge_summaries add constraint fk_discharge_summary_assignment foreign key (assignment_id) references security.user_role_hospital_assignment
    Hibernate: alter table if exists clinical.discharge_summaries add constraint fk_discharge_summary_provider foreign key (discharging_provider_id) references hospital.staff
    Hibernate: alter table if exists clinical.discharge_summaries add constraint fk_discharge_summary_encounter foreign key (encounter_id) references clinical.encounters
    Hibernate: alter table if exists clinical.discharge_summaries add constraint fk_discharge_summary_hospital foreign key (hospital_id) references hospital.hospitals
    Hibernate: alter table if exists clinical.discharge_summaries add constraint fk_discharge_summary_patient foreign key (patient_id) references clinical.patients
    Hibernate: alter table if exists clinical.education_resource_content_translations add constraint FK9tho7bpv95rqcm1431m9l3s6w foreign key (resource_id) references clinical.education_resources
    Hibernate: alter table if exists clinical.education_resource_cultural_notes add constraint FKgmhjgx5yx8saq0g5rqhqobn7a foreign key (resource_id) references clinical.education_resources
    Hibernate: alter table if exists clinical.education_resource_related add constraint FKtqo2mt6xi7hda0rn948qfhrne foreign key (resource_id) references clinical.education_resources
    Hibernate: alter table if exists clinical.education_resource_tags add constraint FKr97bclbwby4uf1if7dassnmpf foreign key (resource_id) references clinical.education_resources
    Hibernate: alter table if exists clinical.education_resource_translations add constraint FKfrbsg852bwcwl4w2lyr8n9nyf foreign key (resource_id) references clinical.education_resources
    Hibernate: alter table if exists clinical.encounter_note_addenda add constraint fk_encounter_note_addendum_author_user foreign key (author_user_id) references security.users
    Hibernate: alter table if exists clinical.encounter_note_addenda add constraint fk_encounter_note_addendum_author_staff foreign key (author_staff_id) references hospital.staff
    Hibernate: alter table if exists clinical.encounter_note_addenda add constraint fk_encounter_note_addendum_note foreign key (note_id) references clinical.encounter_notes
    Hibernate: alter table if exists clinical.encounter_note_links add constraint fk_encounter_note_link_note foreign key (note_id) references clinical.encounter_notes
    Hibernate: alter table if exists clinical.encounter_notes add constraint fk_encounter_note_author_user foreign key (author_user_id) references security.users
    Hibernate: alter table if exists clinical.encounter_notes add constraint fk_encounter_note_author_staff foreign key (author_staff_id) references hospital.staff
    Hibernate: alter table if exists clinical.encounter_notes add constraint fk_encounter_note_encounter foreign key (encounter_id) references clinical.encounters
    Hibernate: alter table if exists clinical.encounter_notes add constraint fk_encounter_note_hospital foreign key (hospital_id) references hospital.hospitals
    Hibernate: alter table if exists clinical.encounter_notes add constraint fk_encounter_note_patient foreign key (patient_id) references clinical.patients
    Hibernate: alter table if exists clinical.encounter_treatments add constraint fk_et_encounter foreign key (encounter_id) references clinical.encounters
    Hibernate: alter table if exists clinical.encounter_treatments add constraint fk_et_staff foreign key (staff_id) references hospital.staff
    Hibernate: alter table if exists clinical.encounter_treatments add constraint fk_et_treatment foreign key (treatment_id) references clinical.treatments
    Hibernate: alter table if exists clinical.encounters add constraint fk_encounter_appointment foreign key (appointment_id) references clinical.appointments
    Hibernate: alter table if exists clinical.encounters add constraint fk_encounter_assignment foreign key (assignment_id) references security.user_role_hospital_assignment
    Hibernate: alter table if exists clinical.encounters add constraint fk_encounter_department foreign key (department_id) references hospital.departments
    Hibernate: alter table if exists clinical.encounters add constraint fk_encounter_hospital foreign key (hospital_id) references hospital.hospitals
    Hibernate: alter table if exists clinical.encounters add constraint fk_encounter_patient foreign key (patient_id) references clinical.patients
    Hibernate: alter table if exists clinical.encounters add constraint fk_encounter_staff foreign key (staff_id) references hospital.staff
    Hibernate: alter table if exists clinical.high_risk_plan_bp_logs add constraint fk_high_risk_bp_plan foreign key (plan_id) references clinical.high_risk_pregnancy_plans
    Hibernate: alter table if exists clinical.high_risk_plan_care_team_members add constraint fk_high_risk_care_team_plan foreign key (plan_id) references clinical.high_risk_pregnancy_plans
    Hibernate: alter table if exists clinical.high_risk_plan_care_team_notes add constraint fk_high_risk_care_note_plan foreign key (plan_id) references clinical.high_risk_pregnancy_plans
    Hibernate: alter table if exists clinical.high_risk_plan_education_topics add constraint fk_high_risk_education_plan foreign key (plan_id) references clinical.high_risk_pregnancy_plans
    Hibernate: alter table if exists clinical.high_risk_plan_emergency_symptoms add constraint fk_high_risk_symptoms_plan foreign key (plan_id) references clinical.high_risk_pregnancy_plans
    Hibernate: alter table if exists clinical.high_risk_plan_lifestyle_factors add constraint fk_high_risk_lifestyle_plan foreign key (plan_id) references clinical.high_risk_pregnancy_plans
    Hibernate: alter table if exists clinical.high_risk_plan_medication_logs add constraint fk_high_risk_medication_plan foreign key (plan_id) references clinical.high_risk_pregnancy_plans
    Hibernate: alter table if exists clinical.high_risk_plan_milestones add constraint fk_high_risk_milestone_plan foreign key (plan_id) references clinical.high_risk_pregnancy_plans
    Hibernate: alter table if exists clinical.high_risk_plan_preexisting_conditions add constraint fk_high_risk_preexisting_plan foreign key (plan_id) references clinical.high_risk_pregnancy_plans
    Hibernate: alter table if exists clinical.high_risk_plan_pregnancy_conditions add constraint fk_high_risk_pregnancy_condition_plan foreign key (plan_id) references clinical.high_risk_pregnancy_plans
    Hibernate: alter table if exists clinical.high_risk_plan_preventive_guidance add constraint fk_high_risk_preventive_plan foreign key (plan_id) references clinical.high_risk_pregnancy_plans
    Hibernate: alter table if exists clinical.high_risk_plan_support_resources add constraint fk_high_risk_support_resource_plan foreign key (plan_id) references clinical.high_risk_pregnancy_plans
    Hibernate: alter table if exists clinical.high_risk_pregnancy_plans add constraint fk_high_risk_plans_hospital foreign key (hospital_id) references hospital.hospitals
    Hibernate: alter table if exists clinical.high_risk_pregnancy_plans add constraint fk_high_risk_plans_patient foreign key (patient_id) references clinical.patients
    Hibernate: alter table if exists clinical.imaging_orders add constraint FKjsry5egwawbk90vk9wsb63lhl foreign key (hospital_id) references hospital.hospitals
    Hibernate: alter table if exists clinical.imaging_orders add constraint FKhtiitnj1nvl06ysjmdrph2077 foreign key (patient_id) references clinical.patients
    Hibernate: alter table if exists clinical.imaging_report_attachments add constraint fk_imaging_attachment_report foreign key (report_id) references clinical.imaging_reports
    Hibernate: alter table if exists clinical.imaging_report_measurements add constraint fk_imaging_measurement_report foreign key (report_id) references clinical.imaging_reports
    Hibernate: alter table if exists clinical.imaging_report_status_history add constraint fk_imaging_status_history_changed_by foreign key (changed_by) references hospital.staff
    Hibernate: alter table if exists clinical.imaging_report_status_history add constraint fk_imaging_status_history_order foreign key (imaging_order_id) references clinical.imaging_orders
    Hibernate: alter table if exists clinical.imaging_report_status_history add constraint fk_imaging_status_history_report foreign key (imaging_report_id) references clinical.imaging_reports
    Hibernate: alter table if exists clinical.imaging_reports add constraint fk_imaging_report_critical_ack_by foreign key (critical_result_ack_by_staff_id) references hospital.staff
    Hibernate: alter table if exists clinical.imaging_reports add constraint fk_imaging_report_dept foreign key (department_id) references hospital.departments
    Hibernate: alter table if exists clinical.imaging_reports add constraint fk_imaging_report_hospital foreign key (hospital_id) references hospital.hospitals
    Hibernate: alter table if exists clinical.imaging_reports add constraint fk_imaging_report_order foreign key (imaging_order_id) references clinical.imaging_orders
    Hibernate: alter table if exists clinical.imaging_reports add constraint fk_imaging_report_interpreting_provider foreign key (interpreting_provider_id) references hospital.staff
    Hibernate: alter table if exists clinical.imaging_reports add constraint fk_imaging_report_org foreign key (organization_id) references hospital.organizations
    Hibernate: alter table if exists clinical.imaging_reports add constraint fk_imaging_report_performed_by foreign key (performed_by_staff_id) references hospital.staff
    Hibernate: alter table if exists clinical.imaging_reports add constraint fk_imaging_report_signed_by foreign key (signed_by_staff_id) references hospital.staff
    Hibernate: alter table if exists clinical.maternal_history add constraint fk_maternal_history_hospital foreign key (hospital_id) references hospital.hospitals
    Hibernate: alter table if exists clinical.maternal_history add constraint fk_maternal_history_patient foreign key (patient_id) references clinical.patients
    Hibernate: alter table if exists clinical.maternal_history add constraint fk_maternal_history_staff foreign key (recorded_by_staff_id) references hospital.staff
    Hibernate: alter table if exists clinical.newborn_assessment_alerts add constraint fk_newborn_alert_assessment foreign key (assessment_id) references clinical.newborn_assessments
    Hibernate: alter table if exists clinical.newborn_assessment_education_topics add constraint fk_newborn_education_assessment foreign key (assessment_id) references clinical.newborn_assessments
    Hibernate: alter table if exists clinical.newborn_assessment_follow_up_actions add constraint fk_newborn_followup_assessment foreign key (assessment_id) references clinical.newborn_assessments
    Hibernate: alter table if exists clinical.newborn_assessments add constraint fk_newborn_assessment_user foreign key (documented_by_user_id) references security.users
    Hibernate: alter table if exists clinical.newborn_assessments add constraint fk_newborn_assessment_hospital foreign key (hospital_id) references hospital.hospitals
    Hibernate: alter table if exists clinical.newborn_assessments add constraint fk_newborn_assessment_patient foreign key (patient_id) references clinical.patients
    Hibernate: alter table if exists clinical.newborn_assessments add constraint fk_newborn_assessment_staff foreign key (recorded_by_staff_id) references hospital.staff
    Hibernate: alter table if exists clinical.newborn_assessments add constraint fk_newborn_assessment_registration foreign key (registration_id) references clinical.patient_hospital_registrations
    Hibernate: alter table if exists clinical.nursing_note_addenda add constraint fk_note_addendum_author_user foreign key (author_user_id) references security.users
    Hibernate: alter table if exists clinical.nursing_note_addenda add constraint fk_note_addendum_author_staff foreign key (author_staff_id) references hospital.staff
    Hibernate: alter table if exists clinical.nursing_note_addenda add constraint fk_note_addendum_note foreign key (note_id) references clinical.nursing_notes
    Hibernate: alter table if exists clinical.nursing_note_education_entries add constraint fk_note_education_note foreign key (note_id) references clinical.nursing_notes
    Hibernate: alter table if exists clinical.nursing_note_interventions add constraint fk_note_intervention_note foreign key (note_id) references clinical.nursing_notes
    Hibernate: alter table if exists clinical.nursing_notes add constraint fk_nursing_notes_author_user foreign key (author_user_id) references security.users
    Hibernate: alter table if exists clinical.nursing_notes add constraint fk_nursing_notes_author_staff foreign key (author_staff_id) references hospital.staff
    Hibernate: alter table if exists clinical.nursing_notes add constraint fk_nursing_notes_hospital foreign key (hospital_id) references hospital.hospitals
    Hibernate: alter table if exists clinical.nursing_notes add constraint fk_nursing_notes_patient foreign key (patient_id) references clinical.patients
    Hibernate: alter table if exists clinical.obgyn_referral_attachments add constraint fk_obgyn_attachment_referral foreign key (referral_id) references clinical.obgyn_referrals
    Hibernate: alter table if exists clinical.obgyn_referral_attachments add constraint fk_obgyn_attachment_uploader foreign key (uploaded_by) references security.users
    Hibernate: alter table if exists clinical.obgyn_referral_messages add constraint fk_obgyn_message_referral foreign key (referral_id) references clinical.obgyn_referrals
    Hibernate: alter table if exists clinical.obgyn_referral_messages add constraint fk_obgyn_message_sender foreign key (sender_user_id) references security.users
    Hibernate: alter table if exists clinical.obgyn_referrals add constraint fk_obgyn_referral_encounter foreign key (encounter_id) references clinical.encounters
    Hibernate: alter table if exists clinical.obgyn_referrals add constraint fk_obgyn_referral_hospital foreign key (hospital_id) references hospital.hospitals
    Hibernate: alter table if exists clinical.obgyn_referrals add constraint fk_obgyn_referral_midwife foreign key (midwife_user_id) references security.users
    Hibernate: alter table if exists clinical.obgyn_referrals add constraint fk_obgyn_referral_obgyn foreign key (obgyn_user_id) references security.users
    Hibernate: alter table if exists clinical.obgyn_referrals add constraint fk_obgyn_referral_patient foreign key (patient_id) references clinical.patients
    Hibernate: alter table if exists clinical.patient_allergies add constraint fk_allergy_hospital foreign key (hospital_id) references hospital.hospitals
    Hibernate: alter table if exists clinical.patient_allergies add constraint fk_allergy_patient foreign key (patient_id) references clinical.patients
    Hibernate: alter table if exists clinical.patient_allergies add constraint fk_allergy_staff foreign key (recorded_by_staff_id) references hospital.staff
    Hibernate: alter table if exists clinical.patient_chart_attachments add constraint fk_chart_attachment_update foreign key (chart_update_id) references clinical.patient_chart_updates
    Hibernate: alter table if exists clinical.patient_chart_section_entries add constraint fk_chart_section_update foreign key (chart_update_id) references clinical.patient_chart_updates
    Hibernate: alter table if exists clinical.patient_chart_updates add constraint fk_chart_update_assignment foreign key (assignment_id) references security.user_role_hospital_assignment
    Hibernate: alter table if exists clinical.patient_chart_updates add constraint fk_chart_update_hospital foreign key (hospital_id) references hospital.hospitals
    Hibernate: alter table if exists clinical.patient_chart_updates add constraint fk_chart_update_patient foreign key (patient_id) references clinical.patients
    Hibernate: alter table if exists clinical.patient_chart_updates add constraint fk_chart_update_staff foreign key (recorded_by_staff_id) references hospital.staff
    Hibernate: alter table if exists clinical.patient_consents add constraint fk_consent_from_hospital foreign key (from_hospital_id) references hospital.hospitals
    Hibernate: alter table if exists clinical.patient_consents add constraint fk_consent_patient foreign key (patient_id) references clinical.patients
    Hibernate: alter table if exists clinical.patient_consents add constraint fk_consent_to_hospital foreign key (to_hospital_id) references hospital.hospitals
    Hibernate: alter table if exists clinical.patient_family_history add constraint fk_family_history_hospital foreign key (hospital_id) references hospital.hospitals
    Hibernate: alter table if exists clinical.patient_family_history add constraint fk_family_history_patient foreign key (patient_id) references clinical.patients
    Hibernate: alter table if exists clinical.patient_family_history add constraint fk_family_history_staff foreign key (recorded_by_staff_id) references hospital.staff
    Hibernate: alter table if exists clinical.patient_hospital_registrations add constraint fk_phr_hospital foreign key (hospital_id) references hospital.hospitals
    Hibernate: alter table if exists clinical.patient_hospital_registrations add constraint fk_phr_patient foreign key (patient_id) references clinical.patients
    Hibernate: alter table if exists clinical.patient_immunization add constraint fk_immunization_staff foreign key (administered_by_staff_id) references hospital.staff
    Hibernate: alter table if exists clinical.patient_immunization add constraint fk_immunization_encounter foreign key (encounter_id) references clinical.encounters
    Hibernate: alter table if exists clinical.patient_immunization add constraint fk_immunization_hospital foreign key (hospital_id) references hospital.hospitals
    Hibernate: alter table if exists clinical.patient_immunization add constraint fk_immunization_patient foreign key (patient_id) references clinical.patients
    Hibernate: alter table if exists clinical.patient_insurances add constraint fk_pi_assignment foreign key (assignment_id) references security.user_role_hospital_assignment
    Hibernate: alter table if exists clinical.patient_insurances add constraint fk_pi_patient foreign key (patient_id) references clinical.patients
    Hibernate: alter table if exists clinical.patient_primary_care add constraint FK57eea8kruv9prhc2x9tpltjpp foreign key (assignment_id) references security.user_role_hospital_assignment
    Hibernate: alter table if exists clinical.patient_primary_care add constraint FK7sdfixvmn2xcftk7er4h23x47 foreign key (hospital_id) references hospital.hospitals
    Hibernate: alter table if exists clinical.patient_primary_care add constraint FKsvlrv1jqege7fd4gkpyrmkqgg foreign key (patient_id) references clinical.patients
    Hibernate: alter table if exists clinical.patient_problem_history add constraint fk_problem_history_problem foreign key (problem_id) references clinical.patient_problems
    Hibernate: alter table if exists clinical.patient_problems add constraint fk_problem_hospital foreign key (hospital_id) references hospital.hospitals
    Hibernate: alter table if exists clinical.patient_problems add constraint fk_problem_patient foreign key (patient_id) references clinical.patients
    Hibernate: alter table if exists clinical.patient_problems add constraint fk_problem_staff foreign key (recorded_by_staff_id) references hospital.staff
    Hibernate: alter table if exists clinical.patient_social_history add constraint fk_social_history_hospital foreign key (hospital_id) references hospital.hospitals
    Hibernate: alter table if exists clinical.patient_social_history add constraint fk_social_history_patient foreign key (patient_id) references clinical.patients
    Hibernate: alter table if exists clinical.patient_social_history add constraint fk_social_history_staff foreign key (recorded_by_staff_id) references hospital.staff
    Hibernate: alter table if exists clinical.patient_surgical_history add constraint fk_surgical_history_hospital foreign key (hospital_id) references hospital.hospitals
    Hibernate: alter table if exists clinical.patient_surgical_history add constraint fk_surgical_history_patient foreign key (patient_id) references clinical.patients
    Hibernate: alter table if exists clinical.patient_surgical_history add constraint fk_surgical_history_staff foreign key (performed_by_staff_id) references hospital.staff
    Hibernate: alter table if exists clinical.patient_vital_signs add constraint fk_patient_vitals_hospital foreign key (hospital_id) references hospital.hospitals
    Hibernate: alter table if exists clinical.patient_vital_signs add constraint fk_patient_vitals_patient foreign key (patient_id) references clinical.patients
    Hibernate: alter table if exists clinical.patient_vital_signs add constraint fk_patient_vitals_assignment foreign key (recorded_by_assignment_id) references security.user_role_hospital_assignment
    Hibernate: alter table if exists clinical.patient_vital_signs add constraint fk_patient_vitals_staff foreign key (recorded_by_staff_id) references hospital.staff
    Hibernate: alter table if exists clinical.patient_vital_signs add constraint fk_patient_vitals_registration foreign key (registration_id) references clinical.patient_hospital_registrations
    Hibernate: alter table if exists clinical.patients add constraint fk_patient_user foreign key (user_id) references security.users
    Hibernate: alter table if exists clinical.pharmacy_fills add constraint fk_pharmacy_fill_hospital foreign key (hospital_id) references hospital.hospitals
    Hibernate: alter table if exists clinical.pharmacy_fills add constraint fk_pharmacy_fill_patient foreign key (patient_id) references clinical.patients
    Hibernate: alter table if exists clinical.pharmacy_fills add constraint fk_pharmacy_fill_prescription foreign key (prescription_id) references clinical.prescriptions
    Hibernate: alter table if exists clinical.postpartum_care_plans add constraint fk_postpartum_plan_hospital foreign key (hospital_id) references hospital.hospitals
    Hibernate: alter table if exists clinical.postpartum_care_plans add constraint fk_postpartum_plan_patient foreign key (patient_id) references clinical.patients
    Hibernate: alter table if exists clinical.postpartum_care_plans add constraint fk_postpartum_plan_registration foreign key (registration_id) references clinical.patient_hospital_registrations
    Hibernate: alter table if exists clinical.postpartum_observation_alerts add constraint fk_postpartum_obs_alert foreign key (observation_id) references clinical.postpartum_observations
    Hibernate: alter table if exists clinical.postpartum_observation_education_topics add constraint fk_postpartum_obs_education foreign key (observation_id) references clinical.postpartum_observations
    Hibernate: alter table if exists clinical.postpartum_observations add constraint fk_postpartum_obs_plan foreign key (care_plan_id) references clinical.postpartum_care_plans
    Hibernate: alter table if exists clinical.postpartum_observations add constraint fk_postpartum_obs_user foreign key (documented_by_user_id) references security.users
    Hibernate: alter table if exists clinical.postpartum_observations add constraint fk_postpartum_obs_hospital foreign key (hospital_id) references hospital.hospitals
    Hibernate: alter table if exists clinical.postpartum_observations add constraint fk_postpartum_obs_patient foreign key (patient_id) references clinical.patients
    Hibernate: alter table if exists clinical.postpartum_observations add constraint fk_postpartum_obs_staff foreign key (recorded_by_staff_id) references hospital.staff
    Hibernate: alter table if exists clinical.postpartum_observations add constraint fk_postpartum_obs_registration foreign key (registration_id) references clinical.patient_hospital_registrations
    Hibernate: alter table if exists clinical.postpartum_observations add constraint fk_postpartum_obs_supersedes foreign key (supersedes_observation_id) references clinical.postpartum_observations
    Hibernate: alter table if exists clinical.prescription_alerts add constraint fk_prescription_alert_rx foreign key (prescription_id) references clinical.prescriptions
    Hibernate: alter table if exists clinical.prescription_instructions add constraint fk_prescription_instruction_rx foreign key (prescription_id) references clinical.prescriptions
    Hibernate: alter table if exists clinical.prescription_transmissions add constraint fk_prescription_transmission_rx foreign key (prescription_id) references clinical.prescriptions
    Hibernate: alter table if exists clinical.prescriptions add constraint fk_rx_assignment foreign key (assignment_id) references security.user_role_hospital_assignment
    Hibernate: alter table if exists clinical.prescriptions add constraint fk_rx_cosign_staff foreign key (cosigned_by_staff_id) references hospital.staff
    Hibernate: alter table if exists clinical.prescriptions add constraint fk_rx_encounter foreign key (encounter_id) references clinical.encounters
    Hibernate: alter table if exists clinical.prescriptions add constraint fk_rx_hospital foreign key (hospital_id) references hospital.hospitals
    Hibernate: alter table if exists clinical.prescriptions add constraint fk_rx_patient foreign key (patient_id) references clinical.patients
    Hibernate: alter table if exists clinical.prescriptions add constraint fk_rx_staff foreign key (staff_id) references hospital.staff
    Hibernate: alter table if exists clinical.procedure_orders add constraint fk_procedure_order_encounter foreign key (encounter_id) references clinical.encounters
    Hibernate: alter table if exists clinical.procedure_orders add constraint fk_procedure_order_hospital foreign key (hospital_id) references hospital.hospitals
    Hibernate: alter table if exists clinical.procedure_orders add constraint fk_procedure_order_ordering_provider foreign key (ordering_provider_id) references hospital.staff
    Hibernate: alter table if exists clinical.procedure_orders add constraint fk_procedure_order_patient foreign key (patient_id) references clinical.patients
    Hibernate: alter table if exists clinical.refill_requests add constraint fk_refill_patient foreign key (patient_id) references clinical.patients
    Hibernate: alter table if exists clinical.refill_requests add constraint fk_refill_prescription foreign key (prescription_id) references clinical.prescriptions
    Hibernate: alter table if exists clinical.treatment_plan_followups add constraint fk_tp_followup_staff foreign key (assigned_staff_id) references hospital.staff
    Hibernate: alter table if exists clinical.treatment_plan_followups add constraint fk_tp_followup_plan foreign key (treatment_plan_id) references clinical.treatment_plans
    Hibernate: alter table if exists clinical.treatment_plan_reviews add constraint fk_tp_review_staff foreign key (reviewer_staff_id) references hospital.staff
    Hibernate: alter table if exists clinical.treatment_plan_reviews add constraint fk_tp_review_plan foreign key (treatment_plan_id) references clinical.treatment_plans
    Hibernate: alter table if exists clinical.treatment_plans add constraint fk_tp_assignment foreign key (assignment_id) references security.user_role_hospital_assignment
    Hibernate: alter table if exists clinical.treatment_plans add constraint fk_tp_author_staff foreign key (author_staff_id) references hospital.staff
    Hibernate: alter table if exists clinical.treatment_plans add constraint fk_tp_encounter foreign key (encounter_id) references clinical.encounters
    Hibernate: alter table if exists clinical.treatment_plans add constraint fk_tp_hospital foreign key (hospital_id) references hospital.hospitals
    Hibernate: alter table if exists clinical.treatment_plans add constraint fk_tp_patient foreign key (patient_id) references clinical.patients
    Hibernate: alter table if exists clinical.treatment_plans add constraint fk_tp_signoff_staff foreign key (sign_off_by) references hospital.staff
    Hibernate: alter table if exists clinical.treatment_plans add constraint fk_tp_supervising_staff foreign key (supervising_staff_id) references hospital.staff
    Hibernate: alter table if exists clinical.treatments add constraint fk_treatment_assignment foreign key (assignment_id) references security.user_role_hospital_assignment on delete restrict
    Hibernate: alter table if exists clinical.treatments add constraint fk_treatment_department foreign key (department_id) references hospital.departments on delete cascade
    Hibernate: alter table if exists clinical.treatments add constraint fk_treatment_hospital foreign key (hospital_id) references hospital.hospitals
    Hibernate: alter table if exists clinical.ultrasound_orders add constraint FK6lkfd9qv8frf5ymwntl8o4mm3 foreign key (hospital_id) references hospital.hospitals
    Hibernate: alter table if exists clinical.ultrasound_orders add constraint FK4eb5vuxp0xjes9sicwcmax3qp foreign key (patient_id) references clinical.patients
    Hibernate: alter table if exists clinical.ultrasound_reports add constraint FK9que189nn2fg6596m8uwr25xd foreign key (hospital_id) references hospital.hospitals
    Hibernate: alter table if exists clinical.ultrasound_reports add constraint FKciste679ukpp37t2jktpxubr8 foreign key (ultrasound_order_id) references clinical.ultrasound_orders
    Hibernate: alter table if exists clinical.visit_education_resources_provided add constraint FKdq4iphi07ytblg3obcao1awjo foreign key (documentation_id) references clinical.visit_education_documentation
    Hibernate: alter table if exists empi.identity_aliases add constraint fk_empi_alias_master foreign key (master_identity_id) references empi.master_identities
    Hibernate: alter table if exists empi.merge_events add constraint fk_empi_merge_primary foreign key (primary_identity_id) references empi.master_identities
    Hibernate: alter table if exists empi.merge_events add constraint fk_empi_merge_secondary foreign key (secondary_identity_id) references empi.master_identities
    Hibernate: alter table if exists hospital.department_translations add constraint fk_dept_translation_assignment foreign key (assignment_id) references security.user_role_hospital_assignment
    Hibernate: alter table if exists hospital.department_translations add constraint fk_dept_translation_department foreign key (department_id) references hospital.departments
    Hibernate: alter table if exists hospital.departments add constraint fk_department_assignment foreign key (assignment_id) references security.user_role_hospital_assignment
    Hibernate: alter table if exists hospital.departments add constraint fk_department_head foreign key (head_of_department_staff_id) references hospital.staff
    Hibernate: alter table if exists hospital.departments add constraint fk_department_hospital foreign key (hospital_id) references hospital.hospitals
    Hibernate: alter table if exists hospital.hospitals add constraint fk_hospital_organization foreign key (organization_id) references hospital.organizations
    Hibernate: alter table if exists hospital.staff add constraint fk_staff_assignment foreign key (assignment_id) references security.user_role_hospital_assignment
    Hibernate: alter table if exists hospital.staff add constraint fk_staff_department foreign key (department_id) references hospital.departments
    Hibernate: alter table if exists hospital.staff add constraint fk_staff_hospital foreign key (hospital_id) references hospital.hospitals
    Hibernate: alter table if exists hospital.staff add constraint fk_staff_user foreign key (user_id) references security.users
    Hibernate: alter table if exists hospital.staff_availability add constraint fk_availability_hospital foreign key (hospital_id) references hospital.hospitals
    Hibernate: alter table if exists hospital.staff_availability add constraint fk_availability_staff foreign key (staff_id) references hospital.staff
    Hibernate: alter table if exists hospital.staff_leave_requests add constraint fk_staff_leave_department foreign key (department_id) references hospital.departments
    Hibernate: alter table if exists hospital.staff_leave_requests add constraint fk_staff_leave_hospital foreign key (hospital_id) references hospital.hospitals
    Hibernate: alter table if exists hospital.staff_leave_requests add constraint fk_staff_leave_requested_by foreign key (requested_by_user_id) references security.users
    Hibernate: alter table if exists hospital.staff_leave_requests add constraint fk_staff_leave_reviewed_by foreign key (reviewed_by_user_id) references security.users
    Hibernate: alter table if exists hospital.staff_leave_requests add constraint fk_staff_leave_staff foreign key (staff_id) references hospital.staff
    Hibernate: alter table if exists hospital.staff_shifts add constraint fk_staff_shift_department foreign key (department_id) references hospital.departments
    Hibernate: alter table if exists hospital.staff_shifts add constraint fk_staff_shift_hospital foreign key (hospital_id) references hospital.hospitals
    Hibernate: alter table if exists hospital.staff_shifts add constraint fk_staff_shift_last_modified_by foreign key (last_modified_by_user_id) references security.users
    Hibernate: alter table if exists hospital.staff_shifts add constraint fk_staff_shift_scheduled_by foreign key (scheduled_by_user_id) references security.users
    Hibernate: alter table if exists hospital.staff_shifts add constraint fk_staff_shift_staff foreign key (staff_id) references hospital.staff
    Hibernate: alter table if exists lab.lab_orders add constraint fk_laborder_assignment foreign key (assignment_id) references security.user_role_hospital_assignment
    Hibernate: alter table if exists lab.lab_orders add constraint fk_laborder_encounter foreign key (encounter_id) references clinical.encounters
    Hibernate: alter table if exists lab.lab_orders add constraint fk_laborder_hospital foreign key (hospital_id) references hospital.hospitals
    Hibernate: alter table if exists lab.lab_orders add constraint fk_laborder_testdef foreign key (lab_test_definition_id) references lab.lab_test_definitions
    Hibernate: alter table if exists lab.lab_orders add constraint fk_laborder_staff foreign key (ordering_staff_id) references hospital.staff
    Hibernate: alter table if exists lab.lab_orders add constraint fk_laborder_patient foreign key (patient_id) references clinical.patients
    Hibernate: alter table if exists lab.lab_results add constraint fk_labresult_assignment foreign key (assignment_id) references security.user_role_hospital_assignment
    Hibernate: alter table if exists lab.lab_results add constraint fk_labresult_order foreign key (lab_order_id) references lab.lab_orders
    Hibernate: alter table if exists lab.lab_test_definitions add constraint fk_labtestdef_assignment foreign key (assignment_id) references security.user_role_hospital_assignment
    Hibernate: alter table if exists lab.lab_test_definitions add constraint fk_labtestdef_hospital foreign key (hospital_id) references hospital.hospitals
    Hibernate: alter table if exists platform.department_platform_service_links add constraint fk_department_service_link_department foreign key (department_id) references hospital.departments
    Hibernate: alter table if exists platform.department_platform_service_links add constraint fk_department_service_link_org_service foreign key (organization_service_id) references platform.organization_platform_services
    Hibernate: alter table if exists platform.hospital_platform_service_links add constraint fk_hospital_service_link_hospital foreign key (hospital_id) references hospital.hospitals
    Hibernate: alter table if exists platform.hospital_platform_service_links add constraint fk_hospital_service_link_org_service foreign key (organization_service_id) references platform.organization_platform_services
    Hibernate: alter table if exists platform.organization_platform_services add constraint fk_org_platform_service_org foreign key (organization_id) references hospital.organizations
    Hibernate: alter table if exists reference.catalog_entries add constraint FKqc9cdfahuns1fr9i1oua32hrp foreign key (catalog_id) references reference.catalogs
    Hibernate: alter table if exists security.organization_security_policies add constraint fk_org_security_policy_organization foreign key (organization_id) references hospital.organizations
    Hibernate: alter table if exists security.organization_security_rules add constraint fk_org_security_rule_policy foreign key (security_policy_id) references security.organization_security_policies
    Hibernate: alter table if exists security.password_reset_tokens add constraint fk_prt_user foreign key (user_id) references security.users
    Hibernate: alter table if exists security.permissions add constraint fk_permission_assignment foreign key (assignment_id) references security.user_role_hospital_assignment
    Hibernate: alter table if exists security.role_permissions add constraint fk_role_permissions_permission foreign key (permission_id) references security.permissions
    Hibernate: alter table if exists security.role_permissions add constraint fk_role_permissions_role foreign key (role_id) references security.roles
    Hibernate: alter table if exists security.user_mfa_enrollments add constraint FKoytkl6n6ub28ryup6xb12obm5 foreign key (user_id) references security.users
    Hibernate: alter table if exists security.user_recovery_contacts add constraint FK877sqcahcyjqdgmoefokin718 foreign key (user_id) references security.users
    Hibernate: alter table if exists security.user_role_hospital_assignment add constraint fk_user_role_assignment_hospital foreign key (hospital_id) references hospital.hospitals
    Hibernate: alter table if exists security.user_role_hospital_assignment add constraint fk_user_role_assignment_registered_by foreign key (registered_by_user_id) references security.users
    Hibernate: alter table if exists security.user_role_hospital_assignment add constraint fk_user_role_assignment_role foreign key (role_id) references security.roles
    Hibernate: alter table if exists security.user_role_hospital_assignment add constraint fk_user_role_assignment_user foreign key (user_id) references security.users
    Hibernate: alter table if exists security.user_roles add constraint fk_user_role_role foreign key (role_id) references security.roles
    Hibernate: alter table if exists security.user_roles add constraint fk_user_role_user foreign key (user_id) references security.users
    Hibernate: alter table if exists support.audit_event_logs add constraint fk_audit_assignment foreign key (assignment_id) references security.user_role_hospital_assignment
    Hibernate: alter table if exists support.audit_event_logs add constraint fk_audit_user foreign key (user_id) references security.users
    Hibernate: alter table if exists support.chat_messages add constraint fk_chat_assignment foreign key (assignment_id) references security.user_role_hospital_assignment
    Hibernate: alter table if exists support.chat_messages add constraint fk_chat_recipient foreign key (recipient_id) references security.users
    Hibernate: alter table if exists support.chat_messages add constraint fk_chat_sender foreign key (sender_id) references security.users
    Hibernate: alter table if exists support.service_translations add constraint fk_st_assignment foreign key (assignment_id) references security.user_role_hospital_assignment
    Hibernate: alter table if exists support.service_translations add constraint fk_st_treatment foreign key (treatment_id) references clinical.treatments
    Hibernate: alter table if exists admission_applied_order_sets add constraint FKnqsxy6m3dewr34srr1obdorhl foreign key (order_set_id) references admission_order_sets
    Hibernate: alter table if exists admission_applied_order_sets add constraint FKpc70u5i36ydfuh3btj1vly2it foreign key (admission_id) references admissions
    Hibernate: alter table if exists admission_order_sets add constraint FK7bkfyb7gq8rq4dg2bdyo4t8dl foreign key (created_by_staff_id) references hospital.staff
    Hibernate: alter table if exists admission_order_sets add constraint FK17h94xwjndj7pvm7v04ilhq23 foreign key (department_id) references hospital.departments
    Hibernate: alter table if exists admission_order_sets add constraint FK9evpt3sak30wedonjnkeb3be2 foreign key (hospital_id) references hospital.hospitals
    Hibernate: alter table if exists admission_order_sets add constraint FKeblttwv87an6u0x846d13bunj foreign key (last_modified_by_staff_id) references hospital.staff
    Hibernate: alter table if exists admissions add constraint FK6uyrlcjnojjvwm2jc1llq7j5o foreign key (admitting_provider_id) references hospital.staff
    Hibernate: alter table if exists admissions add constraint FKamuahtok0h1iiwrb0dcfpeo3u foreign key (attending_physician_id) references hospital.staff
    Hibernate: alter table if exists admissions add constraint FKmactdxy1of2dpq08ev7k7f3rs foreign key (department_id) references hospital.departments
    Hibernate: alter table if exists admissions add constraint FKlw2fdf6o1d576pi7dxid8ndfa foreign key (discharging_provider_id) references hospital.staff
    Hibernate: alter table if exists admissions add constraint FKsw2l4n2yqlruoe741phfj9ae3 foreign key (hospital_id) references hospital.hospitals
    Hibernate: alter table if exists admissions add constraint FKkyky6a6qqfqwfvd92qpopwepy foreign key (patient_id) references clinical.patients
    Hibernate: alter table if exists general_referrals add constraint FK2k6rv66nml5tn0selnom3o2sx foreign key (hospital_id) references hospital.hospitals
    Hibernate: alter table if exists general_referrals add constraint FKa8f3t1ytyjsck8huphiwr4juq foreign key (patient_id) references clinical.patients
    Hibernate: alter table if exists general_referrals add constraint FKddic1fp26u2f3e814b2vhs1ws foreign key (receiving_provider_id) references hospital.staff
    Hibernate: alter table if exists general_referrals add constraint FKk0bxu51yww661tf4ve9ao6mcg foreign key (referring_provider_id) references hospital.staff
    Hibernate: alter table if exists general_referrals add constraint FK7ca86f0mqahy6j2qvqfkhe4nw foreign key (target_department_id) references hospital.departments
    Hibernate: alter table if exists patient_insurances_v2 add constraint FKbw3dfoqvfm5fcbmwmo0g0qion foreign key (patient_id) references patients_v2
    Hibernate: alter table if exists patient_medical_histories_v2 add constraint FKklle78p7tmub7m1vbxx78yvq4 foreign key (patient_id) references patients_v2
    Hibernate: alter table if exists permission_matrix_audit_events add constraint FKp6ac22kse2wqb2ag9c7lvuu68 foreign key (snapshot_id) references permission_matrix_snapshots
    Hibernate: alter table if exists referral_attachments add constraint FKmusbd347w9k9bvthrygdwp706 foreign key (referral_id) references general_referrals
    Hibernate: alter table if exists referral_attachments add constraint FK4ownrfvlut4fy2lb4hsggu7ae foreign key (uploaded_by_staff_id) references hospital.staff
    2026-03-10 23:50:18  INFO [Test worker] c.e.h.r.EducationResourceRepositoryTest  - Started EducationResourceRepositoryTest in 7.597 seconds (process running for 190.632)

EducationResourceRepositoryTest > shouldSearchResourcesByTitleAndDescription() STANDARD_OUT
    Hibernate: insert into clinical.education_resources (average_rating,category,completion_count,content_url,created_at,created_by,description,estimated_duration,evidence_source,hospital_id,is_active,is_culturally_sensitive,is_evidence_based,is_high_risk_relevant,is_warning_sign_content,last_modified_by,organization_id,primary_language,published_at,rating_count,resource_type,text_content,thumbnail_url,title,updated_at,video_url,view_count,id) values (?,?,?,?,?,?,?,?,?,?,?,?,?,?,?,?,?,?,?,?,?,?,?,?,?,?,?,?)
    Hibernate: insert into clinical.education_resources (average_rating,category,completion_count,content_url,created_at,created_by,description,estimated_duration,evidence_source,hospital_id,is_active,is_culturally_sensitive,is_evidence_based,is_high_risk_relevant,is_warning_sign_content,last_modified_by,organization_id,primary_language,published_at,rating_count,resource_type,text_content,thumbnail_url,title,updated_at,video_url,view_count,id) values (?,?,?,?,?,?,?,?,?,?,?,?,?,?,?,?,?,?,?,?,?,?,?,?,?,?,?,?)
    Hibernate: select er1_0.id,er1_0.average_rating,er1_0.category,er1_0.completion_count,er1_0.content_url,er1_0.created_at,er1_0.created_by,er1_0.description,er1_0.estimated_duration,er1_0.evidence_source,er1_0.hospital_id,er1_0.is_active,er1_0.is_culturally_sensitive,er1_0.is_evidence_based,er1_0.is_high_risk_relevant,er1_0.is_warning_sign_content,er1_0.last_modified_by,er1_0.organization_id,er1_0.primary_language,er1_0.published_at,er1_0.rating_count,er1_0.resource_type,er1_0.text_content,er1_0.thumbnail_url,er1_0.title,er1_0.updated_at,er1_0.video_url,er1_0.view_count from clinical.education_resources er1_0 where er1_0.is_active=true and er1_0.hospital_id=? and (lower(er1_0.title) like lower(('%'||?||'%')) escape '' or lower(er1_0.description) like lower(('%'||?||'%')) escape '') order by er1_0.created_at desc

EducationResourceRepositoryTest > shouldSearchResourcesByTitleAndDescription() PASSED

EducationResourceRepositoryTest > shouldFindActiveResourcesForHospitalOrderedByCreatedAt() STANDARD_OUT
    Hibernate: insert into clinical.education_resources (average_rating,category,completion_count,content_url,created_at,created_by,description,estimated_duration,evidence_source,hospital_id,is_active,is_culturally_sensitive,is_evidence_based,is_high_risk_relevant,is_warning_sign_content,last_modified_by,organization_id,primary_language,published_at,rating_count,resource_type,text_content,thumbnail_url,title,updated_at,video_url,view_count,id) values (?,?,?,?,?,?,?,?,?,?,?,?,?,?,?,?,?,?,?,?,?,?,?,?,?,?,?,?)
    Hibernate: insert into clinical.education_resources (average_rating,category,completion_count,content_url,created_at,created_by,description,estimated_duration,evidence_source,hospital_id,is_active,is_culturally_sensitive,is_evidence_based,is_high_risk_relevant,is_warning_sign_content,last_modified_by,organization_id,primary_language,published_at,rating_count,resource_type,text_content,thumbnail_url,title,updated_at,video_url,view_count,id) values (?,?,?,?,?,?,?,?,?,?,?,?,?,?,?,?,?,?,?,?,?,?,?,?,?,?,?,?)
    Hibernate: select er1_0.id,er1_0.average_rating,er1_0.category,er1_0.completion_count,er1_0.content_url,er1_0.created_at,er1_0.created_by,er1_0.description,er1_0.estimated_duration,er1_0.evidence_source,er1_0.hospital_id,er1_0.is_active,er1_0.is_culturally_sensitive,er1_0.is_evidence_based,er1_0.is_high_risk_relevant,er1_0.is_warning_sign_content,er1_0.last_modified_by,er1_0.organization_id,er1_0.primary_language,er1_0.published_at,er1_0.rating_count,er1_0.resource_type,er1_0.text_content,er1_0.thumbnail_url,er1_0.title,er1_0.updated_at,er1_0.video_url,er1_0.view_count from clinical.education_resources er1_0 where er1_0.hospital_id=? and er1_0.is_active order by er1_0.created_at desc

EducationResourceRepositoryTest > shouldFindActiveResourcesForHospitalOrderedByCreatedAt() PASSED

EducationResourceRepositoryTest > shouldFindPopularResourcesByCategory() STANDARD_OUT
    Hibernate: insert into clinical.education_resources (average_rating,category,completion_count,content_url,created_at,created_by,description,estimated_duration,evidence_source,hospital_id,is_active,is_culturally_sensitive,is_evidence_based,is_high_risk_relevant,is_warning_sign_content,last_modified_by,organization_id,primary_language,published_at,rating_count,resource_type,text_content,thumbnail_url,title,updated_at,video_url,view_count,id) values (?,?,?,?,?,?,?,?,?,?,?,?,?,?,?,?,?,?,?,?,?,?,?,?,?,?,?,?)
    Hibernate: insert into clinical.education_resources (average_rating,category,completion_count,content_url,created_at,created_by,description,estimated_duration,evidence_source,hospital_id,is_active,is_culturally_sensitive,is_evidence_based,is_high_risk_relevant,is_warning_sign_content,last_modified_by,organization_id,primary_language,published_at,rating_count,resource_type,text_content,thumbnail_url,title,updated_at,video_url,view_count,id) values (?,?,?,?,?,?,?,?,?,?,?,?,?,?,?,?,?,?,?,?,?,?,?,?,?,?,?,?)
    Hibernate: select er1_0.id,er1_0.average_rating,er1_0.category,er1_0.completion_count,er1_0.content_url,er1_0.created_at,er1_0.created_by,er1_0.description,er1_0.estimated_duration,er1_0.evidence_source,er1_0.hospital_id,er1_0.is_active,er1_0.is_culturally_sensitive,er1_0.is_evidence_based,er1_0.is_high_risk_relevant,er1_0.is_warning_sign_content,er1_0.last_modified_by,er1_0.organization_id,er1_0.primary_language,er1_0.published_at,er1_0.rating_count,er1_0.resource_type,er1_0.text_content,er1_0.thumbnail_url,er1_0.title,er1_0.updated_at,er1_0.video_url,er1_0.view_count from clinical.education_resources er1_0 where er1_0.is_active=true and er1_0.hospital_id=? and er1_0.category=? order by er1_0.view_count desc,er1_0.average_rating desc

EducationResourceRepositoryTest > shouldFindPopularResourcesByCategory() PASSED

EducationResourceRepositoryTest > shouldFilterByResourceTypeForHospital() STANDARD_OUT
    Hibernate: insert into clinical.education_resources (average_rating,category,completion_count,content_url,created_at,created_by,description,estimated_duration,evidence_source,hospital_id,is_active,is_culturally_sensitive,is_evidence_based,is_high_risk_relevant,is_warning_sign_content,last_modified_by,organization_id,primary_language,published_at,rating_count,resource_type,text_content,thumbnail_url,title,updated_at,video_url,view_count,id) values (?,?,?,?,?,?,?,?,?,?,?,?,?,?,?,?,?,?,?,?,?,?,?,?,?,?,?,?)
    Hibernate: insert into clinical.education_resources (average_rating,category,completion_count,content_url,created_at,created_by,description,estimated_duration,evidence_source,hospital_id,is_active,is_culturally_sensitive,is_evidence_based,is_high_risk_relevant,is_warning_sign_content,last_modified_by,organization_id,primary_language,published_at,rating_count,resource_type,text_content,thumbnail_url,title,updated_at,video_url,view_count,id) values (?,?,?,?,?,?,?,?,?,?,?,?,?,?,?,?,?,?,?,?,?,?,?,?,?,?,?,?)
    Hibernate: select er1_0.id,er1_0.average_rating,er1_0.category,er1_0.completion_count,er1_0.content_url,er1_0.created_at,er1_0.created_by,er1_0.description,er1_0.estimated_duration,er1_0.evidence_source,er1_0.hospital_id,er1_0.is_active,er1_0.is_culturally_sensitive,er1_0.is_evidence_based,er1_0.is_high_risk_relevant,er1_0.is_warning_sign_content,er1_0.last_modified_by,er1_0.organization_id,er1_0.primary_language,er1_0.published_at,er1_0.rating_count,er1_0.resource_type,er1_0.text_content,er1_0.thumbnail_url,er1_0.title,er1_0.updated_at,er1_0.video_url,er1_0.view_count from clinical.education_resources er1_0 where er1_0.resource_type=? and er1_0.hospital_id=? and er1_0.is_active order by er1_0.created_at desc

EducationResourceRepositoryTest > shouldFilterByResourceTypeForHospital() PASSED

EducationResourceRepositoryTest > shouldFindByPrimaryLanguageForHospital() STANDARD_OUT
    Hibernate: insert into clinical.education_resources (average_rating,category,completion_count,content_url,created_at,created_by,description,estimated_duration,evidence_source,hospital_id,is_active,is_culturally_sensitive,is_evidence_based,is_high_risk_relevant,is_warning_sign_content,last_modified_by,organization_id,primary_language,published_at,rating_count,resource_type,text_content,thumbnail_url,title,updated_at,video_url,view_count,id) values (?,?,?,?,?,?,?,?,?,?,?,?,?,?,?,?,?,?,?,?,?,?,?,?,?,?,?,?)
    Hibernate: insert into clinical.education_resources (average_rating,category,completion_count,content_url,created_at,created_by,description,estimated_duration,evidence_source,hospital_id,is_active,is_culturally_sensitive,is_evidence_based,is_high_risk_relevant,is_warning_sign_content,last_modified_by,organization_id,primary_language,published_at,rating_count,resource_type,text_content,thumbnail_url,title,updated_at,video_url,view_count,id) values (?,?,?,?,?,?,?,?,?,?,?,?,?,?,?,?,?,?,?,?,?,?,?,?,?,?,?,?)
    Hibernate: select er1_0.id,er1_0.average_rating,er1_0.category,er1_0.completion_count,er1_0.content_url,er1_0.created_at,er1_0.created_by,er1_0.description,er1_0.estimated_duration,er1_0.evidence_source,er1_0.hospital_id,er1_0.is_active,er1_0.is_culturally_sensitive,er1_0.is_evidence_based,er1_0.is_high_risk_relevant,er1_0.is_warning_sign_content,er1_0.last_modified_by,er1_0.organization_id,er1_0.primary_language,er1_0.published_at,er1_0.rating_count,er1_0.resource_type,er1_0.text_content,er1_0.thumbnail_url,er1_0.title,er1_0.updated_at,er1_0.video_url,er1_0.view_count from clinical.education_resources er1_0 where er1_0.primary_language=? and er1_0.hospital_id=? and er1_0.is_active order by er1_0.created_at desc

EducationResourceRepositoryTest > shouldFindByPrimaryLanguageForHospital() PASSED

EducationResourceRepositoryTest > shouldFindResourcesByTag() STANDARD_OUT
    Hibernate: insert into clinical.education_resources (average_rating,category,completion_count,content_url,created_at,created_by,description,estimated_duration,evidence_source,hospital_id,is_active,is_culturally_sensitive,is_evidence_based,is_high_risk_relevant,is_warning_sign_content,last_modified_by,organization_id,primary_language,published_at,rating_count,resource_type,text_content,thumbnail_url,title,updated_at,video_url,view_count,id) values (?,?,?,?,?,?,?,?,?,?,?,?,?,?,?,?,?,?,?,?,?,?,?,?,?,?,?,?)
    Hibernate: insert into clinical.education_resource_tags (resource_id,tag) values (?,?)
    Hibernate: insert into clinical.education_resources (average_rating,category,completion_count,content_url,created_at,created_by,description,estimated_duration,evidence_source,hospital_id,is_active,is_culturally_sensitive,is_evidence_based,is_high_risk_relevant,is_warning_sign_content,last_modified_by,organization_id,primary_language,published_at,rating_count,resource_type,text_content,thumbnail_url,title,updated_at,video_url,view_count,id) values (?,?,?,?,?,?,?,?,?,?,?,?,?,?,?,?,?,?,?,?,?,?,?,?,?,?,?,?)
    Hibernate: select er1_0.id,er1_0.average_rating,er1_0.category,er1_0.completion_count,er1_0.content_url,er1_0.created_at,er1_0.created_by,er1_0.description,er1_0.estimated_duration,er1_0.evidence_source,er1_0.hospital_id,er1_0.is_active,er1_0.is_culturally_sensitive,er1_0.is_evidence_based,er1_0.is_high_risk_relevant,er1_0.is_warning_sign_content,er1_0.last_modified_by,er1_0.organization_id,er1_0.primary_language,er1_0.published_at,er1_0.rating_count,er1_0.resource_type,er1_0.text_content,er1_0.thumbnail_url,er1_0.title,er1_0.updated_at,er1_0.video_url,er1_0.view_count from clinical.education_resources er1_0 join clinical.education_resource_tags t1_0 on er1_0.id=t1_0.resource_id where t1_0.tag=? and er1_0.is_active=true

EducationResourceRepositoryTest > shouldFindResourcesByTag() PASSED

EducationResourceRepositoryTest > shouldFilterByCategoryForHospital() STANDARD_OUT
    Hibernate: insert into clinical.education_resources (average_rating,category,completion_count,content_url,created_at,created_by,description,estimated_duration,evidence_source,hospital_id,is_active,is_culturally_sensitive,is_evidence_based,is_high_risk_relevant,is_warning_sign_content,last_modified_by,organization_id,primary_language,published_at,rating_count,resource_type,text_content,thumbnail_url,title,updated_at,video_url,view_count,id) values (?,?,?,?,?,?,?,?,?,?,?,?,?,?,?,?,?,?,?,?,?,?,?,?,?,?,?,?)
    Hibernate: insert into clinical.education_resources (average_rating,category,completion_count,content_url,created_at,created_by,description,estimated_duration,evidence_source,hospital_id,is_active,is_culturally_sensitive,is_evidence_based,is_high_risk_relevant,is_warning_sign_content,last_modified_by,organization_id,primary_language,published_at,rating_count,resource_type,text_content,thumbnail_url,title,updated_at,video_url,view_count,id) values (?,?,?,?,?,?,?,?,?,?,?,?,?,?,?,?,?,?,?,?,?,?,?,?,?,?,?,?)
    Hibernate: select er1_0.id,er1_0.average_rating,er1_0.category,er1_0.completion_count,er1_0.content_url,er1_0.created_at,er1_0.created_by,er1_0.description,er1_0.estimated_duration,er1_0.evidence_source,er1_0.hospital_id,er1_0.is_active,er1_0.is_culturally_sensitive,er1_0.is_evidence_based,er1_0.is_high_risk_relevant,er1_0.is_warning_sign_content,er1_0.last_modified_by,er1_0.organization_id,er1_0.primary_language,er1_0.published_at,er1_0.rating_count,er1_0.resource_type,er1_0.text_content,er1_0.thumbnail_url,er1_0.title,er1_0.updated_at,er1_0.video_url,er1_0.view_count from clinical.education_resources er1_0 where er1_0.category=? and er1_0.hospital_id=? and er1_0.is_active order by er1_0.created_at desc

EducationResourceRepositoryTest > shouldFilterByCategoryForHospital() PASSED

MaternalHistoryRepositoryTest > searchMaternalHistory_shouldFilterByRiskCategory() STANDARD_OUT
    Hibernate: insert into hospital.hospitals (active,address,city,code,country,created_at,email,license_number,name,organization_id,hospital_data_steward,hospital_owner_contact_email,hospital_owner_team,hospital_service_level,phone_number,hospital_billing_system,hospital_ehr_system,hospital_integration_notes,hospital_inventory_system,po_box,province,region,sector,state,updated_at,website,zip_code,id) values (?,?,?,?,?,?,?,?,?,?,?,?,?,?,?,?,?,?,?,?,?,?,?,?,?,?,?,?)
    Hibernate: insert into security.users (activation_token,activation_token_expires_at,created_at,email,first_name,force_password_change,is_active,is_deleted,last_login_at,last_name,password_changed_at,password_hash,password_rotation_forced_at,password_rotation_warning_at,phone_number,profile_image_url,updated_at,username,id) values (?,?,?,?,?,?,?,?,?,?,?,?,?,?,?,?,?,?,?)
    Hibernate: insert into clinical.patients (is_active,address,address_line1,address_line2,allergies,blood_type,care_team_notes,chronic_conditions,city,country,created_at,date_of_birth,department_id,email,emergency_contact_name,emergency_contact_phone,emergency_contact_relationship,first_name,gender,hospital_id,last_name,medical_history_summary,middle_name,organization_id,phone_number_primary,phone_number_secondary,preferred_pharmacy,state,updated_at,user_id,zip_code,id) values (?,?,?,?,?,?,?,?,?,?,?,?,?,?,?,?,?,?,?,?,?,?,?,?,?,?,?,?,?,?,?,?)
    Hibernate: insert into security.users (activation_token,activation_token_expires_at,created_at,email,first_name,force_password_change,is_active,is_deleted,last_login_at,last_name,password_changed_at,password_hash,password_rotation_forced_at,password_rotation_warning_at,phone_number,profile_image_url,updated_at,username,id) values (?,?,?,?,?,?,?,?,?,?,?,?,?,?,?,?,?,?,?)
    Hibernate: insert into security.roles (code,created_at,description,name,updated_at,id) values (?,?,?,?,?,?)
    Hibernate: insert into security.user_roles (role_id,user_id) values (?,?)
    Hibernate: insert into security.user_role_hospital_assignment (is_active,assigned_at,assignment_code,confirmation_code,confirmation_sent_at,confirmation_verified_at,created_at,description,hospital_id,registered_by_user_id,role_id,start_date,temp_plain_password,updated_at,user_id,id) values (?,?,?,?,?,?,?,?,?,?,?,?,?,?,?,?)
    Hibernate: insert into hospital.staff (active,assignment_id,created_at,department_id,employment_type,end_date,hospital_id,job_title,license_number,name,npi,signature_captured_at,signature_certificate_id,signature_public_key,signature_revoked_at,specialization,start_date,updated_at,user_id,id) values (?,?,?,?,?,?,?,?,?,?,?,?,?,?,?,?,?,?,?,?)
    Hibernate: insert into clinical.maternal_history (abortions,additional_notes,adequate_housing,alcohol_use,alcohol_use_details,allergies,anxiety_present,autoimmune_disorder,caffeine_intake_daily,calculated_risk_score,cardiac_disease,chronic_conditions,cigarettes_per_day,clinical_notes,complications_details,contraception_method_prior,covid19_vaccination,created_at,current_medications,data_complete,depression_screening_score,diabetes,diet_description,diet_type,domestic_violence_concerns,domestic_violence_details,domestic_violence_screening,drug_allergies,eclampsia_history,environmental_exposures,estimated_due_date,estimated_due_date_by_ultrasound,exercise_details,exercise_frequency,family_diabetes,family_genetic_disorders,family_history_details,family_hypertension,family_medical_history,family_pregnancy_complications,family_twin_history,fetal_anomaly_history,financial_concerns,flu_vaccination_current_season,flu_vaccination_date,folic_acid_supplementation,food_security,gestational_diabetes_history,gravida,hellp_syndrome_history,hepatitis_b_vaccination,hospital_id,hypertension,identified_risk_factors,immunization_notes,last_menstrual_period,latex_allergy,living_children,menstrual_cycle_length_days,menstrual_cycle_regularity,mental_health_conditions,mental_health_screening_completed,occupational_hazards,occupational_hazards_details,para,patient_id,pet_exposure,placenta_previa_history,placental_abruption_history,postpartum_hemorrhage_history,preeclampsia_history,prenatal_vitamins_start_date,prenatal_vitamins_started,preterm_births,preterm_labor_history,previous_abdominal_surgery,previous_cesarean_sections,previous_pregnancy_complications,previous_pregnancy_outcomes,previous_uterine_surgery,psychosocial_notes,recorded_by_staff_id,recorded_date,recreational_drug_use,renal_disease,requires_specialist_referral,review_timestamp,reviewed_by_provider,reviewed_by_staff_id,risk_category,rubella_immunity,smoking_cessation_date,smoking_status,specialist_referral_reason,substance_use,substance_use_details,support_system,surgical_history,tdap_vaccination,tdap_vaccination_date,term_births,thyroid_disorder,travel_history,ultrasound_confirmation_date,update_reason,updated_at,varicella_immunity,version_number,zika_risk_exposure,id) values (?,?,?,?,?,?,?,?,?,?,?,?,?,?,?,?,?,?,?,?,?,?,?,?,?,?,?,?,?,?,?,?,?,?,?,?,?,?,?,?,?,?,?,?,?,?,?,?,?,?,?,?,?,?,?,?,?,?,?,?,?,?,?,?,?,?,?,?,?,?,?,?,?,?,?,?,?,?,?,?,?,?,?,?,?,?,?,?,?,?,?,?,?,?,?,?,?,?,?,?,?,?,?,?,?,?,?,?,?,?)
    Hibernate: insert into clinical.maternal_history (abortions,additional_notes,adequate_housing,alcohol_use,alcohol_use_details,allergies,anxiety_present,autoimmune_disorder,caffeine_intake_daily,calculated_risk_score,cardiac_disease,chronic_conditions,cigarettes_per_day,clinical_notes,complications_details,contraception_method_prior,covid19_vaccination,created_at,current_medications,data_complete,depression_screening_score,diabetes,diet_description,diet_type,domestic_violence_concerns,domestic_violence_details,domestic_violence_screening,drug_allergies,eclampsia_history,environmental_exposures,estimated_due_date,estimated_due_date_by_ultrasound,exercise_details,exercise_frequency,family_diabetes,family_genetic_disorders,family_history_details,family_hypertension,family_medical_history,family_pregnancy_complications,family_twin_history,fetal_anomaly_history,financial_concerns,flu_vaccination_current_season,flu_vaccination_date,folic_acid_supplementation,food_security,gestational_diabetes_history,gravida,hellp_syndrome_history,hepatitis_b_vaccination,hospital_id,hypertension,identified_risk_factors,immunization_notes,last_menstrual_period,latex_allergy,living_children,menstrual_cycle_length_days,menstrual_cycle_regularity,mental_health_conditions,mental_health_screening_completed,occupational_hazards,occupational_hazards_details,para,patient_id,pet_exposure,placenta_previa_history,placental_abruption_history,postpartum_hemorrhage_history,preeclampsia_history,prenatal_vitamins_start_date,prenatal_vitamins_started,preterm_births,preterm_labor_history,previous_abdominal_surgery,previous_cesarean_sections,previous_pregnancy_complications,previous_pregnancy_outcomes,previous_uterine_surgery,psychosocial_notes,recorded_by_staff_id,recorded_date,recreational_drug_use,renal_disease,requires_specialist_referral,review_timestamp,reviewed_by_provider,reviewed_by_staff_id,risk_category,rubella_immunity,smoking_cessation_date,smoking_status,specialist_referral_reason,substance_use,substance_use_details,support_system,surgical_history,tdap_vaccination,tdap_vaccination_date,term_births,thyroid_disorder,travel_history,ultrasound_confirmation_date,update_reason,updated_at,varicella_immunity,version_number,zika_risk_exposure,id) values (?,?,?,?,?,?,?,?,?,?,?,?,?,?,?,?,?,?,?,?,?,?,?,?,?,?,?,?,?,?,?,?,?,?,?,?,?,?,?,?,?,?,?,?,?,?,?,?,?,?,?,?,?,?,?,?,?,?,?,?,?,?,?,?,?,?,?,?,?,?,?,?,?,?,?,?,?,?,?,?,?,?,?,?,?,?,?,?,?,?,?,?,?,?,?,?,?,?,?,?,?,?,?,?,?,?,?,?,?,?)
    Hibernate: select mh1_0.id,mh1_0.abortions,mh1_0.additional_notes,mh1_0.adequate_housing,mh1_0.alcohol_use,mh1_0.alcohol_use_details,mh1_0.allergies,mh1_0.anxiety_present,mh1_0.autoimmune_disorder,mh1_0.caffeine_intake_daily,mh1_0.calculated_risk_score,mh1_0.cardiac_disease,mh1_0.chronic_conditions,mh1_0.cigarettes_per_day,mh1_0.clinical_notes,mh1_0.complications_details,mh1_0.contraception_method_prior,mh1_0.covid19_vaccination,mh1_0.created_at,mh1_0.current_medications,mh1_0.data_complete,mh1_0.depression_screening_score,mh1_0.diabetes,mh1_0.diet_description,mh1_0.diet_type,mh1_0.domestic_violence_concerns,mh1_0.domestic_violence_details,mh1_0.domestic_violence_screening,mh1_0.drug_allergies,mh1_0.eclampsia_history,mh1_0.environmental_exposures,mh1_0.estimated_due_date,mh1_0.estimated_due_date_by_ultrasound,mh1_0.exercise_details,mh1_0.exercise_frequency,mh1_0.family_diabetes,mh1_0.family_genetic_disorders,mh1_0.family_history_details,mh1_0.family_hypertension,mh1_0.family_medical_history,mh1_0.family_pregnancy_complications,mh1_0.family_twin_history,mh1_0.fetal_anomaly_history,mh1_0.financial_concerns,mh1_0.flu_vaccination_current_season,mh1_0.flu_vaccination_date,mh1_0.folic_acid_supplementation,mh1_0.food_security,mh1_0.gestational_diabetes_history,mh1_0.gravida,mh1_0.hellp_syndrome_history,mh1_0.hepatitis_b_vaccination,mh1_0.hospital_id,mh1_0.hypertension,mh1_0.identified_risk_factors,mh1_0.immunization_notes,mh1_0.last_menstrual_period,mh1_0.latex_allergy,mh1_0.living_children,mh1_0.menstrual_cycle_length_days,mh1_0.menstrual_cycle_regularity,mh1_0.mental_health_conditions,mh1_0.mental_health_screening_completed,mh1_0.occupational_hazards,mh1_0.occupational_hazards_details,mh1_0.para,mh1_0.patient_id,mh1_0.pet_exposure,mh1_0.placenta_previa_history,mh1_0.placental_abruption_history,mh1_0.postpartum_hemorrhage_history,mh1_0.preeclampsia_history,mh1_0.prenatal_vitamins_start_date,mh1_0.prenatal_vitamins_started,mh1_0.preterm_births,mh1_0.preterm_labor_history,mh1_0.previous_abdominal_surgery,mh1_0.previous_cesarean_sections,mh1_0.previous_pregnancy_complications,mh1_0.previous_pregnancy_outcomes,mh1_0.previous_uterine_surgery,mh1_0.psychosocial_notes,mh1_0.recorded_by_staff_id,mh1_0.recorded_date,mh1_0.recreational_drug_use,mh1_0.renal_disease,mh1_0.requires_specialist_referral,mh1_0.review_timestamp,mh1_0.reviewed_by_provider,mh1_0.reviewed_by_staff_id,mh1_0.risk_category,mh1_0.rubella_immunity,mh1_0.smoking_cessation_date,mh1_0.smoking_status,mh1_0.specialist_referral_reason,mh1_0.substance_use,mh1_0.substance_use_details,mh1_0.support_system,mh1_0.surgical_history,mh1_0.tdap_vaccination,mh1_0.tdap_vaccination_date,mh1_0.term_births,mh1_0.thyroid_disorder,mh1_0.travel_history,mh1_0.ultrasound_confirmation_date,mh1_0.update_reason,mh1_0.updated_at,mh1_0.varicella_immunity,mh1_0.version_number,mh1_0.zika_risk_exposure from clinical.maternal_history mh1_0 where (? is null or mh1_0.hospital_id=?) and (? is null or mh1_0.patient_id=?) and (? is null or mh1_0.risk_category=?) and (? is null or mh1_0.data_complete=?) and (? is null or mh1_0.reviewed_by_provider=?) and (? is null or mh1_0.recorded_date>=?) and (? is null or mh1_0.recorded_date<=?) order by mh1_0.recorded_date desc fetch first ? rows only

MaternalHistoryRepositoryTest > searchMaternalHistory_shouldFilterByRiskCategory() PASSED

MaternalHistoryRepositoryTest > findAllVersionsByPatientId_shouldReturnAllVersionsDescending() STANDARD_OUT
    Hibernate: insert into hospital.hospitals (active,address,city,code,country,created_at,email,license_number,name,organization_id,hospital_data_steward,hospital_owner_contact_email,hospital_owner_team,hospital_service_level,phone_number,hospital_billing_system,hospital_ehr_system,hospital_integration_notes,hospital_inventory_system,po_box,province,region,sector,state,updated_at,website,zip_code,id) values (?,?,?,?,?,?,?,?,?,?,?,?,?,?,?,?,?,?,?,?,?,?,?,?,?,?,?,?)
    Hibernate: insert into security.users (activation_token,activation_token_expires_at,created_at,email,first_name,force_password_change,is_active,is_deleted,last_login_at,last_name,password_changed_at,password_hash,password_rotation_forced_at,password_rotation_warning_at,phone_number,profile_image_url,updated_at,username,id) values (?,?,?,?,?,?,?,?,?,?,?,?,?,?,?,?,?,?,?)
    Hibernate: insert into clinical.patients (is_active,address,address_line1,address_line2,allergies,blood_type,care_team_notes,chronic_conditions,city,country,created_at,date_of_birth,department_id,email,emergency_contact_name,emergency_contact_phone,emergency_contact_relationship,first_name,gender,hospital_id,last_name,medical_history_summary,middle_name,organization_id,phone_number_primary,phone_number_secondary,preferred_pharmacy,state,updated_at,user_id,zip_code,id) values (?,?,?,?,?,?,?,?,?,?,?,?,?,?,?,?,?,?,?,?,?,?,?,?,?,?,?,?,?,?,?,?)
    Hibernate: insert into security.users (activation_token,activation_token_expires_at,created_at,email,first_name,force_password_change,is_active,is_deleted,last_login_at,last_name,password_changed_at,password_hash,password_rotation_forced_at,password_rotation_warning_at,phone_number,profile_image_url,updated_at,username,id) values (?,?,?,?,?,?,?,?,?,?,?,?,?,?,?,?,?,?,?)
    Hibernate: insert into security.roles (code,created_at,description,name,updated_at,id) values (?,?,?,?,?,?)
    Hibernate: insert into security.user_roles (role_id,user_id) values (?,?)
    Hibernate: insert into security.user_role_hospital_assignment (is_active,assigned_at,assignment_code,confirmation_code,confirmation_sent_at,confirmation_verified_at,created_at,description,hospital_id,registered_by_user_id,role_id,start_date,temp_plain_password,updated_at,user_id,id) values (?,?,?,?,?,?,?,?,?,?,?,?,?,?,?,?)
    Hibernate: insert into hospital.staff (active,assignment_id,created_at,department_id,employment_type,end_date,hospital_id,job_title,license_number,name,npi,signature_captured_at,signature_certificate_id,signature_public_key,signature_revoked_at,specialization,start_date,updated_at,user_id,id) values (?,?,?,?,?,?,?,?,?,?,?,?,?,?,?,?,?,?,?,?)
    Hibernate: insert into clinical.maternal_history (abortions,additional_notes,adequate_housing,alcohol_use,alcohol_use_details,allergies,anxiety_present,autoimmune_disorder,caffeine_intake_daily,calculated_risk_score,cardiac_disease,chronic_conditions,cigarettes_per_day,clinical_notes,complications_details,contraception_method_prior,covid19_vaccination,created_at,current_medications,data_complete,depression_screening_score,diabetes,diet_description,diet_type,domestic_violence_concerns,domestic_violence_details,domestic_violence_screening,drug_allergies,eclampsia_history,environmental_exposures,estimated_due_date,estimated_due_date_by_ultrasound,exercise_details,exercise_frequency,family_diabetes,family_genetic_disorders,family_history_details,family_hypertension,family_medical_history,family_pregnancy_complications,family_twin_history,fetal_anomaly_history,financial_concerns,flu_vaccination_current_season,flu_vaccination_date,folic_acid_supplementation,food_security,gestational_diabetes_history,gravida,hellp_syndrome_history,hepatitis_b_vaccination,hospital_id,hypertension,identified_risk_factors,immunization_notes,last_menstrual_period,latex_allergy,living_children,menstrual_cycle_length_days,menstrual_cycle_regularity,mental_health_conditions,mental_health_screening_completed,occupational_hazards,occupational_hazards_details,para,patient_id,pet_exposure,placenta_previa_history,placental_abruption_history,postpartum_hemorrhage_history,preeclampsia_history,prenatal_vitamins_start_date,prenatal_vitamins_started,preterm_births,preterm_labor_history,previous_abdominal_surgery,previous_cesarean_sections,previous_pregnancy_complications,previous_pregnancy_outcomes,previous_uterine_surgery,psychosocial_notes,recorded_by_staff_id,recorded_date,recreational_drug_use,renal_disease,requires_specialist_referral,review_timestamp,reviewed_by_provider,reviewed_by_staff_id,risk_category,rubella_immunity,smoking_cessation_date,smoking_status,specialist_referral_reason,substance_use,substance_use_details,support_system,surgical_history,tdap_vaccination,tdap_vaccination_date,term_births,thyroid_disorder,travel_history,ultrasound_confirmation_date,update_reason,updated_at,varicella_immunity,version_number,zika_risk_exposure,id) values (?,?,?,?,?,?,?,?,?,?,?,?,?,?,?,?,?,?,?,?,?,?,?,?,?,?,?,?,?,?,?,?,?,?,?,?,?,?,?,?,?,?,?,?,?,?,?,?,?,?,?,?,?,?,?,?,?,?,?,?,?,?,?,?,?,?,?,?,?,?,?,?,?,?,?,?,?,?,?,?,?,?,?,?,?,?,?,?,?,?,?,?,?,?,?,?,?,?,?,?,?,?,?,?,?,?,?,?,?,?)
    Hibernate: insert into clinical.maternal_history (abortions,additional_notes,adequate_housing,alcohol_use,alcohol_use_details,allergies,anxiety_present,autoimmune_disorder,caffeine_intake_daily,calculated_risk_score,cardiac_disease,chronic_conditions,cigarettes_per_day,clinical_notes,complications_details,contraception_method_prior,covid19_vaccination,created_at,current_medications,data_complete,depression_screening_score,diabetes,diet_description,diet_type,domestic_violence_concerns,domestic_violence_details,domestic_violence_screening,drug_allergies,eclampsia_history,environmental_exposures,estimated_due_date,estimated_due_date_by_ultrasound,exercise_details,exercise_frequency,family_diabetes,family_genetic_disorders,family_history_details,family_hypertension,family_medical_history,family_pregnancy_complications,family_twin_history,fetal_anomaly_history,financial_concerns,flu_vaccination_current_season,flu_vaccination_date,folic_acid_supplementation,food_security,gestational_diabetes_history,gravida,hellp_syndrome_history,hepatitis_b_vaccination,hospital_id,hypertension,identified_risk_factors,immunization_notes,last_menstrual_period,latex_allergy,living_children,menstrual_cycle_length_days,menstrual_cycle_regularity,mental_health_conditions,mental_health_screening_completed,occupational_hazards,occupational_hazards_details,para,patient_id,pet_exposure,placenta_previa_history,placental_abruption_history,postpartum_hemorrhage_history,preeclampsia_history,prenatal_vitamins_start_date,prenatal_vitamins_started,preterm_births,preterm_labor_history,previous_abdominal_surgery,previous_cesarean_sections,previous_pregnancy_complications,previous_pregnancy_outcomes,previous_uterine_surgery,psychosocial_notes,recorded_by_staff_id,recorded_date,recreational_drug_use,renal_disease,requires_specialist_referral,review_timestamp,reviewed_by_provider,reviewed_by_staff_id,risk_category,rubella_immunity,smoking_cessation_date,smoking_status,specialist_referral_reason,substance_use,substance_use_details,support_system,surgical_history,tdap_vaccination,tdap_vaccination_date,term_births,thyroid_disorder,travel_history,ultrasound_confirmation_date,update_reason,updated_at,varicella_immunity,version_number,zika_risk_exposure,id) values (?,?,?,?,?,?,?,?,?,?,?,?,?,?,?,?,?,?,?,?,?,?,?,?,?,?,?,?,?,?,?,?,?,?,?,?,?,?,?,?,?,?,?,?,?,?,?,?,?,?,?,?,?,?,?,?,?,?,?,?,?,?,?,?,?,?,?,?,?,?,?,?,?,?,?,?,?,?,?,?,?,?,?,?,?,?,?,?,?,?,?,?,?,?,?,?,?,?,?,?,?,?,?,?,?,?,?,?,?,?)
    Hibernate: select mh1_0.id,mh1_0.abortions,mh1_0.additional_notes,mh1_0.adequate_housing,mh1_0.alcohol_use,mh1_0.alcohol_use_details,mh1_0.allergies,mh1_0.anxiety_present,mh1_0.autoimmune_disorder,mh1_0.caffeine_intake_daily,mh1_0.calculated_risk_score,mh1_0.cardiac_disease,mh1_0.chronic_conditions,mh1_0.cigarettes_per_day,mh1_0.clinical_notes,mh1_0.complications_details,mh1_0.contraception_method_prior,mh1_0.covid19_vaccination,mh1_0.created_at,mh1_0.current_medications,mh1_0.data_complete,mh1_0.depression_screening_score,mh1_0.diabetes,mh1_0.diet_description,mh1_0.diet_type,mh1_0.domestic_violence_concerns,mh1_0.domestic_violence_details,mh1_0.domestic_violence_screening,mh1_0.drug_allergies,mh1_0.eclampsia_history,mh1_0.environmental_exposures,mh1_0.estimated_due_date,mh1_0.estimated_due_date_by_ultrasound,mh1_0.exercise_details,mh1_0.exercise_frequency,mh1_0.family_diabetes,mh1_0.family_genetic_disorders,mh1_0.family_history_details,mh1_0.family_hypertension,mh1_0.family_medical_history,mh1_0.family_pregnancy_complications,mh1_0.family_twin_history,mh1_0.fetal_anomaly_history,mh1_0.financial_concerns,mh1_0.flu_vaccination_current_season,mh1_0.flu_vaccination_date,mh1_0.folic_acid_supplementation,mh1_0.food_security,mh1_0.gestational_diabetes_history,mh1_0.gravida,mh1_0.hellp_syndrome_history,mh1_0.hepatitis_b_vaccination,mh1_0.hospital_id,mh1_0.hypertension,mh1_0.identified_risk_factors,mh1_0.immunization_notes,mh1_0.last_menstrual_period,mh1_0.latex_allergy,mh1_0.living_children,mh1_0.menstrual_cycle_length_days,mh1_0.menstrual_cycle_regularity,mh1_0.mental_health_conditions,mh1_0.mental_health_screening_completed,mh1_0.occupational_hazards,mh1_0.occupational_hazards_details,mh1_0.para,mh1_0.patient_id,mh1_0.pet_exposure,mh1_0.placenta_previa_history,mh1_0.placental_abruption_history,mh1_0.postpartum_hemorrhage_history,mh1_0.preeclampsia_history,mh1_0.prenatal_vitamins_start_date,mh1_0.prenatal_vitamins_started,mh1_0.preterm_births,mh1_0.preterm_labor_history,mh1_0.previous_abdominal_surgery,mh1_0.previous_cesarean_sections,mh1_0.previous_pregnancy_complications,mh1_0.previous_pregnancy_outcomes,mh1_0.previous_uterine_surgery,mh1_0.psychosocial_notes,mh1_0.recorded_by_staff_id,mh1_0.recorded_date,mh1_0.recreational_drug_use,mh1_0.renal_disease,mh1_0.requires_specialist_referral,mh1_0.review_timestamp,mh1_0.reviewed_by_provider,mh1_0.reviewed_by_staff_id,mh1_0.risk_category,mh1_0.rubella_immunity,mh1_0.smoking_cessation_date,mh1_0.smoking_status,mh1_0.specialist_referral_reason,mh1_0.substance_use,mh1_0.substance_use_details,mh1_0.support_system,mh1_0.surgical_history,mh1_0.tdap_vaccination,mh1_0.tdap_vaccination_date,mh1_0.term_births,mh1_0.thyroid_disorder,mh1_0.travel_history,mh1_0.ultrasound_confirmation_date,mh1_0.update_reason,mh1_0.updated_at,mh1_0.varicella_immunity,mh1_0.version_number,mh1_0.zika_risk_exposure from clinical.maternal_history mh1_0 where mh1_0.patient_id=? order by mh1_0.version_number desc,mh1_0.recorded_date desc

MaternalHistoryRepositoryTest > findAllVersionsByPatientId_shouldReturnAllVersionsDescending() PASSED

MaternalHistoryRepositoryTest > findHighRiskByHospital_shouldReturnHighRiskCases() STANDARD_OUT
    Hibernate: insert into hospital.hospitals (active,address,city,code,country,created_at,email,license_number,name,organization_id,hospital_data_steward,hospital_owner_contact_email,hospital_owner_team,hospital_service_level,phone_number,hospital_billing_system,hospital_ehr_system,hospital_integration_notes,hospital_inventory_system,po_box,province,region,sector,state,updated_at,website,zip_code,id) values (?,?,?,?,?,?,?,?,?,?,?,?,?,?,?,?,?,?,?,?,?,?,?,?,?,?,?,?)
    Hibernate: insert into security.users (activation_token,activation_token_expires_at,created_at,email,first_name,force_password_change,is_active,is_deleted,last_login_at,last_name,password_changed_at,password_hash,password_rotation_forced_at,password_rotation_warning_at,phone_number,profile_image_url,updated_at,username,id) values (?,?,?,?,?,?,?,?,?,?,?,?,?,?,?,?,?,?,?)
    Hibernate: insert into clinical.patients (is_active,address,address_line1,address_line2,allergies,blood_type,care_team_notes,chronic_conditions,city,country,created_at,date_of_birth,department_id,email,emergency_contact_name,emergency_contact_phone,emergency_contact_relationship,first_name,gender,hospital_id,last_name,medical_history_summary,middle_name,organization_id,phone_number_primary,phone_number_secondary,preferred_pharmacy,state,updated_at,user_id,zip_code,id) values (?,?,?,?,?,?,?,?,?,?,?,?,?,?,?,?,?,?,?,?,?,?,?,?,?,?,?,?,?,?,?,?)
    Hibernate: insert into security.users (activation_token,activation_token_expires_at,created_at,email,first_name,force_password_change,is_active,is_deleted,last_login_at,last_name,password_changed_at,password_hash,password_rotation_forced_at,password_rotation_warning_at,phone_number,profile_image_url,updated_at,username,id) values (?,?,?,?,?,?,?,?,?,?,?,?,?,?,?,?,?,?,?)
    Hibernate: insert into security.roles (code,created_at,description,name,updated_at,id) values (?,?,?,?,?,?)
    Hibernate: insert into security.user_roles (role_id,user_id) values (?,?)
    Hibernate: insert into security.user_role_hospital_assignment (is_active,assigned_at,assignment_code,confirmation_code,confirmation_sent_at,confirmation_verified_at,created_at,description,hospital_id,registered_by_user_id,role_id,start_date,temp_plain_password,updated_at,user_id,id) values (?,?,?,?,?,?,?,?,?,?,?,?,?,?,?,?)
    Hibernate: insert into hospital.staff (active,assignment_id,created_at,department_id,employment_type,end_date,hospital_id,job_title,license_number,name,npi,signature_captured_at,signature_certificate_id,signature_public_key,signature_revoked_at,specialization,start_date,updated_at,user_id,id) values (?,?,?,?,?,?,?,?,?,?,?,?,?,?,?,?,?,?,?,?)
    Hibernate: insert into clinical.maternal_history (abortions,additional_notes,adequate_housing,alcohol_use,alcohol_use_details,allergies,anxiety_present,autoimmune_disorder,caffeine_intake_daily,calculated_risk_score,cardiac_disease,chronic_conditions,cigarettes_per_day,clinical_notes,complications_details,contraception_method_prior,covid19_vaccination,created_at,current_medications,data_complete,depression_screening_score,diabetes,diet_description,diet_type,domestic_violence_concerns,domestic_violence_details,domestic_violence_screening,drug_allergies,eclampsia_history,environmental_exposures,estimated_due_date,estimated_due_date_by_ultrasound,exercise_details,exercise_frequency,family_diabetes,family_genetic_disorders,family_history_details,family_hypertension,family_medical_history,family_pregnancy_complications,family_twin_history,fetal_anomaly_history,financial_concerns,flu_vaccination_current_season,flu_vaccination_date,folic_acid_supplementation,food_security,gestational_diabetes_history,gravida,hellp_syndrome_history,hepatitis_b_vaccination,hospital_id,hypertension,identified_risk_factors,immunization_notes,last_menstrual_period,latex_allergy,living_children,menstrual_cycle_length_days,menstrual_cycle_regularity,mental_health_conditions,mental_health_screening_completed,occupational_hazards,occupational_hazards_details,para,patient_id,pet_exposure,placenta_previa_history,placental_abruption_history,postpartum_hemorrhage_history,preeclampsia_history,prenatal_vitamins_start_date,prenatal_vitamins_started,preterm_births,preterm_labor_history,previous_abdominal_surgery,previous_cesarean_sections,previous_pregnancy_complications,previous_pregnancy_outcomes,previous_uterine_surgery,psychosocial_notes,recorded_by_staff_id,recorded_date,recreational_drug_use,renal_disease,requires_specialist_referral,review_timestamp,reviewed_by_provider,reviewed_by_staff_id,risk_category,rubella_immunity,smoking_cessation_date,smoking_status,specialist_referral_reason,substance_use,substance_use_details,support_system,surgical_history,tdap_vaccination,tdap_vaccination_date,term_births,thyroid_disorder,travel_history,ultrasound_confirmation_date,update_reason,updated_at,varicella_immunity,version_number,zika_risk_exposure,id) values (?,?,?,?,?,?,?,?,?,?,?,?,?,?,?,?,?,?,?,?,?,?,?,?,?,?,?,?,?,?,?,?,?,?,?,?,?,?,?,?,?,?,?,?,?,?,?,?,?,?,?,?,?,?,?,?,?,?,?,?,?,?,?,?,?,?,?,?,?,?,?,?,?,?,?,?,?,?,?,?,?,?,?,?,?,?,?,?,?,?,?,?,?,?,?,?,?,?,?,?,?,?,?,?,?,?,?,?,?,?)
    Hibernate: insert into clinical.maternal_history (abortions,additional_notes,adequate_housing,alcohol_use,alcohol_use_details,allergies,anxiety_present,autoimmune_disorder,caffeine_intake_daily,calculated_risk_score,cardiac_disease,chronic_conditions,cigarettes_per_day,clinical_notes,complications_details,contraception_method_prior,covid19_vaccination,created_at,current_medications,data_complete,depression_screening_score,diabetes,diet_description,diet_type,domestic_violence_concerns,domestic_violence_details,domestic_violence_screening,drug_allergies,eclampsia_history,environmental_exposures,estimated_due_date,estimated_due_date_by_ultrasound,exercise_details,exercise_frequency,family_diabetes,family_genetic_disorders,family_history_details,family_hypertension,family_medical_history,family_pregnancy_complications,family_twin_history,fetal_anomaly_history,financial_concerns,flu_vaccination_current_season,flu_vaccination_date,folic_acid_supplementation,food_security,gestational_diabetes_history,gravida,hellp_syndrome_history,hepatitis_b_vaccination,hospital_id,hypertension,identified_risk_factors,immunization_notes,last_menstrual_period,latex_allergy,living_children,menstrual_cycle_length_days,menstrual_cycle_regularity,mental_health_conditions,mental_health_screening_completed,occupational_hazards,occupational_hazards_details,para,patient_id,pet_exposure,placenta_previa_history,placental_abruption_history,postpartum_hemorrhage_history,preeclampsia_history,prenatal_vitamins_start_date,prenatal_vitamins_started,preterm_births,preterm_labor_history,previous_abdominal_surgery,previous_cesarean_sections,previous_pregnancy_complications,previous_pregnancy_outcomes,previous_uterine_surgery,psychosocial_notes,recorded_by_staff_id,recorded_date,recreational_drug_use,renal_disease,requires_specialist_referral,review_timestamp,reviewed_by_provider,reviewed_by_staff_id,risk_category,rubella_immunity,smoking_cessation_date,smoking_status,specialist_referral_reason,substance_use,substance_use_details,support_system,surgical_history,tdap_vaccination,tdap_vaccination_date,term_births,thyroid_disorder,travel_history,ultrasound_confirmation_date,update_reason,updated_at,varicella_immunity,version_number,zika_risk_exposure,id) values (?,?,?,?,?,?,?,?,?,?,?,?,?,?,?,?,?,?,?,?,?,?,?,?,?,?,?,?,?,?,?,?,?,?,?,?,?,?,?,?,?,?,?,?,?,?,?,?,?,?,?,?,?,?,?,?,?,?,?,?,?,?,?,?,?,?,?,?,?,?,?,?,?,?,?,?,?,?,?,?,?,?,?,?,?,?,?,?,?,?,?,?,?,?,?,?,?,?,?,?,?,?,?,?,?,?,?,?,?,?)
    Hibernate: insert into clinical.maternal_history (abortions,additional_notes,adequate_housing,alcohol_use,alcohol_use_details,allergies,anxiety_present,autoimmune_disorder,caffeine_intake_daily,calculated_risk_score,cardiac_disease,chronic_conditions,cigarettes_per_day,clinical_notes,complications_details,contraception_method_prior,covid19_vaccination,created_at,current_medications,data_complete,depression_screening_score,diabetes,diet_description,diet_type,domestic_violence_concerns,domestic_violence_details,domestic_violence_screening,drug_allergies,eclampsia_history,environmental_exposures,estimated_due_date,estimated_due_date_by_ultrasound,exercise_details,exercise_frequency,family_diabetes,family_genetic_disorders,family_history_details,family_hypertension,family_medical_history,family_pregnancy_complications,family_twin_history,fetal_anomaly_history,financial_concerns,flu_vaccination_current_season,flu_vaccination_date,folic_acid_supplementation,food_security,gestational_diabetes_history,gravida,hellp_syndrome_history,hepatitis_b_vaccination,hospital_id,hypertension,identified_risk_factors,immunization_notes,last_menstrual_period,latex_allergy,living_children,menstrual_cycle_length_days,menstrual_cycle_regularity,mental_health_conditions,mental_health_screening_completed,occupational_hazards,occupational_hazards_details,para,patient_id,pet_exposure,placenta_previa_history,placental_abruption_history,postpartum_hemorrhage_history,preeclampsia_history,prenatal_vitamins_start_date,prenatal_vitamins_started,preterm_births,preterm_labor_history,previous_abdominal_surgery,previous_cesarean_sections,previous_pregnancy_complications,previous_pregnancy_outcomes,previous_uterine_surgery,psychosocial_notes,recorded_by_staff_id,recorded_date,recreational_drug_use,renal_disease,requires_specialist_referral,review_timestamp,reviewed_by_provider,reviewed_by_staff_id,risk_category,rubella_immunity,smoking_cessation_date,smoking_status,specialist_referral_reason,substance_use,substance_use_details,support_system,surgical_history,tdap_vaccination,tdap_vaccination_date,term_births,thyroid_disorder,travel_history,ultrasound_confirmation_date,update_reason,updated_at,varicella_immunity,version_number,zika_risk_exposure,id) values (?,?,?,?,?,?,?,?,?,?,?,?,?,?,?,?,?,?,?,?,?,?,?,?,?,?,?,?,?,?,?,?,?,?,?,?,?,?,?,?,?,?,?,?,?,?,?,?,?,?,?,?,?,?,?,?,?,?,?,?,?,?,?,?,?,?,?,?,?,?,?,?,?,?,?,?,?,?,?,?,?,?,?,?,?,?,?,?,?,?,?,?,?,?,?,?,?,?,?,?,?,?,?,?,?,?,?,?,?,?)
    Hibernate: select mh1_0.id,mh1_0.abortions,mh1_0.additional_notes,mh1_0.adequate_housing,mh1_0.alcohol_use,mh1_0.alcohol_use_details,mh1_0.allergies,mh1_0.anxiety_present,mh1_0.autoimmune_disorder,mh1_0.caffeine_intake_daily,mh1_0.calculated_risk_score,mh1_0.cardiac_disease,mh1_0.chronic_conditions,mh1_0.cigarettes_per_day,mh1_0.clinical_notes,mh1_0.complications_details,mh1_0.contraception_method_prior,mh1_0.covid19_vaccination,mh1_0.created_at,mh1_0.current_medications,mh1_0.data_complete,mh1_0.depression_screening_score,mh1_0.diabetes,mh1_0.diet_description,mh1_0.diet_type,mh1_0.domestic_violence_concerns,mh1_0.domestic_violence_details,mh1_0.domestic_violence_screening,mh1_0.drug_allergies,mh1_0.eclampsia_history,mh1_0.environmental_exposures,mh1_0.estimated_due_date,mh1_0.estimated_due_date_by_ultrasound,mh1_0.exercise_details,mh1_0.exercise_frequency,mh1_0.family_diabetes,mh1_0.family_genetic_disorders,mh1_0.family_history_details,mh1_0.family_hypertension,mh1_0.family_medical_history,mh1_0.family_pregnancy_complications,mh1_0.family_twin_history,mh1_0.fetal_anomaly_history,mh1_0.financial_concerns,mh1_0.flu_vaccination_current_season,mh1_0.flu_vaccination_date,mh1_0.folic_acid_supplementation,mh1_0.food_security,mh1_0.gestational_diabetes_history,mh1_0.gravida,mh1_0.hellp_syndrome_history,mh1_0.hepatitis_b_vaccination,mh1_0.hospital_id,mh1_0.hypertension,mh1_0.identified_risk_factors,mh1_0.immunization_notes,mh1_0.last_menstrual_period,mh1_0.latex_allergy,mh1_0.living_children,mh1_0.menstrual_cycle_length_days,mh1_0.menstrual_cycle_regularity,mh1_0.mental_health_conditions,mh1_0.mental_health_screening_completed,mh1_0.occupational_hazards,mh1_0.occupational_hazards_details,mh1_0.para,mh1_0.patient_id,mh1_0.pet_exposure,mh1_0.placenta_previa_history,mh1_0.placental_abruption_history,mh1_0.postpartum_hemorrhage_history,mh1_0.preeclampsia_history,mh1_0.prenatal_vitamins_start_date,mh1_0.prenatal_vitamins_started,mh1_0.preterm_births,mh1_0.preterm_labor_history,mh1_0.previous_abdominal_surgery,mh1_0.previous_cesarean_sections,mh1_0.previous_pregnancy_complications,mh1_0.previous_pregnancy_outcomes,mh1_0.previous_uterine_surgery,mh1_0.psychosocial_notes,mh1_0.recorded_by_staff_id,mh1_0.recorded_date,mh1_0.recreational_drug_use,mh1_0.renal_disease,mh1_0.requires_specialist_referral,mh1_0.review_timestamp,mh1_0.reviewed_by_provider,mh1_0.reviewed_by_staff_id,mh1_0.risk_category,mh1_0.rubella_immunity,mh1_0.smoking_cessation_date,mh1_0.smoking_status,mh1_0.specialist_referral_reason,mh1_0.substance_use,mh1_0.substance_use_details,mh1_0.support_system,mh1_0.surgical_history,mh1_0.tdap_vaccination,mh1_0.tdap_vaccination_date,mh1_0.term_births,mh1_0.thyroid_disorder,mh1_0.travel_history,mh1_0.ultrasound_confirmation_date,mh1_0.update_reason,mh1_0.updated_at,mh1_0.varicella_immunity,mh1_0.version_number,mh1_0.zika_risk_exposure from clinical.maternal_history mh1_0 where mh1_0.hospital_id=? and (mh1_0.risk_category='HIGH' or mh1_0.gestational_diabetes_history=true or mh1_0.preeclampsia_history=true or mh1_0.eclampsia_history=true or mh1_0.hellp_syndrome_history=true or mh1_0.preterm_labor_history=true or mh1_0.postpartum_hemorrhage_history=true or mh1_0.placenta_previa_history=true or mh1_0.placental_abruption_history=true) order by mh1_0.recorded_date desc fetch first ? rows only

MaternalHistoryRepositoryTest > findHighRiskByHospital_shouldReturnHighRiskCases() PASSED

MaternalHistoryRepositoryTest > searchMaternalHistory_shouldFilterByReviewedByProvider() STANDARD_OUT
    Hibernate: insert into hospital.hospitals (active,address,city,code,country,created_at,email,license_number,name,organization_id,hospital_data_steward,hospital_owner_contact_email,hospital_owner_team,hospital_service_level,phone_number,hospital_billing_system,hospital_ehr_system,hospital_integration_notes,hospital_inventory_system,po_box,province,region,sector,state,updated_at,website,zip_code,id) values (?,?,?,?,?,?,?,?,?,?,?,?,?,?,?,?,?,?,?,?,?,?,?,?,?,?,?,?)
    Hibernate: insert into security.users (activation_token,activation_token_expires_at,created_at,email,first_name,force_password_change,is_active,is_deleted,last_login_at,last_name,password_changed_at,password_hash,password_rotation_forced_at,password_rotation_warning_at,phone_number,profile_image_url,updated_at,username,id) values (?,?,?,?,?,?,?,?,?,?,?,?,?,?,?,?,?,?,?)
    Hibernate: insert into clinical.patients (is_active,address,address_line1,address_line2,allergies,blood_type,care_team_notes,chronic_conditions,city,country,created_at,date_of_birth,department_id,email,emergency_contact_name,emergency_contact_phone,emergency_contact_relationship,first_name,gender,hospital_id,last_name,medical_history_summary,middle_name,organization_id,phone_number_primary,phone_number_secondary,preferred_pharmacy,state,updated_at,user_id,zip_code,id) values (?,?,?,?,?,?,?,?,?,?,?,?,?,?,?,?,?,?,?,?,?,?,?,?,?,?,?,?,?,?,?,?)
    Hibernate: insert into security.users (activation_token,activation_token_expires_at,created_at,email,first_name,force_password_change,is_active,is_deleted,last_login_at,last_name,password_changed_at,password_hash,password_rotation_forced_at,password_rotation_warning_at,phone_number,profile_image_url,updated_at,username,id) values (?,?,?,?,?,?,?,?,?,?,?,?,?,?,?,?,?,?,?)
    Hibernate: insert into security.roles (code,created_at,description,name,updated_at,id) values (?,?,?,?,?,?)
    Hibernate: insert into security.user_roles (role_id,user_id) values (?,?)
    Hibernate: insert into security.user_role_hospital_assignment (is_active,assigned_at,assignment_code,confirmation_code,confirmation_sent_at,confirmation_verified_at,created_at,description,hospital_id,registered_by_user_id,role_id,start_date,temp_plain_password,updated_at,user_id,id) values (?,?,?,?,?,?,?,?,?,?,?,?,?,?,?,?)
    Hibernate: insert into hospital.staff (active,assignment_id,created_at,department_id,employment_type,end_date,hospital_id,job_title,license_number,name,npi,signature_captured_at,signature_certificate_id,signature_public_key,signature_revoked_at,specialization,start_date,updated_at,user_id,id) values (?,?,?,?,?,?,?,?,?,?,?,?,?,?,?,?,?,?,?,?)
    Hibernate: insert into clinical.maternal_history (abortions,additional_notes,adequate_housing,alcohol_use,alcohol_use_details,allergies,anxiety_present,autoimmune_disorder,caffeine_intake_daily,calculated_risk_score,cardiac_disease,chronic_conditions,cigarettes_per_day,clinical_notes,complications_details,contraception_method_prior,covid19_vaccination,created_at,current_medications,data_complete,depression_screening_score,diabetes,diet_description,diet_type,domestic_violence_concerns,domestic_violence_details,domestic_violence_screening,drug_allergies,eclampsia_history,environmental_exposures,estimated_due_date,estimated_due_date_by_ultrasound,exercise_details,exercise_frequency,family_diabetes,family_genetic_disorders,family_history_details,family_hypertension,family_medical_history,family_pregnancy_complications,family_twin_history,fetal_anomaly_history,financial_concerns,flu_vaccination_current_season,flu_vaccination_date,folic_acid_supplementation,food_security,gestational_diabetes_history,gravida,hellp_syndrome_history,hepatitis_b_vaccination,hospital_id,hypertension,identified_risk_factors,immunization_notes,last_menstrual_period,latex_allergy,living_children,menstrual_cycle_length_days,menstrual_cycle_regularity,mental_health_conditions,mental_health_screening_completed,occupational_hazards,occupational_hazards_details,para,patient_id,pet_exposure,placenta_previa_history,placental_abruption_history,postpartum_hemorrhage_history,preeclampsia_history,prenatal_vitamins_start_date,prenatal_vitamins_started,preterm_births,preterm_labor_history,previous_abdominal_surgery,previous_cesarean_sections,previous_pregnancy_complications,previous_pregnancy_outcomes,previous_uterine_surgery,psychosocial_notes,recorded_by_staff_id,recorded_date,recreational_drug_use,renal_disease,requires_specialist_referral,review_timestamp,reviewed_by_provider,reviewed_by_staff_id,risk_category,rubella_immunity,smoking_cessation_date,smoking_status,specialist_referral_reason,substance_use,substance_use_details,support_system,surgical_history,tdap_vaccination,tdap_vaccination_date,term_births,thyroid_disorder,travel_history,ultrasound_confirmation_date,update_reason,updated_at,varicella_immunity,version_number,zika_risk_exposure,id) values (?,?,?,?,?,?,?,?,?,?,?,?,?,?,?,?,?,?,?,?,?,?,?,?,?,?,?,?,?,?,?,?,?,?,?,?,?,?,?,?,?,?,?,?,?,?,?,?,?,?,?,?,?,?,?,?,?,?,?,?,?,?,?,?,?,?,?,?,?,?,?,?,?,?,?,?,?,?,?,?,?,?,?,?,?,?,?,?,?,?,?,?,?,?,?,?,?,?,?,?,?,?,?,?,?,?,?,?,?,?)
    Hibernate: insert into clinical.maternal_history (abortions,additional_notes,adequate_housing,alcohol_use,alcohol_use_details,allergies,anxiety_present,autoimmune_disorder,caffeine_intake_daily,calculated_risk_score,cardiac_disease,chronic_conditions,cigarettes_per_day,clinical_notes,complications_details,contraception_method_prior,covid19_vaccination,created_at,current_medications,data_complete,depression_screening_score,diabetes,diet_description,diet_type,domestic_violence_concerns,domestic_violence_details,domestic_violence_screening,drug_allergies,eclampsia_history,environmental_exposures,estimated_due_date,estimated_due_date_by_ultrasound,exercise_details,exercise_frequency,family_diabetes,family_genetic_disorders,family_history_details,family_hypertension,family_medical_history,family_pregnancy_complications,family_twin_history,fetal_anomaly_history,financial_concerns,flu_vaccination_current_season,flu_vaccination_date,folic_acid_supplementation,food_security,gestational_diabetes_history,gravida,hellp_syndrome_history,hepatitis_b_vaccination,hospital_id,hypertension,identified_risk_factors,immunization_notes,last_menstrual_period,latex_allergy,living_children,menstrual_cycle_length_days,menstrual_cycle_regularity,mental_health_conditions,mental_health_screening_completed,occupational_hazards,occupational_hazards_details,para,patient_id,pet_exposure,placenta_previa_history,placental_abruption_history,postpartum_hemorrhage_history,preeclampsia_history,prenatal_vitamins_start_date,prenatal_vitamins_started,preterm_births,preterm_labor_history,previous_abdominal_surgery,previous_cesarean_sections,previous_pregnancy_complications,previous_pregnancy_outcomes,previous_uterine_surgery,psychosocial_notes,recorded_by_staff_id,recorded_date,recreational_drug_use,renal_disease,requires_specialist_referral,review_timestamp,reviewed_by_provider,reviewed_by_staff_id,risk_category,rubella_immunity,smoking_cessation_date,smoking_status,specialist_referral_reason,substance_use,substance_use_details,support_system,surgical_history,tdap_vaccination,tdap_vaccination_date,term_births,thyroid_disorder,travel_history,ultrasound_confirmation_date,update_reason,updated_at,varicella_immunity,version_number,zika_risk_exposure,id) values (?,?,?,?,?,?,?,?,?,?,?,?,?,?,?,?,?,?,?,?,?,?,?,?,?,?,?,?,?,?,?,?,?,?,?,?,?,?,?,?,?,?,?,?,?,?,?,?,?,?,?,?,?,?,?,?,?,?,?,?,?,?,?,?,?,?,?,?,?,?,?,?,?,?,?,?,?,?,?,?,?,?,?,?,?,?,?,?,?,?,?,?,?,?,?,?,?,?,?,?,?,?,?,?,?,?,?,?,?,?)
    Hibernate: select mh1_0.id,mh1_0.abortions,mh1_0.additional_notes,mh1_0.adequate_housing,mh1_0.alcohol_use,mh1_0.alcohol_use_details,mh1_0.allergies,mh1_0.anxiety_present,mh1_0.autoimmune_disorder,mh1_0.caffeine_intake_daily,mh1_0.calculated_risk_score,mh1_0.cardiac_disease,mh1_0.chronic_conditions,mh1_0.cigarettes_per_day,mh1_0.clinical_notes,mh1_0.complications_details,mh1_0.contraception_method_prior,mh1_0.covid19_vaccination,mh1_0.created_at,mh1_0.current_medications,mh1_0.data_complete,mh1_0.depression_screening_score,mh1_0.diabetes,mh1_0.diet_description,mh1_0.diet_type,mh1_0.domestic_violence_concerns,mh1_0.domestic_violence_details,mh1_0.domestic_violence_screening,mh1_0.drug_allergies,mh1_0.eclampsia_history,mh1_0.environmental_exposures,mh1_0.estimated_due_date,mh1_0.estimated_due_date_by_ultrasound,mh1_0.exercise_details,mh1_0.exercise_frequency,mh1_0.family_diabetes,mh1_0.family_genetic_disorders,mh1_0.family_history_details,mh1_0.family_hypertension,mh1_0.family_medical_history,mh1_0.family_pregnancy_complications,mh1_0.family_twin_history,mh1_0.fetal_anomaly_history,mh1_0.financial_concerns,mh1_0.flu_vaccination_current_season,mh1_0.flu_vaccination_date,mh1_0.folic_acid_supplementation,mh1_0.food_security,mh1_0.gestational_diabetes_history,mh1_0.gravida,mh1_0.hellp_syndrome_history,mh1_0.hepatitis_b_vaccination,mh1_0.hospital_id,mh1_0.hypertension,mh1_0.identified_risk_factors,mh1_0.immunization_notes,mh1_0.last_menstrual_period,mh1_0.latex_allergy,mh1_0.living_children,mh1_0.menstrual_cycle_length_days,mh1_0.menstrual_cycle_regularity,mh1_0.mental_health_conditions,mh1_0.mental_health_screening_completed,mh1_0.occupational_hazards,mh1_0.occupational_hazards_details,mh1_0.para,mh1_0.patient_id,mh1_0.pet_exposure,mh1_0.placenta_previa_history,mh1_0.placental_abruption_history,mh1_0.postpartum_hemorrhage_history,mh1_0.preeclampsia_history,mh1_0.prenatal_vitamins_start_date,mh1_0.prenatal_vitamins_started,mh1_0.preterm_births,mh1_0.preterm_labor_history,mh1_0.previous_abdominal_surgery,mh1_0.previous_cesarean_sections,mh1_0.previous_pregnancy_complications,mh1_0.previous_pregnancy_outcomes,mh1_0.previous_uterine_surgery,mh1_0.psychosocial_notes,mh1_0.recorded_by_staff_id,mh1_0.recorded_date,mh1_0.recreational_drug_use,mh1_0.renal_disease,mh1_0.requires_specialist_referral,mh1_0.review_timestamp,mh1_0.reviewed_by_provider,mh1_0.reviewed_by_staff_id,mh1_0.risk_category,mh1_0.rubella_immunity,mh1_0.smoking_cessation_date,mh1_0.smoking_status,mh1_0.specialist_referral_reason,mh1_0.substance_use,mh1_0.substance_use_details,mh1_0.support_system,mh1_0.surgical_history,mh1_0.tdap_vaccination,mh1_0.tdap_vaccination_date,mh1_0.term_births,mh1_0.thyroid_disorder,mh1_0.travel_history,mh1_0.ultrasound_confirmation_date,mh1_0.update_reason,mh1_0.updated_at,mh1_0.varicella_immunity,mh1_0.version_number,mh1_0.zika_risk_exposure from clinical.maternal_history mh1_0 where (? is null or mh1_0.hospital_id=?) and (? is null or mh1_0.patient_id=?) and (? is null or mh1_0.risk_category=?) and (? is null or mh1_0.data_complete=?) and (? is null or mh1_0.reviewed_by_provider=?) and (? is null or mh1_0.recorded_date>=?) and (? is null or mh1_0.recorded_date<=?) order by mh1_0.recorded_date desc fetch first ? rows only

MaternalHistoryRepositoryTest > searchMaternalHistory_shouldFilterByReviewedByProvider() PASSED

MaternalHistoryRepositoryTest > countPendingReviewByHospital_shouldCountUnreviewedCases() STANDARD_OUT
    Hibernate: insert into hospital.hospitals (active,address,city,code,country,created_at,email,license_number,name,organization_id,hospital_data_steward,hospital_owner_contact_email,hospital_owner_team,hospital_service_level,phone_number,hospital_billing_system,hospital_ehr_system,hospital_integration_notes,hospital_inventory_system,po_box,province,region,sector,state,updated_at,website,zip_code,id) values (?,?,?,?,?,?,?,?,?,?,?,?,?,?,?,?,?,?,?,?,?,?,?,?,?,?,?,?)
    Hibernate: insert into security.users (activation_token,activation_token_expires_at,created_at,email,first_name,force_password_change,is_active,is_deleted,last_login_at,last_name,password_changed_at,password_hash,password_rotation_forced_at,password_rotation_warning_at,phone_number,profile_image_url,updated_at,username,id) values (?,?,?,?,?,?,?,?,?,?,?,?,?,?,?,?,?,?,?)
    Hibernate: insert into clinical.patients (is_active,address,address_line1,address_line2,allergies,blood_type,care_team_notes,chronic_conditions,city,country,created_at,date_of_birth,department_id,email,emergency_contact_name,emergency_contact_phone,emergency_contact_relationship,first_name,gender,hospital_id,last_name,medical_history_summary,middle_name,organization_id,phone_number_primary,phone_number_secondary,preferred_pharmacy,state,updated_at,user_id,zip_code,id) values (?,?,?,?,?,?,?,?,?,?,?,?,?,?,?,?,?,?,?,?,?,?,?,?,?,?,?,?,?,?,?,?)
    Hibernate: insert into security.users (activation_token,activation_token_expires_at,created_at,email,first_name,force_password_change,is_active,is_deleted,last_login_at,last_name,password_changed_at,password_hash,password_rotation_forced_at,password_rotation_warning_at,phone_number,profile_image_url,updated_at,username,id) values (?,?,?,?,?,?,?,?,?,?,?,?,?,?,?,?,?,?,?)
    Hibernate: insert into security.roles (code,created_at,description,name,updated_at,id) values (?,?,?,?,?,?)
    Hibernate: insert into security.user_roles (role_id,user_id) values (?,?)
    Hibernate: insert into security.user_role_hospital_assignment (is_active,assigned_at,assignment_code,confirmation_code,confirmation_sent_at,confirmation_verified_at,created_at,description,hospital_id,registered_by_user_id,role_id,start_date,temp_plain_password,updated_at,user_id,id) values (?,?,?,?,?,?,?,?,?,?,?,?,?,?,?,?)
    Hibernate: insert into hospital.staff (active,assignment_id,created_at,department_id,employment_type,end_date,hospital_id,job_title,license_number,name,npi,signature_captured_at,signature_certificate_id,signature_public_key,signature_revoked_at,specialization,start_date,updated_at,user_id,id) values (?,?,?,?,?,?,?,?,?,?,?,?,?,?,?,?,?,?,?,?)
    Hibernate: insert into clinical.maternal_history (abortions,additional_notes,adequate_housing,alcohol_use,alcohol_use_details,allergies,anxiety_present,autoimmune_disorder,caffeine_intake_daily,calculated_risk_score,cardiac_disease,chronic_conditions,cigarettes_per_day,clinical_notes,complications_details,contraception_method_prior,covid19_vaccination,created_at,current_medications,data_complete,depression_screening_score,diabetes,diet_description,diet_type,domestic_violence_concerns,domestic_violence_details,domestic_violence_screening,drug_allergies,eclampsia_history,environmental_exposures,estimated_due_date,estimated_due_date_by_ultrasound,exercise_details,exercise_frequency,family_diabetes,family_genetic_disorders,family_history_details,family_hypertension,family_medical_history,family_pregnancy_complications,family_twin_history,fetal_anomaly_history,financial_concerns,flu_vaccination_current_season,flu_vaccination_date,folic_acid_supplementation,food_security,gestational_diabetes_history,gravida,hellp_syndrome_history,hepatitis_b_vaccination,hospital_id,hypertension,identified_risk_factors,immunization_notes,last_menstrual_period,latex_allergy,living_children,menstrual_cycle_length_days,menstrual_cycle_regularity,mental_health_conditions,mental_health_screening_completed,occupational_hazards,occupational_hazards_details,para,patient_id,pet_exposure,placenta_previa_history,placental_abruption_history,postpartum_hemorrhage_history,preeclampsia_history,prenatal_vitamins_start_date,prenatal_vitamins_started,preterm_births,preterm_labor_history,previous_abdominal_surgery,previous_cesarean_sections,previous_pregnancy_complications,previous_pregnancy_outcomes,previous_uterine_surgery,psychosocial_notes,recorded_by_staff_id,recorded_date,recreational_drug_use,renal_disease,requires_specialist_referral,review_timestamp,reviewed_by_provider,reviewed_by_staff_id,risk_category,rubella_immunity,smoking_cessation_date,smoking_status,specialist_referral_reason,substance_use,substance_use_details,support_system,surgical_history,tdap_vaccination,tdap_vaccination_date,term_births,thyroid_disorder,travel_history,ultrasound_confirmation_date,update_reason,updated_at,varicella_immunity,version_number,zika_risk_exposure,id) values (?,?,?,?,?,?,?,?,?,?,?,?,?,?,?,?,?,?,?,?,?,?,?,?,?,?,?,?,?,?,?,?,?,?,?,?,?,?,?,?,?,?,?,?,?,?,?,?,?,?,?,?,?,?,?,?,?,?,?,?,?,?,?,?,?,?,?,?,?,?,?,?,?,?,?,?,?,?,?,?,?,?,?,?,?,?,?,?,?,?,?,?,?,?,?,?,?,?,?,?,?,?,?,?,?,?,?,?,?,?)
    Hibernate: insert into clinical.maternal_history (abortions,additional_notes,adequate_housing,alcohol_use,alcohol_use_details,allergies,anxiety_present,autoimmune_disorder,caffeine_intake_daily,calculated_risk_score,cardiac_disease,chronic_conditions,cigarettes_per_day,clinical_notes,complications_details,contraception_method_prior,covid19_vaccination,created_at,current_medications,data_complete,depression_screening_score,diabetes,diet_description,diet_type,domestic_violence_concerns,domestic_violence_details,domestic_violence_screening,drug_allergies,eclampsia_history,environmental_exposures,estimated_due_date,estimated_due_date_by_ultrasound,exercise_details,exercise_frequency,family_diabetes,family_genetic_disorders,family_history_details,family_hypertension,family_medical_history,family_pregnancy_complications,family_twin_history,fetal_anomaly_history,financial_concerns,flu_vaccination_current_season,flu_vaccination_date,folic_acid_supplementation,food_security,gestational_diabetes_history,gravida,hellp_syndrome_history,hepatitis_b_vaccination,hospital_id,hypertension,identified_risk_factors,immunization_notes,last_menstrual_period,latex_allergy,living_children,menstrual_cycle_length_days,menstrual_cycle_regularity,mental_health_conditions,mental_health_screening_completed,occupational_hazards,occupational_hazards_details,para,patient_id,pet_exposure,placenta_previa_history,placental_abruption_history,postpartum_hemorrhage_history,preeclampsia_history,prenatal_vitamins_start_date,prenatal_vitamins_started,preterm_births,preterm_labor_history,previous_abdominal_surgery,previous_cesarean_sections,previous_pregnancy_complications,previous_pregnancy_outcomes,previous_uterine_surgery,psychosocial_notes,recorded_by_staff_id,recorded_date,recreational_drug_use,renal_disease,requires_specialist_referral,review_timestamp,reviewed_by_provider,reviewed_by_staff_id,risk_category,rubella_immunity,smoking_cessation_date,smoking_status,specialist_referral_reason,substance_use,substance_use_details,support_system,surgical_history,tdap_vaccination,tdap_vaccination_date,term_births,thyroid_disorder,travel_history,ultrasound_confirmation_date,update_reason,updated_at,varicella_immunity,version_number,zika_risk_exposure,id) values (?,?,?,?,?,?,?,?,?,?,?,?,?,?,?,?,?,?,?,?,?,?,?,?,?,?,?,?,?,?,?,?,?,?,?,?,?,?,?,?,?,?,?,?,?,?,?,?,?,?,?,?,?,?,?,?,?,?,?,?,?,?,?,?,?,?,?,?,?,?,?,?,?,?,?,?,?,?,?,?,?,?,?,?,?,?,?,?,?,?,?,?,?,?,?,?,?,?,?,?,?,?,?,?,?,?,?,?,?,?)
    Hibernate: select count(mh1_0.id) from clinical.maternal_history mh1_0 where mh1_0.hospital_id=? and mh1_0.data_complete=true and (mh1_0.reviewed_by_provider is null or mh1_0.reviewed_by_provider=false)

MaternalHistoryRepositoryTest > countPendingReviewByHospital_shouldCountUnreviewedCases() PASSED

MaternalHistoryRepositoryTest > findMaxVersionByPatientId_shouldReturnHighestVersion() STANDARD_OUT
    Hibernate: insert into hospital.hospitals (active,address,city,code,country,created_at,email,license_number,name,organization_id,hospital_data_steward,hospital_owner_contact_email,hospital_owner_team,hospital_service_level,phone_number,hospital_billing_system,hospital_ehr_system,hospital_integration_notes,hospital_inventory_system,po_box,province,region,sector,state,updated_at,website,zip_code,id) values (?,?,?,?,?,?,?,?,?,?,?,?,?,?,?,?,?,?,?,?,?,?,?,?,?,?,?,?)
    Hibernate: insert into security.users (activation_token,activation_token_expires_at,created_at,email,first_name,force_password_change,is_active,is_deleted,last_login_at,last_name,password_changed_at,password_hash,password_rotation_forced_at,password_rotation_warning_at,phone_number,profile_image_url,updated_at,username,id) values (?,?,?,?,?,?,?,?,?,?,?,?,?,?,?,?,?,?,?)
    Hibernate: insert into clinical.patients (is_active,address,address_line1,address_line2,allergies,blood_type,care_team_notes,chronic_conditions,city,country,created_at,date_of_birth,department_id,email,emergency_contact_name,emergency_contact_phone,emergency_contact_relationship,first_name,gender,hospital_id,last_name,medical_history_summary,middle_name,organization_id,phone_number_primary,phone_number_secondary,preferred_pharmacy,state,updated_at,user_id,zip_code,id) values (?,?,?,?,?,?,?,?,?,?,?,?,?,?,?,?,?,?,?,?,?,?,?,?,?,?,?,?,?,?,?,?)
    Hibernate: insert into security.users (activation_token,activation_token_expires_at,created_at,email,first_name,force_password_change,is_active,is_deleted,last_login_at,last_name,password_changed_at,password_hash,password_rotation_forced_at,password_rotation_warning_at,phone_number,profile_image_url,updated_at,username,id) values (?,?,?,?,?,?,?,?,?,?,?,?,?,?,?,?,?,?,?)
    Hibernate: insert into security.roles (code,created_at,description,name,updated_at,id) values (?,?,?,?,?,?)
    Hibernate: insert into security.user_roles (role_id,user_id) values (?,?)
    Hibernate: insert into security.user_role_hospital_assignment (is_active,assigned_at,assignment_code,confirmation_code,confirmation_sent_at,confirmation_verified_at,created_at,description,hospital_id,registered_by_user_id,role_id,start_date,temp_plain_password,updated_at,user_id,id) values (?,?,?,?,?,?,?,?,?,?,?,?,?,?,?,?)
    Hibernate: insert into hospital.staff (active,assignment_id,created_at,department_id,employment_type,end_date,hospital_id,job_title,license_number,name,npi,signature_captured_at,signature_certificate_id,signature_public_key,signature_revoked_at,specialization,start_date,updated_at,user_id,id) values (?,?,?,?,?,?,?,?,?,?,?,?,?,?,?,?,?,?,?,?)
    Hibernate: insert into clinical.maternal_history (abortions,additional_notes,adequate_housing,alcohol_use,alcohol_use_details,allergies,anxiety_present,autoimmune_disorder,caffeine_intake_daily,calculated_risk_score,cardiac_disease,chronic_conditions,cigarettes_per_day,clinical_notes,complications_details,contraception_method_prior,covid19_vaccination,created_at,current_medications,data_complete,depression_screening_score,diabetes,diet_description,diet_type,domestic_violence_concerns,domestic_violence_details,domestic_violence_screening,drug_allergies,eclampsia_history,environmental_exposures,estimated_due_date,estimated_due_date_by_ultrasound,exercise_details,exercise_frequency,family_diabetes,family_genetic_disorders,family_history_details,family_hypertension,family_medical_history,family_pregnancy_complications,family_twin_history,fetal_anomaly_history,financial_concerns,flu_vaccination_current_season,flu_vaccination_date,folic_acid_supplementation,food_security,gestational_diabetes_history,gravida,hellp_syndrome_history,hepatitis_b_vaccination,hospital_id,hypertension,identified_risk_factors,immunization_notes,last_menstrual_period,latex_allergy,living_children,menstrual_cycle_length_days,menstrual_cycle_regularity,mental_health_conditions,mental_health_screening_completed,occupational_hazards,occupational_hazards_details,para,patient_id,pet_exposure,placenta_previa_history,placental_abruption_history,postpartum_hemorrhage_history,preeclampsia_history,prenatal_vitamins_start_date,prenatal_vitamins_started,preterm_births,preterm_labor_history,previous_abdominal_surgery,previous_cesarean_sections,previous_pregnancy_complications,previous_pregnancy_outcomes,previous_uterine_surgery,psychosocial_notes,recorded_by_staff_id,recorded_date,recreational_drug_use,renal_disease,requires_specialist_referral,review_timestamp,reviewed_by_provider,reviewed_by_staff_id,risk_category,rubella_immunity,smoking_cessation_date,smoking_status,specialist_referral_reason,substance_use,substance_use_details,support_system,surgical_history,tdap_vaccination,tdap_vaccination_date,term_births,thyroid_disorder,travel_history,ultrasound_confirmation_date,update_reason,updated_at,varicella_immunity,version_number,zika_risk_exposure,id) values (?,?,?,?,?,?,?,?,?,?,?,?,?,?,?,?,?,?,?,?,?,?,?,?,?,?,?,?,?,?,?,?,?,?,?,?,?,?,?,?,?,?,?,?,?,?,?,?,?,?,?,?,?,?,?,?,?,?,?,?,?,?,?,?,?,?,?,?,?,?,?,?,?,?,?,?,?,?,?,?,?,?,?,?,?,?,?,?,?,?,?,?,?,?,?,?,?,?,?,?,?,?,?,?,?,?,?,?,?,?)
    Hibernate: insert into clinical.maternal_history (abortions,additional_notes,adequate_housing,alcohol_use,alcohol_use_details,allergies,anxiety_present,autoimmune_disorder,caffeine_intake_daily,calculated_risk_score,cardiac_disease,chronic_conditions,cigarettes_per_day,clinical_notes,complications_details,contraception_method_prior,covid19_vaccination,created_at,current_medications,data_complete,depression_screening_score,diabetes,diet_description,diet_type,domestic_violence_concerns,domestic_violence_details,domestic_violence_screening,drug_allergies,eclampsia_history,environmental_exposures,estimated_due_date,estimated_due_date_by_ultrasound,exercise_details,exercise_frequency,family_diabetes,family_genetic_disorders,family_history_details,family_hypertension,family_medical_history,family_pregnancy_complications,family_twin_history,fetal_anomaly_history,financial_concerns,flu_vaccination_current_season,flu_vaccination_date,folic_acid_supplementation,food_security,gestational_diabetes_history,gravida,hellp_syndrome_history,hepatitis_b_vaccination,hospital_id,hypertension,identified_risk_factors,immunization_notes,last_menstrual_period,latex_allergy,living_children,menstrual_cycle_length_days,menstrual_cycle_regularity,mental_health_conditions,mental_health_screening_completed,occupational_hazards,occupational_hazards_details,para,patient_id,pet_exposure,placenta_previa_history,placental_abruption_history,postpartum_hemorrhage_history,preeclampsia_history,prenatal_vitamins_start_date,prenatal_vitamins_started,preterm_births,preterm_labor_history,previous_abdominal_surgery,previous_cesarean_sections,previous_pregnancy_complications,previous_pregnancy_outcomes,previous_uterine_surgery,psychosocial_notes,recorded_by_staff_id,recorded_date,recreational_drug_use,renal_disease,requires_specialist_referral,review_timestamp,reviewed_by_provider,reviewed_by_staff_id,risk_category,rubella_immunity,smoking_cessation_date,smoking_status,specialist_referral_reason,substance_use,substance_use_details,support_system,surgical_history,tdap_vaccination,tdap_vaccination_date,term_births,thyroid_disorder,travel_history,ultrasound_confirmation_date,update_reason,updated_at,varicella_immunity,version_number,zika_risk_exposure,id) values (?,?,?,?,?,?,?,?,?,?,?,?,?,?,?,?,?,?,?,?,?,?,?,?,?,?,?,?,?,?,?,?,?,?,?,?,?,?,?,?,?,?,?,?,?,?,?,?,?,?,?,?,?,?,?,?,?,?,?,?,?,?,?,?,?,?,?,?,?,?,?,?,?,?,?,?,?,?,?,?,?,?,?,?,?,?,?,?,?,?,?,?,?,?,?,?,?,?,?,?,?,?,?,?,?,?,?,?,?,?)
    Hibernate: select coalesce(max(mh1_0.version_number),0) from clinical.maternal_history mh1_0 where mh1_0.patient_id=?

MaternalHistoryRepositoryTest > findMaxVersionByPatientId_shouldReturnHighestVersion() PASSED

MaternalHistoryRepositoryTest > findByPatientIdAndVersion_shouldReturnSpecificVersion() STANDARD_OUT
    Hibernate: insert into hospital.hospitals (active,address,city,code,country,created_at,email,license_number,name,organization_id,hospital_data_steward,hospital_owner_contact_email,hospital_owner_team,hospital_service_level,phone_number,hospital_billing_system,hospital_ehr_system,hospital_integration_notes,hospital_inventory_system,po_box,province,region,sector,state,updated_at,website,zip_code,id) values (?,?,?,?,?,?,?,?,?,?,?,?,?,?,?,?,?,?,?,?,?,?,?,?,?,?,?,?)
    Hibernate: insert into security.users (activation_token,activation_token_expires_at,created_at,email,first_name,force_password_change,is_active,is_deleted,last_login_at,last_name,password_changed_at,password_hash,password_rotation_forced_at,password_rotation_warning_at,phone_number,profile_image_url,updated_at,username,id) values (?,?,?,?,?,?,?,?,?,?,?,?,?,?,?,?,?,?,?)
    Hibernate: insert into clinical.patients (is_active,address,address_line1,address_line2,allergies,blood_type,care_team_notes,chronic_conditions,city,country,created_at,date_of_birth,department_id,email,emergency_contact_name,emergency_contact_phone,emergency_contact_relationship,first_name,gender,hospital_id,last_name,medical_history_summary,middle_name,organization_id,phone_number_primary,phone_number_secondary,preferred_pharmacy,state,updated_at,user_id,zip_code,id) values (?,?,?,?,?,?,?,?,?,?,?,?,?,?,?,?,?,?,?,?,?,?,?,?,?,?,?,?,?,?,?,?)
    Hibernate: insert into security.users (activation_token,activation_token_expires_at,created_at,email,first_name,force_password_change,is_active,is_deleted,last_login_at,last_name,password_changed_at,password_hash,password_rotation_forced_at,password_rotation_warning_at,phone_number,profile_image_url,updated_at,username,id) values (?,?,?,?,?,?,?,?,?,?,?,?,?,?,?,?,?,?,?)
    Hibernate: insert into security.roles (code,created_at,description,name,updated_at,id) values (?,?,?,?,?,?)
    Hibernate: insert into security.user_roles (role_id,user_id) values (?,?)
    Hibernate: insert into security.user_role_hospital_assignment (is_active,assigned_at,assignment_code,confirmation_code,confirmation_sent_at,confirmation_verified_at,created_at,description,hospital_id,registered_by_user_id,role_id,start_date,temp_plain_password,updated_at,user_id,id) values (?,?,?,?,?,?,?,?,?,?,?,?,?,?,?,?)
    Hibernate: insert into hospital.staff (active,assignment_id,created_at,department_id,employment_type,end_date,hospital_id,job_title,license_number,name,npi,signature_captured_at,signature_certificate_id,signature_public_key,signature_revoked_at,specialization,start_date,updated_at,user_id,id) values (?,?,?,?,?,?,?,?,?,?,?,?,?,?,?,?,?,?,?,?)
    Hibernate: insert into clinical.maternal_history (abortions,additional_notes,adequate_housing,alcohol_use,alcohol_use_details,allergies,anxiety_present,autoimmune_disorder,caffeine_intake_daily,calculated_risk_score,cardiac_disease,chronic_conditions,cigarettes_per_day,clinical_notes,complications_details,contraception_method_prior,covid19_vaccination,created_at,current_medications,data_complete,depression_screening_score,diabetes,diet_description,diet_type,domestic_violence_concerns,domestic_violence_details,domestic_violence_screening,drug_allergies,eclampsia_history,environmental_exposures,estimated_due_date,estimated_due_date_by_ultrasound,exercise_details,exercise_frequency,family_diabetes,family_genetic_disorders,family_history_details,family_hypertension,family_medical_history,family_pregnancy_complications,family_twin_history,fetal_anomaly_history,financial_concerns,flu_vaccination_current_season,flu_vaccination_date,folic_acid_supplementation,food_security,gestational_diabetes_history,gravida,hellp_syndrome_history,hepatitis_b_vaccination,hospital_id,hypertension,identified_risk_factors,immunization_notes,last_menstrual_period,latex_allergy,living_children,menstrual_cycle_length_days,menstrual_cycle_regularity,mental_health_conditions,mental_health_screening_completed,occupational_hazards,occupational_hazards_details,para,patient_id,pet_exposure,placenta_previa_history,placental_abruption_history,postpartum_hemorrhage_history,preeclampsia_history,prenatal_vitamins_start_date,prenatal_vitamins_started,preterm_births,preterm_labor_history,previous_abdominal_surgery,previous_cesarean_sections,previous_pregnancy_complications,previous_pregnancy_outcomes,previous_uterine_surgery,psychosocial_notes,recorded_by_staff_id,recorded_date,recreational_drug_use,renal_disease,requires_specialist_referral,review_timestamp,reviewed_by_provider,reviewed_by_staff_id,risk_category,rubella_immunity,smoking_cessation_date,smoking_status,specialist_referral_reason,substance_use,substance_use_details,support_system,surgical_history,tdap_vaccination,tdap_vaccination_date,term_births,thyroid_disorder,travel_history,ultrasound_confirmation_date,update_reason,updated_at,varicella_immunity,version_number,zika_risk_exposure,id) values (?,?,?,?,?,?,?,?,?,?,?,?,?,?,?,?,?,?,?,?,?,?,?,?,?,?,?,?,?,?,?,?,?,?,?,?,?,?,?,?,?,?,?,?,?,?,?,?,?,?,?,?,?,?,?,?,?,?,?,?,?,?,?,?,?,?,?,?,?,?,?,?,?,?,?,?,?,?,?,?,?,?,?,?,?,?,?,?,?,?,?,?,?,?,?,?,?,?,?,?,?,?,?,?,?,?,?,?,?,?)
    Hibernate: insert into clinical.maternal_history (abortions,additional_notes,adequate_housing,alcohol_use,alcohol_use_details,allergies,anxiety_present,autoimmune_disorder,caffeine_intake_daily,calculated_risk_score,cardiac_disease,chronic_conditions,cigarettes_per_day,clinical_notes,complications_details,contraception_method_prior,covid19_vaccination,created_at,current_medications,data_complete,depression_screening_score,diabetes,diet_description,diet_type,domestic_violence_concerns,domestic_violence_details,domestic_violence_screening,drug_allergies,eclampsia_history,environmental_exposures,estimated_due_date,estimated_due_date_by_ultrasound,exercise_details,exercise_frequency,family_diabetes,family_genetic_disorders,family_history_details,family_hypertension,family_medical_history,family_pregnancy_complications,family_twin_history,fetal_anomaly_history,financial_concerns,flu_vaccination_current_season,flu_vaccination_date,folic_acid_supplementation,food_security,gestational_diabetes_history,gravida,hellp_syndrome_history,hepatitis_b_vaccination,hospital_id,hypertension,identified_risk_factors,immunization_notes,last_menstrual_period,latex_allergy,living_children,menstrual_cycle_length_days,menstrual_cycle_regularity,mental_health_conditions,mental_health_screening_completed,occupational_hazards,occupational_hazards_details,para,patient_id,pet_exposure,placenta_previa_history,placental_abruption_history,postpartum_hemorrhage_history,preeclampsia_history,prenatal_vitamins_start_date,prenatal_vitamins_started,preterm_births,preterm_labor_history,previous_abdominal_surgery,previous_cesarean_sections,previous_pregnancy_complications,previous_pregnancy_outcomes,previous_uterine_surgery,psychosocial_notes,recorded_by_staff_id,recorded_date,recreational_drug_use,renal_disease,requires_specialist_referral,review_timestamp,reviewed_by_provider,reviewed_by_staff_id,risk_category,rubella_immunity,smoking_cessation_date,smoking_status,specialist_referral_reason,substance_use,substance_use_details,support_system,surgical_history,tdap_vaccination,tdap_vaccination_date,term_births,thyroid_disorder,travel_history,ultrasound_confirmation_date,update_reason,updated_at,varicella_immunity,version_number,zika_risk_exposure,id) values (?,?,?,?,?,?,?,?,?,?,?,?,?,?,?,?,?,?,?,?,?,?,?,?,?,?,?,?,?,?,?,?,?,?,?,?,?,?,?,?,?,?,?,?,?,?,?,?,?,?,?,?,?,?,?,?,?,?,?,?,?,?,?,?,?,?,?,?,?,?,?,?,?,?,?,?,?,?,?,?,?,?,?,?,?,?,?,?,?,?,?,?,?,?,?,?,?,?,?,?,?,?,?,?,?,?,?,?,?,?)
    Hibernate: select mh1_0.id,mh1_0.abortions,mh1_0.additional_notes,mh1_0.adequate_housing,mh1_0.alcohol_use,mh1_0.alcohol_use_details,mh1_0.allergies,mh1_0.anxiety_present,mh1_0.autoimmune_disorder,mh1_0.caffeine_intake_daily,mh1_0.calculated_risk_score,mh1_0.cardiac_disease,mh1_0.chronic_conditions,mh1_0.cigarettes_per_day,mh1_0.clinical_notes,mh1_0.complications_details,mh1_0.contraception_method_prior,mh1_0.covid19_vaccination,mh1_0.created_at,mh1_0.current_medications,mh1_0.data_complete,mh1_0.depression_screening_score,mh1_0.diabetes,mh1_0.diet_description,mh1_0.diet_type,mh1_0.domestic_violence_concerns,mh1_0.domestic_violence_details,mh1_0.domestic_violence_screening,mh1_0.drug_allergies,mh1_0.eclampsia_history,mh1_0.environmental_exposures,mh1_0.estimated_due_date,mh1_0.estimated_due_date_by_ultrasound,mh1_0.exercise_details,mh1_0.exercise_frequency,mh1_0.family_diabetes,mh1_0.family_genetic_disorders,mh1_0.family_history_details,mh1_0.family_hypertension,mh1_0.family_medical_history,mh1_0.family_pregnancy_complications,mh1_0.family_twin_history,mh1_0.fetal_anomaly_history,mh1_0.financial_concerns,mh1_0.flu_vaccination_current_season,mh1_0.flu_vaccination_date,mh1_0.folic_acid_supplementation,mh1_0.food_security,mh1_0.gestational_diabetes_history,mh1_0.gravida,mh1_0.hellp_syndrome_history,mh1_0.hepatitis_b_vaccination,mh1_0.hospital_id,mh1_0.hypertension,mh1_0.identified_risk_factors,mh1_0.immunization_notes,mh1_0.last_menstrual_period,mh1_0.latex_allergy,mh1_0.living_children,mh1_0.menstrual_cycle_length_days,mh1_0.menstrual_cycle_regularity,mh1_0.mental_health_conditions,mh1_0.mental_health_screening_completed,mh1_0.occupational_hazards,mh1_0.occupational_hazards_details,mh1_0.para,mh1_0.patient_id,mh1_0.pet_exposure,mh1_0.placenta_previa_history,mh1_0.placental_abruption_history,mh1_0.postpartum_hemorrhage_history,mh1_0.preeclampsia_history,mh1_0.prenatal_vitamins_start_date,mh1_0.prenatal_vitamins_started,mh1_0.preterm_births,mh1_0.preterm_labor_history,mh1_0.previous_abdominal_surgery,mh1_0.previous_cesarean_sections,mh1_0.previous_pregnancy_complications,mh1_0.previous_pregnancy_outcomes,mh1_0.previous_uterine_surgery,mh1_0.psychosocial_notes,mh1_0.recorded_by_staff_id,mh1_0.recorded_date,mh1_0.recreational_drug_use,mh1_0.renal_disease,mh1_0.requires_specialist_referral,mh1_0.review_timestamp,mh1_0.reviewed_by_provider,mh1_0.reviewed_by_staff_id,mh1_0.risk_category,mh1_0.rubella_immunity,mh1_0.smoking_cessation_date,mh1_0.smoking_status,mh1_0.specialist_referral_reason,mh1_0.substance_use,mh1_0.substance_use_details,mh1_0.support_system,mh1_0.surgical_history,mh1_0.tdap_vaccination,mh1_0.tdap_vaccination_date,mh1_0.term_births,mh1_0.thyroid_disorder,mh1_0.travel_history,mh1_0.ultrasound_confirmation_date,mh1_0.update_reason,mh1_0.updated_at,mh1_0.varicella_immunity,mh1_0.version_number,mh1_0.zika_risk_exposure from clinical.maternal_history mh1_0 where mh1_0.patient_id=? and mh1_0.version_number=?

MaternalHistoryRepositoryTest > findByPatientIdAndVersion_shouldReturnSpecificVersion() PASSED

MaternalHistoryRepositoryTest > existsByPatient_Id_shouldReturnTrueWhenRecordsExist() STANDARD_OUT
    Hibernate: insert into hospital.hospitals (active,address,city,code,country,created_at,email,license_number,name,organization_id,hospital_data_steward,hospital_owner_contact_email,hospital_owner_team,hospital_service_level,phone_number,hospital_billing_system,hospital_ehr_system,hospital_integration_notes,hospital_inventory_system,po_box,province,region,sector,state,updated_at,website,zip_code,id) values (?,?,?,?,?,?,?,?,?,?,?,?,?,?,?,?,?,?,?,?,?,?,?,?,?,?,?,?)
    Hibernate: insert into security.users (activation_token,activation_token_expires_at,created_at,email,first_name,force_password_change,is_active,is_deleted,last_login_at,last_name,password_changed_at,password_hash,password_rotation_forced_at,password_rotation_warning_at,phone_number,profile_image_url,updated_at,username,id) values (?,?,?,?,?,?,?,?,?,?,?,?,?,?,?,?,?,?,?)
    Hibernate: insert into clinical.patients (is_active,address,address_line1,address_line2,allergies,blood_type,care_team_notes,chronic_conditions,city,country,created_at,date_of_birth,department_id,email,emergency_contact_name,emergency_contact_phone,emergency_contact_relationship,first_name,gender,hospital_id,last_name,medical_history_summary,middle_name,organization_id,phone_number_primary,phone_number_secondary,preferred_pharmacy,state,updated_at,user_id,zip_code,id) values (?,?,?,?,?,?,?,?,?,?,?,?,?,?,?,?,?,?,?,?,?,?,?,?,?,?,?,?,?,?,?,?)
    Hibernate: insert into security.users (activation_token,activation_token_expires_at,created_at,email,first_name,force_password_change,is_active,is_deleted,last_login_at,last_name,password_changed_at,password_hash,password_rotation_forced_at,password_rotation_warning_at,phone_number,profile_image_url,updated_at,username,id) values (?,?,?,?,?,?,?,?,?,?,?,?,?,?,?,?,?,?,?)
    Hibernate: insert into security.roles (code,created_at,description,name,updated_at,id) values (?,?,?,?,?,?)
    Hibernate: insert into security.user_roles (role_id,user_id) values (?,?)
    Hibernate: insert into security.user_role_hospital_assignment (is_active,assigned_at,assignment_code,confirmation_code,confirmation_sent_at,confirmation_verified_at,created_at,description,hospital_id,registered_by_user_id,role_id,start_date,temp_plain_password,updated_at,user_id,id) values (?,?,?,?,?,?,?,?,?,?,?,?,?,?,?,?)
    Hibernate: insert into hospital.staff (active,assignment_id,created_at,department_id,employment_type,end_date,hospital_id,job_title,license_number,name,npi,signature_captured_at,signature_certificate_id,signature_public_key,signature_revoked_at,specialization,start_date,updated_at,user_id,id) values (?,?,?,?,?,?,?,?,?,?,?,?,?,?,?,?,?,?,?,?)
    Hibernate: insert into clinical.maternal_history (abortions,additional_notes,adequate_housing,alcohol_use,alcohol_use_details,allergies,anxiety_present,autoimmune_disorder,caffeine_intake_daily,calculated_risk_score,cardiac_disease,chronic_conditions,cigarettes_per_day,clinical_notes,complications_details,contraception_method_prior,covid19_vaccination,created_at,current_medications,data_complete,depression_screening_score,diabetes,diet_description,diet_type,domestic_violence_concerns,domestic_violence_details,domestic_violence_screening,drug_allergies,eclampsia_history,environmental_exposures,estimated_due_date,estimated_due_date_by_ultrasound,exercise_details,exercise_frequency,family_diabetes,family_genetic_disorders,family_history_details,family_hypertension,family_medical_history,family_pregnancy_complications,family_twin_history,fetal_anomaly_history,financial_concerns,flu_vaccination_current_season,flu_vaccination_date,folic_acid_supplementation,food_security,gestational_diabetes_history,gravida,hellp_syndrome_history,hepatitis_b_vaccination,hospital_id,hypertension,identified_risk_factors,immunization_notes,last_menstrual_period,latex_allergy,living_children,menstrual_cycle_length_days,menstrual_cycle_regularity,mental_health_conditions,mental_health_screening_completed,occupational_hazards,occupational_hazards_details,para,patient_id,pet_exposure,placenta_previa_history,placental_abruption_history,postpartum_hemorrhage_history,preeclampsia_history,prenatal_vitamins_start_date,prenatal_vitamins_started,preterm_births,preterm_labor_history,previous_abdominal_surgery,previous_cesarean_sections,previous_pregnancy_complications,previous_pregnancy_outcomes,previous_uterine_surgery,psychosocial_notes,recorded_by_staff_id,recorded_date,recreational_drug_use,renal_disease,requires_specialist_referral,review_timestamp,reviewed_by_provider,reviewed_by_staff_id,risk_category,rubella_immunity,smoking_cessation_date,smoking_status,specialist_referral_reason,substance_use,substance_use_details,support_system,surgical_history,tdap_vaccination,tdap_vaccination_date,term_births,thyroid_disorder,travel_history,ultrasound_confirmation_date,update_reason,updated_at,varicella_immunity,version_number,zika_risk_exposure,id) values (?,?,?,?,?,?,?,?,?,?,?,?,?,?,?,?,?,?,?,?,?,?,?,?,?,?,?,?,?,?,?,?,?,?,?,?,?,?,?,?,?,?,?,?,?,?,?,?,?,?,?,?,?,?,?,?,?,?,?,?,?,?,?,?,?,?,?,?,?,?,?,?,?,?,?,?,?,?,?,?,?,?,?,?,?,?,?,?,?,?,?,?,?,?,?,?,?,?,?,?,?,?,?,?,?,?,?,?,?,?)
    Hibernate: insert into clinical.maternal_history (abortions,additional_notes,adequate_housing,alcohol_use,alcohol_use_details,allergies,anxiety_present,autoimmune_disorder,caffeine_intake_daily,calculated_risk_score,cardiac_disease,chronic_conditions,cigarettes_per_day,clinical_notes,complications_details,contraception_method_prior,covid19_vaccination,created_at,current_medications,data_complete,depression_screening_score,diabetes,diet_description,diet_type,domestic_violence_concerns,domestic_violence_details,domestic_violence_screening,drug_allergies,eclampsia_history,environmental_exposures,estimated_due_date,estimated_due_date_by_ultrasound,exercise_details,exercise_frequency,family_diabetes,family_genetic_disorders,family_history_details,family_hypertension,family_medical_history,family_pregnancy_complications,family_twin_history,fetal_anomaly_history,financial_concerns,flu_vaccination_current_season,flu_vaccination_date,folic_acid_supplementation,food_security,gestational_diabetes_history,gravida,hellp_syndrome_history,hepatitis_b_vaccination,hospital_id,hypertension,identified_risk_factors,immunization_notes,last_menstrual_period,latex_allergy,living_children,menstrual_cycle_length_days,menstrual_cycle_regularity,mental_health_conditions,mental_health_screening_completed,occupational_hazards,occupational_hazards_details,para,patient_id,pet_exposure,placenta_previa_history,placental_abruption_history,postpartum_hemorrhage_history,preeclampsia_history,prenatal_vitamins_start_date,prenatal_vitamins_started,preterm_births,preterm_labor_history,previous_abdominal_surgery,previous_cesarean_sections,previous_pregnancy_complications,previous_pregnancy_outcomes,previous_uterine_surgery,psychosocial_notes,recorded_by_staff_id,recorded_date,recreational_drug_use,renal_disease,requires_specialist_referral,review_timestamp,reviewed_by_provider,reviewed_by_staff_id,risk_category,rubella_immunity,smoking_cessation_date,smoking_status,specialist_referral_reason,substance_use,substance_use_details,support_system,surgical_history,tdap_vaccination,tdap_vaccination_date,term_births,thyroid_disorder,travel_history,ultrasound_confirmation_date,update_reason,updated_at,varicella_immunity,version_number,zika_risk_exposure,id) values (?,?,?,?,?,?,?,?,?,?,?,?,?,?,?,?,?,?,?,?,?,?,?,?,?,?,?,?,?,?,?,?,?,?,?,?,?,?,?,?,?,?,?,?,?,?,?,?,?,?,?,?,?,?,?,?,?,?,?,?,?,?,?,?,?,?,?,?,?,?,?,?,?,?,?,?,?,?,?,?,?,?,?,?,?,?,?,?,?,?,?,?,?,?,?,?,?,?,?,?,?,?,?,?,?,?,?,?,?,?)
    Hibernate: select mh1_0.id from clinical.maternal_history mh1_0 left join clinical.patients p1_0 on p1_0.id=mh1_0.patient_id where p1_0.id=? fetch first ? rows only

MaternalHistoryRepositoryTest > existsByPatient_Id_shouldReturnTrueWhenRecordsExist() PASSED

MaternalHistoryRepositoryTest > findPendingReviewByHospital_shouldReturnUnreviewedCompleteRecords() STANDARD_OUT
    Hibernate: insert into hospital.hospitals (active,address,city,code,country,created_at,email,license_number,name,organization_id,hospital_data_steward,hospital_owner_contact_email,hospital_owner_team,hospital_service_level,phone_number,hospital_billing_system,hospital_ehr_system,hospital_integration_notes,hospital_inventory_system,po_box,province,region,sector,state,updated_at,website,zip_code,id) values (?,?,?,?,?,?,?,?,?,?,?,?,?,?,?,?,?,?,?,?,?,?,?,?,?,?,?,?)
    Hibernate: insert into security.users (activation_token,activation_token_expires_at,created_at,email,first_name,force_password_change,is_active,is_deleted,last_login_at,last_name,password_changed_at,password_hash,password_rotation_forced_at,password_rotation_warning_at,phone_number,profile_image_url,updated_at,username,id) values (?,?,?,?,?,?,?,?,?,?,?,?,?,?,?,?,?,?,?)
    Hibernate: insert into clinical.patients (is_active,address,address_line1,address_line2,allergies,blood_type,care_team_notes,chronic_conditions,city,country,created_at,date_of_birth,department_id,email,emergency_contact_name,emergency_contact_phone,emergency_contact_relationship,first_name,gender,hospital_id,last_name,medical_history_summary,middle_name,organization_id,phone_number_primary,phone_number_secondary,preferred_pharmacy,state,updated_at,user_id,zip_code,id) values (?,?,?,?,?,?,?,?,?,?,?,?,?,?,?,?,?,?,?,?,?,?,?,?,?,?,?,?,?,?,?,?)
    Hibernate: insert into security.users (activation_token,activation_token_expires_at,created_at,email,first_name,force_password_change,is_active,is_deleted,last_login_at,last_name,password_changed_at,password_hash,password_rotation_forced_at,password_rotation_warning_at,phone_number,profile_image_url,updated_at,username,id) values (?,?,?,?,?,?,?,?,?,?,?,?,?,?,?,?,?,?,?)
    Hibernate: insert into security.roles (code,created_at,description,name,updated_at,id) values (?,?,?,?,?,?)
    Hibernate: insert into security.user_roles (role_id,user_id) values (?,?)
    Hibernate: insert into security.user_role_hospital_assignment (is_active,assigned_at,assignment_code,confirmation_code,confirmation_sent_at,confirmation_verified_at,created_at,description,hospital_id,registered_by_user_id,role_id,start_date,temp_plain_password,updated_at,user_id,id) values (?,?,?,?,?,?,?,?,?,?,?,?,?,?,?,?)
    Hibernate: insert into hospital.staff (active,assignment_id,created_at,department_id,employment_type,end_date,hospital_id,job_title,license_number,name,npi,signature_captured_at,signature_certificate_id,signature_public_key,signature_revoked_at,specialization,start_date,updated_at,user_id,id) values (?,?,?,?,?,?,?,?,?,?,?,?,?,?,?,?,?,?,?,?)
    Hibernate: insert into clinical.maternal_history (abortions,additional_notes,adequate_housing,alcohol_use,alcohol_use_details,allergies,anxiety_present,autoimmune_disorder,caffeine_intake_daily,calculated_risk_score,cardiac_disease,chronic_conditions,cigarettes_per_day,clinical_notes,complications_details,contraception_method_prior,covid19_vaccination,created_at,current_medications,data_complete,depression_screening_score,diabetes,diet_description,diet_type,domestic_violence_concerns,domestic_violence_details,domestic_violence_screening,drug_allergies,eclampsia_history,environmental_exposures,estimated_due_date,estimated_due_date_by_ultrasound,exercise_details,exercise_frequency,family_diabetes,family_genetic_disorders,family_history_details,family_hypertension,family_medical_history,family_pregnancy_complications,family_twin_history,fetal_anomaly_history,financial_concerns,flu_vaccination_current_season,flu_vaccination_date,folic_acid_supplementation,food_security,gestational_diabetes_history,gravida,hellp_syndrome_history,hepatitis_b_vaccination,hospital_id,hypertension,identified_risk_factors,immunization_notes,last_menstrual_period,latex_allergy,living_children,menstrual_cycle_length_days,menstrual_cycle_regularity,mental_health_conditions,mental_health_screening_completed,occupational_hazards,occupational_hazards_details,para,patient_id,pet_exposure,placenta_previa_history,placental_abruption_history,postpartum_hemorrhage_history,preeclampsia_history,prenatal_vitamins_start_date,prenatal_vitamins_started,preterm_births,preterm_labor_history,previous_abdominal_surgery,previous_cesarean_sections,previous_pregnancy_complications,previous_pregnancy_outcomes,previous_uterine_surgery,psychosocial_notes,recorded_by_staff_id,recorded_date,recreational_drug_use,renal_disease,requires_specialist_referral,review_timestamp,reviewed_by_provider,reviewed_by_staff_id,risk_category,rubella_immunity,smoking_cessation_date,smoking_status,specialist_referral_reason,substance_use,substance_use_details,support_system,surgical_history,tdap_vaccination,tdap_vaccination_date,term_births,thyroid_disorder,travel_history,ultrasound_confirmation_date,update_reason,updated_at,varicella_immunity,version_number,zika_risk_exposure,id) values (?,?,?,?,?,?,?,?,?,?,?,?,?,?,?,?,?,?,?,?,?,?,?,?,?,?,?,?,?,?,?,?,?,?,?,?,?,?,?,?,?,?,?,?,?,?,?,?,?,?,?,?,?,?,?,?,?,?,?,?,?,?,?,?,?,?,?,?,?,?,?,?,?,?,?,?,?,?,?,?,?,?,?,?,?,?,?,?,?,?,?,?,?,?,?,?,?,?,?,?,?,?,?,?,?,?,?,?,?,?)
    Hibernate: insert into clinical.maternal_history (abortions,additional_notes,adequate_housing,alcohol_use,alcohol_use_details,allergies,anxiety_present,autoimmune_disorder,caffeine_intake_daily,calculated_risk_score,cardiac_disease,chronic_conditions,cigarettes_per_day,clinical_notes,complications_details,contraception_method_prior,covid19_vaccination,created_at,current_medications,data_complete,depression_screening_score,diabetes,diet_description,diet_type,domestic_violence_concerns,domestic_violence_details,domestic_violence_screening,drug_allergies,eclampsia_history,environmental_exposures,estimated_due_date,estimated_due_date_by_ultrasound,exercise_details,exercise_frequency,family_diabetes,family_genetic_disorders,family_history_details,family_hypertension,family_medical_history,family_pregnancy_complications,family_twin_history,fetal_anomaly_history,financial_concerns,flu_vaccination_current_season,flu_vaccination_date,folic_acid_supplementation,food_security,gestational_diabetes_history,gravida,hellp_syndrome_history,hepatitis_b_vaccination,hospital_id,hypertension,identified_risk_factors,immunization_notes,last_menstrual_period,latex_allergy,living_children,menstrual_cycle_length_days,menstrual_cycle_regularity,mental_health_conditions,mental_health_screening_completed,occupational_hazards,occupational_hazards_details,para,patient_id,pet_exposure,placenta_previa_history,placental_abruption_history,postpartum_hemorrhage_history,preeclampsia_history,prenatal_vitamins_start_date,prenatal_vitamins_started,preterm_births,preterm_labor_history,previous_abdominal_surgery,previous_cesarean_sections,previous_pregnancy_complications,previous_pregnancy_outcomes,previous_uterine_surgery,psychosocial_notes,recorded_by_staff_id,recorded_date,recreational_drug_use,renal_disease,requires_specialist_referral,review_timestamp,reviewed_by_provider,reviewed_by_staff_id,risk_category,rubella_immunity,smoking_cessation_date,smoking_status,specialist_referral_reason,substance_use,substance_use_details,support_system,surgical_history,tdap_vaccination,tdap_vaccination_date,term_births,thyroid_disorder,travel_history,ultrasound_confirmation_date,update_reason,updated_at,varicella_immunity,version_number,zika_risk_exposure,id) values (?,?,?,?,?,?,?,?,?,?,?,?,?,?,?,?,?,?,?,?,?,?,?,?,?,?,?,?,?,?,?,?,?,?,?,?,?,?,?,?,?,?,?,?,?,?,?,?,?,?,?,?,?,?,?,?,?,?,?,?,?,?,?,?,?,?,?,?,?,?,?,?,?,?,?,?,?,?,?,?,?,?,?,?,?,?,?,?,?,?,?,?,?,?,?,?,?,?,?,?,?,?,?,?,?,?,?,?,?,?)
    Hibernate: select mh1_0.id,mh1_0.abortions,mh1_0.additional_notes,mh1_0.adequate_housing,mh1_0.alcohol_use,mh1_0.alcohol_use_details,mh1_0.allergies,mh1_0.anxiety_present,mh1_0.autoimmune_disorder,mh1_0.caffeine_intake_daily,mh1_0.calculated_risk_score,mh1_0.cardiac_disease,mh1_0.chronic_conditions,mh1_0.cigarettes_per_day,mh1_0.clinical_notes,mh1_0.complications_details,mh1_0.contraception_method_prior,mh1_0.covid19_vaccination,mh1_0.created_at,mh1_0.current_medications,mh1_0.data_complete,mh1_0.depression_screening_score,mh1_0.diabetes,mh1_0.diet_description,mh1_0.diet_type,mh1_0.domestic_violence_concerns,mh1_0.domestic_violence_details,mh1_0.domestic_violence_screening,mh1_0.drug_allergies,mh1_0.eclampsia_history,mh1_0.environmental_exposures,mh1_0.estimated_due_date,mh1_0.estimated_due_date_by_ultrasound,mh1_0.exercise_details,mh1_0.exercise_frequency,mh1_0.family_diabetes,mh1_0.family_genetic_disorders,mh1_0.family_history_details,mh1_0.family_hypertension,mh1_0.family_medical_history,mh1_0.family_pregnancy_complications,mh1_0.family_twin_history,mh1_0.fetal_anomaly_history,mh1_0.financial_concerns,mh1_0.flu_vaccination_current_season,mh1_0.flu_vaccination_date,mh1_0.folic_acid_supplementation,mh1_0.food_security,mh1_0.gestational_diabetes_history,mh1_0.gravida,mh1_0.hellp_syndrome_history,mh1_0.hepatitis_b_vaccination,mh1_0.hospital_id,mh1_0.hypertension,mh1_0.identified_risk_factors,mh1_0.immunization_notes,mh1_0.last_menstrual_period,mh1_0.latex_allergy,mh1_0.living_children,mh1_0.menstrual_cycle_length_days,mh1_0.menstrual_cycle_regularity,mh1_0.mental_health_conditions,mh1_0.mental_health_screening_completed,mh1_0.occupational_hazards,mh1_0.occupational_hazards_details,mh1_0.para,mh1_0.patient_id,mh1_0.pet_exposure,mh1_0.placenta_previa_history,mh1_0.placental_abruption_history,mh1_0.postpartum_hemorrhage_history,mh1_0.preeclampsia_history,mh1_0.prenatal_vitamins_start_date,mh1_0.prenatal_vitamins_started,mh1_0.preterm_births,mh1_0.preterm_labor_history,mh1_0.previous_abdominal_surgery,mh1_0.previous_cesarean_sections,mh1_0.previous_pregnancy_complications,mh1_0.previous_pregnancy_outcomes,mh1_0.previous_uterine_surgery,mh1_0.psychosocial_notes,mh1_0.recorded_by_staff_id,mh1_0.recorded_date,mh1_0.recreational_drug_use,mh1_0.renal_disease,mh1_0.requires_specialist_referral,mh1_0.review_timestamp,mh1_0.reviewed_by_provider,mh1_0.reviewed_by_staff_id,mh1_0.risk_category,mh1_0.rubella_immunity,mh1_0.smoking_cessation_date,mh1_0.smoking_status,mh1_0.specialist_referral_reason,mh1_0.substance_use,mh1_0.substance_use_details,mh1_0.support_system,mh1_0.surgical_history,mh1_0.tdap_vaccination,mh1_0.tdap_vaccination_date,mh1_0.term_births,mh1_0.thyroid_disorder,mh1_0.travel_history,mh1_0.ultrasound_confirmation_date,mh1_0.update_reason,mh1_0.updated_at,mh1_0.varicella_immunity,mh1_0.version_number,mh1_0.zika_risk_exposure from clinical.maternal_history mh1_0 where mh1_0.hospital_id=? and mh1_0.data_complete=true and (mh1_0.reviewed_by_provider is null or mh1_0.reviewed_by_provider=false) order by mh1_0.recorded_date desc fetch first ? rows only

MaternalHistoryRepositoryTest > findPendingReviewByHospital_shouldReturnUnreviewedCompleteRecords() PASSED

MaternalHistoryRepositoryTest > findByPatientIdOrderByRecordedDateDesc_shouldReturnAllVersionsInDescendingOrder() STANDARD_OUT
    Hibernate: insert into hospital.hospitals (active,address,city,code,country,created_at,email,license_number,name,organization_id,hospital_data_steward,hospital_owner_contact_email,hospital_owner_team,hospital_service_level,phone_number,hospital_billing_system,hospital_ehr_system,hospital_integration_notes,hospital_inventory_system,po_box,province,region,sector,state,updated_at,website,zip_code,id) values (?,?,?,?,?,?,?,?,?,?,?,?,?,?,?,?,?,?,?,?,?,?,?,?,?,?,?,?)
    Hibernate: insert into security.users (activation_token,activation_token_expires_at,created_at,email,first_name,force_password_change,is_active,is_deleted,last_login_at,last_name,password_changed_at,password_hash,password_rotation_forced_at,password_rotation_warning_at,phone_number,profile_image_url,updated_at,username,id) values (?,?,?,?,?,?,?,?,?,?,?,?,?,?,?,?,?,?,?)
    Hibernate: insert into clinical.patients (is_active,address,address_line1,address_line2,allergies,blood_type,care_team_notes,chronic_conditions,city,country,created_at,date_of_birth,department_id,email,emergency_contact_name,emergency_contact_phone,emergency_contact_relationship,first_name,gender,hospital_id,last_name,medical_history_summary,middle_name,organization_id,phone_number_primary,phone_number_secondary,preferred_pharmacy,state,updated_at,user_id,zip_code,id) values (?,?,?,?,?,?,?,?,?,?,?,?,?,?,?,?,?,?,?,?,?,?,?,?,?,?,?,?,?,?,?,?)
    Hibernate: insert into security.users (activation_token,activation_token_expires_at,created_at,email,first_name,force_password_change,is_active,is_deleted,last_login_at,last_name,password_changed_at,password_hash,password_rotation_forced_at,password_rotation_warning_at,phone_number,profile_image_url,updated_at,username,id) values (?,?,?,?,?,?,?,?,?,?,?,?,?,?,?,?,?,?,?)
    Hibernate: insert into security.roles (code,created_at,description,name,updated_at,id) values (?,?,?,?,?,?)
    Hibernate: insert into security.user_roles (role_id,user_id) values (?,?)
    Hibernate: insert into security.user_role_hospital_assignment (is_active,assigned_at,assignment_code,confirmation_code,confirmation_sent_at,confirmation_verified_at,created_at,description,hospital_id,registered_by_user_id,role_id,start_date,temp_plain_password,updated_at,user_id,id) values (?,?,?,?,?,?,?,?,?,?,?,?,?,?,?,?)
    Hibernate: insert into hospital.staff (active,assignment_id,created_at,department_id,employment_type,end_date,hospital_id,job_title,license_number,name,npi,signature_captured_at,signature_certificate_id,signature_public_key,signature_revoked_at,specialization,start_date,updated_at,user_id,id) values (?,?,?,?,?,?,?,?,?,?,?,?,?,?,?,?,?,?,?,?)
    Hibernate: insert into clinical.maternal_history (abortions,additional_notes,adequate_housing,alcohol_use,alcohol_use_details,allergies,anxiety_present,autoimmune_disorder,caffeine_intake_daily,calculated_risk_score,cardiac_disease,chronic_conditions,cigarettes_per_day,clinical_notes,complications_details,contraception_method_prior,covid19_vaccination,created_at,current_medications,data_complete,depression_screening_score,diabetes,diet_description,diet_type,domestic_violence_concerns,domestic_violence_details,domestic_violence_screening,drug_allergies,eclampsia_history,environmental_exposures,estimated_due_date,estimated_due_date_by_ultrasound,exercise_details,exercise_frequency,family_diabetes,family_genetic_disorders,family_history_details,family_hypertension,family_medical_history,family_pregnancy_complications,family_twin_history,fetal_anomaly_history,financial_concerns,flu_vaccination_current_season,flu_vaccination_date,folic_acid_supplementation,food_security,gestational_diabetes_history,gravida,hellp_syndrome_history,hepatitis_b_vaccination,hospital_id,hypertension,identified_risk_factors,immunization_notes,last_menstrual_period,latex_allergy,living_children,menstrual_cycle_length_days,menstrual_cycle_regularity,mental_health_conditions,mental_health_screening_completed,occupational_hazards,occupational_hazards_details,para,patient_id,pet_exposure,placenta_previa_history,placental_abruption_history,postpartum_hemorrhage_history,preeclampsia_history,prenatal_vitamins_start_date,prenatal_vitamins_started,preterm_births,preterm_labor_history,previous_abdominal_surgery,previous_cesarean_sections,previous_pregnancy_complications,previous_pregnancy_outcomes,previous_uterine_surgery,psychosocial_notes,recorded_by_staff_id,recorded_date,recreational_drug_use,renal_disease,requires_specialist_referral,review_timestamp,reviewed_by_provider,reviewed_by_staff_id,risk_category,rubella_immunity,smoking_cessation_date,smoking_status,specialist_referral_reason,substance_use,substance_use_details,support_system,surgical_history,tdap_vaccination,tdap_vaccination_date,term_births,thyroid_disorder,travel_history,ultrasound_confirmation_date,update_reason,updated_at,varicella_immunity,version_number,zika_risk_exposure,id) values (?,?,?,?,?,?,?,?,?,?,?,?,?,?,?,?,?,?,?,?,?,?,?,?,?,?,?,?,?,?,?,?,?,?,?,?,?,?,?,?,?,?,?,?,?,?,?,?,?,?,?,?,?,?,?,?,?,?,?,?,?,?,?,?,?,?,?,?,?,?,?,?,?,?,?,?,?,?,?,?,?,?,?,?,?,?,?,?,?,?,?,?,?,?,?,?,?,?,?,?,?,?,?,?,?,?,?,?,?,?)
    Hibernate: insert into clinical.maternal_history (abortions,additional_notes,adequate_housing,alcohol_use,alcohol_use_details,allergies,anxiety_present,autoimmune_disorder,caffeine_intake_daily,calculated_risk_score,cardiac_disease,chronic_conditions,cigarettes_per_day,clinical_notes,complications_details,contraception_method_prior,covid19_vaccination,created_at,current_medications,data_complete,depression_screening_score,diabetes,diet_description,diet_type,domestic_violence_concerns,domestic_violence_details,domestic_violence_screening,drug_allergies,eclampsia_history,environmental_exposures,estimated_due_date,estimated_due_date_by_ultrasound,exercise_details,exercise_frequency,family_diabetes,family_genetic_disorders,family_history_details,family_hypertension,family_medical_history,family_pregnancy_complications,family_twin_history,fetal_anomaly_history,financial_concerns,flu_vaccination_current_season,flu_vaccination_date,folic_acid_supplementation,food_security,gestational_diabetes_history,gravida,hellp_syndrome_history,hepatitis_b_vaccination,hospital_id,hypertension,identified_risk_factors,immunization_notes,last_menstrual_period,latex_allergy,living_children,menstrual_cycle_length_days,menstrual_cycle_regularity,mental_health_conditions,mental_health_screening_completed,occupational_hazards,occupational_hazards_details,para,patient_id,pet_exposure,placenta_previa_history,placental_abruption_history,postpartum_hemorrhage_history,preeclampsia_history,prenatal_vitamins_start_date,prenatal_vitamins_started,preterm_births,preterm_labor_history,previous_abdominal_surgery,previous_cesarean_sections,previous_pregnancy_complications,previous_pregnancy_outcomes,previous_uterine_surgery,psychosocial_notes,recorded_by_staff_id,recorded_date,recreational_drug_use,renal_disease,requires_specialist_referral,review_timestamp,reviewed_by_provider,reviewed_by_staff_id,risk_category,rubella_immunity,smoking_cessation_date,smoking_status,specialist_referral_reason,substance_use,substance_use_details,support_system,surgical_history,tdap_vaccination,tdap_vaccination_date,term_births,thyroid_disorder,travel_history,ultrasound_confirmation_date,update_reason,updated_at,varicella_immunity,version_number,zika_risk_exposure,id) values (?,?,?,?,?,?,?,?,?,?,?,?,?,?,?,?,?,?,?,?,?,?,?,?,?,?,?,?,?,?,?,?,?,?,?,?,?,?,?,?,?,?,?,?,?,?,?,?,?,?,?,?,?,?,?,?,?,?,?,?,?,?,?,?,?,?,?,?,?,?,?,?,?,?,?,?,?,?,?,?,?,?,?,?,?,?,?,?,?,?,?,?,?,?,?,?,?,?,?,?,?,?,?,?,?,?,?,?,?,?)
    Hibernate: select mh1_0.id,mh1_0.abortions,mh1_0.additional_notes,mh1_0.adequate_housing,mh1_0.alcohol_use,mh1_0.alcohol_use_details,mh1_0.allergies,mh1_0.anxiety_present,mh1_0.autoimmune_disorder,mh1_0.caffeine_intake_daily,mh1_0.calculated_risk_score,mh1_0.cardiac_disease,mh1_0.chronic_conditions,mh1_0.cigarettes_per_day,mh1_0.clinical_notes,mh1_0.complications_details,mh1_0.contraception_method_prior,mh1_0.covid19_vaccination,mh1_0.created_at,mh1_0.current_medications,mh1_0.data_complete,mh1_0.depression_screening_score,mh1_0.diabetes,mh1_0.diet_description,mh1_0.diet_type,mh1_0.domestic_violence_concerns,mh1_0.domestic_violence_details,mh1_0.domestic_violence_screening,mh1_0.drug_allergies,mh1_0.eclampsia_history,mh1_0.environmental_exposures,mh1_0.estimated_due_date,mh1_0.estimated_due_date_by_ultrasound,mh1_0.exercise_details,mh1_0.exercise_frequency,mh1_0.family_diabetes,mh1_0.family_genetic_disorders,mh1_0.family_history_details,mh1_0.family_hypertension,mh1_0.family_medical_history,mh1_0.family_pregnancy_complications,mh1_0.family_twin_history,mh1_0.fetal_anomaly_history,mh1_0.financial_concerns,mh1_0.flu_vaccination_current_season,mh1_0.flu_vaccination_date,mh1_0.folic_acid_supplementation,mh1_0.food_security,mh1_0.gestational_diabetes_history,mh1_0.gravida,mh1_0.hellp_syndrome_history,mh1_0.hepatitis_b_vaccination,mh1_0.hospital_id,mh1_0.hypertension,mh1_0.identified_risk_factors,mh1_0.immunization_notes,mh1_0.last_menstrual_period,mh1_0.latex_allergy,mh1_0.living_children,mh1_0.menstrual_cycle_length_days,mh1_0.menstrual_cycle_regularity,mh1_0.mental_health_conditions,mh1_0.mental_health_screening_completed,mh1_0.occupational_hazards,mh1_0.occupational_hazards_details,mh1_0.para,mh1_0.patient_id,mh1_0.pet_exposure,mh1_0.placenta_previa_history,mh1_0.placental_abruption_history,mh1_0.postpartum_hemorrhage_history,mh1_0.preeclampsia_history,mh1_0.prenatal_vitamins_start_date,mh1_0.prenatal_vitamins_started,mh1_0.preterm_births,mh1_0.preterm_labor_history,mh1_0.previous_abdominal_surgery,mh1_0.previous_cesarean_sections,mh1_0.previous_pregnancy_complications,mh1_0.previous_pregnancy_outcomes,mh1_0.previous_uterine_surgery,mh1_0.psychosocial_notes,mh1_0.recorded_by_staff_id,mh1_0.recorded_date,mh1_0.recreational_drug_use,mh1_0.renal_disease,mh1_0.requires_specialist_referral,mh1_0.review_timestamp,mh1_0.reviewed_by_provider,mh1_0.reviewed_by_staff_id,mh1_0.risk_category,mh1_0.rubella_immunity,mh1_0.smoking_cessation_date,mh1_0.smoking_status,mh1_0.specialist_referral_reason,mh1_0.substance_use,mh1_0.substance_use_details,mh1_0.support_system,mh1_0.surgical_history,mh1_0.tdap_vaccination,mh1_0.tdap_vaccination_date,mh1_0.term_births,mh1_0.thyroid_disorder,mh1_0.travel_history,mh1_0.ultrasound_confirmation_date,mh1_0.update_reason,mh1_0.updated_at,mh1_0.varicella_immunity,mh1_0.version_number,mh1_0.zika_risk_exposure from clinical.maternal_history mh1_0 where mh1_0.patient_id=? order by mh1_0.recorded_date desc

MaternalHistoryRepositoryTest > findByPatientIdOrderByRecordedDateDesc_shouldReturnAllVersionsInDescendingOrder() PASSED

MaternalHistoryRepositoryTest > findWithChronicConditions_shouldReturnPatientsWithConditions() STANDARD_OUT
    Hibernate: insert into hospital.hospitals (active,address,city,code,country,created_at,email,license_number,name,organization_id,hospital_data_steward,hospital_owner_contact_email,hospital_owner_team,hospital_service_level,phone_number,hospital_billing_system,hospital_ehr_system,hospital_integration_notes,hospital_inventory_system,po_box,province,region,sector,state,updated_at,website,zip_code,id) values (?,?,?,?,?,?,?,?,?,?,?,?,?,?,?,?,?,?,?,?,?,?,?,?,?,?,?,?)
    Hibernate: insert into security.users (activation_token,activation_token_expires_at,created_at,email,first_name,force_password_change,is_active,is_deleted,last_login_at,last_name,password_changed_at,password_hash,password_rotation_forced_at,password_rotation_warning_at,phone_number,profile_image_url,updated_at,username,id) values (?,?,?,?,?,?,?,?,?,?,?,?,?,?,?,?,?,?,?)
    Hibernate: insert into clinical.patients (is_active,address,address_line1,address_line2,allergies,blood_type,care_team_notes,chronic_conditions,city,country,created_at,date_of_birth,department_id,email,emergency_contact_name,emergency_contact_phone,emergency_contact_relationship,first_name,gender,hospital_id,last_name,medical_history_summary,middle_name,organization_id,phone_number_primary,phone_number_secondary,preferred_pharmacy,state,updated_at,user_id,zip_code,id) values (?,?,?,?,?,?,?,?,?,?,?,?,?,?,?,?,?,?,?,?,?,?,?,?,?,?,?,?,?,?,?,?)
    Hibernate: insert into security.users (activation_token,activation_token_expires_at,created_at,email,first_name,force_password_change,is_active,is_deleted,last_login_at,last_name,password_changed_at,password_hash,password_rotation_forced_at,password_rotation_warning_at,phone_number,profile_image_url,updated_at,username,id) values (?,?,?,?,?,?,?,?,?,?,?,?,?,?,?,?,?,?,?)
    Hibernate: insert into security.roles (code,created_at,description,name,updated_at,id) values (?,?,?,?,?,?)
    Hibernate: insert into security.user_roles (role_id,user_id) values (?,?)
    Hibernate: insert into security.user_role_hospital_assignment (is_active,assigned_at,assignment_code,confirmation_code,confirmation_sent_at,confirmation_verified_at,created_at,description,hospital_id,registered_by_user_id,role_id,start_date,temp_plain_password,updated_at,user_id,id) values (?,?,?,?,?,?,?,?,?,?,?,?,?,?,?,?)
    Hibernate: insert into hospital.staff (active,assignment_id,created_at,department_id,employment_type,end_date,hospital_id,job_title,license_number,name,npi,signature_captured_at,signature_certificate_id,signature_public_key,signature_revoked_at,specialization,start_date,updated_at,user_id,id) values (?,?,?,?,?,?,?,?,?,?,?,?,?,?,?,?,?,?,?,?)
    Hibernate: insert into clinical.maternal_history (abortions,additional_notes,adequate_housing,alcohol_use,alcohol_use_details,allergies,anxiety_present,autoimmune_disorder,caffeine_intake_daily,calculated_risk_score,cardiac_disease,chronic_conditions,cigarettes_per_day,clinical_notes,complications_details,contraception_method_prior,covid19_vaccination,created_at,current_medications,data_complete,depression_screening_score,diabetes,diet_description,diet_type,domestic_violence_concerns,domestic_violence_details,domestic_violence_screening,drug_allergies,eclampsia_history,environmental_exposures,estimated_due_date,estimated_due_date_by_ultrasound,exercise_details,exercise_frequency,family_diabetes,family_genetic_disorders,family_history_details,family_hypertension,family_medical_history,family_pregnancy_complications,family_twin_history,fetal_anomaly_history,financial_concerns,flu_vaccination_current_season,flu_vaccination_date,folic_acid_supplementation,food_security,gestational_diabetes_history,gravida,hellp_syndrome_history,hepatitis_b_vaccination,hospital_id,hypertension,identified_risk_factors,immunization_notes,last_menstrual_period,latex_allergy,living_children,menstrual_cycle_length_days,menstrual_cycle_regularity,mental_health_conditions,mental_health_screening_completed,occupational_hazards,occupational_hazards_details,para,patient_id,pet_exposure,placenta_previa_history,placental_abruption_history,postpartum_hemorrhage_history,preeclampsia_history,prenatal_vitamins_start_date,prenatal_vitamins_started,preterm_births,preterm_labor_history,previous_abdominal_surgery,previous_cesarean_sections,previous_pregnancy_complications,previous_pregnancy_outcomes,previous_uterine_surgery,psychosocial_notes,recorded_by_staff_id,recorded_date,recreational_drug_use,renal_disease,requires_specialist_referral,review_timestamp,reviewed_by_provider,reviewed_by_staff_id,risk_category,rubella_immunity,smoking_cessation_date,smoking_status,specialist_referral_reason,substance_use,substance_use_details,support_system,surgical_history,tdap_vaccination,tdap_vaccination_date,term_births,thyroid_disorder,travel_history,ultrasound_confirmation_date,update_reason,updated_at,varicella_immunity,version_number,zika_risk_exposure,id) values (?,?,?,?,?,?,?,?,?,?,?,?,?,?,?,?,?,?,?,?,?,?,?,?,?,?,?,?,?,?,?,?,?,?,?,?,?,?,?,?,?,?,?,?,?,?,?,?,?,?,?,?,?,?,?,?,?,?,?,?,?,?,?,?,?,?,?,?,?,?,?,?,?,?,?,?,?,?,?,?,?,?,?,?,?,?,?,?,?,?,?,?,?,?,?,?,?,?,?,?,?,?,?,?,?,?,?,?,?,?)
    Hibernate: insert into clinical.maternal_history (abortions,additional_notes,adequate_housing,alcohol_use,alcohol_use_details,allergies,anxiety_present,autoimmune_disorder,caffeine_intake_daily,calculated_risk_score,cardiac_disease,chronic_conditions,cigarettes_per_day,clinical_notes,complications_details,contraception_method_prior,covid19_vaccination,created_at,current_medications,data_complete,depression_screening_score,diabetes,diet_description,diet_type,domestic_violence_concerns,domestic_violence_details,domestic_violence_screening,drug_allergies,eclampsia_history,environmental_exposures,estimated_due_date,estimated_due_date_by_ultrasound,exercise_details,exercise_frequency,family_diabetes,family_genetic_disorders,family_history_details,family_hypertension,family_medical_history,family_pregnancy_complications,family_twin_history,fetal_anomaly_history,financial_concerns,flu_vaccination_current_season,flu_vaccination_date,folic_acid_supplementation,food_security,gestational_diabetes_history,gravida,hellp_syndrome_history,hepatitis_b_vaccination,hospital_id,hypertension,identified_risk_factors,immunization_notes,last_menstrual_period,latex_allergy,living_children,menstrual_cycle_length_days,menstrual_cycle_regularity,mental_health_conditions,mental_health_screening_completed,occupational_hazards,occupational_hazards_details,para,patient_id,pet_exposure,placenta_previa_history,placental_abruption_history,postpartum_hemorrhage_history,preeclampsia_history,prenatal_vitamins_start_date,prenatal_vitamins_started,preterm_births,preterm_labor_history,previous_abdominal_surgery,previous_cesarean_sections,previous_pregnancy_complications,previous_pregnancy_outcomes,previous_uterine_surgery,psychosocial_notes,recorded_by_staff_id,recorded_date,recreational_drug_use,renal_disease,requires_specialist_referral,review_timestamp,reviewed_by_provider,reviewed_by_staff_id,risk_category,rubella_immunity,smoking_cessation_date,smoking_status,specialist_referral_reason,substance_use,substance_use_details,support_system,surgical_history,tdap_vaccination,tdap_vaccination_date,term_births,thyroid_disorder,travel_history,ultrasound_confirmation_date,update_reason,updated_at,varicella_immunity,version_number,zika_risk_exposure,id) values (?,?,?,?,?,?,?,?,?,?,?,?,?,?,?,?,?,?,?,?,?,?,?,?,?,?,?,?,?,?,?,?,?,?,?,?,?,?,?,?,?,?,?,?,?,?,?,?,?,?,?,?,?,?,?,?,?,?,?,?,?,?,?,?,?,?,?,?,?,?,?,?,?,?,?,?,?,?,?,?,?,?,?,?,?,?,?,?,?,?,?,?,?,?,?,?,?,?,?,?,?,?,?,?,?,?,?,?,?,?)
    Hibernate: update clinical.maternal_history set abortions=?,additional_notes=?,adequate_housing=?,alcohol_use=?,alcohol_use_details=?,allergies=?,anxiety_present=?,autoimmune_disorder=?,caffeine_intake_daily=?,calculated_risk_score=?,cardiac_disease=?,chronic_conditions=?,cigarettes_per_day=?,clinical_notes=?,complications_details=?,contraception_method_prior=?,covid19_vaccination=?,current_medications=?,data_complete=?,depression_screening_score=?,diabetes=?,diet_description=?,diet_type=?,domestic_violence_concerns=?,domestic_violence_details=?,domestic_violence_screening=?,drug_allergies=?,eclampsia_history=?,environmental_exposures=?,estimated_due_date=?,estimated_due_date_by_ultrasound=?,exercise_details=?,exercise_frequency=?,family_diabetes=?,family_genetic_disorders=?,family_history_details=?,family_hypertension=?,family_medical_history=?,family_pregnancy_complications=?,family_twin_history=?,fetal_anomaly_history=?,financial_concerns=?,flu_vaccination_current_season=?,flu_vaccination_date=?,folic_acid_supplementation=?,food_security=?,gestational_diabetes_history=?,gravida=?,hellp_syndrome_history=?,hepatitis_b_vaccination=?,hospital_id=?,hypertension=?,identified_risk_factors=?,immunization_notes=?,last_menstrual_period=?,latex_allergy=?,living_children=?,menstrual_cycle_length_days=?,menstrual_cycle_regularity=?,mental_health_conditions=?,mental_health_screening_completed=?,occupational_hazards=?,occupational_hazards_details=?,para=?,patient_id=?,pet_exposure=?,placenta_previa_history=?,placental_abruption_history=?,postpartum_hemorrhage_history=?,preeclampsia_history=?,prenatal_vitamins_start_date=?,prenatal_vitamins_started=?,preterm_births=?,preterm_labor_history=?,previous_abdominal_surgery=?,previous_cesarean_sections=?,previous_pregnancy_complications=?,previous_pregnancy_outcomes=?,previous_uterine_surgery=?,psychosocial_notes=?,recorded_by_staff_id=?,recorded_date=?,recreational_drug_use=?,renal_disease=?,requires_specialist_referral=?,review_timestamp=?,reviewed_by_provider=?,reviewed_by_staff_id=?,risk_category=?,rubella_immunity=?,smoking_cessation_date=?,smoking_status=?,specialist_referral_reason=?,substance_use=?,substance_use_details=?,support_system=?,surgical_history=?,tdap_vaccination=?,tdap_vaccination_date=?,term_births=?,thyroid_disorder=?,travel_history=?,ultrasound_confirmation_date=?,update_reason=?,updated_at=?,varicella_immunity=?,version_number=?,zika_risk_exposure=? where id=?
    Hibernate: select mh1_0.id,mh1_0.abortions,mh1_0.additional_notes,mh1_0.adequate_housing,mh1_0.alcohol_use,mh1_0.alcohol_use_details,mh1_0.allergies,mh1_0.anxiety_present,mh1_0.autoimmune_disorder,mh1_0.caffeine_intake_daily,mh1_0.calculated_risk_score,mh1_0.cardiac_disease,mh1_0.chronic_conditions,mh1_0.cigarettes_per_day,mh1_0.clinical_notes,mh1_0.complications_details,mh1_0.contraception_method_prior,mh1_0.covid19_vaccination,mh1_0.created_at,mh1_0.current_medications,mh1_0.data_complete,mh1_0.depression_screening_score,mh1_0.diabetes,mh1_0.diet_description,mh1_0.diet_type,mh1_0.domestic_violence_concerns,mh1_0.domestic_violence_details,mh1_0.domestic_violence_screening,mh1_0.drug_allergies,mh1_0.eclampsia_history,mh1_0.environmental_exposures,mh1_0.estimated_due_date,mh1_0.estimated_due_date_by_ultrasound,mh1_0.exercise_details,mh1_0.exercise_frequency,mh1_0.family_diabetes,mh1_0.family_genetic_disorders,mh1_0.family_history_details,mh1_0.family_hypertension,mh1_0.family_medical_history,mh1_0.family_pregnancy_complications,mh1_0.family_twin_history,mh1_0.fetal_anomaly_history,mh1_0.financial_concerns,mh1_0.flu_vaccination_current_season,mh1_0.flu_vaccination_date,mh1_0.folic_acid_supplementation,mh1_0.food_security,mh1_0.gestational_diabetes_history,mh1_0.gravida,mh1_0.hellp_syndrome_history,mh1_0.hepatitis_b_vaccination,mh1_0.hospital_id,mh1_0.hypertension,mh1_0.identified_risk_factors,mh1_0.immunization_notes,mh1_0.last_menstrual_period,mh1_0.latex_allergy,mh1_0.living_children,mh1_0.menstrual_cycle_length_days,mh1_0.menstrual_cycle_regularity,mh1_0.mental_health_conditions,mh1_0.mental_health_screening_completed,mh1_0.occupational_hazards,mh1_0.occupational_hazards_details,mh1_0.para,mh1_0.patient_id,mh1_0.pet_exposure,mh1_0.placenta_previa_history,mh1_0.placental_abruption_history,mh1_0.postpartum_hemorrhage_history,mh1_0.preeclampsia_history,mh1_0.prenatal_vitamins_start_date,mh1_0.prenatal_vitamins_started,mh1_0.preterm_births,mh1_0.preterm_labor_history,mh1_0.previous_abdominal_surgery,mh1_0.previous_cesarean_sections,mh1_0.previous_pregnancy_complications,mh1_0.previous_pregnancy_outcomes,mh1_0.previous_uterine_surgery,mh1_0.psychosocial_notes,mh1_0.recorded_by_staff_id,mh1_0.recorded_date,mh1_0.recreational_drug_use,mh1_0.renal_disease,mh1_0.requires_specialist_referral,mh1_0.review_timestamp,mh1_0.reviewed_by_provider,mh1_0.reviewed_by_staff_id,mh1_0.risk_category,mh1_0.rubella_immunity,mh1_0.smoking_cessation_date,mh1_0.smoking_status,mh1_0.specialist_referral_reason,mh1_0.substance_use,mh1_0.substance_use_details,mh1_0.support_system,mh1_0.surgical_history,mh1_0.tdap_vaccination,mh1_0.tdap_vaccination_date,mh1_0.term_births,mh1_0.thyroid_disorder,mh1_0.travel_history,mh1_0.ultrasound_confirmation_date,mh1_0.update_reason,mh1_0.updated_at,mh1_0.varicella_immunity,mh1_0.version_number,mh1_0.zika_risk_exposure from clinical.maternal_history mh1_0 where mh1_0.hospital_id=? and (mh1_0.diabetes=true or mh1_0.hypertension=true or mh1_0.thyroid_disorder=true or mh1_0.cardiac_disease=true or mh1_0.renal_disease=true or mh1_0.autoimmune_disorder=true) order by mh1_0.recorded_date desc fetch first ? rows only

MaternalHistoryRepositoryTest > findWithChronicConditions_shouldReturnPatientsWithConditions() PASSED

MaternalHistoryRepositoryTest > countHighRiskByHospital_shouldCountHighRiskCases() STANDARD_OUT
    Hibernate: insert into hospital.hospitals (active,address,city,code,country,created_at,email,license_number,name,organization_id,hospital_data_steward,hospital_owner_contact_email,hospital_owner_team,hospital_service_level,phone_number,hospital_billing_system,hospital_ehr_system,hospital_integration_notes,hospital_inventory_system,po_box,province,region,sector,state,updated_at,website,zip_code,id) values (?,?,?,?,?,?,?,?,?,?,?,?,?,?,?,?,?,?,?,?,?,?,?,?,?,?,?,?)
    Hibernate: insert into security.users (activation_token,activation_token_expires_at,created_at,email,first_name,force_password_change,is_active,is_deleted,last_login_at,last_name,password_changed_at,password_hash,password_rotation_forced_at,password_rotation_warning_at,phone_number,profile_image_url,updated_at,username,id) values (?,?,?,?,?,?,?,?,?,?,?,?,?,?,?,?,?,?,?)
    Hibernate: insert into clinical.patients (is_active,address,address_line1,address_line2,allergies,blood_type,care_team_notes,chronic_conditions,city,country,created_at,date_of_birth,department_id,email,emergency_contact_name,emergency_contact_phone,emergency_contact_relationship,first_name,gender,hospital_id,last_name,medical_history_summary,middle_name,organization_id,phone_number_primary,phone_number_secondary,preferred_pharmacy,state,updated_at,user_id,zip_code,id) values (?,?,?,?,?,?,?,?,?,?,?,?,?,?,?,?,?,?,?,?,?,?,?,?,?,?,?,?,?,?,?,?)
    Hibernate: insert into security.users (activation_token,activation_token_expires_at,created_at,email,first_name,force_password_change,is_active,is_deleted,last_login_at,last_name,password_changed_at,password_hash,password_rotation_forced_at,password_rotation_warning_at,phone_number,profile_image_url,updated_at,username,id) values (?,?,?,?,?,?,?,?,?,?,?,?,?,?,?,?,?,?,?)
    Hibernate: insert into security.roles (code,created_at,description,name,updated_at,id) values (?,?,?,?,?,?)
    Hibernate: insert into security.user_roles (role_id,user_id) values (?,?)
    Hibernate: insert into security.user_role_hospital_assignment (is_active,assigned_at,assignment_code,confirmation_code,confirmation_sent_at,confirmation_verified_at,created_at,description,hospital_id,registered_by_user_id,role_id,start_date,temp_plain_password,updated_at,user_id,id) values (?,?,?,?,?,?,?,?,?,?,?,?,?,?,?,?)
    Hibernate: insert into hospital.staff (active,assignment_id,created_at,department_id,employment_type,end_date,hospital_id,job_title,license_number,name,npi,signature_captured_at,signature_certificate_id,signature_public_key,signature_revoked_at,specialization,start_date,updated_at,user_id,id) values (?,?,?,?,?,?,?,?,?,?,?,?,?,?,?,?,?,?,?,?)
    Hibernate: insert into clinical.maternal_history (abortions,additional_notes,adequate_housing,alcohol_use,alcohol_use_details,allergies,anxiety_present,autoimmune_disorder,caffeine_intake_daily,calculated_risk_score,cardiac_disease,chronic_conditions,cigarettes_per_day,clinical_notes,complications_details,contraception_method_prior,covid19_vaccination,created_at,current_medications,data_complete,depression_screening_score,diabetes,diet_description,diet_type,domestic_violence_concerns,domestic_violence_details,domestic_violence_screening,drug_allergies,eclampsia_history,environmental_exposures,estimated_due_date,estimated_due_date_by_ultrasound,exercise_details,exercise_frequency,family_diabetes,family_genetic_disorders,family_history_details,family_hypertension,family_medical_history,family_pregnancy_complications,family_twin_history,fetal_anomaly_history,financial_concerns,flu_vaccination_current_season,flu_vaccination_date,folic_acid_supplementation,food_security,gestational_diabetes_history,gravida,hellp_syndrome_history,hepatitis_b_vaccination,hospital_id,hypertension,identified_risk_factors,immunization_notes,last_menstrual_period,latex_allergy,living_children,menstrual_cycle_length_days,menstrual_cycle_regularity,mental_health_conditions,mental_health_screening_completed,occupational_hazards,occupational_hazards_details,para,patient_id,pet_exposure,placenta_previa_history,placental_abruption_history,postpartum_hemorrhage_history,preeclampsia_history,prenatal_vitamins_start_date,prenatal_vitamins_started,preterm_births,preterm_labor_history,previous_abdominal_surgery,previous_cesarean_sections,previous_pregnancy_complications,previous_pregnancy_outcomes,previous_uterine_surgery,psychosocial_notes,recorded_by_staff_id,recorded_date,recreational_drug_use,renal_disease,requires_specialist_referral,review_timestamp,reviewed_by_provider,reviewed_by_staff_id,risk_category,rubella_immunity,smoking_cessation_date,smoking_status,specialist_referral_reason,substance_use,substance_use_details,support_system,surgical_history,tdap_vaccination,tdap_vaccination_date,term_births,thyroid_disorder,travel_history,ultrasound_confirmation_date,update_reason,updated_at,varicella_immunity,version_number,zika_risk_exposure,id) values (?,?,?,?,?,?,?,?,?,?,?,?,?,?,?,?,?,?,?,?,?,?,?,?,?,?,?,?,?,?,?,?,?,?,?,?,?,?,?,?,?,?,?,?,?,?,?,?,?,?,?,?,?,?,?,?,?,?,?,?,?,?,?,?,?,?,?,?,?,?,?,?,?,?,?,?,?,?,?,?,?,?,?,?,?,?,?,?,?,?,?,?,?,?,?,?,?,?,?,?,?,?,?,?,?,?,?,?,?,?)
    Hibernate: insert into clinical.maternal_history (abortions,additional_notes,adequate_housing,alcohol_use,alcohol_use_details,allergies,anxiety_present,autoimmune_disorder,caffeine_intake_daily,calculated_risk_score,cardiac_disease,chronic_conditions,cigarettes_per_day,clinical_notes,complications_details,contraception_method_prior,covid19_vaccination,created_at,current_medications,data_complete,depression_screening_score,diabetes,diet_description,diet_type,domestic_violence_concerns,domestic_violence_details,domestic_violence_screening,drug_allergies,eclampsia_history,environmental_exposures,estimated_due_date,estimated_due_date_by_ultrasound,exercise_details,exercise_frequency,family_diabetes,family_genetic_disorders,family_history_details,family_hypertension,family_medical_history,family_pregnancy_complications,family_twin_history,fetal_anomaly_history,financial_concerns,flu_vaccination_current_season,flu_vaccination_date,folic_acid_supplementation,food_security,gestational_diabetes_history,gravida,hellp_syndrome_history,hepatitis_b_vaccination,hospital_id,hypertension,identified_risk_factors,immunization_notes,last_menstrual_period,latex_allergy,living_children,menstrual_cycle_length_days,menstrual_cycle_regularity,mental_health_conditions,mental_health_screening_completed,occupational_hazards,occupational_hazards_details,para,patient_id,pet_exposure,placenta_previa_history,placental_abruption_history,postpartum_hemorrhage_history,preeclampsia_history,prenatal_vitamins_start_date,prenatal_vitamins_started,preterm_births,preterm_labor_history,previous_abdominal_surgery,previous_cesarean_sections,previous_pregnancy_complications,previous_pregnancy_outcomes,previous_uterine_surgery,psychosocial_notes,recorded_by_staff_id,recorded_date,recreational_drug_use,renal_disease,requires_specialist_referral,review_timestamp,reviewed_by_provider,reviewed_by_staff_id,risk_category,rubella_immunity,smoking_cessation_date,smoking_status,specialist_referral_reason,substance_use,substance_use_details,support_system,surgical_history,tdap_vaccination,tdap_vaccination_date,term_births,thyroid_disorder,travel_history,ultrasound_confirmation_date,update_reason,updated_at,varicella_immunity,version_number,zika_risk_exposure,id) values (?,?,?,?,?,?,?,?,?,?,?,?,?,?,?,?,?,?,?,?,?,?,?,?,?,?,?,?,?,?,?,?,?,?,?,?,?,?,?,?,?,?,?,?,?,?,?,?,?,?,?,?,?,?,?,?,?,?,?,?,?,?,?,?,?,?,?,?,?,?,?,?,?,?,?,?,?,?,?,?,?,?,?,?,?,?,?,?,?,?,?,?,?,?,?,?,?,?,?,?,?,?,?,?,?,?,?,?,?,?)
    Hibernate: update clinical.maternal_history set abortions=?,additional_notes=?,adequate_housing=?,alcohol_use=?,alcohol_use_details=?,allergies=?,anxiety_present=?,autoimmune_disorder=?,caffeine_intake_daily=?,calculated_risk_score=?,cardiac_disease=?,chronic_conditions=?,cigarettes_per_day=?,clinical_notes=?,complications_details=?,contraception_method_prior=?,covid19_vaccination=?,current_medications=?,data_complete=?,depression_screening_score=?,diabetes=?,diet_description=?,diet_type=?,domestic_violence_concerns=?,domestic_violence_details=?,domestic_violence_screening=?,drug_allergies=?,eclampsia_history=?,environmental_exposures=?,estimated_due_date=?,estimated_due_date_by_ultrasound=?,exercise_details=?,exercise_frequency=?,family_diabetes=?,family_genetic_disorders=?,family_history_details=?,family_hypertension=?,family_medical_history=?,family_pregnancy_complications=?,family_twin_history=?,fetal_anomaly_history=?,financial_concerns=?,flu_vaccination_current_season=?,flu_vaccination_date=?,folic_acid_supplementation=?,food_security=?,gestational_diabetes_history=?,gravida=?,hellp_syndrome_history=?,hepatitis_b_vaccination=?,hospital_id=?,hypertension=?,identified_risk_factors=?,immunization_notes=?,last_menstrual_period=?,latex_allergy=?,living_children=?,menstrual_cycle_length_days=?,menstrual_cycle_regularity=?,mental_health_conditions=?,mental_health_screening_completed=?,occupational_hazards=?,occupational_hazards_details=?,para=?,patient_id=?,pet_exposure=?,placenta_previa_history=?,placental_abruption_history=?,postpartum_hemorrhage_history=?,preeclampsia_history=?,prenatal_vitamins_start_date=?,prenatal_vitamins_started=?,preterm_births=?,preterm_labor_history=?,previous_abdominal_surgery=?,previous_cesarean_sections=?,previous_pregnancy_complications=?,previous_pregnancy_outcomes=?,previous_uterine_surgery=?,psychosocial_notes=?,recorded_by_staff_id=?,recorded_date=?,recreational_drug_use=?,renal_disease=?,requires_specialist_referral=?,review_timestamp=?,reviewed_by_provider=?,reviewed_by_staff_id=?,risk_category=?,rubella_immunity=?,smoking_cessation_date=?,smoking_status=?,specialist_referral_reason=?,substance_use=?,substance_use_details=?,support_system=?,surgical_history=?,tdap_vaccination=?,tdap_vaccination_date=?,term_births=?,thyroid_disorder=?,travel_history=?,ultrasound_confirmation_date=?,update_reason=?,updated_at=?,varicella_immunity=?,version_number=?,zika_risk_exposure=? where id=?
    Hibernate: select count(mh1_0.id) from clinical.maternal_history mh1_0 where mh1_0.hospital_id=? and (mh1_0.risk_category='HIGH' or mh1_0.gestational_diabetes_history=true or mh1_0.preeclampsia_history=true or mh1_0.eclampsia_history=true or mh1_0.hellp_syndrome_history=true or mh1_0.preterm_labor_history=true or mh1_0.postpartum_hemorrhage_history=true or mh1_0.placenta_previa_history=true or mh1_0.placental_abruption_history=true)

MaternalHistoryRepositoryTest > countHighRiskByHospital_shouldCountHighRiskCases() PASSED

MaternalHistoryRepositoryTest > findCurrentByPatientId_shouldReturnLatestVersion() STANDARD_OUT
    Hibernate: insert into hospital.hospitals (active,address,city,code,country,created_at,email,license_number,name,organization_id,hospital_data_steward,hospital_owner_contact_email,hospital_owner_team,hospital_service_level,phone_number,hospital_billing_system,hospital_ehr_system,hospital_integration_notes,hospital_inventory_system,po_box,province,region,sector,state,updated_at,website,zip_code,id) values (?,?,?,?,?,?,?,?,?,?,?,?,?,?,?,?,?,?,?,?,?,?,?,?,?,?,?,?)
    Hibernate: insert into security.users (activation_token,activation_token_expires_at,created_at,email,first_name,force_password_change,is_active,is_deleted,last_login_at,last_name,password_changed_at,password_hash,password_rotation_forced_at,password_rotation_warning_at,phone_number,profile_image_url,updated_at,username,id) values (?,?,?,?,?,?,?,?,?,?,?,?,?,?,?,?,?,?,?)
    Hibernate: insert into clinical.patients (is_active,address,address_line1,address_line2,allergies,blood_type,care_team_notes,chronic_conditions,city,country,created_at,date_of_birth,department_id,email,emergency_contact_name,emergency_contact_phone,emergency_contact_relationship,first_name,gender,hospital_id,last_name,medical_history_summary,middle_name,organization_id,phone_number_primary,phone_number_secondary,preferred_pharmacy,state,updated_at,user_id,zip_code,id) values (?,?,?,?,?,?,?,?,?,?,?,?,?,?,?,?,?,?,?,?,?,?,?,?,?,?,?,?,?,?,?,?)
    Hibernate: insert into security.users (activation_token,activation_token_expires_at,created_at,email,first_name,force_password_change,is_active,is_deleted,last_login_at,last_name,password_changed_at,password_hash,password_rotation_forced_at,password_rotation_warning_at,phone_number,profile_image_url,updated_at,username,id) values (?,?,?,?,?,?,?,?,?,?,?,?,?,?,?,?,?,?,?)
    Hibernate: insert into security.roles (code,created_at,description,name,updated_at,id) values (?,?,?,?,?,?)
    Hibernate: insert into security.user_roles (role_id,user_id) values (?,?)
    Hibernate: insert into security.user_role_hospital_assignment (is_active,assigned_at,assignment_code,confirmation_code,confirmation_sent_at,confirmation_verified_at,created_at,description,hospital_id,registered_by_user_id,role_id,start_date,temp_plain_password,updated_at,user_id,id) values (?,?,?,?,?,?,?,?,?,?,?,?,?,?,?,?)
    Hibernate: insert into hospital.staff (active,assignment_id,created_at,department_id,employment_type,end_date,hospital_id,job_title,license_number,name,npi,signature_captured_at,signature_certificate_id,signature_public_key,signature_revoked_at,specialization,start_date,updated_at,user_id,id) values (?,?,?,?,?,?,?,?,?,?,?,?,?,?,?,?,?,?,?,?)
    Hibernate: insert into clinical.maternal_history (abortions,additional_notes,adequate_housing,alcohol_use,alcohol_use_details,allergies,anxiety_present,autoimmune_disorder,caffeine_intake_daily,calculated_risk_score,cardiac_disease,chronic_conditions,cigarettes_per_day,clinical_notes,complications_details,contraception_method_prior,covid19_vaccination,created_at,current_medications,data_complete,depression_screening_score,diabetes,diet_description,diet_type,domestic_violence_concerns,domestic_violence_details,domestic_violence_screening,drug_allergies,eclampsia_history,environmental_exposures,estimated_due_date,estimated_due_date_by_ultrasound,exercise_details,exercise_frequency,family_diabetes,family_genetic_disorders,family_history_details,family_hypertension,family_medical_history,family_pregnancy_complications,family_twin_history,fetal_anomaly_history,financial_concerns,flu_vaccination_current_season,flu_vaccination_date,folic_acid_supplementation,food_security,gestational_diabetes_history,gravida,hellp_syndrome_history,hepatitis_b_vaccination,hospital_id,hypertension,identified_risk_factors,immunization_notes,last_menstrual_period,latex_allergy,living_children,menstrual_cycle_length_days,menstrual_cycle_regularity,mental_health_conditions,mental_health_screening_completed,occupational_hazards,occupational_hazards_details,para,patient_id,pet_exposure,placenta_previa_history,placental_abruption_history,postpartum_hemorrhage_history,preeclampsia_history,prenatal_vitamins_start_date,prenatal_vitamins_started,preterm_births,preterm_labor_history,previous_abdominal_surgery,previous_cesarean_sections,previous_pregnancy_complications,previous_pregnancy_outcomes,previous_uterine_surgery,psychosocial_notes,recorded_by_staff_id,recorded_date,recreational_drug_use,renal_disease,requires_specialist_referral,review_timestamp,reviewed_by_provider,reviewed_by_staff_id,risk_category,rubella_immunity,smoking_cessation_date,smoking_status,specialist_referral_reason,substance_use,substance_use_details,support_system,surgical_history,tdap_vaccination,tdap_vaccination_date,term_births,thyroid_disorder,travel_history,ultrasound_confirmation_date,update_reason,updated_at,varicella_immunity,version_number,zika_risk_exposure,id) values (?,?,?,?,?,?,?,?,?,?,?,?,?,?,?,?,?,?,?,?,?,?,?,?,?,?,?,?,?,?,?,?,?,?,?,?,?,?,?,?,?,?,?,?,?,?,?,?,?,?,?,?,?,?,?,?,?,?,?,?,?,?,?,?,?,?,?,?,?,?,?,?,?,?,?,?,?,?,?,?,?,?,?,?,?,?,?,?,?,?,?,?,?,?,?,?,?,?,?,?,?,?,?,?,?,?,?,?,?,?)
    Hibernate: insert into clinical.maternal_history (abortions,additional_notes,adequate_housing,alcohol_use,alcohol_use_details,allergies,anxiety_present,autoimmune_disorder,caffeine_intake_daily,calculated_risk_score,cardiac_disease,chronic_conditions,cigarettes_per_day,clinical_notes,complications_details,contraception_method_prior,covid19_vaccination,created_at,current_medications,data_complete,depression_screening_score,diabetes,diet_description,diet_type,domestic_violence_concerns,domestic_violence_details,domestic_violence_screening,drug_allergies,eclampsia_history,environmental_exposures,estimated_due_date,estimated_due_date_by_ultrasound,exercise_details,exercise_frequency,family_diabetes,family_genetic_disorders,family_history_details,family_hypertension,family_medical_history,family_pregnancy_complications,family_twin_history,fetal_anomaly_history,financial_concerns,flu_vaccination_current_season,flu_vaccination_date,folic_acid_supplementation,food_security,gestational_diabetes_history,gravida,hellp_syndrome_history,hepatitis_b_vaccination,hospital_id,hypertension,identified_risk_factors,immunization_notes,last_menstrual_period,latex_allergy,living_children,menstrual_cycle_length_days,menstrual_cycle_regularity,mental_health_conditions,mental_health_screening_completed,occupational_hazards,occupational_hazards_details,para,patient_id,pet_exposure,placenta_previa_history,placental_abruption_history,postpartum_hemorrhage_history,preeclampsia_history,prenatal_vitamins_start_date,prenatal_vitamins_started,preterm_births,preterm_labor_history,previous_abdominal_surgery,previous_cesarean_sections,previous_pregnancy_complications,previous_pregnancy_outcomes,previous_uterine_surgery,psychosocial_notes,recorded_by_staff_id,recorded_date,recreational_drug_use,renal_disease,requires_specialist_referral,review_timestamp,reviewed_by_provider,reviewed_by_staff_id,risk_category,rubella_immunity,smoking_cessation_date,smoking_status,specialist_referral_reason,substance_use,substance_use_details,support_system,surgical_history,tdap_vaccination,tdap_vaccination_date,term_births,thyroid_disorder,travel_history,ultrasound_confirmation_date,update_reason,updated_at,varicella_immunity,version_number,zika_risk_exposure,id) values (?,?,?,?,?,?,?,?,?,?,?,?,?,?,?,?,?,?,?,?,?,?,?,?,?,?,?,?,?,?,?,?,?,?,?,?,?,?,?,?,?,?,?,?,?,?,?,?,?,?,?,?,?,?,?,?,?,?,?,?,?,?,?,?,?,?,?,?,?,?,?,?,?,?,?,?,?,?,?,?,?,?,?,?,?,?,?,?,?,?,?,?,?,?,?,?,?,?,?,?,?,?,?,?,?,?,?,?,?,?)
    Hibernate: select mh1_0.id,mh1_0.abortions,mh1_0.additional_notes,mh1_0.adequate_housing,mh1_0.alcohol_use,mh1_0.alcohol_use_details,mh1_0.allergies,mh1_0.anxiety_present,mh1_0.autoimmune_disorder,mh1_0.caffeine_intake_daily,mh1_0.calculated_risk_score,mh1_0.cardiac_disease,mh1_0.chronic_conditions,mh1_0.cigarettes_per_day,mh1_0.clinical_notes,mh1_0.complications_details,mh1_0.contraception_method_prior,mh1_0.covid19_vaccination,mh1_0.created_at,mh1_0.current_medications,mh1_0.data_complete,mh1_0.depression_screening_score,mh1_0.diabetes,mh1_0.diet_description,mh1_0.diet_type,mh1_0.domestic_violence_concerns,mh1_0.domestic_violence_details,mh1_0.domestic_violence_screening,mh1_0.drug_allergies,mh1_0.eclampsia_history,mh1_0.environmental_exposures,mh1_0.estimated_due_date,mh1_0.estimated_due_date_by_ultrasound,mh1_0.exercise_details,mh1_0.exercise_frequency,mh1_0.family_diabetes,mh1_0.family_genetic_disorders,mh1_0.family_history_details,mh1_0.family_hypertension,mh1_0.family_medical_history,mh1_0.family_pregnancy_complications,mh1_0.family_twin_history,mh1_0.fetal_anomaly_history,mh1_0.financial_concerns,mh1_0.flu_vaccination_current_season,mh1_0.flu_vaccination_date,mh1_0.folic_acid_supplementation,mh1_0.food_security,mh1_0.gestational_diabetes_history,mh1_0.gravida,mh1_0.hellp_syndrome_history,mh1_0.hepatitis_b_vaccination,mh1_0.hospital_id,mh1_0.hypertension,mh1_0.identified_risk_factors,mh1_0.immunization_notes,mh1_0.last_menstrual_period,mh1_0.latex_allergy,mh1_0.living_children,mh1_0.menstrual_cycle_length_days,mh1_0.menstrual_cycle_regularity,mh1_0.mental_health_conditions,mh1_0.mental_health_screening_completed,mh1_0.occupational_hazards,mh1_0.occupational_hazards_details,mh1_0.para,mh1_0.patient_id,mh1_0.pet_exposure,mh1_0.placenta_previa_history,mh1_0.placental_abruption_history,mh1_0.postpartum_hemorrhage_history,mh1_0.preeclampsia_history,mh1_0.prenatal_vitamins_start_date,mh1_0.prenatal_vitamins_started,mh1_0.preterm_births,mh1_0.preterm_labor_history,mh1_0.previous_abdominal_surgery,mh1_0.previous_cesarean_sections,mh1_0.previous_pregnancy_complications,mh1_0.previous_pregnancy_outcomes,mh1_0.previous_uterine_surgery,mh1_0.psychosocial_notes,mh1_0.recorded_by_staff_id,mh1_0.recorded_date,mh1_0.recreational_drug_use,mh1_0.renal_disease,mh1_0.requires_specialist_referral,mh1_0.review_timestamp,mh1_0.reviewed_by_provider,mh1_0.reviewed_by_staff_id,mh1_0.risk_category,mh1_0.rubella_immunity,mh1_0.smoking_cessation_date,mh1_0.smoking_status,mh1_0.specialist_referral_reason,mh1_0.substance_use,mh1_0.substance_use_details,mh1_0.support_system,mh1_0.surgical_history,mh1_0.tdap_vaccination,mh1_0.tdap_vaccination_date,mh1_0.term_births,mh1_0.thyroid_disorder,mh1_0.travel_history,mh1_0.ultrasound_confirmation_date,mh1_0.update_reason,mh1_0.updated_at,mh1_0.varicella_immunity,mh1_0.version_number,mh1_0.zika_risk_exposure from clinical.maternal_history mh1_0 where mh1_0.patient_id=? order by mh1_0.version_number desc,mh1_0.recorded_date desc fetch first ? rows only

MaternalHistoryRepositoryTest > findCurrentByPatientId_shouldReturnLatestVersion() PASSED

MaternalHistoryRepositoryTest > findByHospitalIdOrderByRecordedDateDesc_shouldReturnPaginatedResults() STANDARD_OUT
    Hibernate: insert into hospital.hospitals (active,address,city,code,country,created_at,email,license_number,name,organization_id,hospital_data_steward,hospital_owner_contact_email,hospital_owner_team,hospital_service_level,phone_number,hospital_billing_system,hospital_ehr_system,hospital_integration_notes,hospital_inventory_system,po_box,province,region,sector,state,updated_at,website,zip_code,id) values (?,?,?,?,?,?,?,?,?,?,?,?,?,?,?,?,?,?,?,?,?,?,?,?,?,?,?,?)
    Hibernate: insert into security.users (activation_token,activation_token_expires_at,created_at,email,first_name,force_password_change,is_active,is_deleted,last_login_at,last_name,password_changed_at,password_hash,password_rotation_forced_at,password_rotation_warning_at,phone_number,profile_image_url,updated_at,username,id) values (?,?,?,?,?,?,?,?,?,?,?,?,?,?,?,?,?,?,?)
    Hibernate: insert into clinical.patients (is_active,address,address_line1,address_line2,allergies,blood_type,care_team_notes,chronic_conditions,city,country,created_at,date_of_birth,department_id,email,emergency_contact_name,emergency_contact_phone,emergency_contact_relationship,first_name,gender,hospital_id,last_name,medical_history_summary,middle_name,organization_id,phone_number_primary,phone_number_secondary,preferred_pharmacy,state,updated_at,user_id,zip_code,id) values (?,?,?,?,?,?,?,?,?,?,?,?,?,?,?,?,?,?,?,?,?,?,?,?,?,?,?,?,?,?,?,?)
    Hibernate: insert into security.users (activation_token,activation_token_expires_at,created_at,email,first_name,force_password_change,is_active,is_deleted,last_login_at,last_name,password_changed_at,password_hash,password_rotation_forced_at,password_rotation_warning_at,phone_number,profile_image_url,updated_at,username,id) values (?,?,?,?,?,?,?,?,?,?,?,?,?,?,?,?,?,?,?)
    Hibernate: insert into security.roles (code,created_at,description,name,updated_at,id) values (?,?,?,?,?,?)
    Hibernate: insert into security.user_roles (role_id,user_id) values (?,?)
    Hibernate: insert into security.user_role_hospital_assignment (is_active,assigned_at,assignment_code,confirmation_code,confirmation_sent_at,confirmation_verified_at,created_at,description,hospital_id,registered_by_user_id,role_id,start_date,temp_plain_password,updated_at,user_id,id) values (?,?,?,?,?,?,?,?,?,?,?,?,?,?,?,?)
    Hibernate: insert into hospital.staff (active,assignment_id,created_at,department_id,employment_type,end_date,hospital_id,job_title,license_number,name,npi,signature_captured_at,signature_certificate_id,signature_public_key,signature_revoked_at,specialization,start_date,updated_at,user_id,id) values (?,?,?,?,?,?,?,?,?,?,?,?,?,?,?,?,?,?,?,?)
    Hibernate: insert into clinical.maternal_history (abortions,additional_notes,adequate_housing,alcohol_use,alcohol_use_details,allergies,anxiety_present,autoimmune_disorder,caffeine_intake_daily,calculated_risk_score,cardiac_disease,chronic_conditions,cigarettes_per_day,clinical_notes,complications_details,contraception_method_prior,covid19_vaccination,created_at,current_medications,data_complete,depression_screening_score,diabetes,diet_description,diet_type,domestic_violence_concerns,domestic_violence_details,domestic_violence_screening,drug_allergies,eclampsia_history,environmental_exposures,estimated_due_date,estimated_due_date_by_ultrasound,exercise_details,exercise_frequency,family_diabetes,family_genetic_disorders,family_history_details,family_hypertension,family_medical_history,family_pregnancy_complications,family_twin_history,fetal_anomaly_history,financial_concerns,flu_vaccination_current_season,flu_vaccination_date,folic_acid_supplementation,food_security,gestational_diabetes_history,gravida,hellp_syndrome_history,hepatitis_b_vaccination,hospital_id,hypertension,identified_risk_factors,immunization_notes,last_menstrual_period,latex_allergy,living_children,menstrual_cycle_length_days,menstrual_cycle_regularity,mental_health_conditions,mental_health_screening_completed,occupational_hazards,occupational_hazards_details,para,patient_id,pet_exposure,placenta_previa_history,placental_abruption_history,postpartum_hemorrhage_history,preeclampsia_history,prenatal_vitamins_start_date,prenatal_vitamins_started,preterm_births,preterm_labor_history,previous_abdominal_surgery,previous_cesarean_sections,previous_pregnancy_complications,previous_pregnancy_outcomes,previous_uterine_surgery,psychosocial_notes,recorded_by_staff_id,recorded_date,recreational_drug_use,renal_disease,requires_specialist_referral,review_timestamp,reviewed_by_provider,reviewed_by_staff_id,risk_category,rubella_immunity,smoking_cessation_date,smoking_status,specialist_referral_reason,substance_use,substance_use_details,support_system,surgical_history,tdap_vaccination,tdap_vaccination_date,term_births,thyroid_disorder,travel_history,ultrasound_confirmation_date,update_reason,updated_at,varicella_immunity,version_number,zika_risk_exposure,id) values (?,?,?,?,?,?,?,?,?,?,?,?,?,?,?,?,?,?,?,?,?,?,?,?,?,?,?,?,?,?,?,?,?,?,?,?,?,?,?,?,?,?,?,?,?,?,?,?,?,?,?,?,?,?,?,?,?,?,?,?,?,?,?,?,?,?,?,?,?,?,?,?,?,?,?,?,?,?,?,?,?,?,?,?,?,?,?,?,?,?,?,?,?,?,?,?,?,?,?,?,?,?,?,?,?,?,?,?,?,?)
    Hibernate: insert into clinical.maternal_history (abortions,additional_notes,adequate_housing,alcohol_use,alcohol_use_details,allergies,anxiety_present,autoimmune_disorder,caffeine_intake_daily,calculated_risk_score,cardiac_disease,chronic_conditions,cigarettes_per_day,clinical_notes,complications_details,contraception_method_prior,covid19_vaccination,created_at,current_medications,data_complete,depression_screening_score,diabetes,diet_description,diet_type,domestic_violence_concerns,domestic_violence_details,domestic_violence_screening,drug_allergies,eclampsia_history,environmental_exposures,estimated_due_date,estimated_due_date_by_ultrasound,exercise_details,exercise_frequency,family_diabetes,family_genetic_disorders,family_history_details,family_hypertension,family_medical_history,family_pregnancy_complications,family_twin_history,fetal_anomaly_history,financial_concerns,flu_vaccination_current_season,flu_vaccination_date,folic_acid_supplementation,food_security,gestational_diabetes_history,gravida,hellp_syndrome_history,hepatitis_b_vaccination,hospital_id,hypertension,identified_risk_factors,immunization_notes,last_menstrual_period,latex_allergy,living_children,menstrual_cycle_length_days,menstrual_cycle_regularity,mental_health_conditions,mental_health_screening_completed,occupational_hazards,occupational_hazards_details,para,patient_id,pet_exposure,placenta_previa_history,placental_abruption_history,postpartum_hemorrhage_history,preeclampsia_history,prenatal_vitamins_start_date,prenatal_vitamins_started,preterm_births,preterm_labor_history,previous_abdominal_surgery,previous_cesarean_sections,previous_pregnancy_complications,previous_pregnancy_outcomes,previous_uterine_surgery,psychosocial_notes,recorded_by_staff_id,recorded_date,recreational_drug_use,renal_disease,requires_specialist_referral,review_timestamp,reviewed_by_provider,reviewed_by_staff_id,risk_category,rubella_immunity,smoking_cessation_date,smoking_status,specialist_referral_reason,substance_use,substance_use_details,support_system,surgical_history,tdap_vaccination,tdap_vaccination_date,term_births,thyroid_disorder,travel_history,ultrasound_confirmation_date,update_reason,updated_at,varicella_immunity,version_number,zika_risk_exposure,id) values (?,?,?,?,?,?,?,?,?,?,?,?,?,?,?,?,?,?,?,?,?,?,?,?,?,?,?,?,?,?,?,?,?,?,?,?,?,?,?,?,?,?,?,?,?,?,?,?,?,?,?,?,?,?,?,?,?,?,?,?,?,?,?,?,?,?,?,?,?,?,?,?,?,?,?,?,?,?,?,?,?,?,?,?,?,?,?,?,?,?,?,?,?,?,?,?,?,?,?,?,?,?,?,?,?,?,?,?,?,?)
    Hibernate: select mh1_0.id,mh1_0.abortions,mh1_0.additional_notes,mh1_0.adequate_housing,mh1_0.alcohol_use,mh1_0.alcohol_use_details,mh1_0.allergies,mh1_0.anxiety_present,mh1_0.autoimmune_disorder,mh1_0.caffeine_intake_daily,mh1_0.calculated_risk_score,mh1_0.cardiac_disease,mh1_0.chronic_conditions,mh1_0.cigarettes_per_day,mh1_0.clinical_notes,mh1_0.complications_details,mh1_0.contraception_method_prior,mh1_0.covid19_vaccination,mh1_0.created_at,mh1_0.current_medications,mh1_0.data_complete,mh1_0.depression_screening_score,mh1_0.diabetes,mh1_0.diet_description,mh1_0.diet_type,mh1_0.domestic_violence_concerns,mh1_0.domestic_violence_details,mh1_0.domestic_violence_screening,mh1_0.drug_allergies,mh1_0.eclampsia_history,mh1_0.environmental_exposures,mh1_0.estimated_due_date,mh1_0.estimated_due_date_by_ultrasound,mh1_0.exercise_details,mh1_0.exercise_frequency,mh1_0.family_diabetes,mh1_0.family_genetic_disorders,mh1_0.family_history_details,mh1_0.family_hypertension,mh1_0.family_medical_history,mh1_0.family_pregnancy_complications,mh1_0.family_twin_history,mh1_0.fetal_anomaly_history,mh1_0.financial_concerns,mh1_0.flu_vaccination_current_season,mh1_0.flu_vaccination_date,mh1_0.folic_acid_supplementation,mh1_0.food_security,mh1_0.gestational_diabetes_history,mh1_0.gravida,mh1_0.hellp_syndrome_history,mh1_0.hepatitis_b_vaccination,mh1_0.hospital_id,mh1_0.hypertension,mh1_0.identified_risk_factors,mh1_0.immunization_notes,mh1_0.last_menstrual_period,mh1_0.latex_allergy,mh1_0.living_children,mh1_0.menstrual_cycle_length_days,mh1_0.menstrual_cycle_regularity,mh1_0.mental_health_conditions,mh1_0.mental_health_screening_completed,mh1_0.occupational_hazards,mh1_0.occupational_hazards_details,mh1_0.para,mh1_0.patient_id,mh1_0.pet_exposure,mh1_0.placenta_previa_history,mh1_0.placental_abruption_history,mh1_0.postpartum_hemorrhage_history,mh1_0.preeclampsia_history,mh1_0.prenatal_vitamins_start_date,mh1_0.prenatal_vitamins_started,mh1_0.preterm_births,mh1_0.preterm_labor_history,mh1_0.previous_abdominal_surgery,mh1_0.previous_cesarean_sections,mh1_0.previous_pregnancy_complications,mh1_0.previous_pregnancy_outcomes,mh1_0.previous_uterine_surgery,mh1_0.psychosocial_notes,mh1_0.recorded_by_staff_id,mh1_0.recorded_date,mh1_0.recreational_drug_use,mh1_0.renal_disease,mh1_0.requires_specialist_referral,mh1_0.review_timestamp,mh1_0.reviewed_by_provider,mh1_0.reviewed_by_staff_id,mh1_0.risk_category,mh1_0.rubella_immunity,mh1_0.smoking_cessation_date,mh1_0.smoking_status,mh1_0.specialist_referral_reason,mh1_0.substance_use,mh1_0.substance_use_details,mh1_0.support_system,mh1_0.surgical_history,mh1_0.tdap_vaccination,mh1_0.tdap_vaccination_date,mh1_0.term_births,mh1_0.thyroid_disorder,mh1_0.travel_history,mh1_0.ultrasound_confirmation_date,mh1_0.update_reason,mh1_0.updated_at,mh1_0.varicella_immunity,mh1_0.version_number,mh1_0.zika_risk_exposure from clinical.maternal_history mh1_0 where mh1_0.hospital_id=? order by mh1_0.recorded_date desc fetch first ? rows only

MaternalHistoryRepositoryTest > findByHospitalIdOrderByRecordedDateDesc_shouldReturnPaginatedResults() PASSED

MaternalHistoryRepositoryTest > findIncompleteByHospital_shouldReturnIncompleteRecords() STANDARD_OUT
    Hibernate: insert into hospital.hospitals (active,address,city,code,country,created_at,email,license_number,name,organization_id,hospital_data_steward,hospital_owner_contact_email,hospital_owner_team,hospital_service_level,phone_number,hospital_billing_system,hospital_ehr_system,hospital_integration_notes,hospital_inventory_system,po_box,province,region,sector,state,updated_at,website,zip_code,id) values (?,?,?,?,?,?,?,?,?,?,?,?,?,?,?,?,?,?,?,?,?,?,?,?,?,?,?,?)
    Hibernate: insert into security.users (activation_token,activation_token_expires_at,created_at,email,first_name,force_password_change,is_active,is_deleted,last_login_at,last_name,password_changed_at,password_hash,password_rotation_forced_at,password_rotation_warning_at,phone_number,profile_image_url,updated_at,username,id) values (?,?,?,?,?,?,?,?,?,?,?,?,?,?,?,?,?,?,?)
    Hibernate: insert into clinical.patients (is_active,address,address_line1,address_line2,allergies,blood_type,care_team_notes,chronic_conditions,city,country,created_at,date_of_birth,department_id,email,emergency_contact_name,emergency_contact_phone,emergency_contact_relationship,first_name,gender,hospital_id,last_name,medical_history_summary,middle_name,organization_id,phone_number_primary,phone_number_secondary,preferred_pharmacy,state,updated_at,user_id,zip_code,id) values (?,?,?,?,?,?,?,?,?,?,?,?,?,?,?,?,?,?,?,?,?,?,?,?,?,?,?,?,?,?,?,?)
    Hibernate: insert into security.users (activation_token,activation_token_expires_at,created_at,email,first_name,force_password_change,is_active,is_deleted,last_login_at,last_name,password_changed_at,password_hash,password_rotation_forced_at,password_rotation_warning_at,phone_number,profile_image_url,updated_at,username,id) values (?,?,?,?,?,?,?,?,?,?,?,?,?,?,?,?,?,?,?)
    Hibernate: insert into security.roles (code,created_at,description,name,updated_at,id) values (?,?,?,?,?,?)
    Hibernate: insert into security.user_roles (role_id,user_id) values (?,?)
    Hibernate: insert into security.user_role_hospital_assignment (is_active,assigned_at,assignment_code,confirmation_code,confirmation_sent_at,confirmation_verified_at,created_at,description,hospital_id,registered_by_user_id,role_id,start_date,temp_plain_password,updated_at,user_id,id) values (?,?,?,?,?,?,?,?,?,?,?,?,?,?,?,?)
    Hibernate: insert into hospital.staff (active,assignment_id,created_at,department_id,employment_type,end_date,hospital_id,job_title,license_number,name,npi,signature_captured_at,signature_certificate_id,signature_public_key,signature_revoked_at,specialization,start_date,updated_at,user_id,id) values (?,?,?,?,?,?,?,?,?,?,?,?,?,?,?,?,?,?,?,?)
    Hibernate: insert into clinical.maternal_history (abortions,additional_notes,adequate_housing,alcohol_use,alcohol_use_details,allergies,anxiety_present,autoimmune_disorder,caffeine_intake_daily,calculated_risk_score,cardiac_disease,chronic_conditions,cigarettes_per_day,clinical_notes,complications_details,contraception_method_prior,covid19_vaccination,created_at,current_medications,data_complete,depression_screening_score,diabetes,diet_description,diet_type,domestic_violence_concerns,domestic_violence_details,domestic_violence_screening,drug_allergies,eclampsia_history,environmental_exposures,estimated_due_date,estimated_due_date_by_ultrasound,exercise_details,exercise_frequency,family_diabetes,family_genetic_disorders,family_history_details,family_hypertension,family_medical_history,family_pregnancy_complications,family_twin_history,fetal_anomaly_history,financial_concerns,flu_vaccination_current_season,flu_vaccination_date,folic_acid_supplementation,food_security,gestational_diabetes_history,gravida,hellp_syndrome_history,hepatitis_b_vaccination,hospital_id,hypertension,identified_risk_factors,immunization_notes,last_menstrual_period,latex_allergy,living_children,menstrual_cycle_length_days,menstrual_cycle_regularity,mental_health_conditions,mental_health_screening_completed,occupational_hazards,occupational_hazards_details,para,patient_id,pet_exposure,placenta_previa_history,placental_abruption_history,postpartum_hemorrhage_history,preeclampsia_history,prenatal_vitamins_start_date,prenatal_vitamins_started,preterm_births,preterm_labor_history,previous_abdominal_surgery,previous_cesarean_sections,previous_pregnancy_complications,previous_pregnancy_outcomes,previous_uterine_surgery,psychosocial_notes,recorded_by_staff_id,recorded_date,recreational_drug_use,renal_disease,requires_specialist_referral,review_timestamp,reviewed_by_provider,reviewed_by_staff_id,risk_category,rubella_immunity,smoking_cessation_date,smoking_status,specialist_referral_reason,substance_use,substance_use_details,support_system,surgical_history,tdap_vaccination,tdap_vaccination_date,term_births,thyroid_disorder,travel_history,ultrasound_confirmation_date,update_reason,updated_at,varicella_immunity,version_number,zika_risk_exposure,id) values (?,?,?,?,?,?,?,?,?,?,?,?,?,?,?,?,?,?,?,?,?,?,?,?,?,?,?,?,?,?,?,?,?,?,?,?,?,?,?,?,?,?,?,?,?,?,?,?,?,?,?,?,?,?,?,?,?,?,?,?,?,?,?,?,?,?,?,?,?,?,?,?,?,?,?,?,?,?,?,?,?,?,?,?,?,?,?,?,?,?,?,?,?,?,?,?,?,?,?,?,?,?,?,?,?,?,?,?,?,?)
    Hibernate: insert into clinical.maternal_history (abortions,additional_notes,adequate_housing,alcohol_use,alcohol_use_details,allergies,anxiety_present,autoimmune_disorder,caffeine_intake_daily,calculated_risk_score,cardiac_disease,chronic_conditions,cigarettes_per_day,clinical_notes,complications_details,contraception_method_prior,covid19_vaccination,created_at,current_medications,data_complete,depression_screening_score,diabetes,diet_description,diet_type,domestic_violence_concerns,domestic_violence_details,domestic_violence_screening,drug_allergies,eclampsia_history,environmental_exposures,estimated_due_date,estimated_due_date_by_ultrasound,exercise_details,exercise_frequency,family_diabetes,family_genetic_disorders,family_history_details,family_hypertension,family_medical_history,family_pregnancy_complications,family_twin_history,fetal_anomaly_history,financial_concerns,flu_vaccination_current_season,flu_vaccination_date,folic_acid_supplementation,food_security,gestational_diabetes_history,gravida,hellp_syndrome_history,hepatitis_b_vaccination,hospital_id,hypertension,identified_risk_factors,immunization_notes,last_menstrual_period,latex_allergy,living_children,menstrual_cycle_length_days,menstrual_cycle_regularity,mental_health_conditions,mental_health_screening_completed,occupational_hazards,occupational_hazards_details,para,patient_id,pet_exposure,placenta_previa_history,placental_abruption_history,postpartum_hemorrhage_history,preeclampsia_history,prenatal_vitamins_start_date,prenatal_vitamins_started,preterm_births,preterm_labor_history,previous_abdominal_surgery,previous_cesarean_sections,previous_pregnancy_complications,previous_pregnancy_outcomes,previous_uterine_surgery,psychosocial_notes,recorded_by_staff_id,recorded_date,recreational_drug_use,renal_disease,requires_specialist_referral,review_timestamp,reviewed_by_provider,reviewed_by_staff_id,risk_category,rubella_immunity,smoking_cessation_date,smoking_status,specialist_referral_reason,substance_use,substance_use_details,support_system,surgical_history,tdap_vaccination,tdap_vaccination_date,term_births,thyroid_disorder,travel_history,ultrasound_confirmation_date,update_reason,updated_at,varicella_immunity,version_number,zika_risk_exposure,id) values (?,?,?,?,?,?,?,?,?,?,?,?,?,?,?,?,?,?,?,?,?,?,?,?,?,?,?,?,?,?,?,?,?,?,?,?,?,?,?,?,?,?,?,?,?,?,?,?,?,?,?,?,?,?,?,?,?,?,?,?,?,?,?,?,?,?,?,?,?,?,?,?,?,?,?,?,?,?,?,?,?,?,?,?,?,?,?,?,?,?,?,?,?,?,?,?,?,?,?,?,?,?,?,?,?,?,?,?,?,?)
    Hibernate: update clinical.maternal_history set abortions=?,additional_notes=?,adequate_housing=?,alcohol_use=?,alcohol_use_details=?,allergies=?,anxiety_present=?,autoimmune_disorder=?,caffeine_intake_daily=?,calculated_risk_score=?,cardiac_disease=?,chronic_conditions=?,cigarettes_per_day=?,clinical_notes=?,complications_details=?,contraception_method_prior=?,covid19_vaccination=?,current_medications=?,data_complete=?,depression_screening_score=?,diabetes=?,diet_description=?,diet_type=?,domestic_violence_concerns=?,domestic_violence_details=?,domestic_violence_screening=?,drug_allergies=?,eclampsia_history=?,environmental_exposures=?,estimated_due_date=?,estimated_due_date_by_ultrasound=?,exercise_details=?,exercise_frequency=?,family_diabetes=?,family_genetic_disorders=?,family_history_details=?,family_hypertension=?,family_medical_history=?,family_pregnancy_complications=?,family_twin_history=?,fetal_anomaly_history=?,financial_concerns=?,flu_vaccination_current_season=?,flu_vaccination_date=?,folic_acid_supplementation=?,food_security=?,gestational_diabetes_history=?,gravida=?,hellp_syndrome_history=?,hepatitis_b_vaccination=?,hospital_id=?,hypertension=?,identified_risk_factors=?,immunization_notes=?,last_menstrual_period=?,latex_allergy=?,living_children=?,menstrual_cycle_length_days=?,menstrual_cycle_regularity=?,mental_health_conditions=?,mental_health_screening_completed=?,occupational_hazards=?,occupational_hazards_details=?,para=?,patient_id=?,pet_exposure=?,placenta_previa_history=?,placental_abruption_history=?,postpartum_hemorrhage_history=?,preeclampsia_history=?,prenatal_vitamins_start_date=?,prenatal_vitamins_started=?,preterm_births=?,preterm_labor_history=?,previous_abdominal_surgery=?,previous_cesarean_sections=?,previous_pregnancy_complications=?,previous_pregnancy_outcomes=?,previous_uterine_surgery=?,psychosocial_notes=?,recorded_by_staff_id=?,recorded_date=?,recreational_drug_use=?,renal_disease=?,requires_specialist_referral=?,review_timestamp=?,reviewed_by_provider=?,reviewed_by_staff_id=?,risk_category=?,rubella_immunity=?,smoking_cessation_date=?,smoking_status=?,specialist_referral_reason=?,substance_use=?,substance_use_details=?,support_system=?,surgical_history=?,tdap_vaccination=?,tdap_vaccination_date=?,term_births=?,thyroid_disorder=?,travel_history=?,ultrasound_confirmation_date=?,update_reason=?,updated_at=?,varicella_immunity=?,version_number=?,zika_risk_exposure=? where id=?
    Hibernate: select mh1_0.id,mh1_0.abortions,mh1_0.additional_notes,mh1_0.adequate_housing,mh1_0.alcohol_use,mh1_0.alcohol_use_details,mh1_0.allergies,mh1_0.anxiety_present,mh1_0.autoimmune_disorder,mh1_0.caffeine_intake_daily,mh1_0.calculated_risk_score,mh1_0.cardiac_disease,mh1_0.chronic_conditions,mh1_0.cigarettes_per_day,mh1_0.clinical_notes,mh1_0.complications_details,mh1_0.contraception_method_prior,mh1_0.covid19_vaccination,mh1_0.created_at,mh1_0.current_medications,mh1_0.data_complete,mh1_0.depression_screening_score,mh1_0.diabetes,mh1_0.diet_description,mh1_0.diet_type,mh1_0.domestic_violence_concerns,mh1_0.domestic_violence_details,mh1_0.domestic_violence_screening,mh1_0.drug_allergies,mh1_0.eclampsia_history,mh1_0.environmental_exposures,mh1_0.estimated_due_date,mh1_0.estimated_due_date_by_ultrasound,mh1_0.exercise_details,mh1_0.exercise_frequency,mh1_0.family_diabetes,mh1_0.family_genetic_disorders,mh1_0.family_history_details,mh1_0.family_hypertension,mh1_0.family_medical_history,mh1_0.family_pregnancy_complications,mh1_0.family_twin_history,mh1_0.fetal_anomaly_history,mh1_0.financial_concerns,mh1_0.flu_vaccination_current_season,mh1_0.flu_vaccination_date,mh1_0.folic_acid_supplementation,mh1_0.food_security,mh1_0.gestational_diabetes_history,mh1_0.gravida,mh1_0.hellp_syndrome_history,mh1_0.hepatitis_b_vaccination,mh1_0.hospital_id,mh1_0.hypertension,mh1_0.identified_risk_factors,mh1_0.immunization_notes,mh1_0.last_menstrual_period,mh1_0.latex_allergy,mh1_0.living_children,mh1_0.menstrual_cycle_length_days,mh1_0.menstrual_cycle_regularity,mh1_0.mental_health_conditions,mh1_0.mental_health_screening_completed,mh1_0.occupational_hazards,mh1_0.occupational_hazards_details,mh1_0.para,mh1_0.patient_id,mh1_0.pet_exposure,mh1_0.placenta_previa_history,mh1_0.placental_abruption_history,mh1_0.postpartum_hemorrhage_history,mh1_0.preeclampsia_history,mh1_0.prenatal_vitamins_start_date,mh1_0.prenatal_vitamins_started,mh1_0.preterm_births,mh1_0.preterm_labor_history,mh1_0.previous_abdominal_surgery,mh1_0.previous_cesarean_sections,mh1_0.previous_pregnancy_complications,mh1_0.previous_pregnancy_outcomes,mh1_0.previous_uterine_surgery,mh1_0.psychosocial_notes,mh1_0.recorded_by_staff_id,mh1_0.recorded_date,mh1_0.recreational_drug_use,mh1_0.renal_disease,mh1_0.requires_specialist_referral,mh1_0.review_timestamp,mh1_0.reviewed_by_provider,mh1_0.reviewed_by_staff_id,mh1_0.risk_category,mh1_0.rubella_immunity,mh1_0.smoking_cessation_date,mh1_0.smoking_status,mh1_0.specialist_referral_reason,mh1_0.substance_use,mh1_0.substance_use_details,mh1_0.support_system,mh1_0.surgical_history,mh1_0.tdap_vaccination,mh1_0.tdap_vaccination_date,mh1_0.term_births,mh1_0.thyroid_disorder,mh1_0.travel_history,mh1_0.ultrasound_confirmation_date,mh1_0.update_reason,mh1_0.updated_at,mh1_0.varicella_immunity,mh1_0.version_number,mh1_0.zika_risk_exposure from clinical.maternal_history mh1_0 where mh1_0.hospital_id=? and mh1_0.data_complete=false order by mh1_0.recorded_date desc fetch first ? rows only

MaternalHistoryRepositoryTest > findIncompleteByHospital_shouldReturnIncompleteRecords() PASSED

MaternalHistoryRepositoryTest > findRequiringSpecialistReferral_shouldReturnCasesNeedingReferral() STANDARD_OUT
    Hibernate: insert into hospital.hospitals (active,address,city,code,country,created_at,email,license_number,name,organization_id,hospital_data_steward,hospital_owner_contact_email,hospital_owner_team,hospital_service_level,phone_number,hospital_billing_system,hospital_ehr_system,hospital_integration_notes,hospital_inventory_system,po_box,province,region,sector,state,updated_at,website,zip_code,id) values (?,?,?,?,?,?,?,?,?,?,?,?,?,?,?,?,?,?,?,?,?,?,?,?,?,?,?,?)
    Hibernate: insert into security.users (activation_token,activation_token_expires_at,created_at,email,first_name,force_password_change,is_active,is_deleted,last_login_at,last_name,password_changed_at,password_hash,password_rotation_forced_at,password_rotation_warning_at,phone_number,profile_image_url,updated_at,username,id) values (?,?,?,?,?,?,?,?,?,?,?,?,?,?,?,?,?,?,?)
    Hibernate: insert into clinical.patients (is_active,address,address_line1,address_line2,allergies,blood_type,care_team_notes,chronic_conditions,city,country,created_at,date_of_birth,department_id,email,emergency_contact_name,emergency_contact_phone,emergency_contact_relationship,first_name,gender,hospital_id,last_name,medical_history_summary,middle_name,organization_id,phone_number_primary,phone_number_secondary,preferred_pharmacy,state,updated_at,user_id,zip_code,id) values (?,?,?,?,?,?,?,?,?,?,?,?,?,?,?,?,?,?,?,?,?,?,?,?,?,?,?,?,?,?,?,?)
    Hibernate: insert into security.users (activation_token,activation_token_expires_at,created_at,email,first_name,force_password_change,is_active,is_deleted,last_login_at,last_name,password_changed_at,password_hash,password_rotation_forced_at,password_rotation_warning_at,phone_number,profile_image_url,updated_at,username,id) values (?,?,?,?,?,?,?,?,?,?,?,?,?,?,?,?,?,?,?)
    Hibernate: insert into security.roles (code,created_at,description,name,updated_at,id) values (?,?,?,?,?,?)
    Hibernate: insert into security.user_roles (role_id,user_id) values (?,?)
    Hibernate: insert into security.user_role_hospital_assignment (is_active,assigned_at,assignment_code,confirmation_code,confirmation_sent_at,confirmation_verified_at,created_at,description,hospital_id,registered_by_user_id,role_id,start_date,temp_plain_password,updated_at,user_id,id) values (?,?,?,?,?,?,?,?,?,?,?,?,?,?,?,?)
    Hibernate: insert into hospital.staff (active,assignment_id,created_at,department_id,employment_type,end_date,hospital_id,job_title,license_number,name,npi,signature_captured_at,signature_certificate_id,signature_public_key,signature_revoked_at,specialization,start_date,updated_at,user_id,id) values (?,?,?,?,?,?,?,?,?,?,?,?,?,?,?,?,?,?,?,?)
    Hibernate: insert into clinical.maternal_history (abortions,additional_notes,adequate_housing,alcohol_use,alcohol_use_details,allergies,anxiety_present,autoimmune_disorder,caffeine_intake_daily,calculated_risk_score,cardiac_disease,chronic_conditions,cigarettes_per_day,clinical_notes,complications_details,contraception_method_prior,covid19_vaccination,created_at,current_medications,data_complete,depression_screening_score,diabetes,diet_description,diet_type,domestic_violence_concerns,domestic_violence_details,domestic_violence_screening,drug_allergies,eclampsia_history,environmental_exposures,estimated_due_date,estimated_due_date_by_ultrasound,exercise_details,exercise_frequency,family_diabetes,family_genetic_disorders,family_history_details,family_hypertension,family_medical_history,family_pregnancy_complications,family_twin_history,fetal_anomaly_history,financial_concerns,flu_vaccination_current_season,flu_vaccination_date,folic_acid_supplementation,food_security,gestational_diabetes_history,gravida,hellp_syndrome_history,hepatitis_b_vaccination,hospital_id,hypertension,identified_risk_factors,immunization_notes,last_menstrual_period,latex_allergy,living_children,menstrual_cycle_length_days,menstrual_cycle_regularity,mental_health_conditions,mental_health_screening_completed,occupational_hazards,occupational_hazards_details,para,patient_id,pet_exposure,placenta_previa_history,placental_abruption_history,postpartum_hemorrhage_history,preeclampsia_history,prenatal_vitamins_start_date,prenatal_vitamins_started,preterm_births,preterm_labor_history,previous_abdominal_surgery,previous_cesarean_sections,previous_pregnancy_complications,previous_pregnancy_outcomes,previous_uterine_surgery,psychosocial_notes,recorded_by_staff_id,recorded_date,recreational_drug_use,renal_disease,requires_specialist_referral,review_timestamp,reviewed_by_provider,reviewed_by_staff_id,risk_category,rubella_immunity,smoking_cessation_date,smoking_status,specialist_referral_reason,substance_use,substance_use_details,support_system,surgical_history,tdap_vaccination,tdap_vaccination_date,term_births,thyroid_disorder,travel_history,ultrasound_confirmation_date,update_reason,updated_at,varicella_immunity,version_number,zika_risk_exposure,id) values (?,?,?,?,?,?,?,?,?,?,?,?,?,?,?,?,?,?,?,?,?,?,?,?,?,?,?,?,?,?,?,?,?,?,?,?,?,?,?,?,?,?,?,?,?,?,?,?,?,?,?,?,?,?,?,?,?,?,?,?,?,?,?,?,?,?,?,?,?,?,?,?,?,?,?,?,?,?,?,?,?,?,?,?,?,?,?,?,?,?,?,?,?,?,?,?,?,?,?,?,?,?,?,?,?,?,?,?,?,?)
    Hibernate: insert into clinical.maternal_history (abortions,additional_notes,adequate_housing,alcohol_use,alcohol_use_details,allergies,anxiety_present,autoimmune_disorder,caffeine_intake_daily,calculated_risk_score,cardiac_disease,chronic_conditions,cigarettes_per_day,clinical_notes,complications_details,contraception_method_prior,covid19_vaccination,created_at,current_medications,data_complete,depression_screening_score,diabetes,diet_description,diet_type,domestic_violence_concerns,domestic_violence_details,domestic_violence_screening,drug_allergies,eclampsia_history,environmental_exposures,estimated_due_date,estimated_due_date_by_ultrasound,exercise_details,exercise_frequency,family_diabetes,family_genetic_disorders,family_history_details,family_hypertension,family_medical_history,family_pregnancy_complications,family_twin_history,fetal_anomaly_history,financial_concerns,flu_vaccination_current_season,flu_vaccination_date,folic_acid_supplementation,food_security,gestational_diabetes_history,gravida,hellp_syndrome_history,hepatitis_b_vaccination,hospital_id,hypertension,identified_risk_factors,immunization_notes,last_menstrual_period,latex_allergy,living_children,menstrual_cycle_length_days,menstrual_cycle_regularity,mental_health_conditions,mental_health_screening_completed,occupational_hazards,occupational_hazards_details,para,patient_id,pet_exposure,placenta_previa_history,placental_abruption_history,postpartum_hemorrhage_history,preeclampsia_history,prenatal_vitamins_start_date,prenatal_vitamins_started,preterm_births,preterm_labor_history,previous_abdominal_surgery,previous_cesarean_sections,previous_pregnancy_complications,previous_pregnancy_outcomes,previous_uterine_surgery,psychosocial_notes,recorded_by_staff_id,recorded_date,recreational_drug_use,renal_disease,requires_specialist_referral,review_timestamp,reviewed_by_provider,reviewed_by_staff_id,risk_category,rubella_immunity,smoking_cessation_date,smoking_status,specialist_referral_reason,substance_use,substance_use_details,support_system,surgical_history,tdap_vaccination,tdap_vaccination_date,term_births,thyroid_disorder,travel_history,ultrasound_confirmation_date,update_reason,updated_at,varicella_immunity,version_number,zika_risk_exposure,id) values (?,?,?,?,?,?,?,?,?,?,?,?,?,?,?,?,?,?,?,?,?,?,?,?,?,?,?,?,?,?,?,?,?,?,?,?,?,?,?,?,?,?,?,?,?,?,?,?,?,?,?,?,?,?,?,?,?,?,?,?,?,?,?,?,?,?,?,?,?,?,?,?,?,?,?,?,?,?,?,?,?,?,?,?,?,?,?,?,?,?,?,?,?,?,?,?,?,?,?,?,?,?,?,?,?,?,?,?,?,?)
    Hibernate: update clinical.maternal_history set abortions=?,additional_notes=?,adequate_housing=?,alcohol_use=?,alcohol_use_details=?,allergies=?,anxiety_present=?,autoimmune_disorder=?,caffeine_intake_daily=?,calculated_risk_score=?,cardiac_disease=?,chronic_conditions=?,cigarettes_per_day=?,clinical_notes=?,complications_details=?,contraception_method_prior=?,covid19_vaccination=?,current_medications=?,data_complete=?,depression_screening_score=?,diabetes=?,diet_description=?,diet_type=?,domestic_violence_concerns=?,domestic_violence_details=?,domestic_violence_screening=?,drug_allergies=?,eclampsia_history=?,environmental_exposures=?,estimated_due_date=?,estimated_due_date_by_ultrasound=?,exercise_details=?,exercise_frequency=?,family_diabetes=?,family_genetic_disorders=?,family_history_details=?,family_hypertension=?,family_medical_history=?,family_pregnancy_complications=?,family_twin_history=?,fetal_anomaly_history=?,financial_concerns=?,flu_vaccination_current_season=?,flu_vaccination_date=?,folic_acid_supplementation=?,food_security=?,gestational_diabetes_history=?,gravida=?,hellp_syndrome_history=?,hepatitis_b_vaccination=?,hospital_id=?,hypertension=?,identified_risk_factors=?,immunization_notes=?,last_menstrual_period=?,latex_allergy=?,living_children=?,menstrual_cycle_length_days=?,menstrual_cycle_regularity=?,mental_health_conditions=?,mental_health_screening_completed=?,occupational_hazards=?,occupational_hazards_details=?,para=?,patient_id=?,pet_exposure=?,placenta_previa_history=?,placental_abruption_history=?,postpartum_hemorrhage_history=?,preeclampsia_history=?,prenatal_vitamins_start_date=?,prenatal_vitamins_started=?,preterm_births=?,preterm_labor_history=?,previous_abdominal_surgery=?,previous_cesarean_sections=?,previous_pregnancy_complications=?,previous_pregnancy_outcomes=?,previous_uterine_surgery=?,psychosocial_notes=?,recorded_by_staff_id=?,recorded_date=?,recreational_drug_use=?,renal_disease=?,requires_specialist_referral=?,review_timestamp=?,reviewed_by_provider=?,reviewed_by_staff_id=?,risk_category=?,rubella_immunity=?,smoking_cessation_date=?,smoking_status=?,specialist_referral_reason=?,substance_use=?,substance_use_details=?,support_system=?,surgical_history=?,tdap_vaccination=?,tdap_vaccination_date=?,term_births=?,thyroid_disorder=?,travel_history=?,ultrasound_confirmation_date=?,update_reason=?,updated_at=?,varicella_immunity=?,version_number=?,zika_risk_exposure=? where id=?
    Hibernate: select mh1_0.id,mh1_0.abortions,mh1_0.additional_notes,mh1_0.adequate_housing,mh1_0.alcohol_use,mh1_0.alcohol_use_details,mh1_0.allergies,mh1_0.anxiety_present,mh1_0.autoimmune_disorder,mh1_0.caffeine_intake_daily,mh1_0.calculated_risk_score,mh1_0.cardiac_disease,mh1_0.chronic_conditions,mh1_0.cigarettes_per_day,mh1_0.clinical_notes,mh1_0.complications_details,mh1_0.contraception_method_prior,mh1_0.covid19_vaccination,mh1_0.created_at,mh1_0.current_medications,mh1_0.data_complete,mh1_0.depression_screening_score,mh1_0.diabetes,mh1_0.diet_description,mh1_0.diet_type,mh1_0.domestic_violence_concerns,mh1_0.domestic_violence_details,mh1_0.domestic_violence_screening,mh1_0.drug_allergies,mh1_0.eclampsia_history,mh1_0.environmental_exposures,mh1_0.estimated_due_date,mh1_0.estimated_due_date_by_ultrasound,mh1_0.exercise_details,mh1_0.exercise_frequency,mh1_0.family_diabetes,mh1_0.family_genetic_disorders,mh1_0.family_history_details,mh1_0.family_hypertension,mh1_0.family_medical_history,mh1_0.family_pregnancy_complications,mh1_0.family_twin_history,mh1_0.fetal_anomaly_history,mh1_0.financial_concerns,mh1_0.flu_vaccination_current_season,mh1_0.flu_vaccination_date,mh1_0.folic_acid_supplementation,mh1_0.food_security,mh1_0.gestational_diabetes_history,mh1_0.gravida,mh1_0.hellp_syndrome_history,mh1_0.hepatitis_b_vaccination,mh1_0.hospital_id,mh1_0.hypertension,mh1_0.identified_risk_factors,mh1_0.immunization_notes,mh1_0.last_menstrual_period,mh1_0.latex_allergy,mh1_0.living_children,mh1_0.menstrual_cycle_length_days,mh1_0.menstrual_cycle_regularity,mh1_0.mental_health_conditions,mh1_0.mental_health_screening_completed,mh1_0.occupational_hazards,mh1_0.occupational_hazards_details,mh1_0.para,mh1_0.patient_id,mh1_0.pet_exposure,mh1_0.placenta_previa_history,mh1_0.placental_abruption_history,mh1_0.postpartum_hemorrhage_history,mh1_0.preeclampsia_history,mh1_0.prenatal_vitamins_start_date,mh1_0.prenatal_vitamins_started,mh1_0.preterm_births,mh1_0.preterm_labor_history,mh1_0.previous_abdominal_surgery,mh1_0.previous_cesarean_sections,mh1_0.previous_pregnancy_complications,mh1_0.previous_pregnancy_outcomes,mh1_0.previous_uterine_surgery,mh1_0.psychosocial_notes,mh1_0.recorded_by_staff_id,mh1_0.recorded_date,mh1_0.recreational_drug_use,mh1_0.renal_disease,mh1_0.requires_specialist_referral,mh1_0.review_timestamp,mh1_0.reviewed_by_provider,mh1_0.reviewed_by_staff_id,mh1_0.risk_category,mh1_0.rubella_immunity,mh1_0.smoking_cessation_date,mh1_0.smoking_status,mh1_0.specialist_referral_reason,mh1_0.substance_use,mh1_0.substance_use_details,mh1_0.support_system,mh1_0.surgical_history,mh1_0.tdap_vaccination,mh1_0.tdap_vaccination_date,mh1_0.term_births,mh1_0.thyroid_disorder,mh1_0.travel_history,mh1_0.ultrasound_confirmation_date,mh1_0.update_reason,mh1_0.updated_at,mh1_0.varicella_immunity,mh1_0.version_number,mh1_0.zika_risk_exposure from clinical.maternal_history mh1_0 where mh1_0.hospital_id=? and mh1_0.requires_specialist_referral=true order by mh1_0.recorded_date desc fetch first ? rows only

MaternalHistoryRepositoryTest > findRequiringSpecialistReferral_shouldReturnCasesNeedingReferral() PASSED

MaternalHistoryRepositoryTest > findByPatientIdAndDateRange_shouldFilterByDateRange() STANDARD_OUT
    Hibernate: insert into hospital.hospitals (active,address,city,code,country,created_at,email,license_number,name,organization_id,hospital_data_steward,hospital_owner_contact_email,hospital_owner_team,hospital_service_level,phone_number,hospital_billing_system,hospital_ehr_system,hospital_integration_notes,hospital_inventory_system,po_box,province,region,sector,state,updated_at,website,zip_code,id) values (?,?,?,?,?,?,?,?,?,?,?,?,?,?,?,?,?,?,?,?,?,?,?,?,?,?,?,?)
    Hibernate: insert into security.users (activation_token,activation_token_expires_at,created_at,email,first_name,force_password_change,is_active,is_deleted,last_login_at,last_name,password_changed_at,password_hash,password_rotation_forced_at,password_rotation_warning_at,phone_number,profile_image_url,updated_at,username,id) values (?,?,?,?,?,?,?,?,?,?,?,?,?,?,?,?,?,?,?)
    Hibernate: insert into clinical.patients (is_active,address,address_line1,address_line2,allergies,blood_type,care_team_notes,chronic_conditions,city,country,created_at,date_of_birth,department_id,email,emergency_contact_name,emergency_contact_phone,emergency_contact_relationship,first_name,gender,hospital_id,last_name,medical_history_summary,middle_name,organization_id,phone_number_primary,phone_number_secondary,preferred_pharmacy,state,updated_at,user_id,zip_code,id) values (?,?,?,?,?,?,?,?,?,?,?,?,?,?,?,?,?,?,?,?,?,?,?,?,?,?,?,?,?,?,?,?)
    Hibernate: insert into security.users (activation_token,activation_token_expires_at,created_at,email,first_name,force_password_change,is_active,is_deleted,last_login_at,last_name,password_changed_at,password_hash,password_rotation_forced_at,password_rotation_warning_at,phone_number,profile_image_url,updated_at,username,id) values (?,?,?,?,?,?,?,?,?,?,?,?,?,?,?,?,?,?,?)
    Hibernate: insert into security.roles (code,created_at,description,name,updated_at,id) values (?,?,?,?,?,?)
    Hibernate: insert into security.user_roles (role_id,user_id) values (?,?)
    Hibernate: insert into security.user_role_hospital_assignment (is_active,assigned_at,assignment_code,confirmation_code,confirmation_sent_at,confirmation_verified_at,created_at,description,hospital_id,registered_by_user_id,role_id,start_date,temp_plain_password,updated_at,user_id,id) values (?,?,?,?,?,?,?,?,?,?,?,?,?,?,?,?)
    Hibernate: insert into hospital.staff (active,assignment_id,created_at,department_id,employment_type,end_date,hospital_id,job_title,license_number,name,npi,signature_captured_at,signature_certificate_id,signature_public_key,signature_revoked_at,specialization,start_date,updated_at,user_id,id) values (?,?,?,?,?,?,?,?,?,?,?,?,?,?,?,?,?,?,?,?)
    Hibernate: insert into clinical.maternal_history (abortions,additional_notes,adequate_housing,alcohol_use,alcohol_use_details,allergies,anxiety_present,autoimmune_disorder,caffeine_intake_daily,calculated_risk_score,cardiac_disease,chronic_conditions,cigarettes_per_day,clinical_notes,complications_details,contraception_method_prior,covid19_vaccination,created_at,current_medications,data_complete,depression_screening_score,diabetes,diet_description,diet_type,domestic_violence_concerns,domestic_violence_details,domestic_violence_screening,drug_allergies,eclampsia_history,environmental_exposures,estimated_due_date,estimated_due_date_by_ultrasound,exercise_details,exercise_frequency,family_diabetes,family_genetic_disorders,family_history_details,family_hypertension,family_medical_history,family_pregnancy_complications,family_twin_history,fetal_anomaly_history,financial_concerns,flu_vaccination_current_season,flu_vaccination_date,folic_acid_supplementation,food_security,gestational_diabetes_history,gravida,hellp_syndrome_history,hepatitis_b_vaccination,hospital_id,hypertension,identified_risk_factors,immunization_notes,last_menstrual_period,latex_allergy,living_children,menstrual_cycle_length_days,menstrual_cycle_regularity,mental_health_conditions,mental_health_screening_completed,occupational_hazards,occupational_hazards_details,para,patient_id,pet_exposure,placenta_previa_history,placental_abruption_history,postpartum_hemorrhage_history,preeclampsia_history,prenatal_vitamins_start_date,prenatal_vitamins_started,preterm_births,preterm_labor_history,previous_abdominal_surgery,previous_cesarean_sections,previous_pregnancy_complications,previous_pregnancy_outcomes,previous_uterine_surgery,psychosocial_notes,recorded_by_staff_id,recorded_date,recreational_drug_use,renal_disease,requires_specialist_referral,review_timestamp,reviewed_by_provider,reviewed_by_staff_id,risk_category,rubella_immunity,smoking_cessation_date,smoking_status,specialist_referral_reason,substance_use,substance_use_details,support_system,surgical_history,tdap_vaccination,tdap_vaccination_date,term_births,thyroid_disorder,travel_history,ultrasound_confirmation_date,update_reason,updated_at,varicella_immunity,version_number,zika_risk_exposure,id) values (?,?,?,?,?,?,?,?,?,?,?,?,?,?,?,?,?,?,?,?,?,?,?,?,?,?,?,?,?,?,?,?,?,?,?,?,?,?,?,?,?,?,?,?,?,?,?,?,?,?,?,?,?,?,?,?,?,?,?,?,?,?,?,?,?,?,?,?,?,?,?,?,?,?,?,?,?,?,?,?,?,?,?,?,?,?,?,?,?,?,?,?,?,?,?,?,?,?,?,?,?,?,?,?,?,?,?,?,?,?)
    Hibernate: insert into clinical.maternal_history (abortions,additional_notes,adequate_housing,alcohol_use,alcohol_use_details,allergies,anxiety_present,autoimmune_disorder,caffeine_intake_daily,calculated_risk_score,cardiac_disease,chronic_conditions,cigarettes_per_day,clinical_notes,complications_details,contraception_method_prior,covid19_vaccination,created_at,current_medications,data_complete,depression_screening_score,diabetes,diet_description,diet_type,domestic_violence_concerns,domestic_violence_details,domestic_violence_screening,drug_allergies,eclampsia_history,environmental_exposures,estimated_due_date,estimated_due_date_by_ultrasound,exercise_details,exercise_frequency,family_diabetes,family_genetic_disorders,family_history_details,family_hypertension,family_medical_history,family_pregnancy_complications,family_twin_history,fetal_anomaly_history,financial_concerns,flu_vaccination_current_season,flu_vaccination_date,folic_acid_supplementation,food_security,gestational_diabetes_history,gravida,hellp_syndrome_history,hepatitis_b_vaccination,hospital_id,hypertension,identified_risk_factors,immunization_notes,last_menstrual_period,latex_allergy,living_children,menstrual_cycle_length_days,menstrual_cycle_regularity,mental_health_conditions,mental_health_screening_completed,occupational_hazards,occupational_hazards_details,para,patient_id,pet_exposure,placenta_previa_history,placental_abruption_history,postpartum_hemorrhage_history,preeclampsia_history,prenatal_vitamins_start_date,prenatal_vitamins_started,preterm_births,preterm_labor_history,previous_abdominal_surgery,previous_cesarean_sections,previous_pregnancy_complications,previous_pregnancy_outcomes,previous_uterine_surgery,psychosocial_notes,recorded_by_staff_id,recorded_date,recreational_drug_use,renal_disease,requires_specialist_referral,review_timestamp,reviewed_by_provider,reviewed_by_staff_id,risk_category,rubella_immunity,smoking_cessation_date,smoking_status,specialist_referral_reason,substance_use,substance_use_details,support_system,surgical_history,tdap_vaccination,tdap_vaccination_date,term_births,thyroid_disorder,travel_history,ultrasound_confirmation_date,update_reason,updated_at,varicella_immunity,version_number,zika_risk_exposure,id) values (?,?,?,?,?,?,?,?,?,?,?,?,?,?,?,?,?,?,?,?,?,?,?,?,?,?,?,?,?,?,?,?,?,?,?,?,?,?,?,?,?,?,?,?,?,?,?,?,?,?,?,?,?,?,?,?,?,?,?,?,?,?,?,?,?,?,?,?,?,?,?,?,?,?,?,?,?,?,?,?,?,?,?,?,?,?,?,?,?,?,?,?,?,?,?,?,?,?,?,?,?,?,?,?,?,?,?,?,?,?)
    Hibernate: select mh1_0.id,mh1_0.abortions,mh1_0.additional_notes,mh1_0.adequate_housing,mh1_0.alcohol_use,mh1_0.alcohol_use_details,mh1_0.allergies,mh1_0.anxiety_present,mh1_0.autoimmune_disorder,mh1_0.caffeine_intake_daily,mh1_0.calculated_risk_score,mh1_0.cardiac_disease,mh1_0.chronic_conditions,mh1_0.cigarettes_per_day,mh1_0.clinical_notes,mh1_0.complications_details,mh1_0.contraception_method_prior,mh1_0.covid19_vaccination,mh1_0.created_at,mh1_0.current_medications,mh1_0.data_complete,mh1_0.depression_screening_score,mh1_0.diabetes,mh1_0.diet_description,mh1_0.diet_type,mh1_0.domestic_violence_concerns,mh1_0.domestic_violence_details,mh1_0.domestic_violence_screening,mh1_0.drug_allergies,mh1_0.eclampsia_history,mh1_0.environmental_exposures,mh1_0.estimated_due_date,mh1_0.estimated_due_date_by_ultrasound,mh1_0.exercise_details,mh1_0.exercise_frequency,mh1_0.family_diabetes,mh1_0.family_genetic_disorders,mh1_0.family_history_details,mh1_0.family_hypertension,mh1_0.family_medical_history,mh1_0.family_pregnancy_complications,mh1_0.family_twin_history,mh1_0.fetal_anomaly_history,mh1_0.financial_concerns,mh1_0.flu_vaccination_current_season,mh1_0.flu_vaccination_date,mh1_0.folic_acid_supplementation,mh1_0.food_security,mh1_0.gestational_diabetes_history,mh1_0.gravida,mh1_0.hellp_syndrome_history,mh1_0.hepatitis_b_vaccination,mh1_0.hospital_id,mh1_0.hypertension,mh1_0.identified_risk_factors,mh1_0.immunization_notes,mh1_0.last_menstrual_period,mh1_0.latex_allergy,mh1_0.living_children,mh1_0.menstrual_cycle_length_days,mh1_0.menstrual_cycle_regularity,mh1_0.mental_health_conditions,mh1_0.mental_health_screening_completed,mh1_0.occupational_hazards,mh1_0.occupational_hazards_details,mh1_0.para,mh1_0.patient_id,mh1_0.pet_exposure,mh1_0.placenta_previa_history,mh1_0.placental_abruption_history,mh1_0.postpartum_hemorrhage_history,mh1_0.preeclampsia_history,mh1_0.prenatal_vitamins_start_date,mh1_0.prenatal_vitamins_started,mh1_0.preterm_births,mh1_0.preterm_labor_history,mh1_0.previous_abdominal_surgery,mh1_0.previous_cesarean_sections,mh1_0.previous_pregnancy_complications,mh1_0.previous_pregnancy_outcomes,mh1_0.previous_uterine_surgery,mh1_0.psychosocial_notes,mh1_0.recorded_by_staff_id,mh1_0.recorded_date,mh1_0.recreational_drug_use,mh1_0.renal_disease,mh1_0.requires_specialist_referral,mh1_0.review_timestamp,mh1_0.reviewed_by_provider,mh1_0.reviewed_by_staff_id,mh1_0.risk_category,mh1_0.rubella_immunity,mh1_0.smoking_cessation_date,mh1_0.smoking_status,mh1_0.specialist_referral_reason,mh1_0.substance_use,mh1_0.substance_use_details,mh1_0.support_system,mh1_0.surgical_history,mh1_0.tdap_vaccination,mh1_0.tdap_vaccination_date,mh1_0.term_births,mh1_0.thyroid_disorder,mh1_0.travel_history,mh1_0.ultrasound_confirmation_date,mh1_0.update_reason,mh1_0.updated_at,mh1_0.varicella_immunity,mh1_0.version_number,mh1_0.zika_risk_exposure from clinical.maternal_history mh1_0 where mh1_0.patient_id=? and mh1_0.recorded_date>=? and mh1_0.recorded_date<=? order by mh1_0.recorded_date desc

MaternalHistoryRepositoryTest > findByPatientIdAndDateRange_shouldFilterByDateRange() PASSED

MaternalHistoryRepositoryTest > existsByPatient_Id_shouldReturnFalseWhenNoRecordsExist() STANDARD_OUT
    Hibernate: insert into hospital.hospitals (active,address,city,code,country,created_at,email,license_number,name,organization_id,hospital_data_steward,hospital_owner_contact_email,hospital_owner_team,hospital_service_level,phone_number,hospital_billing_system,hospital_ehr_system,hospital_integration_notes,hospital_inventory_system,po_box,province,region,sector,state,updated_at,website,zip_code,id) values (?,?,?,?,?,?,?,?,?,?,?,?,?,?,?,?,?,?,?,?,?,?,?,?,?,?,?,?)
    Hibernate: insert into security.users (activation_token,activation_token_expires_at,created_at,email,first_name,force_password_change,is_active,is_deleted,last_login_at,last_name,password_changed_at,password_hash,password_rotation_forced_at,password_rotation_warning_at,phone_number,profile_image_url,updated_at,username,id) values (?,?,?,?,?,?,?,?,?,?,?,?,?,?,?,?,?,?,?)
    Hibernate: insert into clinical.patients (is_active,address,address_line1,address_line2,allergies,blood_type,care_team_notes,chronic_conditions,city,country,created_at,date_of_birth,department_id,email,emergency_contact_name,emergency_contact_phone,emergency_contact_relationship,first_name,gender,hospital_id,last_name,medical_history_summary,middle_name,organization_id,phone_number_primary,phone_number_secondary,preferred_pharmacy,state,updated_at,user_id,zip_code,id) values (?,?,?,?,?,?,?,?,?,?,?,?,?,?,?,?,?,?,?,?,?,?,?,?,?,?,?,?,?,?,?,?)
    Hibernate: insert into security.users (activation_token,activation_token_expires_at,created_at,email,first_name,force_password_change,is_active,is_deleted,last_login_at,last_name,password_changed_at,password_hash,password_rotation_forced_at,password_rotation_warning_at,phone_number,profile_image_url,updated_at,username,id) values (?,?,?,?,?,?,?,?,?,?,?,?,?,?,?,?,?,?,?)
    Hibernate: insert into security.roles (code,created_at,description,name,updated_at,id) values (?,?,?,?,?,?)
    Hibernate: insert into security.user_roles (role_id,user_id) values (?,?)
    Hibernate: insert into security.user_role_hospital_assignment (is_active,assigned_at,assignment_code,confirmation_code,confirmation_sent_at,confirmation_verified_at,created_at,description,hospital_id,registered_by_user_id,role_id,start_date,temp_plain_password,updated_at,user_id,id) values (?,?,?,?,?,?,?,?,?,?,?,?,?,?,?,?)
    Hibernate: insert into hospital.staff (active,assignment_id,created_at,department_id,employment_type,end_date,hospital_id,job_title,license_number,name,npi,signature_captured_at,signature_certificate_id,signature_public_key,signature_revoked_at,specialization,start_date,updated_at,user_id,id) values (?,?,?,?,?,?,?,?,?,?,?,?,?,?,?,?,?,?,?,?)
    Hibernate: insert into clinical.maternal_history (abortions,additional_notes,adequate_housing,alcohol_use,alcohol_use_details,allergies,anxiety_present,autoimmune_disorder,caffeine_intake_daily,calculated_risk_score,cardiac_disease,chronic_conditions,cigarettes_per_day,clinical_notes,complications_details,contraception_method_prior,covid19_vaccination,created_at,current_medications,data_complete,depression_screening_score,diabetes,diet_description,diet_type,domestic_violence_concerns,domestic_violence_details,domestic_violence_screening,drug_allergies,eclampsia_history,environmental_exposures,estimated_due_date,estimated_due_date_by_ultrasound,exercise_details,exercise_frequency,family_diabetes,family_genetic_disorders,family_history_details,family_hypertension,family_medical_history,family_pregnancy_complications,family_twin_history,fetal_anomaly_history,financial_concerns,flu_vaccination_current_season,flu_vaccination_date,folic_acid_supplementation,food_security,gestational_diabetes_history,gravida,hellp_syndrome_history,hepatitis_b_vaccination,hospital_id,hypertension,identified_risk_factors,immunization_notes,last_menstrual_period,latex_allergy,living_children,menstrual_cycle_length_days,menstrual_cycle_regularity,mental_health_conditions,mental_health_screening_completed,occupational_hazards,occupational_hazards_details,para,patient_id,pet_exposure,placenta_previa_history,placental_abruption_history,postpartum_hemorrhage_history,preeclampsia_history,prenatal_vitamins_start_date,prenatal_vitamins_started,preterm_births,preterm_labor_history,previous_abdominal_surgery,previous_cesarean_sections,previous_pregnancy_complications,previous_pregnancy_outcomes,previous_uterine_surgery,psychosocial_notes,recorded_by_staff_id,recorded_date,recreational_drug_use,renal_disease,requires_specialist_referral,review_timestamp,reviewed_by_provider,reviewed_by_staff_id,risk_category,rubella_immunity,smoking_cessation_date,smoking_status,specialist_referral_reason,substance_use,substance_use_details,support_system,surgical_history,tdap_vaccination,tdap_vaccination_date,term_births,thyroid_disorder,travel_history,ultrasound_confirmation_date,update_reason,updated_at,varicella_immunity,version_number,zika_risk_exposure,id) values (?,?,?,?,?,?,?,?,?,?,?,?,?,?,?,?,?,?,?,?,?,?,?,?,?,?,?,?,?,?,?,?,?,?,?,?,?,?,?,?,?,?,?,?,?,?,?,?,?,?,?,?,?,?,?,?,?,?,?,?,?,?,?,?,?,?,?,?,?,?,?,?,?,?,?,?,?,?,?,?,?,?,?,?,?,?,?,?,?,?,?,?,?,?,?,?,?,?,?,?,?,?,?,?,?,?,?,?,?,?)
    Hibernate: insert into clinical.maternal_history (abortions,additional_notes,adequate_housing,alcohol_use,alcohol_use_details,allergies,anxiety_present,autoimmune_disorder,caffeine_intake_daily,calculated_risk_score,cardiac_disease,chronic_conditions,cigarettes_per_day,clinical_notes,complications_details,contraception_method_prior,covid19_vaccination,created_at,current_medications,data_complete,depression_screening_score,diabetes,diet_description,diet_type,domestic_violence_concerns,domestic_violence_details,domestic_violence_screening,drug_allergies,eclampsia_history,environmental_exposures,estimated_due_date,estimated_due_date_by_ultrasound,exercise_details,exercise_frequency,family_diabetes,family_genetic_disorders,family_history_details,family_hypertension,family_medical_history,family_pregnancy_complications,family_twin_history,fetal_anomaly_history,financial_concerns,flu_vaccination_current_season,flu_vaccination_date,folic_acid_supplementation,food_security,gestational_diabetes_history,gravida,hellp_syndrome_history,hepatitis_b_vaccination,hospital_id,hypertension,identified_risk_factors,immunization_notes,last_menstrual_period,latex_allergy,living_children,menstrual_cycle_length_days,menstrual_cycle_regularity,mental_health_conditions,mental_health_screening_completed,occupational_hazards,occupational_hazards_details,para,patient_id,pet_exposure,placenta_previa_history,placental_abruption_history,postpartum_hemorrhage_history,preeclampsia_history,prenatal_vitamins_start_date,prenatal_vitamins_started,preterm_births,preterm_labor_history,previous_abdominal_surgery,previous_cesarean_sections,previous_pregnancy_complications,previous_pregnancy_outcomes,previous_uterine_surgery,psychosocial_notes,recorded_by_staff_id,recorded_date,recreational_drug_use,renal_disease,requires_specialist_referral,review_timestamp,reviewed_by_provider,reviewed_by_staff_id,risk_category,rubella_immunity,smoking_cessation_date,smoking_status,specialist_referral_reason,substance_use,substance_use_details,support_system,surgical_history,tdap_vaccination,tdap_vaccination_date,term_births,thyroid_disorder,travel_history,ultrasound_confirmation_date,update_reason,updated_at,varicella_immunity,version_number,zika_risk_exposure,id) values (?,?,?,?,?,?,?,?,?,?,?,?,?,?,?,?,?,?,?,?,?,?,?,?,?,?,?,?,?,?,?,?,?,?,?,?,?,?,?,?,?,?,?,?,?,?,?,?,?,?,?,?,?,?,?,?,?,?,?,?,?,?,?,?,?,?,?,?,?,?,?,?,?,?,?,?,?,?,?,?,?,?,?,?,?,?,?,?,?,?,?,?,?,?,?,?,?,?,?,?,?,?,?,?,?,?,?,?,?,?)
    Hibernate: select mh1_0.id from clinical.maternal_history mh1_0 left join clinical.patients p1_0 on p1_0.id=mh1_0.patient_id where p1_0.id=? fetch first ? rows only

MaternalHistoryRepositoryTest > existsByPatient_Id_shouldReturnFalseWhenNoRecordsExist() PASSED

MaternalHistoryRepositoryTest > searchMaternalHistory_shouldFilterByDataComplete() STANDARD_OUT
    Hibernate: insert into hospital.hospitals (active,address,city,code,country,created_at,email,license_number,name,organization_id,hospital_data_steward,hospital_owner_contact_email,hospital_owner_team,hospital_service_level,phone_number,hospital_billing_system,hospital_ehr_system,hospital_integration_notes,hospital_inventory_system,po_box,province,region,sector,state,updated_at,website,zip_code,id) values (?,?,?,?,?,?,?,?,?,?,?,?,?,?,?,?,?,?,?,?,?,?,?,?,?,?,?,?)
    Hibernate: insert into security.users (activation_token,activation_token_expires_at,created_at,email,first_name,force_password_change,is_active,is_deleted,last_login_at,last_name,password_changed_at,password_hash,password_rotation_forced_at,password_rotation_warning_at,phone_number,profile_image_url,updated_at,username,id) values (?,?,?,?,?,?,?,?,?,?,?,?,?,?,?,?,?,?,?)
    Hibernate: insert into clinical.patients (is_active,address,address_line1,address_line2,allergies,blood_type,care_team_notes,chronic_conditions,city,country,created_at,date_of_birth,department_id,email,emergency_contact_name,emergency_contact_phone,emergency_contact_relationship,first_name,gender,hospital_id,last_name,medical_history_summary,middle_name,organization_id,phone_number_primary,phone_number_secondary,preferred_pharmacy,state,updated_at,user_id,zip_code,id) values (?,?,?,?,?,?,?,?,?,?,?,?,?,?,?,?,?,?,?,?,?,?,?,?,?,?,?,?,?,?,?,?)
    Hibernate: insert into security.users (activation_token,activation_token_expires_at,created_at,email,first_name,force_password_change,is_active,is_deleted,last_login_at,last_name,password_changed_at,password_hash,password_rotation_forced_at,password_rotation_warning_at,phone_number,profile_image_url,updated_at,username,id) values (?,?,?,?,?,?,?,?,?,?,?,?,?,?,?,?,?,?,?)
    Hibernate: insert into security.roles (code,created_at,description,name,updated_at,id) values (?,?,?,?,?,?)
    Hibernate: insert into security.user_roles (role_id,user_id) values (?,?)
    Hibernate: insert into security.user_role_hospital_assignment (is_active,assigned_at,assignment_code,confirmation_code,confirmation_sent_at,confirmation_verified_at,created_at,description,hospital_id,registered_by_user_id,role_id,start_date,temp_plain_password,updated_at,user_id,id) values (?,?,?,?,?,?,?,?,?,?,?,?,?,?,?,?)
    Hibernate: insert into hospital.staff (active,assignment_id,created_at,department_id,employment_type,end_date,hospital_id,job_title,license_number,name,npi,signature_captured_at,signature_certificate_id,signature_public_key,signature_revoked_at,specialization,start_date,updated_at,user_id,id) values (?,?,?,?,?,?,?,?,?,?,?,?,?,?,?,?,?,?,?,?)
    Hibernate: insert into clinical.maternal_history (abortions,additional_notes,adequate_housing,alcohol_use,alcohol_use_details,allergies,anxiety_present,autoimmune_disorder,caffeine_intake_daily,calculated_risk_score,cardiac_disease,chronic_conditions,cigarettes_per_day,clinical_notes,complications_details,contraception_method_prior,covid19_vaccination,created_at,current_medications,data_complete,depression_screening_score,diabetes,diet_description,diet_type,domestic_violence_concerns,domestic_violence_details,domestic_violence_screening,drug_allergies,eclampsia_history,environmental_exposures,estimated_due_date,estimated_due_date_by_ultrasound,exercise_details,exercise_frequency,family_diabetes,family_genetic_disorders,family_history_details,family_hypertension,family_medical_history,family_pregnancy_complications,family_twin_history,fetal_anomaly_history,financial_concerns,flu_vaccination_current_season,flu_vaccination_date,folic_acid_supplementation,food_security,gestational_diabetes_history,gravida,hellp_syndrome_history,hepatitis_b_vaccination,hospital_id,hypertension,identified_risk_factors,immunization_notes,last_menstrual_period,latex_allergy,living_children,menstrual_cycle_length_days,menstrual_cycle_regularity,mental_health_conditions,mental_health_screening_completed,occupational_hazards,occupational_hazards_details,para,patient_id,pet_exposure,placenta_previa_history,placental_abruption_history,postpartum_hemorrhage_history,preeclampsia_history,prenatal_vitamins_start_date,prenatal_vitamins_started,preterm_births,preterm_labor_history,previous_abdominal_surgery,previous_cesarean_sections,previous_pregnancy_complications,previous_pregnancy_outcomes,previous_uterine_surgery,psychosocial_notes,recorded_by_staff_id,recorded_date,recreational_drug_use,renal_disease,requires_specialist_referral,review_timestamp,reviewed_by_provider,reviewed_by_staff_id,risk_category,rubella_immunity,smoking_cessation_date,smoking_status,specialist_referral_reason,substance_use,substance_use_details,support_system,surgical_history,tdap_vaccination,tdap_vaccination_date,term_births,thyroid_disorder,travel_history,ultrasound_confirmation_date,update_reason,updated_at,varicella_immunity,version_number,zika_risk_exposure,id) values (?,?,?,?,?,?,?,?,?,?,?,?,?,?,?,?,?,?,?,?,?,?,?,?,?,?,?,?,?,?,?,?,?,?,?,?,?,?,?,?,?,?,?,?,?,?,?,?,?,?,?,?,?,?,?,?,?,?,?,?,?,?,?,?,?,?,?,?,?,?,?,?,?,?,?,?,?,?,?,?,?,?,?,?,?,?,?,?,?,?,?,?,?,?,?,?,?,?,?,?,?,?,?,?,?,?,?,?,?,?)
    Hibernate: insert into clinical.maternal_history (abortions,additional_notes,adequate_housing,alcohol_use,alcohol_use_details,allergies,anxiety_present,autoimmune_disorder,caffeine_intake_daily,calculated_risk_score,cardiac_disease,chronic_conditions,cigarettes_per_day,clinical_notes,complications_details,contraception_method_prior,covid19_vaccination,created_at,current_medications,data_complete,depression_screening_score,diabetes,diet_description,diet_type,domestic_violence_concerns,domestic_violence_details,domestic_violence_screening,drug_allergies,eclampsia_history,environmental_exposures,estimated_due_date,estimated_due_date_by_ultrasound,exercise_details,exercise_frequency,family_diabetes,family_genetic_disorders,family_history_details,family_hypertension,family_medical_history,family_pregnancy_complications,family_twin_history,fetal_anomaly_history,financial_concerns,flu_vaccination_current_season,flu_vaccination_date,folic_acid_supplementation,food_security,gestational_diabetes_history,gravida,hellp_syndrome_history,hepatitis_b_vaccination,hospital_id,hypertension,identified_risk_factors,immunization_notes,last_menstrual_period,latex_allergy,living_children,menstrual_cycle_length_days,menstrual_cycle_regularity,mental_health_conditions,mental_health_screening_completed,occupational_hazards,occupational_hazards_details,para,patient_id,pet_exposure,placenta_previa_history,placental_abruption_history,postpartum_hemorrhage_history,preeclampsia_history,prenatal_vitamins_start_date,prenatal_vitamins_started,preterm_births,preterm_labor_history,previous_abdominal_surgery,previous_cesarean_sections,previous_pregnancy_complications,previous_pregnancy_outcomes,previous_uterine_surgery,psychosocial_notes,recorded_by_staff_id,recorded_date,recreational_drug_use,renal_disease,requires_specialist_referral,review_timestamp,reviewed_by_provider,reviewed_by_staff_id,risk_category,rubella_immunity,smoking_cessation_date,smoking_status,specialist_referral_reason,substance_use,substance_use_details,support_system,surgical_history,tdap_vaccination,tdap_vaccination_date,term_births,thyroid_disorder,travel_history,ultrasound_confirmation_date,update_reason,updated_at,varicella_immunity,version_number,zika_risk_exposure,id) values (?,?,?,?,?,?,?,?,?,?,?,?,?,?,?,?,?,?,?,?,?,?,?,?,?,?,?,?,?,?,?,?,?,?,?,?,?,?,?,?,?,?,?,?,?,?,?,?,?,?,?,?,?,?,?,?,?,?,?,?,?,?,?,?,?,?,?,?,?,?,?,?,?,?,?,?,?,?,?,?,?,?,?,?,?,?,?,?,?,?,?,?,?,?,?,?,?,?,?,?,?,?,?,?,?,?,?,?,?,?)
    Hibernate: select mh1_0.id,mh1_0.abortions,mh1_0.additional_notes,mh1_0.adequate_housing,mh1_0.alcohol_use,mh1_0.alcohol_use_details,mh1_0.allergies,mh1_0.anxiety_present,mh1_0.autoimmune_disorder,mh1_0.caffeine_intake_daily,mh1_0.calculated_risk_score,mh1_0.cardiac_disease,mh1_0.chronic_conditions,mh1_0.cigarettes_per_day,mh1_0.clinical_notes,mh1_0.complications_details,mh1_0.contraception_method_prior,mh1_0.covid19_vaccination,mh1_0.created_at,mh1_0.current_medications,mh1_0.data_complete,mh1_0.depression_screening_score,mh1_0.diabetes,mh1_0.diet_description,mh1_0.diet_type,mh1_0.domestic_violence_concerns,mh1_0.domestic_violence_details,mh1_0.domestic_violence_screening,mh1_0.drug_allergies,mh1_0.eclampsia_history,mh1_0.environmental_exposures,mh1_0.estimated_due_date,mh1_0.estimated_due_date_by_ultrasound,mh1_0.exercise_details,mh1_0.exercise_frequency,mh1_0.family_diabetes,mh1_0.family_genetic_disorders,mh1_0.family_history_details,mh1_0.family_hypertension,mh1_0.family_medical_history,mh1_0.family_pregnancy_complications,mh1_0.family_twin_history,mh1_0.fetal_anomaly_history,mh1_0.financial_concerns,mh1_0.flu_vaccination_current_season,mh1_0.flu_vaccination_date,mh1_0.folic_acid_supplementation,mh1_0.food_security,mh1_0.gestational_diabetes_history,mh1_0.gravida,mh1_0.hellp_syndrome_history,mh1_0.hepatitis_b_vaccination,mh1_0.hospital_id,mh1_0.hypertension,mh1_0.identified_risk_factors,mh1_0.immunization_notes,mh1_0.last_menstrual_period,mh1_0.latex_allergy,mh1_0.living_children,mh1_0.menstrual_cycle_length_days,mh1_0.menstrual_cycle_regularity,mh1_0.mental_health_conditions,mh1_0.mental_health_screening_completed,mh1_0.occupational_hazards,mh1_0.occupational_hazards_details,mh1_0.para,mh1_0.patient_id,mh1_0.pet_exposure,mh1_0.placenta_previa_history,mh1_0.placental_abruption_history,mh1_0.postpartum_hemorrhage_history,mh1_0.preeclampsia_history,mh1_0.prenatal_vitamins_start_date,mh1_0.prenatal_vitamins_started,mh1_0.preterm_births,mh1_0.preterm_labor_history,mh1_0.previous_abdominal_surgery,mh1_0.previous_cesarean_sections,mh1_0.previous_pregnancy_complications,mh1_0.previous_pregnancy_outcomes,mh1_0.previous_uterine_surgery,mh1_0.psychosocial_notes,mh1_0.recorded_by_staff_id,mh1_0.recorded_date,mh1_0.recreational_drug_use,mh1_0.renal_disease,mh1_0.requires_specialist_referral,mh1_0.review_timestamp,mh1_0.reviewed_by_provider,mh1_0.reviewed_by_staff_id,mh1_0.risk_category,mh1_0.rubella_immunity,mh1_0.smoking_cessation_date,mh1_0.smoking_status,mh1_0.specialist_referral_reason,mh1_0.substance_use,mh1_0.substance_use_details,mh1_0.support_system,mh1_0.surgical_history,mh1_0.tdap_vaccination,mh1_0.tdap_vaccination_date,mh1_0.term_births,mh1_0.thyroid_disorder,mh1_0.travel_history,mh1_0.ultrasound_confirmation_date,mh1_0.update_reason,mh1_0.updated_at,mh1_0.varicella_immunity,mh1_0.version_number,mh1_0.zika_risk_exposure from clinical.maternal_history mh1_0 where (? is null or mh1_0.hospital_id=?) and (? is null or mh1_0.patient_id=?) and (? is null or mh1_0.risk_category=?) and (? is null or mh1_0.data_complete=?) and (? is null or mh1_0.reviewed_by_provider=?) and (? is null or mh1_0.recorded_date>=?) and (? is null or mh1_0.recorded_date<=?) order by mh1_0.recorded_date desc fetch first ? rows only

MaternalHistoryRepositoryTest > searchMaternalHistory_shouldFilterByDataComplete() PASSED

MaternalHistoryRepositoryTest > findWithPsychosocialConcerns_shouldReturnCasesWithConcerns() STANDARD_OUT
    Hibernate: insert into hospital.hospitals (active,address,city,code,country,created_at,email,license_number,name,organization_id,hospital_data_steward,hospital_owner_contact_email,hospital_owner_team,hospital_service_level,phone_number,hospital_billing_system,hospital_ehr_system,hospital_integration_notes,hospital_inventory_system,po_box,province,region,sector,state,updated_at,website,zip_code,id) values (?,?,?,?,?,?,?,?,?,?,?,?,?,?,?,?,?,?,?,?,?,?,?,?,?,?,?,?)
    Hibernate: insert into security.users (activation_token,activation_token_expires_at,created_at,email,first_name,force_password_change,is_active,is_deleted,last_login_at,last_name,password_changed_at,password_hash,password_rotation_forced_at,password_rotation_warning_at,phone_number,profile_image_url,updated_at,username,id) values (?,?,?,?,?,?,?,?,?,?,?,?,?,?,?,?,?,?,?)
    Hibernate: insert into clinical.patients (is_active,address,address_line1,address_line2,allergies,blood_type,care_team_notes,chronic_conditions,city,country,created_at,date_of_birth,department_id,email,emergency_contact_name,emergency_contact_phone,emergency_contact_relationship,first_name,gender,hospital_id,last_name,medical_history_summary,middle_name,organization_id,phone_number_primary,phone_number_secondary,preferred_pharmacy,state,updated_at,user_id,zip_code,id) values (?,?,?,?,?,?,?,?,?,?,?,?,?,?,?,?,?,?,?,?,?,?,?,?,?,?,?,?,?,?,?,?)
    Hibernate: insert into security.users (activation_token,activation_token_expires_at,created_at,email,first_name,force_password_change,is_active,is_deleted,last_login_at,last_name,password_changed_at,password_hash,password_rotation_forced_at,password_rotation_warning_at,phone_number,profile_image_url,updated_at,username,id) values (?,?,?,?,?,?,?,?,?,?,?,?,?,?,?,?,?,?,?)
    Hibernate: insert into security.roles (code,created_at,description,name,updated_at,id) values (?,?,?,?,?,?)
    Hibernate: insert into security.user_roles (role_id,user_id) values (?,?)
    Hibernate: insert into security.user_role_hospital_assignment (is_active,assigned_at,assignment_code,confirmation_code,confirmation_sent_at,confirmation_verified_at,created_at,description,hospital_id,registered_by_user_id,role_id,start_date,temp_plain_password,updated_at,user_id,id) values (?,?,?,?,?,?,?,?,?,?,?,?,?,?,?,?)
    Hibernate: insert into hospital.staff (active,assignment_id,created_at,department_id,employment_type,end_date,hospital_id,job_title,license_number,name,npi,signature_captured_at,signature_certificate_id,signature_public_key,signature_revoked_at,specialization,start_date,updated_at,user_id,id) values (?,?,?,?,?,?,?,?,?,?,?,?,?,?,?,?,?,?,?,?)
    Hibernate: insert into clinical.maternal_history (abortions,additional_notes,adequate_housing,alcohol_use,alcohol_use_details,allergies,anxiety_present,autoimmune_disorder,caffeine_intake_daily,calculated_risk_score,cardiac_disease,chronic_conditions,cigarettes_per_day,clinical_notes,complications_details,contraception_method_prior,covid19_vaccination,created_at,current_medications,data_complete,depression_screening_score,diabetes,diet_description,diet_type,domestic_violence_concerns,domestic_violence_details,domestic_violence_screening,drug_allergies,eclampsia_history,environmental_exposures,estimated_due_date,estimated_due_date_by_ultrasound,exercise_details,exercise_frequency,family_diabetes,family_genetic_disorders,family_history_details,family_hypertension,family_medical_history,family_pregnancy_complications,family_twin_history,fetal_anomaly_history,financial_concerns,flu_vaccination_current_season,flu_vaccination_date,folic_acid_supplementation,food_security,gestational_diabetes_history,gravida,hellp_syndrome_history,hepatitis_b_vaccination,hospital_id,hypertension,identified_risk_factors,immunization_notes,last_menstrual_period,latex_allergy,living_children,menstrual_cycle_length_days,menstrual_cycle_regularity,mental_health_conditions,mental_health_screening_completed,occupational_hazards,occupational_hazards_details,para,patient_id,pet_exposure,placenta_previa_history,placental_abruption_history,postpartum_hemorrhage_history,preeclampsia_history,prenatal_vitamins_start_date,prenatal_vitamins_started,preterm_births,preterm_labor_history,previous_abdominal_surgery,previous_cesarean_sections,previous_pregnancy_complications,previous_pregnancy_outcomes,previous_uterine_surgery,psychosocial_notes,recorded_by_staff_id,recorded_date,recreational_drug_use,renal_disease,requires_specialist_referral,review_timestamp,reviewed_by_provider,reviewed_by_staff_id,risk_category,rubella_immunity,smoking_cessation_date,smoking_status,specialist_referral_reason,substance_use,substance_use_details,support_system,surgical_history,tdap_vaccination,tdap_vaccination_date,term_births,thyroid_disorder,travel_history,ultrasound_confirmation_date,update_reason,updated_at,varicella_immunity,version_number,zika_risk_exposure,id) values (?,?,?,?,?,?,?,?,?,?,?,?,?,?,?,?,?,?,?,?,?,?,?,?,?,?,?,?,?,?,?,?,?,?,?,?,?,?,?,?,?,?,?,?,?,?,?,?,?,?,?,?,?,?,?,?,?,?,?,?,?,?,?,?,?,?,?,?,?,?,?,?,?,?,?,?,?,?,?,?,?,?,?,?,?,?,?,?,?,?,?,?,?,?,?,?,?,?,?,?,?,?,?,?,?,?,?,?,?,?)
    Hibernate: insert into clinical.maternal_history (abortions,additional_notes,adequate_housing,alcohol_use,alcohol_use_details,allergies,anxiety_present,autoimmune_disorder,caffeine_intake_daily,calculated_risk_score,cardiac_disease,chronic_conditions,cigarettes_per_day,clinical_notes,complications_details,contraception_method_prior,covid19_vaccination,created_at,current_medications,data_complete,depression_screening_score,diabetes,diet_description,diet_type,domestic_violence_concerns,domestic_violence_details,domestic_violence_screening,drug_allergies,eclampsia_history,environmental_exposures,estimated_due_date,estimated_due_date_by_ultrasound,exercise_details,exercise_frequency,family_diabetes,family_genetic_disorders,family_history_details,family_hypertension,family_medical_history,family_pregnancy_complications,family_twin_history,fetal_anomaly_history,financial_concerns,flu_vaccination_current_season,flu_vaccination_date,folic_acid_supplementation,food_security,gestational_diabetes_history,gravida,hellp_syndrome_history,hepatitis_b_vaccination,hospital_id,hypertension,identified_risk_factors,immunization_notes,last_menstrual_period,latex_allergy,living_children,menstrual_cycle_length_days,menstrual_cycle_regularity,mental_health_conditions,mental_health_screening_completed,occupational_hazards,occupational_hazards_details,para,patient_id,pet_exposure,placenta_previa_history,placental_abruption_history,postpartum_hemorrhage_history,preeclampsia_history,prenatal_vitamins_start_date,prenatal_vitamins_started,preterm_births,preterm_labor_history,previous_abdominal_surgery,previous_cesarean_sections,previous_pregnancy_complications,previous_pregnancy_outcomes,previous_uterine_surgery,psychosocial_notes,recorded_by_staff_id,recorded_date,recreational_drug_use,renal_disease,requires_specialist_referral,review_timestamp,reviewed_by_provider,reviewed_by_staff_id,risk_category,rubella_immunity,smoking_cessation_date,smoking_status,specialist_referral_reason,substance_use,substance_use_details,support_system,surgical_history,tdap_vaccination,tdap_vaccination_date,term_births,thyroid_disorder,travel_history,ultrasound_confirmation_date,update_reason,updated_at,varicella_immunity,version_number,zika_risk_exposure,id) values (?,?,?,?,?,?,?,?,?,?,?,?,?,?,?,?,?,?,?,?,?,?,?,?,?,?,?,?,?,?,?,?,?,?,?,?,?,?,?,?,?,?,?,?,?,?,?,?,?,?,?,?,?,?,?,?,?,?,?,?,?,?,?,?,?,?,?,?,?,?,?,?,?,?,?,?,?,?,?,?,?,?,?,?,?,?,?,?,?,?,?,?,?,?,?,?,?,?,?,?,?,?,?,?,?,?,?,?,?,?)
    Hibernate: update clinical.maternal_history set abortions=?,additional_notes=?,adequate_housing=?,alcohol_use=?,alcohol_use_details=?,allergies=?,anxiety_present=?,autoimmune_disorder=?,caffeine_intake_daily=?,calculated_risk_score=?,cardiac_disease=?,chronic_conditions=?,cigarettes_per_day=?,clinical_notes=?,complications_details=?,contraception_method_prior=?,covid19_vaccination=?,current_medications=?,data_complete=?,depression_screening_score=?,diabetes=?,diet_description=?,diet_type=?,domestic_violence_concerns=?,domestic_violence_details=?,domestic_violence_screening=?,drug_allergies=?,eclampsia_history=?,environmental_exposures=?,estimated_due_date=?,estimated_due_date_by_ultrasound=?,exercise_details=?,exercise_frequency=?,family_diabetes=?,family_genetic_disorders=?,family_history_details=?,family_hypertension=?,family_medical_history=?,family_pregnancy_complications=?,family_twin_history=?,fetal_anomaly_history=?,financial_concerns=?,flu_vaccination_current_season=?,flu_vaccination_date=?,folic_acid_supplementation=?,food_security=?,gestational_diabetes_history=?,gravida=?,hellp_syndrome_history=?,hepatitis_b_vaccination=?,hospital_id=?,hypertension=?,identified_risk_factors=?,immunization_notes=?,last_menstrual_period=?,latex_allergy=?,living_children=?,menstrual_cycle_length_days=?,menstrual_cycle_regularity=?,mental_health_conditions=?,mental_health_screening_completed=?,occupational_hazards=?,occupational_hazards_details=?,para=?,patient_id=?,pet_exposure=?,placenta_previa_history=?,placental_abruption_history=?,postpartum_hemorrhage_history=?,preeclampsia_history=?,prenatal_vitamins_start_date=?,prenatal_vitamins_started=?,preterm_births=?,preterm_labor_history=?,previous_abdominal_surgery=?,previous_cesarean_sections=?,previous_pregnancy_complications=?,previous_pregnancy_outcomes=?,previous_uterine_surgery=?,psychosocial_notes=?,recorded_by_staff_id=?,recorded_date=?,recreational_drug_use=?,renal_disease=?,requires_specialist_referral=?,review_timestamp=?,reviewed_by_provider=?,reviewed_by_staff_id=?,risk_category=?,rubella_immunity=?,smoking_cessation_date=?,smoking_status=?,specialist_referral_reason=?,substance_use=?,substance_use_details=?,support_system=?,surgical_history=?,tdap_vaccination=?,tdap_vaccination_date=?,term_births=?,thyroid_disorder=?,travel_history=?,ultrasound_confirmation_date=?,update_reason=?,updated_at=?,varicella_immunity=?,version_number=?,zika_risk_exposure=? where id=?
    Hibernate: select mh1_0.id,mh1_0.abortions,mh1_0.additional_notes,mh1_0.adequate_housing,mh1_0.alcohol_use,mh1_0.alcohol_use_details,mh1_0.allergies,mh1_0.anxiety_present,mh1_0.autoimmune_disorder,mh1_0.caffeine_intake_daily,mh1_0.calculated_risk_score,mh1_0.cardiac_disease,mh1_0.chronic_conditions,mh1_0.cigarettes_per_day,mh1_0.clinical_notes,mh1_0.complications_details,mh1_0.contraception_method_prior,mh1_0.covid19_vaccination,mh1_0.created_at,mh1_0.current_medications,mh1_0.data_complete,mh1_0.depression_screening_score,mh1_0.diabetes,mh1_0.diet_description,mh1_0.diet_type,mh1_0.domestic_violence_concerns,mh1_0.domestic_violence_details,mh1_0.domestic_violence_screening,mh1_0.drug_allergies,mh1_0.eclampsia_history,mh1_0.environmental_exposures,mh1_0.estimated_due_date,mh1_0.estimated_due_date_by_ultrasound,mh1_0.exercise_details,mh1_0.exercise_frequency,mh1_0.family_diabetes,mh1_0.family_genetic_disorders,mh1_0.family_history_details,mh1_0.family_hypertension,mh1_0.family_medical_history,mh1_0.family_pregnancy_complications,mh1_0.family_twin_history,mh1_0.fetal_anomaly_history,mh1_0.financial_concerns,mh1_0.flu_vaccination_current_season,mh1_0.flu_vaccination_date,mh1_0.folic_acid_supplementation,mh1_0.food_security,mh1_0.gestational_diabetes_history,mh1_0.gravida,mh1_0.hellp_syndrome_history,mh1_0.hepatitis_b_vaccination,mh1_0.hospital_id,mh1_0.hypertension,mh1_0.identified_risk_factors,mh1_0.immunization_notes,mh1_0.last_menstrual_period,mh1_0.latex_allergy,mh1_0.living_children,mh1_0.menstrual_cycle_length_days,mh1_0.menstrual_cycle_regularity,mh1_0.mental_health_conditions,mh1_0.mental_health_screening_completed,mh1_0.occupational_hazards,mh1_0.occupational_hazards_details,mh1_0.para,mh1_0.patient_id,mh1_0.pet_exposure,mh1_0.placenta_previa_history,mh1_0.placental_abruption_history,mh1_0.postpartum_hemorrhage_history,mh1_0.preeclampsia_history,mh1_0.prenatal_vitamins_start_date,mh1_0.prenatal_vitamins_started,mh1_0.preterm_births,mh1_0.preterm_labor_history,mh1_0.previous_abdominal_surgery,mh1_0.previous_cesarean_sections,mh1_0.previous_pregnancy_complications,mh1_0.previous_pregnancy_outcomes,mh1_0.previous_uterine_surgery,mh1_0.psychosocial_notes,mh1_0.recorded_by_staff_id,mh1_0.recorded_date,mh1_0.recreational_drug_use,mh1_0.renal_disease,mh1_0.requires_specialist_referral,mh1_0.review_timestamp,mh1_0.reviewed_by_provider,mh1_0.reviewed_by_staff_id,mh1_0.risk_category,mh1_0.rubella_immunity,mh1_0.smoking_cessation_date,mh1_0.smoking_status,mh1_0.specialist_referral_reason,mh1_0.substance_use,mh1_0.substance_use_details,mh1_0.support_system,mh1_0.surgical_history,mh1_0.tdap_vaccination,mh1_0.tdap_vaccination_date,mh1_0.term_births,mh1_0.thyroid_disorder,mh1_0.travel_history,mh1_0.ultrasound_confirmation_date,mh1_0.update_reason,mh1_0.updated_at,mh1_0.varicella_immunity,mh1_0.version_number,mh1_0.zika_risk_exposure from clinical.maternal_history mh1_0 where mh1_0.hospital_id=? and (mh1_0.domestic_violence_concerns=true or mh1_0.anxiety_present=true or mh1_0.adequate_housing=false or mh1_0.food_security=false or mh1_0.financial_concerns=true) order by mh1_0.recorded_date desc fetch first ? rows only

MaternalHistoryRepositoryTest > findWithPsychosocialConcerns_shouldReturnCasesWithConcerns() PASSED

PatientRepositoryTenantScopeTest STANDARD_OUT

      .   ____          _            __ _ _
     /\\ / ___'_ __ _ _(_)_ __  __ _ \ \ \ \
    ( ( )\___ | '_ | '_| | '_ \/ _` | \ \ \ \
     \\/  ___)| |_)| | | | | || (_| |  ) ) ) )
      '  |____| .__|_| |_|_| |_\__, | / / / /
     =========|_|==============|___/=/_/_/_/

     :: Spring Boot ::               (v3.4.11)

    2026-03-10 23:50:20  WARN [Test worker] ory$DuplicateJsonObjectContextCustomizer - 

    Found multiple occurrences of org.json.JSONObject on the class path:

    	jar:file:/C:/Users/tiego/.gradle/caches/modules-2/files-2.1/org.json/json/20240303/ebb88e8fb5122b7506d5cf1d69f1ccdb790d22a/json-20240303.jar!/org/json/JSONObject.class
    	jar:file:/C:/Users/tiego/.gradle/caches/modules-2/files-2.1/com.vaadin.external.google/android-json/0.0.20131108.vaadin1/fa26d351fe62a6a17f5cda1287c1c6110dec413f/android-json-0.0.20131108.vaadin1.jar!/org/json/JSONObject.class

    You may wish to exclude one of them to ensure predictable runtime behavior

    2026-03-10 23:50:20  INFO [Test worker] c.e.h.r.PatientRepositoryTenantScopeTest - Starting PatientRepositoryTenantScopeTest using Java 21.0.10 with PID 2608 (started by tiego in C:\Users\tiego\OneDrive\Desktop\HMS\hms\hospital-core)
    2026-03-10 23:50:20  INFO [Test worker] c.e.h.r.PatientRepositoryTenantScopeTest - The following 1 profile is active: "test"
    2026-03-10 23:50:23  WARN [Test worker] org.hibernate.orm.deprecation            - HHH90000025: H2Dialect does not need to be specified explicitly using 'hibernate.dialect' (remove the property setting and it will be selected by default)
    2026-03-10 23:50:24  WARN [Test worker] o.h.boot.model.internal.ToOneBinder      - HHH000491: 'com.example.hms.model.User.patientProfile' uses both @NotFound and FetchType.LAZY. @ManyToOne and @OneToOne associations mapped with @NotFound are forced to EAGER fetching.
    2026-03-10 23:50:24  WARN [Test worker] o.h.boot.model.internal.ToOneBinder      - HHH000491: 'com.example.hms.model.User.staffProfile' uses both @NotFound and FetchType.LAZY. @ManyToOne and @OneToOne associations mapped with @NotFound are forced to EAGER fetching.
    Hibernate: drop table if exists billing.billing_invoices cascade 
    Hibernate: drop table if exists billing.invoice_items cascade 
    Hibernate: drop table if exists clinical.advance_directives cascade 
    Hibernate: drop table if exists clinical.appointments cascade 
    Hibernate: drop table if exists clinical.birth_plan_comfort_items cascade 
    Hibernate: drop table if exists clinical.birth_plan_medicated_options cascade 
    Hibernate: drop table if exists clinical.birth_plan_support_persons cascade 
    Hibernate: drop table if exists clinical.birth_plan_unmedicated_techniques cascade 
    Hibernate: drop table if exists clinical.birth_plans cascade 
    Hibernate: drop table if exists clinical.consultations cascade 
    Hibernate: drop table if exists clinical.digital_signature_audit_log cascade 
    Hibernate: drop table if exists clinical.digital_signatures cascade 
    Hibernate: drop table if exists clinical.discharge_approvals cascade 
    Hibernate: drop table if exists clinical.discharge_equipment_supplies cascade 
    Hibernate: drop table if exists clinical.discharge_follow_up_appointments cascade 
    Hibernate: drop table if exists clinical.discharge_medication_reconciliations cascade 
    Hibernate: drop table if exists clinical.discharge_pending_test_results cascade 
    Hibernate: drop table if exists clinical.discharge_summaries cascade 
    Hibernate: drop table if exists clinical.drug_interactions cascade 
    Hibernate: drop table if exists clinical.education_resource_content_translations cascade 
    Hibernate: drop table if exists clinical.education_resource_cultural_notes cascade 
    Hibernate: drop table if exists clinical.education_resource_related cascade 
    Hibernate: drop table if exists clinical.education_resource_tags cascade 
    Hibernate: drop table if exists clinical.education_resource_translations cascade 
    Hibernate: drop table if exists clinical.education_resources cascade 
    Hibernate: drop table if exists clinical.encounter_history cascade 
    Hibernate: drop table if exists clinical.encounter_note_addenda cascade 
    Hibernate: drop table if exists clinical.encounter_note_history cascade 
    Hibernate: drop table if exists clinical.encounter_note_links cascade 
    Hibernate: drop table if exists clinical.encounter_notes cascade 
    Hibernate: drop table if exists clinical.encounter_treatments cascade 
    Hibernate: drop table if exists clinical.encounters cascade 
    Hibernate: drop table if exists clinical.high_risk_plan_bp_logs cascade 
    Hibernate: drop table if exists clinical.high_risk_plan_care_team_members cascade 
    Hibernate: drop table if exists clinical.high_risk_plan_care_team_notes cascade 
    Hibernate: drop table if exists clinical.high_risk_plan_education_topics cascade 
    Hibernate: drop table if exists clinical.high_risk_plan_emergency_symptoms cascade 
    Hibernate: drop table if exists clinical.high_risk_plan_lifestyle_factors cascade 
    Hibernate: drop table if exists clinical.high_risk_plan_medication_logs cascade 
    Hibernate: drop table if exists clinical.high_risk_plan_milestones cascade 
    Hibernate: drop table if exists clinical.high_risk_plan_preexisting_conditions cascade 
    Hibernate: drop table if exists clinical.high_risk_plan_pregnancy_conditions cascade 
    Hibernate: drop table if exists clinical.high_risk_plan_preventive_guidance cascade 
    Hibernate: drop table if exists clinical.high_risk_plan_support_resources cascade 
    Hibernate: drop table if exists clinical.high_risk_pregnancy_plans cascade 
    Hibernate: drop table if exists clinical.imaging_orders cascade 
    Hibernate: drop table if exists clinical.imaging_report_attachments cascade 
    Hibernate: drop table if exists clinical.imaging_report_measurements cascade 
    Hibernate: drop table if exists clinical.imaging_report_status_history cascade 
    Hibernate: drop table if exists clinical.imaging_reports cascade 
    Hibernate: drop table if exists clinical.maternal_history cascade 
    Hibernate: drop table if exists clinical.newborn_assessment_alerts cascade 
    Hibernate: drop table if exists clinical.newborn_assessment_education_topics cascade 
    Hibernate: drop table if exists clinical.newborn_assessment_follow_up_actions cascade 
    Hibernate: drop table if exists clinical.newborn_assessments cascade 
    Hibernate: drop table if exists clinical.nursing_note_addenda cascade 
    Hibernate: drop table if exists clinical.nursing_note_education_entries cascade 
    Hibernate: drop table if exists clinical.nursing_note_interventions cascade 
    Hibernate: drop table if exists clinical.nursing_notes cascade 
    Hibernate: drop table if exists clinical.obgyn_referral_attachments cascade 
    Hibernate: drop table if exists clinical.obgyn_referral_messages cascade 
    Hibernate: drop table if exists clinical.obgyn_referrals cascade 
    Hibernate: drop table if exists clinical.patient_allergies cascade 
    Hibernate: drop table if exists clinical.patient_chart_attachments cascade 
    Hibernate: drop table if exists clinical.patient_chart_section_entries cascade 
    Hibernate: drop table if exists clinical.patient_chart_updates cascade 
    Hibernate: drop table if exists clinical.patient_consents cascade 
    Hibernate: drop table if exists clinical.patient_education_progress cascade 
    Hibernate: drop table if exists clinical.patient_education_questions cascade 
    Hibernate: drop table if exists clinical.patient_family_history cascade 
    Hibernate: drop table if exists clinical.patient_hospital_registrations cascade 
    Hibernate: drop table if exists clinical.patient_immunization cascade 
    Hibernate: drop table if exists clinical.patient_insurances cascade 
    Hibernate: drop table if exists clinical.patient_primary_care cascade 
    Hibernate: drop table if exists clinical.patient_problem_history cascade 
    Hibernate: drop table if exists clinical.patient_problems cascade 
    Hibernate: drop table if exists clinical.patient_social_history cascade 
    Hibernate: drop table if exists clinical.patient_surgical_history cascade 
    Hibernate: drop table if exists clinical.patient_vital_signs cascade 
    Hibernate: drop table if exists clinical.patients cascade 
    Hibernate: drop table if exists clinical.pharmacy_fills cascade 
    Hibernate: drop table if exists clinical.postpartum_care_plans cascade 
    Hibernate: drop table if exists clinical.postpartum_observation_alerts cascade 
    Hibernate: drop table if exists clinical.postpartum_observation_education_topics cascade 
    Hibernate: drop table if exists clinical.postpartum_observations cascade 
    Hibernate: drop table if exists clinical.prescription_alerts cascade 
    Hibernate: drop table if exists clinical.prescription_instructions cascade 
    Hibernate: drop table if exists clinical.prescription_transmissions cascade 
    Hibernate: drop table if exists clinical.prescriptions cascade 
    Hibernate: drop table if exists clinical.procedure_orders cascade 
    Hibernate: drop table if exists clinical.refill_requests cascade 
    Hibernate: drop table if exists clinical.treatment_plan_followups cascade 
    Hibernate: drop table if exists clinical.treatment_plan_reviews cascade 
    Hibernate: drop table if exists clinical.treatment_plans cascade 
    Hibernate: drop table if exists clinical.treatments cascade 
    Hibernate: drop table if exists clinical.ultrasound_orders cascade 
    Hibernate: drop table if exists clinical.ultrasound_reports cascade 
    Hibernate: drop table if exists clinical.visit_education_documentation cascade 
    Hibernate: drop table if exists clinical.visit_education_resources_provided cascade 
    Hibernate: drop table if exists empi.identity_aliases cascade 
    Hibernate: drop table if exists empi.master_identities cascade 
    Hibernate: drop table if exists empi.merge_events cascade 
    Hibernate: drop table if exists governance.security_policy_approvals cascade 
    Hibernate: drop table if exists governance.security_policy_baselines cascade 
    Hibernate: drop table if exists governance.security_rule_sets cascade 
    Hibernate: drop table if exists hospital.department_translations cascade 
    Hibernate: drop table if exists hospital.departments cascade 
    Hibernate: drop table if exists hospital.hospitals cascade 
    Hibernate: drop table if exists hospital.organizations cascade 
    Hibernate: drop table if exists hospital.staff cascade 
    Hibernate: drop table if exists hospital.staff_availability cascade 
    Hibernate: drop table if exists hospital.staff_leave_requests cascade 
    Hibernate: drop table if exists hospital.staff_shifts cascade 
    Hibernate: drop table if exists lab.lab_orders cascade 
    Hibernate: drop table if exists lab.lab_results cascade 
    Hibernate: drop table if exists lab.lab_test_definitions cascade 
    Hibernate: drop table if exists platform.department_platform_service_links cascade 
    Hibernate: drop table if exists platform.hospital_platform_service_links cascade 
    Hibernate: drop table if exists platform.organization_platform_services cascade 
    Hibernate: drop table if exists platform.platform_feature_flag_overrides cascade 
    Hibernate: drop table if exists platform.platform_release_windows cascade 
    Hibernate: drop table if exists reference.catalog_entries cascade 
    Hibernate: drop table if exists reference.catalogs cascade 
    Hibernate: drop table if exists security.notifications cascade 
    Hibernate: drop table if exists security.organization_security_policies cascade 
    Hibernate: drop table if exists security.organization_security_rules cascade 
    Hibernate: drop table if exists security.password_reset_tokens cascade 
    Hibernate: drop table if exists security.permissions cascade 
    Hibernate: drop table if exists security.role_permissions cascade 
    Hibernate: drop table if exists security.roles cascade 
    Hibernate: drop table if exists security.user_mfa_enrollments cascade 
    Hibernate: drop table if exists security.user_recovery_contacts cascade 
    Hibernate: drop table if exists security.user_role_hospital_assignment cascade 
    Hibernate: drop table if exists security.user_roles cascade 
    Hibernate: drop table if exists security.users cascade 
    Hibernate: drop table if exists support.audit_event_logs cascade 
    Hibernate: drop table if exists support.chat_messages cascade 
    Hibernate: drop table if exists support.frontend_audit_events cascade 
    Hibernate: drop table if exists support.service_translations cascade 
    Hibernate: drop table if exists admission_applied_order_sets cascade 
    Hibernate: drop table if exists admission_order_sets cascade 
    Hibernate: drop table if exists admissions cascade 
    Hibernate: drop table if exists announcement cascade 
    Hibernate: drop table if exists articles cascade 
    Hibernate: drop table if exists education_resources cascade 
    Hibernate: drop table if exists general_referrals cascade 
    Hibernate: drop table if exists patient_insurances_v2 cascade 
    Hibernate: drop table if exists patient_medical_histories_v2 cascade 
    Hibernate: drop table if exists patients_v2 cascade 
    Hibernate: drop table if exists permission_matrix_audit_events cascade 
    Hibernate: drop table if exists permission_matrix_snapshots cascade 
    Hibernate: drop table if exists referral_attachments cascade 
    Hibernate: drop table if exists testimonials cascade 
    Hibernate: create table billing.billing_invoices (amount_paid numeric(12,2) not null, due_date date not null, invoice_date date not null, total_amount numeric(12,2) not null, created_at timestamp(6) not null, updated_at timestamp(6) not null, created_by uuid, encounter_id uuid, hospital_id uuid not null, id uuid not null, patient_id uuid not null, updated_by uuid, invoice_number varchar(50) not null, notes varchar(2048), status enum ('CANCELLED','DRAFT','PAID','PARTIALLY_PAID','SENT') not null, primary key (id), constraint uk_bi_invoice_number unique (invoice_number), check (amount_paid <= total_amount))
    Hibernate: create table billing.invoice_items (quantity integer not null, total_price numeric(12,2) not null, unit_price numeric(12,2) not null, created_at timestamp(6) not null, updated_at timestamp(6) not null, assignment_id uuid not null, billing_invoice_id uuid not null, id uuid not null, related_service_id uuid, item_description varchar(255) not null, item_category enum ('GENERAL','LAB_TEST','MEDICATION','SERVICE') not null, primary key (id))
    Hibernate: create index billing.idx_bi_patient on billing.billing_invoices (patient_id)
    Hibernate: create index billing.idx_bi_hospital on billing.billing_invoices (hospital_id)
    Hibernate: create index billing.idx_item_invoice on billing.invoice_items (billing_invoice_id)
    Hibernate: create index billing.idx_item_assignment on billing.invoice_items (assignment_id)
    Hibernate: create index billing.idx_item_service on billing.invoice_items (related_service_id)
    Hibernate: create table clinical.advance_directives (effective_date date, expiration_date date, created_at timestamp(6) not null, last_reviewed_at timestamp(6), updated_at timestamp(6) not null, hospital_id uuid not null, id uuid not null, patient_id uuid not null, source_system varchar(100), description varchar(1024), document_location varchar(255), physician_name varchar(255), witness_name varchar(255), directive_type enum ('DO_NOT_RESUSCITATE','DURABLE_POWER_OF_ATTORNEY','LIVING_WILL','OTHER','PHYSICIAN_ORDERS_FOR_LIFE_SUSTAINING_TREATMENT') not null, status enum ('ACTIVE','EXPIRED','PENDING','REVOKED') not null, primary key (id))
    Hibernate: create table clinical.appointments (appointment_date date not null, end_time time(6) not null, start_time time(6) not null, created_at timestamp(6) not null, updated_at timestamp(6) not null, assignment_id uuid not null, created_by uuid, department_id uuid not null, hospital_id uuid not null, id uuid not null, patient_id uuid not null, staff_id uuid not null, notes varchar(2048), reason varchar(2048), status enum ('CANCELLED','COMPLETED','CONFIRMED','FAILED','IN_PROGRESS','NO_SHOW','PENDING','RESCHEDULED','SCHEDULED','UNKNOWN') not null, primary key (id), constraint uq_appt_staff_slot unique (staff_id, appointment_date, start_time, end_time))
    Hibernate: create table clinical.birth_plan_comfort_items (item_order integer not null, birth_plan_id uuid not null, item varchar(255), primary key (item_order, birth_plan_id))
    Hibernate: create table clinical.birth_plan_medicated_options (option_order integer not null, birth_plan_id uuid not null, option varchar(255), primary key (option_order, birth_plan_id))
    Hibernate: create table clinical.birth_plan_support_persons (person_order integer not null, birth_plan_id uuid not null, person_name varchar(255), primary key (person_order, birth_plan_id))
    Hibernate: create table clinical.birth_plan_unmedicated_techniques (technique_order integer not null, birth_plan_id uuid not null, technique varchar(255), primary key (technique_order, birth_plan_id))
    Hibernate: create table clinical.birth_plans (cord_clamping_duration integer, delayed_cord_clamping boolean, discussed_with_provider boolean, expected_due_date date not null, flexibility_acknowledgment boolean not null, movement_during_labor boolean, provider_review_required boolean not null, provider_reviewed boolean not null, skin_to_skin_contact boolean, created_at timestamp(6) not null, provider_signature_date timestamp(6), review_timestamp timestamp(6), reviewed_by_provider_id bigint, updated_at timestamp(6) not null, hospital_id uuid not null, id uuid not null, patient_id uuid not null, eye_ointment varchar(20), hepatitis_b_vaccine varchar(20), vitamin_k_shot varchar(20), backup_delivery_method varchar(50), feeding_method varchar(50), fetal_monitoring_style varchar(50), first_bath_timing varchar(50), preferred_delivery_method varchar(50), preferred_pain_approach varchar(50), lighting_preference varchar(100), who_cuts_cord varchar(100), additional_wishes TEXT, delivery_method_notes TEXT, environment_notes TEXT, healthcare_provider varchar(255), medical_conditions TEXT, music_preference varchar(255), pain_management_notes TEXT, patient_name varchar(255) not null, place_of_birth varchar(255), postpartum_notes TEXT, provider_comments TEXT, provider_signature varchar(255), primary key (id))
    Hibernate: create table clinical.consultations (follow_up_required boolean, is_curbside boolean, acknowledged_at timestamp(6), cancelled_at timestamp(6), completed_at timestamp(6), created_at timestamp(6) not null, requested_at timestamp(6) not null, scheduled_at timestamp(6), sla_due_by timestamp(6), updated_at timestamp(6) not null, consultant_id uuid, encounter_id uuid, hospital_id uuid not null, id uuid not null, patient_id uuid not null, requesting_provider_id uuid not null, specialty_requested varchar(100) not null, cancellation_reason TEXT, clinical_question TEXT, consultant_note TEXT, current_medications TEXT, follow_up_instructions TEXT, reason_for_consult TEXT not null, recommendations TEXT, relevant_history TEXT, consultation_type enum ('CURBSIDE_CONSULT','EMERGENCY_CONSULT','FOLLOW_UP_CONSULT','INPATIENT_CONSULT','OUTPATIENT_CONSULT') not null, status enum ('ACKNOWLEDGED','CANCELLED','COMPLETED','DECLINED','IN_PROGRESS','REQUESTED','SCHEDULED') not null, urgency enum ('EMERGENCY','ROUTINE','STAT','URGENT') not null, primary key (id))
    Hibernate: create table clinical.digital_signature_audit_log (log_order integer not null, performed_at timestamp(6) not null, performed_by_user_id uuid not null, signature_id uuid not null, ip_address varchar(45), action varchar(50) not null, device_info varchar(500), details varchar(1000), performed_by_display varchar(255), primary key (log_order, signature_id))
    Hibernate: create table clinical.digital_signatures (verification_count integer not null, created_at timestamp(6) not null, expires_at timestamp(6), last_verified_at timestamp(6), revoked_at timestamp(6), signature_date_time timestamp(6) not null, updated_at timestamp(6) not null, version bigint, hospital_id uuid not null, id uuid not null, report_id uuid not null, revoked_by_user_id uuid, signed_by_staff_id uuid not null, ip_address varchar(45), signature_hash varchar(64) not null, device_info varchar(500), revocation_reason varchar(1000), signature_notes varchar(2000), signature_value varchar(2000) not null, metadata TEXT, revoked_by_display varchar(255), report_type enum ('CARE_PLAN','CONSULTATION_NOTE','DISCHARGE_SUMMARY','ED_NOTE','GENERIC_REPORT','IMAGING_REPORT','LAB_RESULT','MEDICATION_ORDER','OPERATIVE_NOTE','PATHOLOGY_REPORT','PROCEDURE_REPORT','PROGRESS_NOTE') not null, status enum ('EXPIRED','INVALID','PENDING','REVOKED','SIGNED') not null, primary key (id), constraint uk_active_signature_per_report unique (report_type, report_id, signed_by_staff_id, status))
    Hibernate: create table clinical.discharge_approvals (approved_at timestamp(6), created_at timestamp(6) not null, requested_at timestamp(6) not null, resolved_at timestamp(6), updated_at timestamp(6) not null, version bigint, doctor_assignment_id uuid, doctor_staff_id uuid, hospital_id uuid not null, id uuid not null, nurse_assignment_id uuid not null, nurse_staff_id uuid not null, patient_id uuid not null, registration_id uuid not null, doctor_note varchar(4000), nurse_summary varchar(4000), rejection_reason varchar(4000), status enum ('APPROVED','CANCELLED','PENDING','REJECTED') not null, primary key (id))
    Hibernate: create table clinical.discharge_equipment_supplies (equipment_order integer not null, discharge_summary_id uuid not null, equipment_and_supplies varchar(255), primary key (equipment_order, discharge_summary_id))
    Hibernate: create table clinical.discharge_follow_up_appointments (appointment_date date, appointment_order integer not null, is_confirmed boolean, appointment_time timestamp(6), appointment_id uuid, discharge_summary_id uuid not null, phone_number varchar(50), appointment_type varchar(100) not null, confirmation_number varchar(100), specialty varchar(100), location varchar(500), purpose varchar(1000), special_instructions varchar(1000), provider_name varchar(255), primary key (appointment_order, discharge_summary_id))
    Hibernate: create table clinical.discharge_medication_reconciliations (continue_at_discharge boolean, given_during_hospitalization boolean, was_on_admission boolean, discharge_summary_id uuid not null, prescription_id uuid, route varchar(50), medication_code varchar(64), dosage varchar(100), frequency varchar(100), patient_instructions varchar(1000), prescriber_notes varchar(1000), reason_for_change varchar(1000), medication_name varchar(255) not null, reconciliation_action enum ('CONTINUED','DISCONTINUED','MODIFIED','NEW_STARTED','REPLACED','RESUMED','TEMPORARY_ONLY') not null)
    Hibernate: create table clinical.discharge_pending_test_results (expected_result_date date, is_critical boolean, order_date date, patient_notified_of_pending boolean, discharge_summary_id uuid not null, imaging_order_id uuid, lab_order_id uuid, test_type varchar(50) not null, test_code varchar(64), notification_instructions varchar(1000), follow_up_provider varchar(255), ordering_provider varchar(255), test_name varchar(255) not null)
    Hibernate: create table clinical.discharge_summaries (discharge_date date not null, is_finalized boolean not null, created_at timestamp(6) not null, discharge_time timestamp(6), finalized_at timestamp(6), provider_signature_date_time timestamp(6), signature_date_time timestamp(6), updated_at timestamp(6) not null, version bigint, approval_record_id uuid, assignment_id uuid not null, discharging_provider_id uuid not null, encounter_id uuid not null, hospital_id uuid not null, id uuid not null, patient_id uuid not null, provider_signature varchar(500), additional_notes varchar(2000), discharge_condition varchar(2000), patient_education_provided varchar(2000), warning_signs varchar(2000), activity_restrictions varchar(3000), diet_instructions varchar(3000), follow_up_instructions varchar(3000), wound_care_instructions varchar(3000), discharge_diagnosis varchar(5000) not null, hospital_course varchar(5000), patient_or_caregiver_signature varchar(255), disposition enum ('AGAINST_MEDICAL_ADVICE','EXPIRED','HOME','HOME_WITH_HOME_HEALTH','HOSPICE_FACILITY','HOSPICE_HOME','LEFT_WITHOUT_BEING_SEEN','LONG_TERM_CARE_FACILITY','OTHER','PSYCHIATRIC_FACILITY','REHABILITATION_FACILITY','SKILLED_NURSING_FACILITY','TRANSFERRED_TO_ANOTHER_HOSPITAL') not null, primary key (id))
    Hibernate: create table clinical.drug_interactions (is_active boolean, monitoring_interval_hours integer, requires_avoidance boolean, requires_dose_adjustment boolean, requires_monitoring boolean, created_at timestamp(6) not null, updated_at timestamp(6) not null, id uuid not null, drug1_code varchar(100) not null, drug2_code varchar(100) not null, evidence_level varchar(100), source_database varchar(100), clinical_effects varchar(500), mechanism varchar(500), monitoring_parameters varchar(500), literature_references varchar(1000), notes varchar(1000), description TEXT, recommendation TEXT, drug1_name varchar(255) not null, drug2_name varchar(255) not null, external_reference_id varchar(255), severity enum ('CONTRAINDICATED','MAJOR','MINOR','MODERATE','UNKNOWN') not null, primary key (id))
    Hibernate: create table clinical.education_resource_content_translations (resource_id uuid not null, language_code varchar(255) not null, translated_content TEXT, primary key (resource_id, language_code))
    Hibernate: create table clinical.education_resource_cultural_notes (resource_id uuid not null, note varchar(1000))
    Hibernate: create table clinical.education_resource_related (related_resource_id uuid, resource_id uuid not null)
    Hibernate: create table clinical.education_resource_tags (resource_id uuid not null, tag varchar(100))
    Hibernate: create table clinical.education_resource_translations (resource_id uuid not null, translated_title varchar(500), language_code varchar(255) not null, primary key (resource_id, language_code))
    Hibernate: create table clinical.education_resources (average_rating float(53) not null, estimated_duration integer, is_active boolean not null, is_culturally_sensitive boolean not null, is_evidence_based boolean not null, is_high_risk_relevant boolean not null, is_warning_sign_content boolean not null, completion_count bigint not null, created_at timestamp(6) not null, published_at timestamp(6), rating_count bigint not null, updated_at timestamp(6) not null, view_count bigint not null, primary_language varchar(10) not null, hospital_id uuid, id uuid not null, organization_id uuid, created_by varchar(100) not null, last_modified_by varchar(100), thumbnail_url varchar(500), title varchar(500) not null, video_url varchar(500), content_url varchar(1000), evidence_source varchar(1000), description varchar(2000), text_content TEXT, category enum ('BIRTH_PLAN','BREASTFEEDING','EXERCISE','GENETIC_SCREENING','HIGH_RISK_PREGNANCY','LABOR_AND_DELIVERY','MANAGING_DISCOMFORT','MENTAL_HEALTH','NEWBORN_CARE','NUTRITION','POSTPARTUM_CARE','PRENATAL_CARE','PRENATAL_VITAMINS','ULTRASOUND_SCANS','WARNING_SIGNS') not null, resource_type enum ('ARTICLE','CHECKLIST','FAQ','INFOGRAPHIC','INTERACTIVE_MODULE','PODCAST','VIDEO') not null, primary key (id))
    Hibernate: create table clinical.encounter_history (changed_at timestamp(6) not null, encounter_date timestamp(6), encounter_id uuid not null, id uuid not null, change_type varchar(30), changed_by varchar(100), notes varchar(2048), extra_fields TEXT, previous_values TEXT, encounter_type enum ('CONSULTATION','EMERGENCY','FOLLOW_UP','INPATIENT','LAB','OUTPATIENT','SURGERY'), status enum ('ARRIVED','CANCELLED','COMPLETED','IN_PROGRESS','SCHEDULED'), primary key (id))
    Hibernate: create table clinical.encounter_note_addenda (attest_accuracy boolean not null, attest_no_abbreviations boolean not null, created_at timestamp(6) not null, documented_at timestamp(6) not null, event_occurred_at timestamp(6), signed_at timestamp(6), updated_at timestamp(6) not null, author_staff_id uuid, author_user_id uuid not null, id uuid not null, note_id uuid not null, author_credentials varchar(200), author_name varchar(200), content TEXT not null, primary key (id))
    Hibernate: create table clinical.encounter_note_history (changed_at timestamp(6) not null, encounter_id uuid not null, id uuid not null, note_id uuid, change_type varchar(30), changed_by varchar(120), content_snapshot TEXT, metadata_snapshot TEXT, template enum ('SOAP','SOAPIE'), primary key (id))
    Hibernate: create table clinical.encounter_note_links (created_at timestamp(6) not null, linked_at timestamp(6) not null, updated_at timestamp(6) not null, artifact_id uuid not null, id uuid not null, note_id uuid not null, artifact_code varchar(120), artifact_status varchar(120), artifact_display varchar(255), artifact_type enum ('CARE_PLAN','LAB_ORDER','OTHER','PRESCRIPTION','RADIOLOGY_ORDER','REFERRAL') not null, primary key (id), constraint uk_encounter_note_link unique (note_id, artifact_id, artifact_type))
    Hibernate: create table clinical.encounter_notes (attest_accuracy boolean not null, attest_no_abbreviations boolean not null, attest_spell_check boolean not null, late_entry boolean not null, created_at timestamp(6) not null, documented_at timestamp(6) not null, event_occurred_at timestamp(6), signed_at timestamp(6), updated_at timestamp(6) not null, author_staff_id uuid, author_user_id uuid not null, encounter_id uuid not null unique, hospital_id uuid not null, id uuid not null, patient_id uuid not null, author_credentials varchar(200), author_name varchar(200), signed_by_credentials varchar(200), signed_by_name varchar(200), chief_complaint TEXT, data_assessment TEXT, data_evaluation TEXT, data_implementation TEXT, data_objective TEXT, data_plan TEXT, data_subjective TEXT, diagnostic_results TEXT, history_present_illness TEXT, patient_instructions TEXT, physical_exam TEXT, review_of_systems TEXT, summary TEXT, template enum ('SOAP','SOAPIE') not null, primary key (id))
    Hibernate: create table clinical.encounter_treatments (created_at timestamp(6) not null, performed_at timestamp(6) not null, updated_at timestamp(6) not null, encounter_id uuid not null, id uuid not null, staff_id uuid, treatment_id uuid not null, outcome varchar(500), notes varchar(1000), primary key (id))
    Hibernate: create table clinical.encounters (created_at timestamp(6) not null, encounter_date timestamp(6) not null, updated_at timestamp(6) not null, version bigint, appointment_id uuid, assignment_id uuid not null, department_id uuid, hospital_id uuid not null, id uuid not null, patient_id uuid not null, staff_id uuid not null, code varchar(50) not null unique, created_by varchar(100), updated_by varchar(100), notes varchar(2048), extra_fields TEXT, encounter_type enum ('CONSULTATION','EMERGENCY','FOLLOW_UP','INPATIENT','LAB','OUTPATIENT','SURGERY') not null, status enum ('ARRIVED','CANCELLED','COMPLETED','IN_PROGRESS','SCHEDULED') not null, primary key (id))
    Hibernate: create table clinical.high_risk_plan_bp_logs (diastolic integer not null, heart_rate integer, list_order integer not null, reading_date date not null, systolic integer not null, log_id uuid not null, plan_id uuid not null, notes varchar(500), primary key (list_order, plan_id))
    Hibernate: create table clinical.high_risk_plan_care_team_members (list_order integer not null, plan_id uuid not null, contact varchar(120), member_role varchar(120), member_name varchar(150), coverage_notes varchar(300), primary key (list_order, plan_id))
    Hibernate: create table clinical.high_risk_plan_care_team_notes (list_order integer not null, logged_at timestamp(6) not null, note_id uuid not null, plan_id uuid not null, author varchar(120), follow_up varchar(500), summary varchar(500), primary key (list_order, plan_id))
    Hibernate: create table clinical.high_risk_plan_education_topics (list_order integer not null, plan_id uuid not null, topic varchar(150), guidance varchar(500), materials varchar(500), primary key (list_order, plan_id))
    Hibernate: create table clinical.high_risk_plan_emergency_symptoms (list_order integer not null, plan_id uuid not null, symptom varchar(240) not null, primary key (list_order, plan_id))
    Hibernate: create table clinical.high_risk_plan_lifestyle_factors (list_order integer not null, plan_id uuid not null, factor varchar(150) not null, primary key (list_order, plan_id))
    Hibernate: create table clinical.high_risk_plan_medication_logs (list_order integer not null, taken boolean not null, taken_at timestamp(6) not null, med_log_id uuid not null, plan_id uuid not null, dosage varchar(60), medication_name varchar(120) not null, notes varchar(500), primary key (list_order, plan_id))
    Hibernate: create table clinical.high_risk_plan_milestones (completed boolean not null, completed_at date, list_order integer not null, target_date date, milestone_id uuid not null, plan_id uuid not null, assigned_to varchar(120), location varchar(240), follow_up_actions varchar(500), summary varchar(500), milestone_type enum ('EDUCATION_TOUCHPOINT','HOME_MONITORING_REVIEW','MEDICATION_REVIEW','ROUTINE_VISIT','SPECIALIST_CONSULT','ULTRASOUND') not null, primary key (list_order, plan_id))
    Hibernate: create table clinical.high_risk_plan_preexisting_conditions (list_order integer not null, plan_id uuid not null, condition varchar(150) not null, primary key (list_order, plan_id))
    Hibernate: create table clinical.high_risk_plan_pregnancy_conditions (list_order integer not null, plan_id uuid not null, condition varchar(150) not null, primary key (list_order, plan_id))
    Hibernate: create table clinical.high_risk_plan_preventive_guidance (list_order integer not null, plan_id uuid not null, guidance varchar(240) not null, primary key (list_order, plan_id))
    Hibernate: create table clinical.high_risk_plan_support_resources (list_order integer not null, plan_id uuid not null, resource_type varchar(120), resource_name varchar(150), contact_details varchar(240), resource_url varchar(240), resource_notes varchar(300), primary key (list_order, plan_id))
    Hibernate: create table clinical.high_risk_pregnancy_plans (active boolean not null, last_specialist_review date, created_at timestamp(6) not null, updated_at timestamp(6) not null, hospital_id uuid not null, id uuid not null, patient_id uuid not null, risk_level varchar(60), visit_cadence varchar(150), coordination_notes varchar(500), delivery_recommendations TEXT, escalation_plan TEXT, home_monitoring_instructions TEXT, medication_plan TEXT, overall_notes TEXT, risk_notes TEXT, primary key (id))
    Hibernate: create table clinical.imaging_orders (attestation_confirmed boolean, contrast_required boolean, duplicate_of_recent_order boolean, has_contrast_allergy boolean, has_implanted_device boolean, needs_interpreter boolean, portable_study boolean, requires_authorization boolean, requires_follow_up_call boolean, requires_npo boolean, requires_pregnancy_test boolean, scheduled_date date, sedation_required boolean, cancelled_at timestamp(6), created_at timestamp(6) not null, ordered_at timestamp(6) not null, provider_signed_at timestamp(6), status_updated_at timestamp(6), updated_at timestamp(6) not null, cancelled_by_user_id uuid, duplicate_reference_order_id uuid, encounter_id uuid, hospital_id uuid not null, id uuid not null, ordering_provider_user_id uuid, patient_id uuid not null, status_updated_by uuid, ordering_provider_npi varchar(40), scheduled_time varchar(50), authorization_number varchar(120), contrast_type varchar(120), sedation_type varchar(120), body_region varchar(150), cancelled_by_name varchar(150), study_type varchar(150) not null, ordering_provider_name varchar(200), cancellation_reason varchar(500), contrast_allergy_details varchar(500), implanted_device_details varchar(500), sedation_notes varchar(500), additional_protocols varchar(1000), provider_signature_statement varchar(1000), special_instructions varchar(1000), workflow_notes varchar(1000), clinical_question varchar(2000), appointment_location varchar(255), laterality enum ('BILATERAL','LEFT','MIDLINE','NOT_APPLICABLE','RIGHT'), modality enum ('CT','DEXA','FLUOROSCOPY','INTERVENTIONAL_RADIOLOGY','MAMMOGRAPHY','MRI','NUCLEAR_MEDICINE','OTHER','PET','ULTRASOUND','XRAY') not null, priority enum ('ROUTINE','STAT','URGENT') not null, status enum ('CANCELLED','COMPLETED','DRAFT','IN_PROGRESS','ORDERED','PENDING_AUTHORIZATION','RESULTS_AVAILABLE','SCHEDULED') not null, primary key (id))
    Hibernate: create table clinical.imaging_report_attachments (position integer not null, created_at timestamp(6) not null, size_bytes bigint, report_id uuid not null, dicom_object_uid varchar(64), category varchar(80), content_type varchar(120), storage_bucket varchar(120), viewer_url varchar(500), file_name varchar(255), label varchar(255), storage_key varchar(255) not null, thumbnail_key varchar(255), primary key (position, report_id))
    Hibernate: create table clinical.imaging_report_measurements (is_abnormal boolean, numeric_value numeric(18,6), reference_max numeric(18,6), reference_min numeric(18,6), sequence_number integer, created_at timestamp(6) not null, id uuid not null, report_id uuid not null, unit varchar(50), plane varchar(80), modifier varchar(120), region varchar(120), label varchar(200), text_value varchar(500), notes varchar(1000), primary key (id))
    Hibernate: create table clinical.imaging_report_status_history (changed_at timestamp(6) not null, changed_by uuid, id uuid not null, imaging_order_id uuid not null, imaging_report_id uuid not null, client_source varchar(120), changed_by_name varchar(200), status_reason varchar(500), notes varchar(1000), status enum ('ADDENDUM','AMENDED','CANCELLED','CORRECTED','DRAFT','ERROR','FINAL','PRELIMINARY') not null, primary key (id))
    Hibernate: create table clinical.imaging_reports (attachments_count integer not null, contrast_administered boolean, is_latest_version boolean not null, is_locked_for_editing boolean, measurements_count integer not null, radiation_dose_mgy numeric(8,3), report_version integer not null, completed_at timestamp(6), created_at timestamp(6) not null, critical_result_acknowledged_at timestamp(6), critical_result_flagged_at timestamp(6), interpreted_at timestamp(6), last_status_synced_at timestamp(6), patient_notified_at timestamp(6), performed_at timestamp(6), signed_at timestamp(6), updated_at timestamp(6) not null, created_by uuid, critical_result_ack_by_staff_id uuid, department_id uuid, hospital_id uuid not null, id uuid not null, imaging_order_id uuid not null, interpreting_provider_id uuid, organization_id uuid, performed_by_staff_id uuid, signed_by_staff_id uuid, updated_by uuid, series_instance_uid varchar(64), study_instance_uid varchar(64), accession_number varchar(80), report_number varchar(80), external_report_id varchar(120), body_region varchar(150), external_system_name varchar(150), pacs_viewer_url varchar(500), contrast_details varchar(1000), comparison_studies TEXT, findings TEXT, impression TEXT, lock_reason varchar(255), recommendations TEXT, report_title varchar(255), technique TEXT, modality enum ('CT','DEXA','FLUOROSCOPY','INTERVENTIONAL_RADIOLOGY','MAMMOGRAPHY','MRI','NUCLEAR_MEDICINE','OTHER','PET','ULTRASOUND','XRAY'), report_status enum ('ADDENDUM','AMENDED','CANCELLED','CORRECTED','DRAFT','ERROR','FINAL','PRELIMINARY') not null, primary key (id))
    Hibernate: create table clinical.maternal_history (abortions integer, adequate_housing boolean, anxiety_present boolean, autoimmune_disorder boolean, caffeine_intake_daily integer, calculated_risk_score integer, cardiac_disease boolean, cigarettes_per_day integer, covid19_vaccination boolean, data_complete boolean, depression_screening_score integer, diabetes boolean, domestic_violence_concerns boolean, domestic_violence_screening boolean, eclampsia_history boolean, estimated_due_date date, estimated_due_date_by_ultrasound date, family_diabetes boolean, family_genetic_disorders boolean, family_hypertension boolean, family_pregnancy_complications boolean, family_twin_history boolean, fetal_anomaly_history boolean, financial_concerns boolean, flu_vaccination_current_season boolean, flu_vaccination_date date, folic_acid_supplementation boolean, food_security boolean, gestational_diabetes_history boolean, gravida integer, hellp_syndrome_history boolean, hepatitis_b_vaccination boolean, hypertension boolean, last_menstrual_period date, latex_allergy boolean, living_children integer, menstrual_cycle_length_days integer, mental_health_screening_completed boolean, occupational_hazards boolean, para integer, placenta_previa_history boolean, placental_abruption_history boolean, postpartum_hemorrhage_history boolean, preeclampsia_history boolean, prenatal_vitamins_start_date date, prenatal_vitamins_started boolean, preterm_births integer, preterm_labor_history boolean, previous_abdominal_surgery boolean, previous_cesarean_sections integer, previous_uterine_surgery boolean, recreational_drug_use boolean, renal_disease boolean, requires_specialist_referral boolean, reviewed_by_provider boolean, smoking_cessation_date date, tdap_vaccination boolean, tdap_vaccination_date date, term_births integer, thyroid_disorder boolean, ultrasound_confirmation_date date, version_number integer not null, zika_risk_exposure boolean, created_at timestamp(6) not null, recorded_date timestamp(6) not null, review_timestamp timestamp(6), reviewed_by_staff_id bigint, updated_at timestamp(6) not null, hospital_id uuid not null, id uuid not null, patient_id uuid not null, recorded_by_staff_id uuid, alcohol_use varchar(50), exercise_frequency varchar(50), menstrual_cycle_regularity varchar(50), risk_category varchar(50), smoking_status varchar(50), diet_type varchar(100), alcohol_use_details varchar(500), exercise_details varchar(500), update_reason varchar(500), additional_notes TEXT, allergies TEXT, chronic_conditions TEXT, clinical_notes TEXT, complications_details TEXT, contraception_method_prior varchar(255), current_medications TEXT, diet_description TEXT, domestic_violence_details TEXT, drug_allergies TEXT, environmental_exposures TEXT, family_history_details TEXT, family_medical_history TEXT, identified_risk_factors TEXT, immunization_notes TEXT, mental_health_conditions TEXT, occupational_hazards_details TEXT, pet_exposure varchar(255), previous_pregnancy_complications TEXT, previous_pregnancy_outcomes TEXT, psychosocial_notes TEXT, rubella_immunity varchar(255), specialist_referral_reason TEXT, substance_use TEXT, substance_use_details TEXT, support_system TEXT, surgical_history TEXT, travel_history TEXT, varicella_immunity varchar(255), primary key (id))
    Hibernate: create table clinical.newborn_assessment_alerts (alert_order integer not null, created_at timestamp(6) not null, assessment_id uuid not null, alert_code varchar(64), triggered_by varchar(120), alert_message TEXT not null, alert_severity enum ('CAUTION','INFO','URGENT') not null, alert_type enum ('APGAR','CARDIOVASCULAR','GENERAL','GLUCOSE','OXYGENATION','RESPIRATORY','THERMOREGULATION') not null, primary key (alert_order, assessment_id))
    Hibernate: create table clinical.newborn_assessment_education_topics (assessment_id uuid not null, topic enum ('BREASTFEEDING_SUPPORT','CORD_CARE','FEEDING_CUES','FOLLOW_UP_APPOINTMENTS','FORMULA_FEEDING_GUIDANCE','JAUNDICE_MONITORING','NEWBORN_SAFETY_CHECKS','SAFE_SLEEP','THERMOREGULATION','WHEN_TO_SEEK_CARE') not null, primary key (assessment_id, topic))
    Hibernate: create table clinical.newborn_assessment_follow_up_actions (assessment_id uuid not null, action enum ('FEEDING_SUPPORT','GLUCOSE_MONITORING','MONITORING_RECHECK','NICU_CONSULT','OXYGEN_THERAPY','PARENT_EDUCATION_REINFORCEMENT','PEDIATRICIAN_NOTIFICATION','RESPIRATORY_SUPPORT','SEPSIS_EVALUATION','THERMAL_SUPPORT') not null, primary key (assessment_id, action))
    Hibernate: create table clinical.newborn_assessments (apgar_five_minute integer, apgar_one_minute integer, apgar_ten_minute integer, diastolic_bp_mm_hg integer, escalation_recommended boolean not null, glucose_mg_dl integer, glucose_protocol_initiated boolean not null, heart_rate_bpm integer, late_entry boolean not null, oxygen_saturation_percent integer, parent_education_completed boolean not null, respirations_per_min integer, respiratory_support_initiated boolean not null, systolic_bp_mm_hg integer, temperature_celsius float(53), thermoregulation_support_initiated boolean not null, assessment_time timestamp(6) not null, created_at timestamp(6) not null, documented_at timestamp(6) not null, original_entry_time timestamp(6), updated_at timestamp(6) not null, documented_by_user_id uuid, hospital_id uuid not null, id uuid not null, patient_id uuid not null, recorded_by_staff_id uuid, registration_id uuid, apgar_notes TEXT, exam_abdomen TEXT, exam_cardiac TEXT, exam_chest_lungs TEXT, exam_general_appearance TEXT, exam_genitourinary TEXT, exam_head_neck TEXT, exam_musculoskeletal TEXT, exam_neurological TEXT, exam_notes TEXT, exam_skin TEXT, follow_up_notes TEXT, parent_education_notes TEXT, primary key (id))
    Hibernate: create table clinical.nursing_note_addenda (attest_accuracy boolean not null, attest_no_abbreviations boolean not null, created_at timestamp(6) not null, documented_at timestamp(6) not null, event_occurred_at timestamp(6), signed_at timestamp(6), updated_at timestamp(6) not null, author_staff_id uuid, author_user_id uuid not null, id uuid not null, note_id uuid not null, author_credentials varchar(200), author_name varchar(200), content TEXT not null, primary key (id))
    Hibernate: create table clinical.nursing_note_education_entries (entry_order integer not null, note_id uuid not null, teaching_method varchar(120), topic varchar(150), patient_understanding varchar(400), reinforcement_actions varchar(400), education_summary TEXT, primary key (entry_order, note_id))
    Hibernate: create table clinical.nursing_note_interventions (entry_order integer not null, linked_medication_task_id uuid, linked_order_id uuid, note_id uuid not null, description varchar(400), follow_up_actions varchar(400), primary key (entry_order, note_id))
    Hibernate: create table clinical.nursing_notes (attest_accuracy boolean not null, attest_no_abbreviations boolean not null, attest_spell_check boolean not null, late_entry boolean not null, readability_score float(53), created_at timestamp(6) not null, documented_at timestamp(6) not null, event_occurred_at timestamp(6), signed_at timestamp(6), updated_at timestamp(6) not null, author_staff_id uuid, author_user_id uuid not null, hospital_id uuid not null, id uuid not null, patient_id uuid not null, author_credentials varchar(200), author_name varchar(200), signed_by_credentials varchar(200), signed_by_name varchar(200), action_summary TEXT, data_assessment TEXT, data_evaluation TEXT, data_implementation TEXT, data_objective TEXT, data_plan TEXT, data_subjective TEXT, education_summary TEXT, narrative TEXT, response_summary TEXT, template enum ('DAR','SOAPIE') not null, primary key (id))
    Hibernate: create table clinical.obgyn_referral_attachments (created_at timestamp(6) not null, size_bytes bigint, updated_at timestamp(6) not null, uploaded_at timestamp(6), id uuid not null, referral_id uuid not null, uploaded_by uuid not null, content_type varchar(128), storage_key varchar(512) not null, display_name varchar(255) not null, category enum ('CONSENT','LAB_RESULT','NOTE','OTHER','ULTRASOUND') not null, primary key (id))
    Hibernate: create table clinical.obgyn_referral_messages (read boolean not null, created_at timestamp(6) not null, sent_at timestamp(6), updated_at timestamp(6) not null, id uuid not null, referral_id uuid not null, sender_user_id uuid not null, attachments TEXT, body TEXT not null, primary key (id))
    Hibernate: create table clinical.obgyn_referrals (attachments_present boolean not null, gestational_age_weeks integer, ongoing_midwifery_care boolean not null, acknowledgement_timestamp timestamp(6), cancelled_timestamp timestamp(6), care_team_updated_at timestamp(6), completion_timestamp timestamp(6), created_at timestamp(6) not null, letter_generated_at timestamp(6), sla_due_at timestamp(6), updated_at timestamp(6) not null, encounter_id uuid, hospital_id uuid not null, id uuid not null, midwife_user_id uuid not null, obgyn_user_id uuid, patient_id uuid not null, created_by varchar(120), updated_by varchar(120), letter_storage_path varchar(512), cancellation_reason TEXT, care_context enum ('ANTENATAL','INTRAPARTUM','POSTPARTUM') not null, clinical_indication TEXT, history_summary TEXT, midwife_contact_snapshot TEXT, patient_contact_snapshot TEXT, plan_summary TEXT, referral_reason TEXT not null, status enum ('ACKNOWLEDGED','CANCELLED','COMPLETED','IN_PROGRESS','SUBMITTED') not null, transfer_type enum ('CONSULTATION','SHARED_CARE','TRANSFER_OF_CARE') not null, urgency enum ('PRIORITY','ROUTINE','URGENT') not null, primary key (id))
    Hibernate: create table clinical.patient_allergies (active boolean not null, last_occurrence_date date, onset_date date, recorded_date date, created_at timestamp(6) not null, updated_at timestamp(6) not null, hospital_id uuid not null, id uuid not null, patient_id uuid not null, recorded_by_staff_id uuid, allergen_code varchar(64), category varchar(100), source_system varchar(100), reaction_notes varchar(1024), allergen_display varchar(255) not null, reaction varchar(255), severity enum ('LIFE_THREATENING','MILD','MODERATE','SEVERE','UNKNOWN'), verification_status enum ('CONFIRMED','ENTERED_IN_ERROR','PROVISIONAL','REFUTED','UNCONFIRMED'), primary key (id))
    Hibernate: create table clinical.patient_chart_attachments (position integer not null, size_bytes bigint, chart_update_id uuid not null, category varchar(60), sha256 varchar(64), content_type varchar(120), file_name varchar(255), label varchar(255), storage_key varchar(255) not null, primary key (position, chart_update_id))
    Hibernate: create table clinical.patient_chart_section_entries (occurred_on date, position integer not null, sensitive_flag boolean, chart_update_id uuid not null, linked_resource_id uuid, severity varchar(50), status varchar(50), code varchar(64), source_system varchar(120), author_notes varchar(2048), narrative varchar(2048), details_json TEXT, display varchar(255), section_type enum ('ALLERGY','CARE_PLAN','DIAGNOSIS','FAMILY_HISTORY','HOSPITALIZATION','IMMUNIZATION','MEDICAL_HISTORY','MEDICATION','NOTE','OTHER','PROBLEM','SOCIAL_FACTOR','SOCIAL_HISTORY','SURGICAL_HISTORY') not null, primary key (position, chart_update_id))
    Hibernate: create table clinical.patient_chart_updates (attachment_count integer, include_sensitive boolean not null, notify_care_team boolean not null, section_count integer, version_number integer not null, created_at timestamp(6) not null, notification_sent_at timestamp(6), updated_at timestamp(6) not null, assignment_id uuid not null, hospital_id uuid not null, id uuid not null, patient_id uuid not null, recorded_by_staff_id uuid not null, update_reason varchar(512) not null, summary varchar(1024), primary key (id), constraint uq_chart_update_version unique (patient_id, hospital_id, version_number))
    Hibernate: create table clinical.patient_consents (consent_given boolean not null, consent_expiration timestamp(6), consent_timestamp timestamp(6) not null, created_at timestamp(6) not null, updated_at timestamp(6) not null, from_hospital_id uuid not null, id uuid not null, patient_id uuid not null, to_hospital_id uuid not null, purpose varchar(1024), primary key (id), constraint uq_consent_patient_from_to unique (patient_id, from_hospital_id, to_hospital_id))
    Hibernate: create table clinical.patient_education_progress (access_count integer not null, confirmed_understanding boolean not null, needs_clarification boolean not null, progress_percentage integer not null, rating integer, completed_at timestamp(6), created_at timestamp(6) not null, discussed_with_provider_at timestamp(6), last_accessed_at timestamp(6), started_at timestamp(6), time_spent_seconds bigint not null, updated_at timestamp(6) not null, hospital_id uuid not null, id uuid not null, patient_id uuid not null, provider_id uuid, resource_id uuid not null, clarification_request varchar(1000), provider_notes varchar(1000), feedback varchar(2000), comprehension_status enum ('COMPLETED','CONFIRMED_UNDERSTANDING','FEEDBACK_PROVIDED','IN_PROGRESS','NEEDS_CLARIFICATION','NOT_STARTED') not null, primary key (id))
    Hibernate: create table clinical.patient_education_questions (appointment_scheduled boolean not null, is_answered boolean not null, is_urgent boolean not null, requires_in_person_discussion boolean not null, answered_at timestamp(6), created_at timestamp(6) not null, updated_at timestamp(6) not null, answered_by_staff_id uuid, hospital_id uuid not null, id uuid not null, patient_id uuid not null, related_appointment_id uuid, resource_id uuid, category varchar(100), provider_notes varchar(1000), question varchar(1000) not null, answer TEXT, primary key (id))
    Hibernate: create table clinical.patient_family_history (active boolean, age_at_onset integer, clinically_significant boolean, generation integer, genetic_condition boolean, genetic_testing_done boolean, is_autoimmune boolean, is_cancer boolean, is_cardiovascular boolean, is_diabetes boolean, is_mental_health boolean, is_neurological boolean, recommended_age_for_screening integer, recorded_date date not null, relative_age integer, relative_age_at_death integer, relative_living boolean, risk_factor_for_patient boolean, screening_recommended boolean, verification_date date, verified boolean, created_at timestamp(6) not null, updated_at timestamp(6) not null, hospital_id uuid not null, id uuid not null, patient_id uuid not null, recorded_by_staff_id uuid, relative_gender varchar(20), condition_code varchar(50), relationship_side varchar(50), severity varchar(50), condition_category varchar(100), inheritance_pattern varchar(100), outcome varchar(100), pedigree_id varchar(100), relationship varchar(100) not null, relative_name varchar(200), cause_of_death varchar(500), notes varchar(2048), condition_display varchar(255) not null, genetic_marker varchar(255), screening_type varchar(255), source_of_information varchar(255), primary key (id))
    Hibernate: create table clinical.patient_hospital_registrations (is_active boolean not null, registration_date date not null, created_at timestamp(6) not null, stay_status_updated_at timestamp(6), updated_at timestamp(6) not null, hospital_id uuid not null, id uuid not null, patient_id uuid not null, ready_by_staff_id uuid, current_bed varchar(30), current_room varchar(30), mrn varchar(50) not null, attending_physician_name varchar(150), ready_for_discharge_note varchar(1000), patient_name varchar(255), stay_status enum ('ADMITTED','DISCHARGED','HOLD','READY_FOR_DISCHARGE','REGISTERED','TRANSFERRED') not null, primary key (id), constraint uq_phr_patient_hospital unique (patient_id, hospital_id), constraint uq_phr_mrn_hospital unique (mrn, hospital_id))
    Hibernate: create table clinical.patient_immunization (active boolean, administration_date date not null, adverse_reaction boolean, consent_date date, consent_obtained boolean, contraindication boolean, dose_number integer, dose_quantity float(53), expiration_date date, insurance_reported boolean, next_dose_due_date date, occupational_requirement boolean, overdue boolean, pregnancy_related boolean, registry_reported boolean, registry_reported_date date, reminder_sent boolean, reminder_sent_date date, required_for_school boolean, required_for_travel boolean, total_doses_in_series integer, verified boolean, vis_date date, vis_given boolean, created_at timestamp(6) not null, updated_at timestamp(6) not null, administered_by_staff_id uuid, encounter_id uuid, hospital_id uuid not null, id uuid not null, patient_id uuid not null, ndc_code varchar(20), dose_unit varchar(50), reaction_severity varchar(50), route varchar(50), status varchar(50) not null, vaccine_code varchar(50), external_reference_id varchar(100), lot_number varchar(100), site varchar(100), source_of_record varchar(100), vaccine_type varchar(100), manufacturer varchar(200), contraindication_reason varchar(500), status_reason varchar(500), reaction_description varchar(1000), notes varchar(2048), target_disease varchar(255), vaccine_display varchar(255) not null, primary key (id))
    Hibernate: create table clinical.patient_insurances (effective_date date, expiration_date date, is_primary boolean not null, created_at timestamp(6) not null, updated_at timestamp(6) not null, linked_as varchar(10), assignment_id uuid, id uuid not null, linked_by_user_id uuid, patient_id uuid, payer_code varchar(50), subscriber_relationship varchar(50), group_number varchar(100), policy_number varchar(100) not null, provider_name varchar(150) not null, subscriber_name varchar(150), primary key (id), constraint uq_insurance_patient_provider_policy unique (patient_id, provider_name, policy_number))
    Hibernate: create table clinical.patient_primary_care (end_date date, is_current boolean not null, start_date date not null, created_at timestamp(6) not null, updated_at timestamp(6) not null, assignment_id uuid not null, hospital_id uuid not null, id uuid not null, patient_id uuid not null, notes varchar(512), primary key (id), unique (patient_id, hospital_id, is_current))
    Hibernate: create table clinical.patient_problem_history (changed_at timestamp(6) not null, created_at timestamp(6) not null, updated_at timestamp(6) not null, changed_by_user_id uuid, hospital_id uuid not null, id uuid not null, patient_id uuid not null, problem_id uuid not null, changed_by_name varchar(200), reason varchar(2000), snapshot_after TEXT, snapshot_before TEXT, change_type enum ('CHRONICITY_CHANGED','CREATED','DELETED','STATUS_CHANGED','UPDATED') not null, primary key (id))
    Hibernate: create table clinical.patient_problems (is_chronic boolean not null, onset_date date, resolved_date date, created_at timestamp(6) not null, last_reviewed_at timestamp(6), updated_at timestamp(6) not null, hospital_id uuid not null, id uuid not null, patient_id uuid not null, recorded_by_staff_id uuid, icd_version varchar(20), problem_code varchar(50), source_system varchar(100), status_change_reason varchar(500), notes varchar(2048), supporting_evidence varchar(4096), diagnosis_codes TEXT, problem_display varchar(255) not null, severity enum ('LIFE_THREATENING','MILD','MODERATE','SEVERE','UNKNOWN'), status enum ('ACTIVE','INACTIVE','RECURRENCE','RESOLVED') not null, primary key (id))
    Hibernate: create table clinical.patient_social_history (abuse_history boolean, active boolean, alcohol_binge_drinking boolean, alcohol_drinks_per_week integer, alcohol_use boolean, domestic_violence_screening boolean, exercise_minutes_per_week integer, feels_safe_at_home boolean, financial_barriers boolean, has_primary_caregiver boolean, health_literacy_concerns boolean, household_members integer, housing_stability boolean, interpreter_needed boolean, intravenous_drug_use boolean, mental_health_support boolean, number_of_partners integer, recorded_date date not null, recreational_drug_use boolean, sexually_active boolean, social_isolation_risk boolean, sti_history boolean, substance_abuse_treatment boolean, tobacco_packs_per_day float(53), tobacco_quit_date date, tobacco_use boolean, tobacco_years_used integer, transportation_access boolean, version_number integer, created_at timestamp(6) not null, updated_at timestamp(6) not null, hospital_id uuid not null, id uuid not null, patient_id uuid not null, recorded_by_staff_id uuid, employment_status varchar(50), marital_status varchar(50), preferred_language varchar(50), stress_level varchar(50), alcohol_frequency varchar(100), diet_type varchar(100), education_level varchar(100), exercise_frequency varchar(100), insurance_status varchar(100), living_arrangement varchar(100), tobacco_type varchar(100), occupation varchar(200), diet_restrictions varchar(500), drug_types_used varchar(500), social_support_network varchar(500), alcohol_notes varchar(1000), coping_mechanisms varchar(1000), nutritional_concerns varchar(1000), occupational_hazards varchar(1000), safety_concerns varchar(1000), sexual_health_notes varchar(1000), stress_sources varchar(1000), substance_notes varchar(1000), tobacco_notes varchar(1000), additional_notes varchar(2048), contraception_use varchar(255), exercise_type varchar(255), primary key (id))
    Hibernate: create table clinical.patient_surgical_history (procedure_date date, created_at timestamp(6) not null, last_updated_at timestamp(6), updated_at timestamp(6) not null, hospital_id uuid not null, id uuid not null, patient_id uuid not null, performed_by_staff_id uuid, procedure_code varchar(50), source_system varchar(100), location varchar(150), notes varchar(2048), procedure_display varchar(255) not null, outcome enum ('COMPLICATION','IMPROVED','SUCCESS','UNCHANGED','WORSENED'), primary key (id))
    Hibernate: create table clinical.patient_vital_signs (blood_glucose_mg_dl integer, clinically_significant boolean not null, diastolic_bp_mm_hg integer, heart_rate_bpm integer, respiratory_rate_bpm integer, spo2_percent integer, systolic_bp_mm_hg integer, temperature_celsius float(53), weight_kg float(53), created_at timestamp(6) not null, recorded_at timestamp(6) not null, updated_at timestamp(6) not null, hospital_id uuid, id uuid not null, patient_id uuid not null, recorded_by_assignment_id uuid, recorded_by_staff_id uuid, registration_id uuid, body_position varchar(40), source varchar(40), notes varchar(1000), primary key (id))
    Hibernate: create table clinical.patients (date_of_birth date not null, is_active boolean not null, blood_type varchar(5), created_at timestamp(6) not null, updated_at timestamp(6) not null, gender varchar(10), department_id uuid, hospital_id uuid, id uuid not null, organization_id uuid, user_id uuid not null unique, emergency_contact_phone varchar(20), emergency_contact_relationship varchar(50), city varchar(100), country varchar(100), emergency_contact_name varchar(100), first_name varchar(100) not null, last_name varchar(100) not null, middle_name varchar(100), phone_number_primary varchar(100) not null unique, phone_number_secondary varchar(100), state varchar(100), zip_code varchar(100), email varchar(150) not null unique, address varchar(1024), care_team_notes varchar(2000), allergies varchar(2048), chronic_conditions varchar(2048), medical_history_summary varchar(2048), address_line1 varchar(255), address_line2 varchar(255), preferred_pharmacy varchar(255), primary key (id))
    Hibernate: create table clinical.pharmacy_fills (days_supply integer, fill_date date not null, is_controlled_substance boolean, is_generic_substitution boolean, quantity_dispensed numeric(12,2), refill_number integer, created_at timestamp(6) not null, updated_at timestamp(6) not null, hospital_id uuid not null, id uuid not null, patient_id uuid not null, prescription_id uuid, ndc_code varchar(20), pharmacy_ncpdp varchar(20), rxnorm_code varchar(20), pharmacy_npi varchar(50), prescriber_dea varchar(50), prescriber_npi varchar(50), quantity_unit varchar(60), dosage_form varchar(80), source_system varchar(100), strength varchar(100), pharmacy_phone varchar(120), pharmacy_address varchar(500), directions varchar(1000), notes varchar(1000), external_reference_id varchar(255), medication_name varchar(255) not null, pharmacy_name varchar(255), prescriber_name varchar(255), primary key (id))
    Hibernate: create table clinical.postpartum_care_plans (active boolean not null, contact_info_verified boolean not null, discharge_checklist_complete boolean not null, hemorrhage_protocol_confirmed boolean not null, immediate_observation_target integer not null, immediate_observations_completed integer not null, immediate_window_completed boolean not null, immunizations_updated boolean not null, mental_health_referral_outstanding boolean not null, pain_followup_outstanding boolean not null, postpartum_visit_date date, rh_immunoglobulin_completed boolean not null, shift_frequency_minutes integer not null, social_support_referral_outstanding boolean not null, uterotonic_availability_confirmed boolean not null, closed_at timestamp(6), created_at timestamp(6) not null, delivery_occurred_at timestamp(6), last_observation_at timestamp(6), next_due_at timestamp(6), overdue_since timestamp(6), stabilization_achieved_at timestamp(6), updated_at timestamp(6) not null, hospital_id uuid not null, id uuid not null, patient_id uuid not null, registration_id uuid, follow_up_contact_method varchar(120), escalation_reason varchar(500), discharge_safety_notes TEXT, active_phase enum ('DISCHARGE_PLANNING','ENHANCED_MONITORING','IMMEDIATE_RECOVERY','SHIFT_BASELINE') not null, primary key (id))
    Hibernate: create table clinical.postpartum_observation_alerts (alert_order integer not null, created_at timestamp(6) not null, observation_id uuid not null, alert_code varchar(64), triggered_by varchar(120), alert_message TEXT not null, alert_severity enum ('CAUTION','INFO','URGENT') not null, alert_type enum ('EDUCATION','FOLLOW_UP','HEMORRHAGE','INFECTION','PAIN','PSYCHOSOCIAL') not null, primary key (alert_order, observation_id))
    Hibernate: create table clinical.postpartum_observation_education_topics (observation_id uuid not null, topic enum ('BOWEL_AND_BLADDER_SELF_CARE','BREAST_CARE_LACTATION','BREAST_ENGORGEMENT_RELIEF','CONTRACEPTION_OPTIONS','PERINEAL_HYGIENE','POSTPARTUM_DEPRESSION_SIGNS','RESUMPTION_OF_SEXUAL_ACTIVITY','SUPPORT_RESOURCES','UTERINE_INVOLUTION','WARNING_SIGNS_FEVER','WARNING_SIGNS_LEG_SWELLING','WARNING_SIGNS_LOCHIA_ODOR','WARNING_SIGNS_PERSISTENT_PAIN','WARNING_SIGNS_URINARY_URGENCY') not null, primary key (observation_id, topic))
    Hibernate: create table clinical.postpartum_observations (chills_or_rigors boolean not null, contact_info_verified boolean not null, diastolic_bp_mm_hg integer, discharge_checklist_complete boolean not null, education_completed boolean not null, estimated_blood_loss_ml integer, excessive_bleeding boolean not null, foul_lochia_odor boolean not null, fundus_height_cm integer, hemorrhage_protocol_activated boolean not null, hemorrhage_protocol_confirmed boolean not null, immunizations_updated boolean not null, late_entry boolean not null, mental_health_referral_suggested boolean not null, pain_management_referral_suggested boolean not null, pain_score integer check ((pain_score>=0) and (pain_score<=10)), postpartum_visit_date date, pulse_bpm integer, respirations_per_min integer, rh_immunoglobulin_completed boolean not null, social_support_referral_suggested boolean not null, systolic_bp_mm_hg integer, temperature_celsius float(53), uterine_atony_suspected boolean not null, uterine_tenderness boolean not null, uterotonic_availability_confirmed boolean not null, uterotonic_given boolean not null, created_at timestamp(6) not null, documented_at timestamp(6) not null, next_due_at_snapshot timestamp(6), observation_time timestamp(6) not null, original_entry_time timestamp(6), overdue_since_snapshot timestamp(6), signed_at timestamp(6), updated_at timestamp(6) not null, care_plan_id uuid not null, documented_by_user_id uuid, hospital_id uuid not null, id uuid not null, patient_id uuid not null, recorded_by_staff_id uuid, registration_id uuid, supersedes_observation_id uuid, follow_up_contact_method varchar(120), signoff_credentials varchar(200), signoff_name varchar(200), lochia_notes varchar(250), perineum_findings varchar(1000), discharge_safety_notes TEXT, education_notes TEXT, psychosocial_notes TEXT, bladder_status enum ('CATHETER_IN_PLACE','DISTENDED','NEEDS_STRAIGHT_CATHETERIZATION','UNABLE_TO_VOID','UNKNOWN','VOIDED_SPONTANEOUSLY','VOIDED_WITH_ASSISTANCE'), fundus_tone enum ('BOGGY','DEVIATED','FIRM','NOT_PALPABLE','SLIGHTLY_BOGGY','UNKNOWN'), lochia_amount enum ('EXCESSIVE','HEAVY','LIGHT','MODERATE','NONE','SCANT'), lochia_character enum ('ALBA','BROWN_TINGED','FOUL_ODOR','FRESH_RED','OTHER','RUBRA','SEROSA','WITH_CLOTS'), mood_status enum ('ANXIOUS','CALM','CONTENT','DEPRESSED','EUPHORIC','IRRITABLE','OTHER','TEARFUL','WITHDRAWN'), schedule_phase_at_entry enum ('DISCHARGE_PLANNING','ENHANCED_MONITORING','IMMEDIATE_RECOVERY','SHIFT_BASELINE'), sleep_status enum ('ADEQUATE','EXHAUSTED','INTERRUPTED','RESTED','UNKNOWN'), support_status enum ('ADEQUATE','LIMITED','NONE','ROBUST','UNKNOWN'), primary key (id))
    Hibernate: create table clinical.prescription_alerts (acknowledged boolean not null, alert_order integer not null, blocking boolean not null, acknowledged_at timestamp(6), prescription_id uuid not null, severity varchar(20), alert_type varchar(40), reference_code varchar(120), message TEXT, primary key (alert_order, prescription_id))
    Hibernate: create table clinical.prescription_instructions (instruction_order integer not null, patient_acknowledged boolean not null, acknowledged_at timestamp(6), language_code varchar(10), prescription_id uuid not null, label varchar(120), education_url varchar(512), instruction_text varchar(1024), primary key (instruction_order, prescription_id))
    Hibernate: create table clinical.prescription_transmissions (attempt_count integer, created_at timestamp(6) not null, last_attempted_at timestamp(6), updated_at timestamp(6) not null, id uuid not null, prescription_id uuid not null, channel varchar(40), status varchar(40), destination_reference varchar(120), destination varchar(255), status_reason TEXT, payload JSONB, primary key (id))
    Hibernate: create table clinical.prescriptions (allergies_reviewed boolean not null, contraindications_reviewed boolean not null, controlled_substance boolean not null, inpatient_order boolean not null, interactions_reviewed boolean not null, quantity numeric(12,2), refills_allowed integer, refills_remaining integer, requires_cosign boolean not null, acknowledged_at timestamp(6), cosigned_at timestamp(6), created_at timestamp(6) not null, dispatched_at timestamp(6), two_factor_verified_at timestamp(6), updated_at timestamp(6) not null, version bigint, assignment_id uuid not null, cosigned_by_staff_id uuid, encounter_id uuid not null, hospital_id uuid not null, id uuid not null, patient_id uuid not null, pharmacy_id uuid, staff_id uuid not null, dispatch_channel varchar(40), dispatch_status varchar(40), dose_unit varchar(40), two_factor_method varchar(40), pharmacy_npi varchar(50), quantity_unit varchar(60), medication_code varchar(64), route varchar(80), dosage varchar(100), duration varchar(100), frequency varchar(100), dispatch_reference varchar(120), pharmacy_contact varchar(120), two_factor_reference varchar(120), notes varchar(1024), override_reason varchar(1024), instructions varchar(2048), medication_display_name varchar(255), medication_name varchar(255) not null, pharmacy_address varchar(255), pharmacy_name varchar(255), education_material_json JSONB, patient_instruction_json JSONB, status enum ('CANCELLED','DISCONTINUED','DRAFT','PENDING_SIGNATURE','SIGNED','TRANSMISSION_FAILED','TRANSMITTED') not null, primary key (id))
    Hibernate: create table clinical.procedure_orders (blood_products_required boolean, consent_obtained boolean, estimated_duration_minutes integer, imaging_guidance_required boolean, requires_anesthesia boolean, requires_sedation boolean, site_marked boolean, cancelled_at timestamp(6), completed_at timestamp(6), consent_obtained_at timestamp(6), created_at timestamp(6) not null, ordered_at timestamp(6) not null, scheduled_datetime timestamp(6), updated_at timestamp(6) not null, encounter_id uuid, hospital_id uuid not null, id uuid not null, ordering_provider_id uuid not null, patient_id uuid not null, laterality varchar(20), anesthesia_type varchar(50), procedure_code varchar(50), sedation_type varchar(50), procedure_category varchar(100), consent_form_location varchar(500), cancellation_reason TEXT, clinical_notes TEXT, consent_obtained_by varchar(255), indication TEXT not null, pre_procedure_instructions TEXT, procedure_name varchar(255) not null, special_equipment_needed TEXT, status enum ('CANCELLED','COMPLETED','IN_PROGRESS','ORDERED','POSTPONED','PRE_OP_CLEARANCE_PENDING','READY_FOR_PROCEDURE','SCHEDULED') not null, urgency enum ('ELECTIVE','EMERGENT','ROUTINE','URGENT') not null, primary key (id))
    Hibernate: create table clinical.refill_requests (created_at timestamp(6) not null, updated_at timestamp(6) not null, id uuid not null, patient_id uuid not null, prescription_id uuid not null, preferred_pharmacy varchar(500), patient_notes varchar(1000), provider_notes varchar(1000), status enum ('APPROVED','CANCELLED','DENIED','DISPENSED','REQUESTED') not null, primary key (id))
    Hibernate: create table clinical.treatment_plan_followups (due_on date, completed_at timestamp(6), created_at timestamp(6) not null, updated_at timestamp(6) not null, assigned_staff_id uuid, id uuid not null, treatment_plan_id uuid not null, instructions TEXT, label varchar(255), status enum ('CANCELLED','COMPLETED','IN_PROGRESS','PENDING') not null, primary key (id))
    Hibernate: create table clinical.treatment_plan_reviews (created_at timestamp(6) not null, updated_at timestamp(6) not null, id uuid not null, reviewer_staff_id uuid not null, treatment_plan_id uuid not null, comment TEXT, action enum ('APPROVED','CHANGES_REQUESTED','SENT_BACK','SIGNED_OFF') not null, primary key (id))
    Hibernate: create table clinical.treatment_plans (patient_visibility boolean not null, timeline_review_date date, timeline_start_date date, created_at timestamp(6) not null, patient_visibility_at timestamp(6), sign_off_at timestamp(6), updated_at timestamp(6) not null, version bigint, assignment_id uuid not null, author_staff_id uuid not null, encounter_id uuid, hospital_id uuid not null, id uuid not null, patient_id uuid not null, sign_off_by uuid, supervising_staff_id uuid, follow_up_summary TEXT, problem_statement TEXT not null, timeline_summary TEXT, lifestyle_plan_json JSONB, medication_plan_json JSONB, referral_plan_json JSONB, responsible_parties_json JSONB, status enum ('APPROVED','ARCHIVED','CANCELLED','DRAFT','IN_REVIEW','REVISIONS_REQUIRED') not null, therapeutic_goals_json JSONB, primary key (id))
    Hibernate: create table clinical.treatments (active boolean not null, duration_minutes integer, price numeric(10,2) not null, created_at timestamp(6) not null, updated_at timestamp(6) not null, assignment_id uuid not null, department_id uuid not null, hospital_id uuid not null, id uuid not null, description varchar(1000), name varchar(255) not null, primary key (id), constraint uq_treatment_hospital_name unique (hospital_id, name))
    Hibernate: create table clinical.ultrasound_orders (gestational_age_at_order integer, is_high_risk_pregnancy boolean, scan_count_for_pregnancy integer, scheduled_date date, cancelled_at timestamp(6), created_at timestamp(6) not null, ordered_date timestamp(6) not null, updated_at timestamp(6) not null, hospital_id uuid not null, id uuid not null, patient_id uuid not null, priority varchar(20), cancelled_by varchar(200), ordered_by varchar(200), appointment_location varchar(500), cancellation_reason varchar(500), high_risk_notes varchar(1000), special_instructions varchar(1000), clinical_indication varchar(2000), scheduled_time varchar(255), scan_type enum ('ANATOMY_SCAN','BIOPHYSICAL_PROFILE','CERVICAL_LENGTH','DOPPLER_STUDY','GROWTH_SCAN','HIGH_RISK_FOLLOW_UP','NUCHAL_TRANSLUCENCY','OTHER') not null, status enum ('CANCELLED','COMPLETED','IN_PROGRESS','ORDERED','REPORT_AVAILABLE','SCHEDULED') not null, primary key (id))
    Hibernate: create table clinical.ultrasound_reports (abdominal_circumference_mm float(53), amniotic_fluid_index float(53), anatomy_survey_complete boolean, anomalies_detected boolean, biparietal_diameter_mm float(53), cervical_length_mm float(53), crown_rump_length_mm float(53), due_date_confirmed boolean, estimated_due_date date, estimated_fetal_weight_grams integer, femur_length_mm float(53), fetal_cardiac_activity boolean, fetal_heart_rate integer, fetal_movement_observed boolean, fetal_tone_normal boolean, follow_up_required boolean, genetic_screening_recommended boolean, gestational_age_at_scan integer, gestational_age_days integer, head_circumference_mm float(53), nasal_bone_present boolean, next_ultrasound_recommended_weeks integer, nuchal_translucency_mm float(53), number_of_fetuses integer, patient_notified boolean, report_reviewed_by_provider boolean, scan_date date not null, specialist_referral_needed boolean, created_at timestamp(6) not null, patient_notified_at timestamp(6), report_finalized_at timestamp(6), updated_at timestamp(6) not null, hospital_id uuid not null, id uuid not null, ultrasound_order_id uuid not null unique, placental_grade varchar(20), amniotic_fluid_level varchar(50), fetal_position varchar(100), placental_location varchar(100), scan_performed_by_credentials varchar(100), umbilical_artery_doppler varchar(100), uterine_artery_doppler varchar(100), genetic_screening_type varchar(200), report_finalized_by varchar(200), scan_performed_by varchar(200), specialist_referral_type varchar(200), provider_review_notes varchar(1000), anatomy_findings varchar(2000), anomaly_description varchar(2000), follow_up_recommendations varchar(2000), findings_summary varchar(3000), interpretation varchar(3000), finding_category enum ('ABNORMAL','CONCERNING_FOR_ANOMALY','MONITORING_REQUIRED','NORMAL','URGENT','VARIANT') not null, primary key (id))
    Hibernate: create table clinical.visit_education_documentation (birth_plan_discussed boolean not null, breastfeeding_discussed boolean not null, exercise_discussed boolean not null, mental_health_discussed boolean not null, nutrition_discussed boolean not null, patient_engaged boolean not null, patient_understood boolean not null, requires_follow_up boolean not null, warning_signs_discussed boolean not null, created_at timestamp(6) not null, follow_up_scheduled_for timestamp(6), updated_at timestamp(6) not null, encounter_id uuid not null, hospital_id uuid not null, id uuid not null, patient_id uuid not null, staff_id uuid not null, topic_discussed varchar(500) not null, comprehension_notes varchar(1000), follow_up_plan varchar(1000), patient_concerns varchar(1000), patient_questions varchar(1000), discussion_notes TEXT, category enum ('BIRTH_PLAN','BREASTFEEDING','EXERCISE','GENETIC_SCREENING','HIGH_RISK_PREGNANCY','LABOR_AND_DELIVERY','MANAGING_DISCOMFORT','MENTAL_HEALTH','NEWBORN_CARE','NUTRITION','POSTPARTUM_CARE','PRENATAL_CARE','PRENATAL_VITAMINS','ULTRASOUND_SCANS','WARNING_SIGNS') not null, primary key (id))
    Hibernate: create table clinical.visit_education_resources_provided (documentation_id uuid not null, resource_id uuid)
    Hibernate: create index clinical.idx_directive_patient on clinical.advance_directives (patient_id)
    Hibernate: create index clinical.idx_directive_hospital on clinical.advance_directives (hospital_id)
    Hibernate: create index clinical.idx_directive_status on clinical.advance_directives (status)
    Hibernate: create index clinical.idx_appt_patient on clinical.appointments (patient_id)
    Hibernate: create index clinical.idx_appt_staff on clinical.appointments (staff_id)
    Hibernate: create index clinical.idx_appt_hospital on clinical.appointments (hospital_id)
    Hibernate: create index clinical.idx_appt_date on clinical.appointments (appointment_date)
    Hibernate: create index clinical.idx_appt_status on clinical.appointments (status)
    Hibernate: create index clinical.idx_birth_plans_patient on clinical.birth_plans (patient_id)
    Hibernate: create index clinical.idx_birth_plans_hospital on clinical.birth_plans (hospital_id)
    Hibernate: create index clinical.idx_birth_plans_created on clinical.birth_plans (created_at)
    Hibernate: create index clinical.idx_consultation_patient on clinical.consultations (patient_id)
    Hibernate: create index clinical.idx_consultation_hospital on clinical.consultations (hospital_id)
    Hibernate: create index clinical.idx_consultation_requesting on clinical.consultations (requesting_provider_id)
    Hibernate: create index clinical.idx_consultation_consultant on clinical.consultations (consultant_id)
    Hibernate: create index clinical.idx_consultation_status on clinical.consultations (status)
    Hibernate: create index clinical.idx_consultation_created on clinical.consultations (created_at)
    Hibernate: create index clinical.idx_digital_signature_report on clinical.digital_signatures (report_type, report_id)
    Hibernate: create index clinical.idx_digital_signature_signed_by on clinical.digital_signatures (signed_by_staff_id)
    Hibernate: create index clinical.idx_digital_signature_status on clinical.digital_signatures (status)
    Hibernate: create index clinical.idx_digital_signature_hospital on clinical.digital_signatures (hospital_id)
    Hibernate: create index clinical.idx_digital_signature_datetime on clinical.digital_signatures (signature_date_time)
    Hibernate: create index clinical.idx_digital_signature_hash on clinical.digital_signatures (signature_hash)
    Hibernate: create index clinical.idx_discharge_patient on clinical.discharge_approvals (patient_id)
    Hibernate: create index clinical.idx_discharge_hospital on clinical.discharge_approvals (hospital_id)
    Hibernate: create index clinical.idx_discharge_status on clinical.discharge_approvals (status)
    Hibernate: create index clinical.idx_discharge_requested_at on clinical.discharge_approvals (requested_at)
    Hibernate: create index clinical.idx_discharge_summary_patient on clinical.discharge_summaries (patient_id)
    Hibernate: create index clinical.idx_discharge_summary_encounter on clinical.discharge_summaries (encounter_id)
    Hibernate: create index clinical.idx_discharge_summary_hospital on clinical.discharge_summaries (hospital_id)
    Hibernate: create index clinical.idx_discharge_summary_discharge_date on clinical.discharge_summaries (discharge_date)
    Hibernate: create index clinical.idx_discharge_summary_created_at on clinical.discharge_summaries (created_at)
    Hibernate: create index clinical.idx_drug_interaction_drug1 on clinical.drug_interactions (drug1_code)
    Hibernate: create index clinical.idx_drug_interaction_drug2 on clinical.drug_interactions (drug2_code)
    Hibernate: create index clinical.idx_drug_interaction_severity on clinical.drug_interactions (severity)
    Hibernate: create index clinical.idx_drug_interaction_source on clinical.drug_interactions (source_database)
    Hibernate: create index clinical.idx_encounter_notes_patient on clinical.encounter_notes (patient_id)
    Hibernate: create index clinical.idx_encounter_notes_hospital on clinical.encounter_notes (hospital_id)
    Hibernate: create index clinical.idx_encounter_notes_documented on clinical.encounter_notes (documented_at)
    Hibernate: create index clinical.idx_et_encounter on clinical.encounter_treatments (encounter_id)
    Hibernate: create index clinical.idx_et_treatment on clinical.encounter_treatments (treatment_id)
    Hibernate: create index clinical.idx_et_staff on clinical.encounter_treatments (staff_id)
    Hibernate: create index clinical.idx_encounter_patient on clinical.encounters (patient_id)
    Hibernate: create index clinical.idx_encounter_staff on clinical.encounters (staff_id)
    Hibernate: create index clinical.idx_encounter_hospital on clinical.encounters (hospital_id)
    Hibernate: create index clinical.idx_encounter_date on clinical.encounters (encounter_date)
    Hibernate: create index clinical.idx_encounter_status on clinical.encounters (status)
    Hibernate: create index clinical.idx_high_risk_plans_patient on clinical.high_risk_pregnancy_plans (patient_id)
    Hibernate: create index clinical.idx_high_risk_plans_hospital on clinical.high_risk_pregnancy_plans (hospital_id)
    Hibernate: create index clinical.idx_high_risk_plans_created on clinical.high_risk_pregnancy_plans (created_at)
    Hibernate: create index clinical.idx_imaging_order_patient on clinical.imaging_orders (patient_id)
    Hibernate: create index clinical.idx_imaging_order_hospital on clinical.imaging_orders (hospital_id)
    Hibernate: create index clinical.idx_imaging_order_modality on clinical.imaging_orders (modality)
    Hibernate: create index clinical.idx_imaging_order_status on clinical.imaging_orders (status)
    Hibernate: create index clinical.idx_imaging_order_body_region on clinical.imaging_orders (body_region)
    Hibernate: create index clinical.idx_imaging_order_scheduled_date on clinical.imaging_orders (scheduled_date)
    Hibernate: create index clinical.idx_imaging_attachment_report on clinical.imaging_report_attachments (report_id)
    Hibernate: create index clinical.idx_imaging_measurement_report on clinical.imaging_report_measurements (report_id)
    Hibernate: create index clinical.idx_imaging_history_report on clinical.imaging_report_status_history (imaging_report_id)
    Hibernate: create index clinical.idx_imaging_history_order on clinical.imaging_report_status_history (imaging_order_id)
    Hibernate: create index clinical.idx_imaging_history_status on clinical.imaging_report_status_history (status)
    Hibernate: create index clinical.idx_imaging_report_order on clinical.imaging_reports (imaging_order_id)
    Hibernate: create index clinical.idx_imaging_report_status on clinical.imaging_reports (report_status)
    Hibernate: create index clinical.idx_imaging_report_version on clinical.imaging_reports (imaging_order_id, is_latest_version)
    Hibernate: create index clinical.idx_imaging_report_performed_at on clinical.imaging_reports (performed_at)
    Hibernate: create index clinical.idx_imaging_report_interpreting_provider on clinical.imaging_reports (interpreting_provider_id)
    Hibernate: create index clinical.idx_imaging_report_hospital on clinical.imaging_reports (hospital_id)
    Hibernate: create index clinical.idx_maternal_history_patient on clinical.maternal_history (patient_id)
    Hibernate: create index clinical.idx_maternal_history_hospital on clinical.maternal_history (hospital_id)
    Hibernate: create index clinical.idx_maternal_history_recorded_date on clinical.maternal_history (recorded_date)
    Hibernate: create index clinical.idx_maternal_history_version on clinical.maternal_history (patient_id, version_number)
    Hibernate: create index clinical.idx_newborn_assessment_patient on clinical.newborn_assessments (patient_id)
    Hibernate: create index clinical.idx_newborn_assessment_hospital on clinical.newborn_assessments (hospital_id)
    Hibernate: create index clinical.idx_newborn_assessment_time on clinical.newborn_assessments (assessment_time desc)
    Hibernate: create index clinical.idx_nursing_notes_patient on clinical.nursing_notes (patient_id)
    Hibernate: create index clinical.idx_nursing_notes_hospital on clinical.nursing_notes (hospital_id)
    Hibernate: create index clinical.idx_nursing_notes_created on clinical.nursing_notes (created_at)
    Hibernate: create index clinical.idx_obgyn_attachment_referral on clinical.obgyn_referral_attachments (referral_id)
    Hibernate: create index clinical.idx_obgyn_attachment_category on clinical.obgyn_referral_attachments (category)
    Hibernate: create index clinical.idx_obgyn_message_referral on clinical.obgyn_referral_messages (referral_id)
    Hibernate: create index clinical.idx_obgyn_message_sent_at on clinical.obgyn_referral_messages (sent_at)
    Hibernate: create index clinical.idx_obgyn_referral_patient on clinical.obgyn_referrals (patient_id)
    Hibernate: create index clinical.idx_obgyn_referral_status on clinical.obgyn_referrals (status)
    Hibernate: create index clinical.idx_obgyn_referral_sla on clinical.obgyn_referrals (sla_due_at)
    Hibernate: create index clinical.idx_obgyn_referral_obgyn on clinical.obgyn_referrals (obgyn_user_id)
    Hibernate: create index clinical.idx_obgyn_referral_hospital on clinical.obgyn_referrals (hospital_id)
    Hibernate: create index clinical.idx_allergy_patient on clinical.patient_allergies (patient_id)
    Hibernate: create index clinical.idx_allergy_hospital on clinical.patient_allergies (hospital_id)
    Hibernate: create index clinical.idx_allergy_active on clinical.patient_allergies (active)
    Hibernate: create index clinical.idx_chart_update_patient on clinical.patient_chart_updates (patient_id)
    Hibernate: create index clinical.idx_chart_update_hospital on clinical.patient_chart_updates (hospital_id)
    Hibernate: create index clinical.idx_chart_update_version on clinical.patient_chart_updates (patient_id, hospital_id, version_number)
    Hibernate: create index clinical.idx_consent_patient on clinical.patient_consents (patient_id)
    Hibernate: create index clinical.idx_consent_from_hospital on clinical.patient_consents (from_hospital_id)
    Hibernate: create index clinical.idx_consent_to_hospital on clinical.patient_consents (to_hospital_id)
    Hibernate: create index clinical.idx_education_progress_patient on clinical.patient_education_progress (patient_id)
    Hibernate: create index clinical.idx_education_progress_resource on clinical.patient_education_progress (resource_id)
    Hibernate: create index clinical.idx_education_progress_status on clinical.patient_education_progress (comprehension_status)
    Hibernate: create index clinical.idx_education_question_patient on clinical.patient_education_questions (patient_id)
    Hibernate: create index clinical.idx_education_question_resource on clinical.patient_education_questions (resource_id)
    Hibernate: create index clinical.idx_education_question_answered on clinical.patient_education_questions (is_answered)
    Hibernate: create index clinical.idx_family_history_patient on clinical.patient_family_history (patient_id)
    Hibernate: create index clinical.idx_family_history_hospital on clinical.patient_family_history (hospital_id)
    Hibernate: create index clinical.idx_family_history_condition on clinical.patient_family_history (condition_code)
    Hibernate: create index clinical.idx_family_history_recorded_date on clinical.patient_family_history (recorded_date)
    Hibernate: create index clinical.idx_phr_patient on clinical.patient_hospital_registrations (patient_id)
    Hibernate: create index clinical.idx_phr_hospital on clinical.patient_hospital_registrations (hospital_id)
    Hibernate: create index clinical.idx_phr_active on clinical.patient_hospital_registrations (is_active)
    Hibernate: create index clinical.idx_immunization_patient on clinical.patient_immunization (patient_id)
    Hibernate: create index clinical.idx_immunization_hospital on clinical.patient_immunization (hospital_id)
    Hibernate: create index clinical.idx_immunization_vaccine on clinical.patient_immunization (vaccine_code)
    Hibernate: create index clinical.idx_immunization_date on clinical.patient_immunization (administration_date)
    Hibernate: create index clinical.idx_immunization_status on clinical.patient_immunization (status)
    Hibernate: create index clinical.idx_pi_patient on clinical.patient_insurances (patient_id)
    Hibernate: create index clinical.idx_pi_assignment on clinical.patient_insurances (assignment_id)
    Hibernate: create index clinical.idx_pi_effective on clinical.patient_insurances (effective_date)
    Hibernate: create index clinical.idx_pi_expiration on clinical.patient_insurances (expiration_date)
    Hibernate: create index clinical.IDX6diykltd0cmf45vxkc9ed0w0 on clinical.patient_primary_care (patient_id)
    Hibernate: create index clinical.IDXop3pmtxyyhrtswrgkkd4nirv5 on clinical.patient_primary_care (hospital_id)
    Hibernate: create index clinical.IDX77r0letk4lprpbxl7wpy1pxyo on clinical.patient_primary_care (assignment_id)
    Hibernate: create index clinical.idx_problem_patient on clinical.patient_problems (patient_id)
    Hibernate: create index clinical.idx_problem_hospital on clinical.patient_problems (hospital_id)
    Hibernate: create index clinical.idx_problem_status on clinical.patient_problems (status)
    Hibernate: create index clinical.idx_social_history_patient on clinical.patient_social_history (patient_id)
    Hibernate: create index clinical.idx_social_history_hospital on clinical.patient_social_history (hospital_id)
    Hibernate: create index clinical.idx_social_history_recorded_date on clinical.patient_social_history (recorded_date)
    Hibernate: create index clinical.idx_surgical_history_patient on clinical.patient_surgical_history (patient_id)
    Hibernate: create index clinical.idx_surgical_history_hospital on clinical.patient_surgical_history (hospital_id)
    Hibernate: create index clinical.idx_surgical_history_date on clinical.patient_surgical_history (procedure_date)
    Hibernate: create index clinical.idx_patient_vitals_patient on clinical.patient_vital_signs (patient_id)
    Hibernate: create index clinical.idx_patient_vitals_recorded_at on clinical.patient_vital_signs (recorded_at)
    Hibernate: create index clinical.idx_patient_vitals_registration on clinical.patient_vital_signs (registration_id)
    Hibernate: create index clinical.idx_patient_email on clinical.patients (email)
    Hibernate: create index clinical.idx_patient_phone_primary on clinical.patients (phone_number_primary)
    Hibernate: create index clinical.idx_patient_user on clinical.patients (user_id)
    Hibernate: create index clinical.idx_pharmacy_fill_patient on clinical.pharmacy_fills (patient_id)
    Hibernate: create index clinical.idx_pharmacy_fill_prescription on clinical.pharmacy_fills (prescription_id)
    Hibernate: create index clinical.idx_pharmacy_fill_hospital on clinical.pharmacy_fills (hospital_id)
    Hibernate: create index clinical.idx_pharmacy_fill_date on clinical.pharmacy_fills (fill_date)
    Hibernate: create index clinical.idx_pharmacy_fill_ndc on clinical.pharmacy_fills (ndc_code)
    Hibernate: create index clinical.idx_pharmacy_fill_source on clinical.pharmacy_fills (source_system)
    Hibernate: create index clinical.idx_postpartum_plan_patient on clinical.postpartum_care_plans (patient_id)
    Hibernate: create index clinical.idx_postpartum_plan_hospital on clinical.postpartum_care_plans (hospital_id)
    Hibernate: create index clinical.idx_postpartum_plan_active on clinical.postpartum_care_plans (active)
    Hibernate: create index clinical.idx_postpartum_obs_patient on clinical.postpartum_observations (patient_id)
    Hibernate: create index clinical.idx_postpartum_obs_hospital on clinical.postpartum_observations (hospital_id)
    Hibernate: create index clinical.idx_postpartum_obs_plan on clinical.postpartum_observations (care_plan_id)
    Hibernate: create index clinical.idx_postpartum_obs_observation_time on clinical.postpartum_observations (observation_time)
    Hibernate: create index clinical.idx_prescription_transmission_rx on clinical.prescription_transmissions (prescription_id)
    Hibernate: create index clinical.idx_prescription_transmission_status on clinical.prescription_transmissions (status)
    Hibernate: create index clinical.idx_rx_patient on clinical.prescriptions (patient_id)
    Hibernate: create index clinical.idx_rx_staff on clinical.prescriptions (staff_id)
    Hibernate: create index clinical.idx_rx_encounter on clinical.prescriptions (encounter_id)
    Hibernate: create index clinical.idx_rx_assignment on clinical.prescriptions (assignment_id)
    Hibernate: create index clinical.idx_rx_createdAt on clinical.prescriptions (created_at)
    Hibernate: create index clinical.idx_rx_hospital on clinical.prescriptions (hospital_id)
    Hibernate: create index clinical.idx_rx_status on clinical.prescriptions (status)
    Hibernate: create index clinical.idx_rx_dispatch_status on clinical.prescriptions (dispatch_status)
    Hibernate: create index clinical.idx_procedure_order_patient on clinical.procedure_orders (patient_id)
    Hibernate: create index clinical.idx_procedure_order_hospital on clinical.procedure_orders (hospital_id)
    Hibernate: create index clinical.idx_procedure_order_ordering on clinical.procedure_orders (ordering_provider_id)
    Hibernate: create index clinical.idx_procedure_order_status on clinical.procedure_orders (status)
    Hibernate: create index clinical.idx_procedure_order_scheduled on clinical.procedure_orders (scheduled_datetime)
    Hibernate: create index clinical.idx_refill_patient on clinical.refill_requests (patient_id)
    Hibernate: create index clinical.idx_refill_prescription on clinical.refill_requests (prescription_id)
    Hibernate: create index clinical.idx_refill_status on clinical.refill_requests (status)
    Hibernate: create index clinical.idx_tp_followups_plan on clinical.treatment_plan_followups (treatment_plan_id)
    Hibernate: create index clinical.idx_tp_followups_status on clinical.treatment_plan_followups (status)
    Hibernate: create index clinical.idx_tp_reviews_plan on clinical.treatment_plan_reviews (treatment_plan_id)
    Hibernate: create index clinical.idx_tp_reviews_reviewer on clinical.treatment_plan_reviews (reviewer_staff_id)
    Hibernate: create index clinical.idx_tp_patient on clinical.treatment_plans (patient_id)
    Hibernate: create index clinical.idx_tp_hospital on clinical.treatment_plans (hospital_id)
    Hibernate: create index clinical.idx_tp_status on clinical.treatment_plans (status)
    Hibernate: create index clinical.idx_tp_visibility on clinical.treatment_plans (patient_visibility)
    Hibernate: create index clinical.idx_tp_encounter on clinical.treatment_plans (encounter_id)
    Hibernate: create index clinical.idx_treatment_hospital on clinical.treatments (hospital_id)
    Hibernate: create index clinical.idx_treatment_department on clinical.treatments (department_id)
    Hibernate: create index clinical.idx_treatment_assignment on clinical.treatments (assignment_id)
    Hibernate: create index clinical.idx_treatment_active on clinical.treatments (active)
    Hibernate: create index clinical.idx_ultrasound_patient on clinical.ultrasound_orders (patient_id)
    Hibernate: create index clinical.idx_ultrasound_hospital on clinical.ultrasound_orders (hospital_id)
    Hibernate: create index clinical.idx_ultrasound_status on clinical.ultrasound_orders (status)
    Hibernate: create index clinical.idx_ultrasound_scan_type on clinical.ultrasound_orders (scan_type)
    Hibernate: create index clinical.idx_ultrasound_ordered_date on clinical.ultrasound_orders (ordered_date)
    Hibernate: create index clinical.idx_ultrasound_report_order on clinical.ultrasound_reports (ultrasound_order_id)
    Hibernate: create index clinical.idx_ultrasound_report_hospital on clinical.ultrasound_reports (hospital_id)
    Hibernate: create index clinical.idx_ultrasound_report_finding on clinical.ultrasound_reports (finding_category)
    Hibernate: create index clinical.idx_ultrasound_report_date on clinical.ultrasound_reports (scan_date)
    Hibernate: create index clinical.idx_visit_education_encounter on clinical.visit_education_documentation (encounter_id)
    Hibernate: create index clinical.idx_visit_education_patient on clinical.visit_education_documentation (patient_id)
    Hibernate: create index clinical.idx_visit_education_category on clinical.visit_education_documentation (category)
    Hibernate: create table empi.identity_aliases (active boolean not null, created_at timestamp(6) not null, updated_at timestamp(6) not null, created_by uuid, id uuid not null, master_identity_id uuid not null, updated_by uuid, source_system varchar(100), alias_value varchar(255) not null, alias_type enum ('DRIVER_LICENSE','INSURANCE_ID','LEGACY_EMPI','MRN','NATIONAL_ID','OTHER','PASSPORT') not null, primary key (id), constraint uq_empi_alias_value unique (alias_type, alias_value))
    Hibernate: create table empi.master_identities (active boolean not null, created_at timestamp(6) not null, updated_at timestamp(6) not null, created_by uuid, department_id uuid, hospital_id uuid, id uuid not null, organization_id uuid, patient_id uuid, updated_by uuid, empi_number varchar(64) not null unique, mrn_snapshot varchar(100), source_system varchar(100), metadata TEXT, resolution_state enum ('AUTO_MATCHED','CONFIRMED','MANUAL_REVIEW','NEW','REJECTED'), status enum ('ACTIVE','DUPLICATE','MERGED','RETIRED','SUSPENDED') not null, primary key (id))
    Hibernate: create table empi.merge_events (created_at timestamp(6) not null, merged_at timestamp(6) with time zone, updated_at timestamp(6) not null, department_id uuid, hospital_id uuid, id uuid not null, merged_by uuid, organization_id uuid, primary_identity_id uuid not null, secondary_identity_id uuid not null, resolution varchar(50), undo_token varchar(100), notes TEXT, merge_type enum ('AUTOMATED','CLINICAL_REQUEST','DATA_CLEANUP','MANUAL'), primary key (id))
    Hibernate: create index empi.idx_empi_alias_master on empi.identity_aliases (master_identity_id)
    Hibernate: create index empi.idx_empi_alias_type on empi.identity_aliases (alias_type)
    Hibernate: create index empi.idx_empi_identity_patient on empi.master_identities (patient_id)
    Hibernate: create index empi.idx_empi_identity_org on empi.master_identities (organization_id)
    Hibernate: create index empi.idx_empi_identity_hospital on empi.master_identities (hospital_id)
    Hibernate: create index empi.idx_empi_identity_status on empi.master_identities (status)
    Hibernate: create index empi.idx_empi_merge_primary on empi.merge_events (primary_identity_id)
    Hibernate: create index empi.idx_empi_merge_secondary on empi.merge_events (secondary_identity_id)
    Hibernate: create index empi.idx_empi_merge_org on empi.merge_events (organization_id)
    Hibernate: create index empi.idx_empi_merge_hospital on empi.merge_events (hospital_id)
    Hibernate: create table governance.security_policy_approvals (created_at timestamp(6) not null, required_by timestamp(6), submitted_at timestamp(6), updated_at timestamp(6) not null, id uuid not null, severity varchar(40), baseline_version varchar(80), change_type varchar(80), requested_by varchar(120), policy_name varchar(160) not null, summary varchar(1000), status enum ('APPROVED','PENDING','REJECTED') not null, primary key (id))
    Hibernate: create table governance.security_policy_baselines (policy_count integer not null, created_at timestamp(6) not null, updated_at timestamp(6) not null, id uuid not null, enforcement_level varchar(60) not null, baseline_version varchar(80) not null, created_by varchar(120), title varchar(160) not null, summary varchar(1000), control_objectives_json TEXT, primary key (id), constraint uq_security_policy_baseline_version unique (baseline_version))
    Hibernate: create table governance.security_rule_sets (rule_count integer not null, created_at timestamp(6) not null, published_at timestamp(6), updated_at timestamp(6) not null, id uuid not null, enforcement_scope varchar(60) not null, code varchar(100) not null, published_by varchar(120), name varchar(160) not null, description varchar(1000), metadata_json TEXT, primary key (id), constraint uq_security_rule_set_code unique (code))
    Hibernate: create index governance.idx_security_policy_approvals_status on governance.security_policy_approvals (status)
    Hibernate: create index governance.idx_security_policy_approvals_required_by on governance.security_policy_approvals (required_by)
    Hibernate: create index governance.idx_security_policy_baselines_created_at on governance.security_policy_baselines (created_at)
    Hibernate: create index governance.idx_security_rule_sets_code on governance.security_rule_sets (code)
    Hibernate: create index governance.idx_security_rule_sets_scope on governance.security_rule_sets (enforcement_scope)
    Hibernate: create table hospital.department_translations (created_at timestamp(6) not null, updated_at timestamp(6) not null, language_code varchar(10) not null, assignment_id uuid not null, department_id uuid not null, id uuid not null, language varchar(100), description varchar(2048), name varchar(255) not null, primary key (id), constraint uq_dept_translation_dept_lang unique (department_id, language_code))
    Hibernate: create table hospital.departments (bed_capacity integer, is_active boolean not null, created_at timestamp(6) not null, updated_at timestamp(6) not null, assignment_id uuid not null, head_of_department_staff_id uuid unique, hospital_id uuid not null, id uuid not null, phone_number varchar(20), code varchar(32) not null, department_service_level varchar(60), department_billing_system varchar(120), department_data_steward varchar(120), department_ehr_system varchar(120), department_inventory_system varchar(120), department_owner_team varchar(120), description varchar(2048), department_integration_notes varchar(255), department_owner_contact_email varchar(255), email varchar(255) not null, name varchar(255) not null, primary key (id), constraint uq_dept_hospital_name unique (hospital_id, name))
    Hibernate: create table hospital.hospitals (active boolean not null, created_at timestamp(6) not null, updated_at timestamp(6) not null, id uuid not null, organization_id uuid, phone_number varchar(30), po_box varchar(50), zip_code varchar(50), hospital_service_level varchar(60), city varchar(100), code varchar(100) not null unique, country varchar(100), license_number varchar(100), province varchar(100), region varchar(100), sector varchar(100), state varchar(100), hospital_billing_system varchar(120), hospital_data_steward varchar(120), hospital_ehr_system varchar(120), hospital_inventory_system varchar(120), hospital_owner_team varchar(120), address varchar(2048), email varchar(255), hospital_integration_notes varchar(255), hospital_owner_contact_email varchar(255), name varchar(255) not null, website varchar(255), primary key (id))
    Hibernate: create table hospital.organizations (active boolean not null, created_at timestamp(6) not null, updated_at timestamp(6) not null, id uuid not null, primary_contact_phone varchar(32), service_level varchar(60), code varchar(100) not null unique, billing_system varchar(120), data_steward varchar(120), default_timezone varchar(120), ehr_system varchar(120), inventory_system varchar(120), owner_team varchar(120), description varchar(500), onboarding_notes varchar(1000), integration_notes varchar(255), name varchar(255) not null, owner_contact_email varchar(255), primary_contact_email varchar(255), type enum ('ACADEMIC_CENTER','ACADEMIC_MEDICAL_CENTER','AMBULATORY','COMMUNITY_HOSPITAL','GOVERNMENT_AGENCY','HEALTHCARE_NETWORK','HEALTH_SYSTEM','HOSPITAL','HOSPITAL_CHAIN','PEDIATRIC_SYSTEM','PRIVATE_PRACTICE','REGIONAL_NETWORK','RESEARCH_INSTITUTION','SPECIALTY_GROUP','SPECIALTY_NETWORK') not null, primary key (id))
    Hibernate: create table hospital.staff (active boolean not null, end_date date, start_date date, created_at timestamp(6) not null, signature_captured_at timestamp(6), signature_revoked_at timestamp(6), updated_at timestamp(6) not null, assignment_id uuid not null, department_id uuid, hospital_id uuid not null, id uuid not null, user_id uuid not null unique, npi varchar(20) unique, license_number varchar(100), specialization varchar(100), signature_certificate_id varchar(120), name varchar(500), signature_public_key TEXT, employment_type enum ('CONTRACT','FULL_TIME','INTERN','LOCUM','PART_TIME') not null, job_title enum ('ADMINISTRATIVE_ASSISTANT','ADMINISTRATIVE_STAFF','ANESTHESIOLOGIST','BILLING_SPECIALIST','CLEANING_STAFF','DOCTOR','HOSPITAL_ADMIN','HOSPITAL_ADMINISTRATOR','HUMAN_RESOURCES','IT_SUPPORT','LABORATORY_SCIENTIST','LAB_SCIENTIST','LAB_TECHNICIAN','MIDWIFE','NURSE','NURSE_PRACTITIONER','PATIENT','PHARMACIST','PHYSICIAN','PHYSIOTHERAPIST','PSYCHOLOGIST','RADIOLOGIST','RECEPTIONIST','SECURITY_PERSONNEL','SOCIAL_WORKER','SUPER_ADMIN','SURGEON','TECHNICIAN','VISITOR') not null, primary key (id), constraint uq_staff_license_user unique (license_number, user_id), constraint uq_staff_user_hospital unique (user_id, hospital_id))
    Hibernate: create table hospital.staff_availability (available_from time(6), available_to time(6), date date not null, day_off boolean not null, is_active boolean not null, created_at timestamp(6) not null, updated_at timestamp(6) not null, hospital_id uuid not null, id uuid not null, staff_id uuid not null, note varchar(255), primary key (id), constraint uq_staff_availability_staff_date unique (staff_id, date))
    Hibernate: create table hospital.staff_leave_requests (end_date date not null, end_time time(6), requires_coverage boolean not null, start_date date not null, start_time time(6), created_at timestamp(6) not null, reviewed_at timestamp(6), updated_at timestamp(6) not null, department_id uuid, hospital_id uuid not null, id uuid not null, requested_by_user_id uuid not null, reviewed_by_user_id uuid, staff_id uuid not null, manager_note varchar(1000), reason varchar(1000), leave_type enum ('EMERGENCY','OTHER','SICK','TRAINING','UNPAID','VACATION') not null, status enum ('APPROVED','CANCELLED','PENDING','REJECTED') not null, primary key (id))
    Hibernate: create table hospital.staff_shifts (end_time time(6) not null, published boolean not null, shift_date date not null, start_time time(6) not null, created_at timestamp(6) not null, status_changed_at timestamp(6), updated_at timestamp(6) not null, department_id uuid, hospital_id uuid not null, id uuid not null, last_modified_by_user_id uuid, scheduled_by_user_id uuid not null, staff_id uuid not null, cancellation_reason varchar(1000), notes varchar(1000), shift_type enum ('AFTERNOON','EVENING','FLEX','MORNING','NIGHT','ON_CALL') not null, status enum ('CANCELLED','COMPLETED','SCHEDULED') not null, primary key (id), constraint uq_staff_shift_unique_slot unique (staff_id, shift_date, start_time, end_time))
    Hibernate: create index hospital.idx_dept_translation_dept on hospital.department_translations (department_id)
    Hibernate: create index hospital.idx_dept_translation_lang on hospital.department_translations (language_code)
    Hibernate: create index hospital.idx_dept_translation_assignment on hospital.department_translations (assignment_id)
    Hibernate: create index hospital.idx_dept_hospital on hospital.departments (hospital_id)
    Hibernate: create index hospital.idx_dept_assignment on hospital.departments (assignment_id)
    Hibernate: create index hospital.idx_dept_active on hospital.departments (is_active)
    Hibernate: create index hospital.idx_hospital_active on hospital.hospitals (active)
    Hibernate: create index hospital.idx_hospital_city on hospital.hospitals (city)
    Hibernate: create index hospital.idx_hospital_country on hospital.hospitals (country)
    Hibernate: create index hospital.idx_organization_active on hospital.organizations (active)
    Hibernate: create index hospital.idx_organization_type on hospital.organizations (type)
    Hibernate: create index hospital.idx_staff_hospital on hospital.staff (hospital_id)
    Hibernate: create index hospital.idx_staff_department on hospital.staff (department_id)
    Hibernate: create index hospital.idx_staff_assignment on hospital.staff (assignment_id)
    Hibernate: create index hospital.idx_staff_license on hospital.staff (license_number)
    Hibernate: create index hospital.idx_staff_availability_staff on hospital.staff_availability (staff_id)
    Hibernate: create index hospital.idx_staff_availability_hospital on hospital.staff_availability (hospital_id)
    Hibernate: create index hospital.idx_staff_availability_date on hospital.staff_availability (date)
    Hibernate: create index hospital.idx_staff_leave_staff on hospital.staff_leave_requests (staff_id)
    Hibernate: create index hospital.idx_staff_leave_hospital on hospital.staff_leave_requests (hospital_id)
    Hibernate: create index hospital.idx_staff_leave_department on hospital.staff_leave_requests (department_id)
    Hibernate: create index hospital.idx_staff_leave_status on hospital.staff_leave_requests (status)
    Hibernate: create index hospital.idx_staff_leave_start_date on hospital.staff_leave_requests (start_date)
    Hibernate: create index hospital.idx_staff_shift_staff on hospital.staff_shifts (staff_id)
    Hibernate: create index hospital.idx_staff_shift_hospital on hospital.staff_shifts (hospital_id)
    Hibernate: create index hospital.idx_staff_shift_department on hospital.staff_shifts (department_id)
    Hibernate: create index hospital.idx_staff_shift_date on hospital.staff_shifts (shift_date)
    Hibernate: create index hospital.idx_staff_shift_status on hospital.staff_shifts (status)
    Hibernate: create table lab.lab_orders (documentation_shared_with_lab boolean not null, standing_order boolean not null, standing_order_review_interval_days integer, created_at timestamp(6) not null, order_datetime timestamp(6) not null, signed_at timestamp(6), standing_order_expires_at timestamp(6), standing_order_last_reviewed_at timestamp(6), standing_order_review_due_at timestamp(6), updated_at timestamp(6) not null, assignment_id uuid not null, encounter_id uuid, hospital_id uuid not null, id uuid not null, lab_test_definition_id uuid not null, ordering_staff_id uuid not null, patient_id uuid not null, signed_by_user_id uuid, ordering_provider_npi varchar(20), primary_diagnosis_code varchar(20), order_channel_other varchar(120), provider_signature_digest varchar(512), clinical_indication varchar(2048) not null, medical_necessity_note varchar(2048), notes varchar(2048), standing_order_review_notes varchar(2048), additional_diagnosis_codes TEXT, documentation_reference varchar(255), order_channel enum ('ELECTRONIC','EMAIL','FAX','OTHER','PHONE','PORTAL','WALK_IN','WRITTEN') not null, status enum ('CANCELLED','COMPLETED','IN_PROGRESS','ORDERED','PENDING') not null, primary key (id))
    Hibernate: create table lab.lab_results (acknowledged boolean not null, released boolean not null, acknowledged_at timestamp(6), created_at timestamp(6) not null, released_at timestamp(6), result_date timestamp(6) not null, signed_at timestamp(6), updated_at timestamp(6) not null, acknowledged_by_user_id uuid, assignment_id uuid not null, id uuid not null, lab_order_id uuid not null, released_by_user_id uuid, signed_by_user_id uuid, result_unit varchar(50), notes varchar(2048), result_value varchar(2048) not null, signature_notes varchar(2048), signature_value varchar(2048), acknowledged_by_display varchar(255), released_by_display varchar(255), signed_by_display varchar(255), primary key (id))
    Hibernate: create table lab.lab_test_definitions (is_active boolean not null, turnaround_time_minutes integer, created_at timestamp(6) not null, updated_at timestamp(6) not null, assignment_id uuid, hospital_id uuid, id uuid not null, test_code varchar(50) not null, unit varchar(50), category varchar(100), sample_type varchar(100), preparation_instructions varchar(1000), description varchar(2048), name varchar(255) not null, reference_ranges TEXT, primary key (id), constraint uq_lab_testdef_name_global unique (name), constraint uq_lab_testdef_code_global unique (test_code))
    Hibernate: create index lab.idx_lab_order_patient on lab.lab_orders (patient_id)
    Hibernate: create index lab.idx_lab_order_staff on lab.lab_orders (ordering_staff_id)
    Hibernate: create index lab.idx_lab_order_hospital on lab.lab_orders (hospital_id)
    Hibernate: create index lab.idx_lab_order_status on lab.lab_orders (status)
    Hibernate: create index lab.idx_lab_order_datetime on lab.lab_orders (order_datetime)
    Hibernate: create index lab.idx_lab_result_order on lab.lab_results (lab_order_id)
    Hibernate: create index lab.idx_lab_result_date on lab.lab_results (result_date)
    Hibernate: create index lab.idx_lab_result_assignment on lab.lab_results (assignment_id)
    Hibernate: create index lab.idx_lab_testdef_hospital on lab.lab_test_definitions (hospital_id)
    Hibernate: create index lab.idx_lab_testdef_name on lab.lab_test_definitions (name)
    Hibernate: create index lab.idx_lab_testdef_assignment on lab.lab_test_definitions (assignment_id)
    Hibernate: create table platform.department_platform_service_links (enabled boolean not null, created_at timestamp(6) not null, updated_at timestamp(6) not null, department_id uuid not null, id uuid not null, organization_service_id uuid not null, dept_link_service_level varchar(60), credentials_reference varchar(120), dept_link_data_steward varchar(120), dept_link_owner_team varchar(120), dept_link_owner_contact_email varchar(255), override_endpoint varchar(255), primary key (id), constraint uq_department_service unique (department_id, organization_service_id))
    Hibernate: create table platform.hospital_platform_service_links (enabled boolean not null, created_at timestamp(6) not null, updated_at timestamp(6) not null, hospital_id uuid not null, id uuid not null, organization_service_id uuid not null, link_service_level varchar(60), credentials_reference varchar(120), link_data_steward varchar(120), link_owner_team varchar(120), link_owner_contact_email varchar(255), override_endpoint varchar(255), primary key (id), constraint uq_hospital_service unique (hospital_id, organization_service_id))
    Hibernate: create table platform.organization_platform_services (managed_by_platform boolean not null, created_at timestamp(6) not null, updated_at timestamp(6) not null, id uuid not null, organization_id uuid not null, service_level varchar(60), api_key_reference varchar(120), provider varchar(120), service_billing_system varchar(120), service_data_steward varchar(120), service_ehr_system varchar(120), service_inventory_system varchar(120), service_owner_team varchar(120), base_url varchar(255), documentation_url varchar(255), service_integration_notes varchar(255), service_owner_contact_email varchar(255), service_type enum ('ANALYTICS','BILLING','CLINICAL_ANALYTICS','EHR','INVENTORY','LIMS','ORTHO_IMAGING','PEDIATRIC_MESSAGING','REMOTE_MONITORING','RESP_TELEMED') not null, status enum ('ACTIVE','DECOMMISSIONED','INACTIVE','PENDING','PILOT') not null, primary key (id), constraint uq_org_service_type unique (organization_id, service_type))
    Hibernate: create table platform.platform_feature_flag_overrides (enabled boolean not null, created_at timestamp(6) not null, updated_at timestamp(6) not null, id uuid not null, flag_key varchar(120) not null, updated_by varchar(120), description varchar(255), primary key (id), constraint uq_feature_flag_override_key unique (flag_key))
    Hibernate: create table platform.platform_release_windows (freeze_changes boolean not null, created_at timestamp(6) not null, ends_at timestamp(6) not null, starts_at timestamp(6) not null, updated_at timestamp(6) not null, id uuid not null, environment varchar(60) not null, owner_team varchar(120), window_name varchar(120) not null, description varchar(240), notes varchar(255), status enum ('CANCELLED','COMPLETED','IN_PROGRESS','SCHEDULED') not null, primary key (id), constraint uq_release_window_name unique (window_name, environment))
    Hibernate: create index platform.idx_hospital_service_enabled on platform.hospital_platform_service_links (enabled)
    Hibernate: create index platform.idx_org_service_type on platform.organization_platform_services (service_type)
    Hibernate: create index platform.idx_org_service_status on platform.organization_platform_services (status)
    Hibernate: create table reference.catalog_entries (active boolean not null, created_at timestamp(6) not null, updated_at timestamp(6) not null, catalog_id uuid not null, id uuid not null, code varchar(160) not null, description varchar(255), label varchar(255) not null, metadata varchar(255), primary key (id))
    Hibernate: create table reference.catalogs (entry_count integer not null, created_at timestamp(6) not null, last_imported_at timestamp(6), published_at timestamp(6), scheduled_publish_at timestamp(6), updated_at timestamp(6) not null, id uuid not null, code varchar(120) not null unique, description varchar(255), name varchar(255) not null, status enum ('ACTIVE','DRAFT','FAILED','INACTIVE','PUBLISHED','SCHEDULED') not null, primary key (id))
    Hibernate: create table security.notifications (read boolean not null, created_at timestamp(6) not null, id uuid not null, message varchar(255) not null, recipient_username varchar(255) not null, primary key (id))
    Hibernate: create table security.organization_security_policies (active boolean not null, enforce_strict boolean not null, priority integer not null, created_at timestamp(6) not null, updated_at timestamp(6) not null, id uuid not null, organization_id uuid not null, code varchar(100) not null, description varchar(1000), name varchar(255) not null, policy_type enum ('ACCESS_CONTROL','API_RATE_LIMITING','AUDIT_LOGGING','COMPLIANCE','DATA_PROTECTION','MULTI_FACTOR_AUTH','PASSWORD_POLICY','ROLE_MANAGEMENT','SESSION_MANAGEMENT') not null, primary key (id), constraint uq_org_security_policy_code unique (organization_id, code))
    Hibernate: create table security.organization_security_rules (active boolean not null, priority integer not null, created_at timestamp(6) not null, updated_at timestamp(6) not null, id uuid not null, security_policy_id uuid not null, code varchar(100) not null, description varchar(1000), rule_value varchar(2000), name varchar(255) not null, rule_type enum ('API_RATE_LIMIT','AUDIT_REQUIREMENT','COMPLIANCE_CHECK','DATA_FILTER','ENDPOINT_ACCESS','IP_WHITELIST','MFA','PASSWORD_STRENGTH','ROLE_PERMISSION','SESSION','SESSION_TIMEOUT','TWO_FACTOR_AUTH') not null, primary key (id), constraint uq_org_security_rule_code unique (security_policy_id, code))
    Hibernate: create table security.password_reset_tokens (consumed_at timestamp(6), created_at timestamp(6) not null, expiration timestamp(6) not null, updated_at timestamp(6) not null, id uuid not null, user_id uuid not null, ip_address varchar(45), token_hash varchar(64) not null unique, primary key (id))
    Hibernate: create table security.permissions (created_at timestamp(6) not null, updated_at timestamp(6) not null, assignment_id uuid not null, id uuid not null, name varchar(50) not null, code varchar(80) not null, primary key (id), constraint uq_permission_assignment_code unique (assignment_id, code))
    Hibernate: create table security.role_permissions (permission_id uuid not null, role_id uuid not null, primary key (permission_id, role_id))
    Hibernate: create table security.roles (created_at timestamp(6) not null, updated_at timestamp(6) not null, id uuid not null, code varchar(50) not null unique, name varchar(50) not null unique, description varchar(255), primary key (id))
    Hibernate: create table security.user_mfa_enrollments (enabled boolean not null, primary_factor boolean not null, created_at timestamp(6) not null, enrolled_at timestamp(6), last_verified_at timestamp(6), updated_at timestamp(6) not null, id uuid not null, user_id uuid not null, channel varchar(120), metadata_json varchar(255), method enum ('APP_PUSH','BACKUP_CODE','EMAIL','PUSH','SECURITY_KEY','SMS','TOTP') not null, primary key (id))
    Hibernate: create table security.user_recovery_contacts (primary_contact boolean not null, verified boolean not null, created_at timestamp(6) not null, updated_at timestamp(6) not null, verified_at timestamp(6), id uuid not null, user_id uuid not null, contact_value varchar(255) not null, notes varchar(255), contact_type enum ('EMAIL','OTHER','PERSONAL_CONTACT','PHONE','SECURITY_KEY') not null, primary key (id))
    Hibernate: create table security.user_role_hospital_assignment (is_active boolean not null, start_date date, assigned_at timestamp(6) not null, confirmation_sent_at timestamp(6), confirmation_verified_at timestamp(6), created_at timestamp(6) not null, updated_at timestamp(6) not null, confirmation_code varchar(16), hospital_id uuid, id uuid not null, registered_by_user_id uuid, role_id uuid not null, user_id uuid not null, assignment_code varchar(50) unique, description varchar(255), temp_plain_password varchar(255), primary key (id), unique (user_id, hospital_id, role_id))
    Hibernate: create table security.user_roles (role_id uuid not null, user_id uuid not null, primary key (user_id, role_id))
    Hibernate: create table security.users (force_password_change boolean default false not null, is_active boolean not null, is_deleted boolean not null, activation_token_expires_at timestamp(6), created_at timestamp(6) not null, last_login_at timestamp(6), password_changed_at timestamp(6), password_rotation_forced_at timestamp(6), password_rotation_warning_at timestamp(6), updated_at timestamp(6) not null, id uuid not null, phone_number varchar(20) not null unique, username varchar(50) not null unique, activation_token varchar(100) unique, email varchar(100) not null unique, first_name varchar(100), last_name varchar(100), profile_image_url varchar(500), password_hash varchar(255) not null, primary key (id))
    Hibernate: create index security.idx_org_policy_organization on security.organization_security_policies (organization_id)
    Hibernate: create index security.idx_org_policy_active on security.organization_security_policies (active)
    Hibernate: create index security.idx_org_policy_type on security.organization_security_policies (policy_type)
    Hibernate: create index security.idx_org_rule_policy on security.organization_security_rules (security_policy_id)
    Hibernate: create index security.idx_org_rule_active on security.organization_security_rules (active)
    Hibernate: create index security.idx_org_rule_type on security.organization_security_rules (rule_type)
    Hibernate: create index security.idx_prt_user on security.password_reset_tokens (user_id)
    Hibernate: create index security.idx_prt_expiration on security.password_reset_tokens (expiration)
    Hibernate: create index security.idx_prt_consumed on security.password_reset_tokens (consumed_at)
    Hibernate: create index security.idx_perm_assignment on security.permissions (assignment_id)
    Hibernate: create index security.idx_perm_code on security.permissions (code)
    Hibernate: create index security.idx_role_name on security.roles (name)
    Hibernate: create index security.idx_role_code on security.roles (code)
    Hibernate: create table support.audit_event_logs (created_at timestamp(6) not null, event_timestamp timestamp(6) not null, updated_at timestamp(6) not null, assignment_id uuid, id uuid not null, user_id uuid, ip_address varchar(45), target_entity_type varchar(50), target_resource_id varchar(100), details varchar(2048), event_description varchar(2048) not null, actor_label varchar(255), hospital_name varchar(255), resource_name varchar(255), role_name varchar(255), user_name varchar(255), actor_type enum ('SYSTEM','USER') not null, event_type enum ('ACCESS','ACCOUNT_LOCKED','ACCOUNT_UNLOCKED','API_KEY_CREATED','API_KEY_REVOKED','APPOINTMENT_CANCELLED','APPOINTMENT_CREATED','APPOINTMENT_UPDATED','ASSIGNMENT_CONFIRMED','BREAK_GLASS_ACCESS','CLAIM_SUBMITTED','CONFIGURATION_CHANGED','CONSENT_GRANTED','CONSENT_REVOKED','CONSENT_UPDATE','DATA_ACCESS','DATA_DELETE','DATA_EXPORT','DATA_IMPORT','DATA_UPDATE','IMAGING_ORDER_CREATED','IMAGING_RESULT_UPDATED','INTEGRATION_CONFIGURED','INVOICE_CREATED','INVOICE_UPDATED','LAB_ORDER_CREATED','LAB_RESULT_RELEASED','LAB_RESULT_UPDATED','LOGIN','LOGIN_FAILURE','LOGOUT','MFA_CHALLENGE','MFA_FAILURE','OTHER','PASSWORD_CHANGED','PASSWORD_RESET_COMPLETE','PASSWORD_RESET_REQUEST','PATIENT_ACCESS','PATIENT_CREATE','PATIENT_DELETE','PATIENT_EXPORT','PATIENT_MERGE','PATIENT_UPDATE','PAYMENT_POSTED','PERMISSION_GRANTED','PERMISSION_REVOKED','PLATFORM_REGISTRY_UPDATED','PRESCRIPTION_CREATED','PRESCRIPTION_DISCONTINUED','PRESCRIPTION_UPDATED','RECORD_SHARE','REFUND_ISSUED','ROLE_ASSIGNED','ROLE_REVOKED','SECURITY_ALERT_TRIGGERED','SECURITY_POLICY_UPDATED','SESSION_TERMINATED','UPDATE','USER_BOOTSTRAP','USER_CREATE','USER_DELETE','USER_DISABLE','USER_ENABLE','USER_UPDATE') not null, status enum ('APPROVED','CANCELLED','COMPLETED','ERROR','FAILURE','IN_PROGRESS','PENDING','REJECTED','SUCCESS'), primary key (id))
    Hibernate: create table support.chat_messages (is_read boolean not null, created_at timestamp(6) not null, sent_at timestamp(6) not null, timestamp timestamp(6), updated_at timestamp(6) not null, assignment_id uuid, id uuid not null, recipient_id uuid not null, sender_id uuid not null, content varchar(2048) not null, primary key (id))
    Hibernate: create table support.frontend_audit_events (created_at timestamp(6) not null, occurred_at timestamp(6) not null, updated_at timestamp(6) not null, id uuid not null, ip_address varchar(45), event_type varchar(120) not null, metadata varchar(4000), actor varchar(255), user_agent varchar(255), primary key (id))
    Hibernate: create table support.service_translations (created_at timestamp(6) not null, updated_at timestamp(6) not null, language_code varchar(10) not null, assignment_id uuid not null, id uuid not null, treatment_id uuid not null, description varchar(1000), name varchar(255) not null, primary key (id), constraint uq_service_translation_treatment_lang unique (treatment_id, language_code))
    Hibernate: create index support.idx_audit_user_time on support.audit_event_logs (user_id, event_timestamp)
    Hibernate: create index support.idx_audit_assignment on support.audit_event_logs (assignment_id)
    Hibernate: create index support.idx_audit_type_time on support.audit_event_logs (event_type, event_timestamp)
    Hibernate: create index support.idx_audit_entity on support.audit_event_logs (target_entity_type, target_resource_id)
    Hibernate: create index support.idx_chat_sender_time on support.chat_messages (sender_id, sent_at)
    Hibernate: create index support.idx_chat_recipient_time on support.chat_messages (recipient_id, sent_at)
    Hibernate: create index support.idx_chat_assignment on support.chat_messages (assignment_id)
    Hibernate: create index support.idx_chat_unread_recipient on support.chat_messages (recipient_id, is_read)
    Hibernate: create index support.idx_frontend_audit_event_type on support.frontend_audit_events (event_type)
    Hibernate: create index support.idx_frontend_audit_actor on support.frontend_audit_events (actor)
    Hibernate: create index support.idx_frontend_audit_occurred on support.frontend_audit_events (occurred_at)
    Hibernate: create index support.idx_st_treatment on support.service_translations (treatment_id)
    Hibernate: create index support.idx_st_assignment on support.service_translations (assignment_id)
    Hibernate: create index support.idx_st_language_code on support.service_translations (language_code)
    Hibernate: create table admission_applied_order_sets (admission_id uuid not null, order_set_id uuid not null)
    Hibernate: create table admission_order_sets (active boolean not null, version integer not null, created_at timestamp(6) not null, deactivated_at timestamp(6), updated_at timestamp(6) not null, created_by_staff_id uuid, department_id uuid, hospital_id uuid not null, id uuid not null, last_modified_by_staff_id uuid, name varchar(200) not null, clinical_guidelines varchar(500), deactivation_reason varchar(500), description varchar(1000), admission_type enum ('DAY_CASE','ELECTIVE','EMERGENCY','LABOR_DELIVERY','NEWBORN','OBSERVATION','PSYCHIATRIC','TRANSFER','URGENT') not null, order_items jsonb not null, primary key (id))
    Hibernate: create table admissions (length_of_stay_days integer, actual_discharge_date_time timestamp(6), admission_date_time timestamp(6) not null, created_at timestamp(6) not null, expected_discharge_date_time timestamp(6), updated_at timestamp(6) not null, admitting_provider_id uuid not null, attending_physician_id uuid, department_id uuid, discharging_provider_id uuid, hospital_id uuid not null, id uuid not null, patient_id uuid not null, primary_diagnosis_code varchar(20), room_bed varchar(50), insurance_auth_number varchar(100), admission_source varchar(200), chief_complaint varchar(500) not null, primary_diagnosis_description varchar(500), admission_notes varchar(2000), discharge_instructions varchar(2000), discharge_summary varchar(5000), acuity_level enum ('LEVEL_1_MINIMAL','LEVEL_2_MODERATE','LEVEL_3_MAJOR','LEVEL_4_SEVERE','LEVEL_5_CRITICAL') not null, admission_type enum ('DAY_CASE','ELECTIVE','EMERGENCY','LABOR_DELIVERY','NEWBORN','OBSERVATION','PSYCHIATRIC','TRANSFER','URGENT') not null, consulting_physicians jsonb, custom_orders jsonb, discharge_disposition enum ('AGAINST_MEDICAL_ADVICE','EXPIRED','HOME','HOME_WITH_HOME_HEALTH','HOSPICE_FACILITY','HOSPICE_HOME','LEFT_WITHOUT_BEING_SEEN','LONG_TERM_CARE_FACILITY','OTHER','PSYCHIATRIC_FACILITY','REHABILITATION_FACILITY','SKILLED_NURSING_FACILITY','TRANSFERRED_TO_ANOTHER_HOSPITAL'), follow_up_appointments jsonb, metadata jsonb, secondary_diagnoses jsonb, status enum ('ACTIVE','AWAITING_DISCHARGE','CANCELLED','DECEASED','DISCHARGED','ON_LEAVE','PENDING','TRANSFERRED') not null, primary key (id))
    Hibernate: create table announcement (date timestamp(6) not null, id uuid not null, text varchar(255) not null, primary key (id))
    Hibernate: create table articles (published_at timestamp(6) with time zone, id uuid not null, content varchar(2000), author varchar(255), image_url varchar(255), title varchar(255) not null, primary key (id))
    Hibernate: create table education_resources (id bigint generated by default as identity, category varchar(255) not null, content TEXT, title varchar(255) not null, url varchar(255), type enum ('ARTICLE','CHECKLIST','FAQ','INFOGRAPHIC','INTERACTIVE_MODULE','PODCAST','VIDEO') not null, primary key (id))
    Hibernate: create table general_referrals (priority_score integer, acknowledged_at timestamp(6), completed_at timestamp(6), created_at timestamp(6) not null, scheduled_appointment_at timestamp(6), sla_due_at timestamp(6), submitted_at timestamp(6), updated_at timestamp(6) not null, hospital_id uuid not null, id uuid not null, patient_id uuid not null, receiving_provider_id uuid, referring_provider_id uuid not null, target_department_id uuid, insurance_auth_number varchar(100), anticipated_treatment varchar(300), appointment_location varchar(300), target_facility_name varchar(300), cancellation_reason varchar(500), clinical_question varchar(500), referral_reason varchar(500) not null, acknowledgement_notes varchar(1000), clinical_indication varchar(1000), follow_up_recommendations varchar(1000), clinical_summary varchar(2000), completion_summary varchar(2000), current_medications jsonb, diagnoses jsonb, metadata jsonb, referral_type enum ('CONSULTATION','EMERGENCY_TRANSFER','SHARED_CARE','TRANSFER_OF_CARE') not null, status enum ('ACKNOWLEDGED','CANCELLED','COMPLETED','DRAFT','EXPIRED','IN_PROGRESS','REJECTED','SCHEDULED','SUBMITTED') not null, target_specialty enum ('ALLERGY_IMMUNOLOGY','ANESTHESIOLOGY','AUDIOLOGY','BEHAVIORAL_HEALTH','CARDIOLOGY','CARDIOTHORACIC_SURGERY','DERMATOLOGY','EMERGENCY_MEDICINE','ENDOCRINOLOGY','FAMILY_MEDICINE','GASTROENTEROLOGY','GENERAL_PRACTICE','GENERAL_SURGERY','GENETICS','GERIATRICS','HEMATOLOGY','INFECTIOUS_DISEASE','INTERNAL_MEDICINE','INTERVENTIONAL_RADIOLOGY','MATERNAL_FETAL_MEDICINE','MIDWIFERY','NEPHROLOGY','NEUROLOGY','NEUROSURGERY','NUTRITION_DIETETICS','OBSTETRICS_GYNECOLOGY','OCCUPATIONAL_THERAPY','ONCOLOGY','OPHTHALMOLOGY','ORTHOPEDIC_SURGERY','OTHER','OTOLARYNGOLOGY','PAIN_MANAGEMENT','PALLIATIVE_CARE','PATHOLOGY','PEDIATRICS','PHYSICAL_MEDICINE_REHABILITATION','PHYSICAL_THERAPY','PLASTIC_SURGERY','PSYCHIATRY','PSYCHOLOGY','PULMONOLOGY','RADIOLOGY','REPRODUCTIVE_ENDOCRINOLOGY','RHEUMATOLOGY','SLEEP_MEDICINE','SPEECH_THERAPY','SPORTS_MEDICINE','UROLOGY','VASCULAR_SURGERY','WOUND_CARE') not null, urgency enum ('EMERGENCY','PRIORITY','ROUTINE','URGENT') not null, primary key (id))
    Hibernate: create table patient_insurances_v2 (coverage_end date, coverage_start date, primary_plan boolean not null, id uuid not null, patient_id uuid not null, group_number varchar(120), member_id varchar(120), policy_number varchar(120), provider_name varchar(180) not null, primary key (id))
    Hibernate: create table patient_medical_histories_v2 (id uuid not null, patient_id uuid not null unique, allergies CLOB, conditions CLOB, medications CLOB, notes CLOB, surgeries CLOB, primary key (id))
    Hibernate: create table patients_v2 (date_of_birth date not null, created_at timestamp(6) with time zone not null, updated_at timestamp(6) with time zone not null, id uuid not null, gender varchar(32) not null, phone varchar(40), postal_code varchar(40), mrn varchar(64) not null unique, city varchar(120), country varchar(120), first_name varchar(120) not null, last_name varchar(120) not null, middle_name varchar(120), state varchar(120), address_line1 varchar(180), address_line2 varchar(180), email varchar(180), primary key (id))
    Hibernate: create table permission_matrix_audit_events (created_at timestamp(6) with time zone not null, id uuid not null, snapshot_id uuid, description varchar(512), initiated_by varchar(255), matrix_json TEXT, metadata_json TEXT, action enum ('COMPARISON_RUN','EXPORT_GENERATED','SNAPSHOT_PUBLISHED') not null, left_environment enum ('BASELINE','CURRENT','PRODUCTION','STAGING'), right_environment enum ('BASELINE','CURRENT','PRODUCTION','STAGING'), primary key (id))
    Hibernate: create table permission_matrix_snapshots (version_number integer not null, created_at timestamp(6) with time zone not null, id uuid not null, source_snapshot_id uuid, notes varchar(2000), created_by varchar(255), label varchar(255), matrix_json TEXT not null, environment enum ('BASELINE','CURRENT','PRODUCTION','STAGING') not null, primary key (id), constraint uk_permission_matrix_env_version unique (environment, version_number))
    Hibernate: create table referral_attachments (size_bytes bigint not null, uploaded_at timestamp(6) not null, id uuid not null, referral_id uuid not null, uploaded_by_staff_id uuid, category varchar(50) not null, content_type varchar(100) not null, display_name varchar(300) not null, description varchar(500), storage_key varchar(500) not null, primary key (id))
    Hibernate: create table testimonials (rating integer, created_at timestamp(6) with time zone, id uuid not null, text varchar(1000), author varchar(255) not null, avatar_url varchar(255), role_label varchar(255), primary key (id))
    Hibernate: create index idx_admission_patient on admissions (patient_id)
    Hibernate: create index idx_admission_hospital on admissions (hospital_id)
    Hibernate: create index idx_admission_status on admissions (status)
    Hibernate: create index idx_admission_date on admissions (admission_date_time)
    Hibernate: create index idx_admission_provider on admissions (admitting_provider_id)
    Hibernate: create index idx_referral_patient on general_referrals (patient_id)
    Hibernate: create index idx_referral_hospital on general_referrals (hospital_id)
    Hibernate: create index idx_referral_specialty on general_referrals (target_specialty)
    Hibernate: create index idx_referral_status on general_referrals (status)
    Hibernate: create index idx_referral_urgency on general_referrals (urgency)
    Hibernate: create index idx_referral_referring_provider on general_referrals (referring_provider_id)
    Hibernate: create index idx_referral_receiving_provider on general_referrals (receiving_provider_id)
    Hibernate: create index idx_patients_v2_mrn on patients_v2 (mrn)
    Hibernate: create index idx_patients_v2_last_name on patients_v2 (last_name)
    Hibernate: create index idx_patients_v2_phone on patients_v2 (phone)
    Hibernate: alter table if exists billing.billing_invoices add constraint fk_bi_encounter foreign key (encounter_id) references clinical.encounters
    Hibernate: alter table if exists billing.billing_invoices add constraint fk_bi_hospital foreign key (hospital_id) references hospital.hospitals
    Hibernate: alter table if exists billing.billing_invoices add constraint fk_bi_patient foreign key (patient_id) references clinical.patients
    Hibernate: alter table if exists billing.invoice_items add constraint fk_item_assignment foreign key (assignment_id) references security.user_role_hospital_assignment
    Hibernate: alter table if exists billing.invoice_items add constraint fk_item_invoice foreign key (billing_invoice_id) references billing.billing_invoices
    Hibernate: alter table if exists billing.invoice_items add constraint fk_item_service foreign key (related_service_id) references clinical.treatments
    Hibernate: alter table if exists clinical.advance_directives add constraint fk_directive_hospital foreign key (hospital_id) references hospital.hospitals
    Hibernate: alter table if exists clinical.advance_directives add constraint fk_directive_patient foreign key (patient_id) references clinical.patients
    Hibernate: alter table if exists clinical.appointments add constraint fk_appointment_assignment foreign key (assignment_id) references security.user_role_hospital_assignment
    Hibernate: alter table if exists clinical.appointments add constraint fk_appointment_created_by foreign key (created_by) references security.users
    Hibernate: alter table if exists clinical.appointments add constraint fk_appointment_department foreign key (department_id) references hospital.departments
    Hibernate: alter table if exists clinical.appointments add constraint fk_appointment_hospital foreign key (hospital_id) references hospital.hospitals
    Hibernate: alter table if exists clinical.appointments add constraint fk_appointment_patient foreign key (patient_id) references clinical.patients
    Hibernate: alter table if exists clinical.appointments add constraint fk_appointment_staff foreign key (staff_id) references hospital.staff
    Hibernate: alter table if exists clinical.birth_plan_comfort_items add constraint fk_comfort_items_birth_plan foreign key (birth_plan_id) references clinical.birth_plans
    Hibernate: alter table if exists clinical.birth_plan_medicated_options add constraint fk_medicated_options_birth_plan foreign key (birth_plan_id) references clinical.birth_plans
    Hibernate: alter table if exists clinical.birth_plan_support_persons add constraint fk_support_persons_birth_plan foreign key (birth_plan_id) references clinical.birth_plans
    Hibernate: alter table if exists clinical.birth_plan_unmedicated_techniques add constraint fk_unmedicated_techniques_birth_plan foreign key (birth_plan_id) references clinical.birth_plans
    Hibernate: alter table if exists clinical.birth_plans add constraint fk_birth_plans_hospital foreign key (hospital_id) references hospital.hospitals
    Hibernate: alter table if exists clinical.birth_plans add constraint fk_birth_plans_patient foreign key (patient_id) references clinical.patients
    Hibernate: alter table if exists clinical.consultations add constraint fk_consultation_consultant foreign key (consultant_id) references hospital.staff
    Hibernate: alter table if exists clinical.consultations add constraint fk_consultation_encounter foreign key (encounter_id) references clinical.encounters
    Hibernate: alter table if exists clinical.consultations add constraint fk_consultation_hospital foreign key (hospital_id) references hospital.hospitals
    Hibernate: alter table if exists clinical.consultations add constraint fk_consultation_patient foreign key (patient_id) references clinical.patients
    Hibernate: alter table if exists clinical.consultations add constraint fk_consultation_requesting_provider foreign key (requesting_provider_id) references hospital.staff
    Hibernate: alter table if exists clinical.digital_signature_audit_log add constraint fk_signature_audit_log_signature foreign key (signature_id) references clinical.digital_signatures
    Hibernate: alter table if exists clinical.digital_signatures add constraint fk_digital_signature_hospital foreign key (hospital_id) references hospital.hospitals
    Hibernate: alter table if exists clinical.digital_signatures add constraint fk_digital_signature_staff foreign key (signed_by_staff_id) references hospital.staff
    Hibernate: alter table if exists clinical.discharge_approvals add constraint fk_discharge_doctor foreign key (doctor_staff_id) references hospital.staff
    Hibernate: alter table if exists clinical.discharge_approvals add constraint fk_discharge_doctor_assignment foreign key (doctor_assignment_id) references security.user_role_hospital_assignment
    Hibernate: alter table if exists clinical.discharge_approvals add constraint fk_discharge_hospital foreign key (hospital_id) references hospital.hospitals
    Hibernate: alter table if exists clinical.discharge_approvals add constraint fk_discharge_nurse foreign key (nurse_staff_id) references hospital.staff
    Hibernate: alter table if exists clinical.discharge_approvals add constraint fk_discharge_nurse_assignment foreign key (nurse_assignment_id) references security.user_role_hospital_assignment
    Hibernate: alter table if exists clinical.discharge_approvals add constraint fk_discharge_patient foreign key (patient_id) references clinical.patients
    Hibernate: alter table if exists clinical.discharge_approvals add constraint fk_discharge_registration foreign key (registration_id) references clinical.patient_hospital_registrations
    Hibernate: alter table if exists clinical.discharge_equipment_supplies add constraint fk_equipment_supplies_discharge_summary foreign key (discharge_summary_id) references clinical.discharge_summaries
    Hibernate: alter table if exists clinical.discharge_follow_up_appointments add constraint fk_follow_up_appointments_discharge_summary foreign key (discharge_summary_id) references clinical.discharge_summaries
    Hibernate: alter table if exists clinical.discharge_medication_reconciliations add constraint fk_medication_reconciliation_discharge_summary foreign key (discharge_summary_id) references clinical.discharge_summaries
    Hibernate: alter table if exists clinical.discharge_pending_test_results add constraint fk_pending_test_results_discharge_summary foreign key (discharge_summary_id) references clinical.discharge_summaries
    Hibernate: alter table if exists clinical.discharge_summaries add constraint fk_discharge_summary_approval foreign key (approval_record_id) references clinical.discharge_approvals
    Hibernate: alter table if exists clinical.discharge_summaries add constraint fk_discharge_summary_assignment foreign key (assignment_id) references security.user_role_hospital_assignment
    Hibernate: alter table if exists clinical.discharge_summaries add constraint fk_discharge_summary_provider foreign key (discharging_provider_id) references hospital.staff
    Hibernate: alter table if exists clinical.discharge_summaries add constraint fk_discharge_summary_encounter foreign key (encounter_id) references clinical.encounters
    Hibernate: alter table if exists clinical.discharge_summaries add constraint fk_discharge_summary_hospital foreign key (hospital_id) references hospital.hospitals
    Hibernate: alter table if exists clinical.discharge_summaries add constraint fk_discharge_summary_patient foreign key (patient_id) references clinical.patients
    Hibernate: alter table if exists clinical.education_resource_content_translations add constraint FK9tho7bpv95rqcm1431m9l3s6w foreign key (resource_id) references clinical.education_resources
    Hibernate: alter table if exists clinical.education_resource_cultural_notes add constraint FKgmhjgx5yx8saq0g5rqhqobn7a foreign key (resource_id) references clinical.education_resources
    Hibernate: alter table if exists clinical.education_resource_related add constraint FKtqo2mt6xi7hda0rn948qfhrne foreign key (resource_id) references clinical.education_resources
    Hibernate: alter table if exists clinical.education_resource_tags add constraint FKr97bclbwby4uf1if7dassnmpf foreign key (resource_id) references clinical.education_resources
    Hibernate: alter table if exists clinical.education_resource_translations add constraint FKfrbsg852bwcwl4w2lyr8n9nyf foreign key (resource_id) references clinical.education_resources
    Hibernate: alter table if exists clinical.encounter_note_addenda add constraint fk_encounter_note_addendum_author_user foreign key (author_user_id) references security.users
    Hibernate: alter table if exists clinical.encounter_note_addenda add constraint fk_encounter_note_addendum_author_staff foreign key (author_staff_id) references hospital.staff
    Hibernate: alter table if exists clinical.encounter_note_addenda add constraint fk_encounter_note_addendum_note foreign key (note_id) references clinical.encounter_notes
    Hibernate: alter table if exists clinical.encounter_note_links add constraint fk_encounter_note_link_note foreign key (note_id) references clinical.encounter_notes
    Hibernate: alter table if exists clinical.encounter_notes add constraint fk_encounter_note_author_user foreign key (author_user_id) references security.users
    Hibernate: alter table if exists clinical.encounter_notes add constraint fk_encounter_note_author_staff foreign key (author_staff_id) references hospital.staff
    Hibernate: alter table if exists clinical.encounter_notes add constraint fk_encounter_note_encounter foreign key (encounter_id) references clinical.encounters
    Hibernate: alter table if exists clinical.encounter_notes add constraint fk_encounter_note_hospital foreign key (hospital_id) references hospital.hospitals
    Hibernate: alter table if exists clinical.encounter_notes add constraint fk_encounter_note_patient foreign key (patient_id) references clinical.patients
    Hibernate: alter table if exists clinical.encounter_treatments add constraint fk_et_encounter foreign key (encounter_id) references clinical.encounters
    Hibernate: alter table if exists clinical.encounter_treatments add constraint fk_et_staff foreign key (staff_id) references hospital.staff
    Hibernate: alter table if exists clinical.encounter_treatments add constraint fk_et_treatment foreign key (treatment_id) references clinical.treatments
    Hibernate: alter table if exists clinical.encounters add constraint fk_encounter_appointment foreign key (appointment_id) references clinical.appointments
    Hibernate: alter table if exists clinical.encounters add constraint fk_encounter_assignment foreign key (assignment_id) references security.user_role_hospital_assignment
    Hibernate: alter table if exists clinical.encounters add constraint fk_encounter_department foreign key (department_id) references hospital.departments
    Hibernate: alter table if exists clinical.encounters add constraint fk_encounter_hospital foreign key (hospital_id) references hospital.hospitals
    Hibernate: alter table if exists clinical.encounters add constraint fk_encounter_patient foreign key (patient_id) references clinical.patients
    Hibernate: alter table if exists clinical.encounters add constraint fk_encounter_staff foreign key (staff_id) references hospital.staff
    Hibernate: alter table if exists clinical.high_risk_plan_bp_logs add constraint fk_high_risk_bp_plan foreign key (plan_id) references clinical.high_risk_pregnancy_plans
    Hibernate: alter table if exists clinical.high_risk_plan_care_team_members add constraint fk_high_risk_care_team_plan foreign key (plan_id) references clinical.high_risk_pregnancy_plans
    Hibernate: alter table if exists clinical.high_risk_plan_care_team_notes add constraint fk_high_risk_care_note_plan foreign key (plan_id) references clinical.high_risk_pregnancy_plans
    Hibernate: alter table if exists clinical.high_risk_plan_education_topics add constraint fk_high_risk_education_plan foreign key (plan_id) references clinical.high_risk_pregnancy_plans
    Hibernate: alter table if exists clinical.high_risk_plan_emergency_symptoms add constraint fk_high_risk_symptoms_plan foreign key (plan_id) references clinical.high_risk_pregnancy_plans
    Hibernate: alter table if exists clinical.high_risk_plan_lifestyle_factors add constraint fk_high_risk_lifestyle_plan foreign key (plan_id) references clinical.high_risk_pregnancy_plans
    Hibernate: alter table if exists clinical.high_risk_plan_medication_logs add constraint fk_high_risk_medication_plan foreign key (plan_id) references clinical.high_risk_pregnancy_plans
    Hibernate: alter table if exists clinical.high_risk_plan_milestones add constraint fk_high_risk_milestone_plan foreign key (plan_id) references clinical.high_risk_pregnancy_plans
    Hibernate: alter table if exists clinical.high_risk_plan_preexisting_conditions add constraint fk_high_risk_preexisting_plan foreign key (plan_id) references clinical.high_risk_pregnancy_plans
    Hibernate: alter table if exists clinical.high_risk_plan_pregnancy_conditions add constraint fk_high_risk_pregnancy_condition_plan foreign key (plan_id) references clinical.high_risk_pregnancy_plans
    Hibernate: alter table if exists clinical.high_risk_plan_preventive_guidance add constraint fk_high_risk_preventive_plan foreign key (plan_id) references clinical.high_risk_pregnancy_plans
    Hibernate: alter table if exists clinical.high_risk_plan_support_resources add constraint fk_high_risk_support_resource_plan foreign key (plan_id) references clinical.high_risk_pregnancy_plans
    Hibernate: alter table if exists clinical.high_risk_pregnancy_plans add constraint fk_high_risk_plans_hospital foreign key (hospital_id) references hospital.hospitals
    Hibernate: alter table if exists clinical.high_risk_pregnancy_plans add constraint fk_high_risk_plans_patient foreign key (patient_id) references clinical.patients
    Hibernate: alter table if exists clinical.imaging_orders add constraint FKjsry5egwawbk90vk9wsb63lhl foreign key (hospital_id) references hospital.hospitals
    Hibernate: alter table if exists clinical.imaging_orders add constraint FKhtiitnj1nvl06ysjmdrph2077 foreign key (patient_id) references clinical.patients
    Hibernate: alter table if exists clinical.imaging_report_attachments add constraint fk_imaging_attachment_report foreign key (report_id) references clinical.imaging_reports
    Hibernate: alter table if exists clinical.imaging_report_measurements add constraint fk_imaging_measurement_report foreign key (report_id) references clinical.imaging_reports
    Hibernate: alter table if exists clinical.imaging_report_status_history add constraint fk_imaging_status_history_changed_by foreign key (changed_by) references hospital.staff
    Hibernate: alter table if exists clinical.imaging_report_status_history add constraint fk_imaging_status_history_order foreign key (imaging_order_id) references clinical.imaging_orders
    Hibernate: alter table if exists clinical.imaging_report_status_history add constraint fk_imaging_status_history_report foreign key (imaging_report_id) references clinical.imaging_reports
    Hibernate: alter table if exists clinical.imaging_reports add constraint fk_imaging_report_critical_ack_by foreign key (critical_result_ack_by_staff_id) references hospital.staff
    Hibernate: alter table if exists clinical.imaging_reports add constraint fk_imaging_report_dept foreign key (department_id) references hospital.departments
    Hibernate: alter table if exists clinical.imaging_reports add constraint fk_imaging_report_hospital foreign key (hospital_id) references hospital.hospitals
    Hibernate: alter table if exists clinical.imaging_reports add constraint fk_imaging_report_order foreign key (imaging_order_id) references clinical.imaging_orders
    Hibernate: alter table if exists clinical.imaging_reports add constraint fk_imaging_report_interpreting_provider foreign key (interpreting_provider_id) references hospital.staff
    Hibernate: alter table if exists clinical.imaging_reports add constraint fk_imaging_report_org foreign key (organization_id) references hospital.organizations
    Hibernate: alter table if exists clinical.imaging_reports add constraint fk_imaging_report_performed_by foreign key (performed_by_staff_id) references hospital.staff
    Hibernate: alter table if exists clinical.imaging_reports add constraint fk_imaging_report_signed_by foreign key (signed_by_staff_id) references hospital.staff
    Hibernate: alter table if exists clinical.maternal_history add constraint fk_maternal_history_hospital foreign key (hospital_id) references hospital.hospitals
    Hibernate: alter table if exists clinical.maternal_history add constraint fk_maternal_history_patient foreign key (patient_id) references clinical.patients
    Hibernate: alter table if exists clinical.maternal_history add constraint fk_maternal_history_staff foreign key (recorded_by_staff_id) references hospital.staff
    Hibernate: alter table if exists clinical.newborn_assessment_alerts add constraint fk_newborn_alert_assessment foreign key (assessment_id) references clinical.newborn_assessments
    Hibernate: alter table if exists clinical.newborn_assessment_education_topics add constraint fk_newborn_education_assessment foreign key (assessment_id) references clinical.newborn_assessments
    Hibernate: alter table if exists clinical.newborn_assessment_follow_up_actions add constraint fk_newborn_followup_assessment foreign key (assessment_id) references clinical.newborn_assessments
    Hibernate: alter table if exists clinical.newborn_assessments add constraint fk_newborn_assessment_user foreign key (documented_by_user_id) references security.users
    Hibernate: alter table if exists clinical.newborn_assessments add constraint fk_newborn_assessment_hospital foreign key (hospital_id) references hospital.hospitals
    Hibernate: alter table if exists clinical.newborn_assessments add constraint fk_newborn_assessment_patient foreign key (patient_id) references clinical.patients
    Hibernate: alter table if exists clinical.newborn_assessments add constraint fk_newborn_assessment_staff foreign key (recorded_by_staff_id) references hospital.staff
    Hibernate: alter table if exists clinical.newborn_assessments add constraint fk_newborn_assessment_registration foreign key (registration_id) references clinical.patient_hospital_registrations
    Hibernate: alter table if exists clinical.nursing_note_addenda add constraint fk_note_addendum_author_user foreign key (author_user_id) references security.users
    Hibernate: alter table if exists clinical.nursing_note_addenda add constraint fk_note_addendum_author_staff foreign key (author_staff_id) references hospital.staff
    Hibernate: alter table if exists clinical.nursing_note_addenda add constraint fk_note_addendum_note foreign key (note_id) references clinical.nursing_notes
    Hibernate: alter table if exists clinical.nursing_note_education_entries add constraint fk_note_education_note foreign key (note_id) references clinical.nursing_notes
    Hibernate: alter table if exists clinical.nursing_note_interventions add constraint fk_note_intervention_note foreign key (note_id) references clinical.nursing_notes
    Hibernate: alter table if exists clinical.nursing_notes add constraint fk_nursing_notes_author_user foreign key (author_user_id) references security.users
    Hibernate: alter table if exists clinical.nursing_notes add constraint fk_nursing_notes_author_staff foreign key (author_staff_id) references hospital.staff
    Hibernate: alter table if exists clinical.nursing_notes add constraint fk_nursing_notes_hospital foreign key (hospital_id) references hospital.hospitals
    Hibernate: alter table if exists clinical.nursing_notes add constraint fk_nursing_notes_patient foreign key (patient_id) references clinical.patients
    Hibernate: alter table if exists clinical.obgyn_referral_attachments add constraint fk_obgyn_attachment_referral foreign key (referral_id) references clinical.obgyn_referrals
    Hibernate: alter table if exists clinical.obgyn_referral_attachments add constraint fk_obgyn_attachment_uploader foreign key (uploaded_by) references security.users
    Hibernate: alter table if exists clinical.obgyn_referral_messages add constraint fk_obgyn_message_referral foreign key (referral_id) references clinical.obgyn_referrals
    Hibernate: alter table if exists clinical.obgyn_referral_messages add constraint fk_obgyn_message_sender foreign key (sender_user_id) references security.users
    Hibernate: alter table if exists clinical.obgyn_referrals add constraint fk_obgyn_referral_encounter foreign key (encounter_id) references clinical.encounters
    Hibernate: alter table if exists clinical.obgyn_referrals add constraint fk_obgyn_referral_hospital foreign key (hospital_id) references hospital.hospitals
    Hibernate: alter table if exists clinical.obgyn_referrals add constraint fk_obgyn_referral_midwife foreign key (midwife_user_id) references security.users
    Hibernate: alter table if exists clinical.obgyn_referrals add constraint fk_obgyn_referral_obgyn foreign key (obgyn_user_id) references security.users
    Hibernate: alter table if exists clinical.obgyn_referrals add constraint fk_obgyn_referral_patient foreign key (patient_id) references clinical.patients
    Hibernate: alter table if exists clinical.patient_allergies add constraint fk_allergy_hospital foreign key (hospital_id) references hospital.hospitals
    Hibernate: alter table if exists clinical.patient_allergies add constraint fk_allergy_patient foreign key (patient_id) references clinical.patients
    Hibernate: alter table if exists clinical.patient_allergies add constraint fk_allergy_staff foreign key (recorded_by_staff_id) references hospital.staff
    Hibernate: alter table if exists clinical.patient_chart_attachments add constraint fk_chart_attachment_update foreign key (chart_update_id) references clinical.patient_chart_updates
    Hibernate: alter table if exists clinical.patient_chart_section_entries add constraint fk_chart_section_update foreign key (chart_update_id) references clinical.patient_chart_updates
    Hibernate: alter table if exists clinical.patient_chart_updates add constraint fk_chart_update_assignment foreign key (assignment_id) references security.user_role_hospital_assignment
    Hibernate: alter table if exists clinical.patient_chart_updates add constraint fk_chart_update_hospital foreign key (hospital_id) references hospital.hospitals
    Hibernate: alter table if exists clinical.patient_chart_updates add constraint fk_chart_update_patient foreign key (patient_id) references clinical.patients
    Hibernate: alter table if exists clinical.patient_chart_updates add constraint fk_chart_update_staff foreign key (recorded_by_staff_id) references hospital.staff
    Hibernate: alter table if exists clinical.patient_consents add constraint fk_consent_from_hospital foreign key (from_hospital_id) references hospital.hospitals
    Hibernate: alter table if exists clinical.patient_consents add constraint fk_consent_patient foreign key (patient_id) references clinical.patients
    Hibernate: alter table if exists clinical.patient_consents add constraint fk_consent_to_hospital foreign key (to_hospital_id) references hospital.hospitals
    Hibernate: alter table if exists clinical.patient_family_history add constraint fk_family_history_hospital foreign key (hospital_id) references hospital.hospitals
    Hibernate: alter table if exists clinical.patient_family_history add constraint fk_family_history_patient foreign key (patient_id) references clinical.patients
    Hibernate: alter table if exists clinical.patient_family_history add constraint fk_family_history_staff foreign key (recorded_by_staff_id) references hospital.staff
    Hibernate: alter table if exists clinical.patient_hospital_registrations add constraint fk_phr_hospital foreign key (hospital_id) references hospital.hospitals
    Hibernate: alter table if exists clinical.patient_hospital_registrations add constraint fk_phr_patient foreign key (patient_id) references clinical.patients
    Hibernate: alter table if exists clinical.patient_immunization add constraint fk_immunization_staff foreign key (administered_by_staff_id) references hospital.staff
    Hibernate: alter table if exists clinical.patient_immunization add constraint fk_immunization_encounter foreign key (encounter_id) references clinical.encounters
    Hibernate: alter table if exists clinical.patient_immunization add constraint fk_immunization_hospital foreign key (hospital_id) references hospital.hospitals
    Hibernate: alter table if exists clinical.patient_immunization add constraint fk_immunization_patient foreign key (patient_id) references clinical.patients
    Hibernate: alter table if exists clinical.patient_insurances add constraint fk_pi_assignment foreign key (assignment_id) references security.user_role_hospital_assignment
    Hibernate: alter table if exists clinical.patient_insurances add constraint fk_pi_patient foreign key (patient_id) references clinical.patients
    Hibernate: alter table if exists clinical.patient_primary_care add constraint FK57eea8kruv9prhc2x9tpltjpp foreign key (assignment_id) references security.user_role_hospital_assignment
    Hibernate: alter table if exists clinical.patient_primary_care add constraint FK7sdfixvmn2xcftk7er4h23x47 foreign key (hospital_id) references hospital.hospitals
    Hibernate: alter table if exists clinical.patient_primary_care add constraint FKsvlrv1jqege7fd4gkpyrmkqgg foreign key (patient_id) references clinical.patients
    Hibernate: alter table if exists clinical.patient_problem_history add constraint fk_problem_history_problem foreign key (problem_id) references clinical.patient_problems
    Hibernate: alter table if exists clinical.patient_problems add constraint fk_problem_hospital foreign key (hospital_id) references hospital.hospitals
    Hibernate: alter table if exists clinical.patient_problems add constraint fk_problem_patient foreign key (patient_id) references clinical.patients
    Hibernate: alter table if exists clinical.patient_problems add constraint fk_problem_staff foreign key (recorded_by_staff_id) references hospital.staff
    Hibernate: alter table if exists clinical.patient_social_history add constraint fk_social_history_hospital foreign key (hospital_id) references hospital.hospitals
    Hibernate: alter table if exists clinical.patient_social_history add constraint fk_social_history_patient foreign key (patient_id) references clinical.patients
    Hibernate: alter table if exists clinical.patient_social_history add constraint fk_social_history_staff foreign key (recorded_by_staff_id) references hospital.staff
    Hibernate: alter table if exists clinical.patient_surgical_history add constraint fk_surgical_history_hospital foreign key (hospital_id) references hospital.hospitals
    Hibernate: alter table if exists clinical.patient_surgical_history add constraint fk_surgical_history_patient foreign key (patient_id) references clinical.patients
    Hibernate: alter table if exists clinical.patient_surgical_history add constraint fk_surgical_history_staff foreign key (performed_by_staff_id) references hospital.staff
    Hibernate: alter table if exists clinical.patient_vital_signs add constraint fk_patient_vitals_hospital foreign key (hospital_id) references hospital.hospitals
    Hibernate: alter table if exists clinical.patient_vital_signs add constraint fk_patient_vitals_patient foreign key (patient_id) references clinical.patients
    Hibernate: alter table if exists clinical.patient_vital_signs add constraint fk_patient_vitals_assignment foreign key (recorded_by_assignment_id) references security.user_role_hospital_assignment
    Hibernate: alter table if exists clinical.patient_vital_signs add constraint fk_patient_vitals_staff foreign key (recorded_by_staff_id) references hospital.staff
    Hibernate: alter table if exists clinical.patient_vital_signs add constraint fk_patient_vitals_registration foreign key (registration_id) references clinical.patient_hospital_registrations
    Hibernate: alter table if exists clinical.patients add constraint fk_patient_user foreign key (user_id) references security.users
    Hibernate: alter table if exists clinical.pharmacy_fills add constraint fk_pharmacy_fill_hospital foreign key (hospital_id) references hospital.hospitals
    Hibernate: alter table if exists clinical.pharmacy_fills add constraint fk_pharmacy_fill_patient foreign key (patient_id) references clinical.patients
    Hibernate: alter table if exists clinical.pharmacy_fills add constraint fk_pharmacy_fill_prescription foreign key (prescription_id) references clinical.prescriptions
    Hibernate: alter table if exists clinical.postpartum_care_plans add constraint fk_postpartum_plan_hospital foreign key (hospital_id) references hospital.hospitals
    Hibernate: alter table if exists clinical.postpartum_care_plans add constraint fk_postpartum_plan_patient foreign key (patient_id) references clinical.patients
    Hibernate: alter table if exists clinical.postpartum_care_plans add constraint fk_postpartum_plan_registration foreign key (registration_id) references clinical.patient_hospital_registrations
    Hibernate: alter table if exists clinical.postpartum_observation_alerts add constraint fk_postpartum_obs_alert foreign key (observation_id) references clinical.postpartum_observations
    Hibernate: alter table if exists clinical.postpartum_observation_education_topics add constraint fk_postpartum_obs_education foreign key (observation_id) references clinical.postpartum_observations
    Hibernate: alter table if exists clinical.postpartum_observations add constraint fk_postpartum_obs_plan foreign key (care_plan_id) references clinical.postpartum_care_plans
    Hibernate: alter table if exists clinical.postpartum_observations add constraint fk_postpartum_obs_user foreign key (documented_by_user_id) references security.users
    Hibernate: alter table if exists clinical.postpartum_observations add constraint fk_postpartum_obs_hospital foreign key (hospital_id) references hospital.hospitals
    Hibernate: alter table if exists clinical.postpartum_observations add constraint fk_postpartum_obs_patient foreign key (patient_id) references clinical.patients
    Hibernate: alter table if exists clinical.postpartum_observations add constraint fk_postpartum_obs_staff foreign key (recorded_by_staff_id) references hospital.staff
    Hibernate: alter table if exists clinical.postpartum_observations add constraint fk_postpartum_obs_registration foreign key (registration_id) references clinical.patient_hospital_registrations
    Hibernate: alter table if exists clinical.postpartum_observations add constraint fk_postpartum_obs_supersedes foreign key (supersedes_observation_id) references clinical.postpartum_observations
    Hibernate: alter table if exists clinical.prescription_alerts add constraint fk_prescription_alert_rx foreign key (prescription_id) references clinical.prescriptions
    Hibernate: alter table if exists clinical.prescription_instructions add constraint fk_prescription_instruction_rx foreign key (prescription_id) references clinical.prescriptions
    Hibernate: alter table if exists clinical.prescription_transmissions add constraint fk_prescription_transmission_rx foreign key (prescription_id) references clinical.prescriptions
    Hibernate: alter table if exists clinical.prescriptions add constraint fk_rx_assignment foreign key (assignment_id) references security.user_role_hospital_assignment
    Hibernate: alter table if exists clinical.prescriptions add constraint fk_rx_cosign_staff foreign key (cosigned_by_staff_id) references hospital.staff
    Hibernate: alter table if exists clinical.prescriptions add constraint fk_rx_encounter foreign key (encounter_id) references clinical.encounters
    Hibernate: alter table if exists clinical.prescriptions add constraint fk_rx_hospital foreign key (hospital_id) references hospital.hospitals
    Hibernate: alter table if exists clinical.prescriptions add constraint fk_rx_patient foreign key (patient_id) references clinical.patients
    Hibernate: alter table if exists clinical.prescriptions add constraint fk_rx_staff foreign key (staff_id) references hospital.staff
    Hibernate: alter table if exists clinical.procedure_orders add constraint fk_procedure_order_encounter foreign key (encounter_id) references clinical.encounters
    Hibernate: alter table if exists clinical.procedure_orders add constraint fk_procedure_order_hospital foreign key (hospital_id) references hospital.hospitals
    Hibernate: alter table if exists clinical.procedure_orders add constraint fk_procedure_order_ordering_provider foreign key (ordering_provider_id) references hospital.staff
    Hibernate: alter table if exists clinical.procedure_orders add constraint fk_procedure_order_patient foreign key (patient_id) references clinical.patients
    Hibernate: alter table if exists clinical.refill_requests add constraint fk_refill_patient foreign key (patient_id) references clinical.patients
    Hibernate: alter table if exists clinical.refill_requests add constraint fk_refill_prescription foreign key (prescription_id) references clinical.prescriptions
    Hibernate: alter table if exists clinical.treatment_plan_followups add constraint fk_tp_followup_staff foreign key (assigned_staff_id) references hospital.staff
    Hibernate: alter table if exists clinical.treatment_plan_followups add constraint fk_tp_followup_plan foreign key (treatment_plan_id) references clinical.treatment_plans
    Hibernate: alter table if exists clinical.treatment_plan_reviews add constraint fk_tp_review_staff foreign key (reviewer_staff_id) references hospital.staff
    Hibernate: alter table if exists clinical.treatment_plan_reviews add constraint fk_tp_review_plan foreign key (treatment_plan_id) references clinical.treatment_plans
    Hibernate: alter table if exists clinical.treatment_plans add constraint fk_tp_assignment foreign key (assignment_id) references security.user_role_hospital_assignment
    Hibernate: alter table if exists clinical.treatment_plans add constraint fk_tp_author_staff foreign key (author_staff_id) references hospital.staff
    Hibernate: alter table if exists clinical.treatment_plans add constraint fk_tp_encounter foreign key (encounter_id) references clinical.encounters
    Hibernate: alter table if exists clinical.treatment_plans add constraint fk_tp_hospital foreign key (hospital_id) references hospital.hospitals
    Hibernate: alter table if exists clinical.treatment_plans add constraint fk_tp_patient foreign key (patient_id) references clinical.patients
    Hibernate: alter table if exists clinical.treatment_plans add constraint fk_tp_signoff_staff foreign key (sign_off_by) references hospital.staff
    Hibernate: alter table if exists clinical.treatment_plans add constraint fk_tp_supervising_staff foreign key (supervising_staff_id) references hospital.staff
    Hibernate: alter table if exists clinical.treatments add constraint fk_treatment_assignment foreign key (assignment_id) references security.user_role_hospital_assignment on delete restrict
    Hibernate: alter table if exists clinical.treatments add constraint fk_treatment_department foreign key (department_id) references hospital.departments on delete cascade
    Hibernate: alter table if exists clinical.treatments add constraint fk_treatment_hospital foreign key (hospital_id) references hospital.hospitals
    Hibernate: alter table if exists clinical.ultrasound_orders add constraint FK6lkfd9qv8frf5ymwntl8o4mm3 foreign key (hospital_id) references hospital.hospitals
    Hibernate: alter table if exists clinical.ultrasound_orders add constraint FK4eb5vuxp0xjes9sicwcmax3qp foreign key (patient_id) references clinical.patients
    Hibernate: alter table if exists clinical.ultrasound_reports add constraint FK9que189nn2fg6596m8uwr25xd foreign key (hospital_id) references hospital.hospitals
    Hibernate: alter table if exists clinical.ultrasound_reports add constraint FKciste679ukpp37t2jktpxubr8 foreign key (ultrasound_order_id) references clinical.ultrasound_orders
    Hibernate: alter table if exists clinical.visit_education_resources_provided add constraint FKdq4iphi07ytblg3obcao1awjo foreign key (documentation_id) references clinical.visit_education_documentation
    Hibernate: alter table if exists empi.identity_aliases add constraint fk_empi_alias_master foreign key (master_identity_id) references empi.master_identities
    Hibernate: alter table if exists empi.merge_events add constraint fk_empi_merge_primary foreign key (primary_identity_id) references empi.master_identities
    Hibernate: alter table if exists empi.merge_events add constraint fk_empi_merge_secondary foreign key (secondary_identity_id) references empi.master_identities
    Hibernate: alter table if exists hospital.department_translations add constraint fk_dept_translation_assignment foreign key (assignment_id) references security.user_role_hospital_assignment
    Hibernate: alter table if exists hospital.department_translations add constraint fk_dept_translation_department foreign key (department_id) references hospital.departments
    Hibernate: alter table if exists hospital.departments add constraint fk_department_assignment foreign key (assignment_id) references security.user_role_hospital_assignment
    Hibernate: alter table if exists hospital.departments add constraint fk_department_head foreign key (head_of_department_staff_id) references hospital.staff
    Hibernate: alter table if exists hospital.departments add constraint fk_department_hospital foreign key (hospital_id) references hospital.hospitals
    Hibernate: alter table if exists hospital.hospitals add constraint fk_hospital_organization foreign key (organization_id) references hospital.organizations
    Hibernate: alter table if exists hospital.staff add constraint fk_staff_assignment foreign key (assignment_id) references security.user_role_hospital_assignment
    Hibernate: alter table if exists hospital.staff add constraint fk_staff_department foreign key (department_id) references hospital.departments
    Hibernate: alter table if exists hospital.staff add constraint fk_staff_hospital foreign key (hospital_id) references hospital.hospitals
    Hibernate: alter table if exists hospital.staff add constraint fk_staff_user foreign key (user_id) references security.users
    Hibernate: alter table if exists hospital.staff_availability add constraint fk_availability_hospital foreign key (hospital_id) references hospital.hospitals
    Hibernate: alter table if exists hospital.staff_availability add constraint fk_availability_staff foreign key (staff_id) references hospital.staff
    Hibernate: alter table if exists hospital.staff_leave_requests add constraint fk_staff_leave_department foreign key (department_id) references hospital.departments
    Hibernate: alter table if exists hospital.staff_leave_requests add constraint fk_staff_leave_hospital foreign key (hospital_id) references hospital.hospitals
    Hibernate: alter table if exists hospital.staff_leave_requests add constraint fk_staff_leave_requested_by foreign key (requested_by_user_id) references security.users
    Hibernate: alter table if exists hospital.staff_leave_requests add constraint fk_staff_leave_reviewed_by foreign key (reviewed_by_user_id) references security.users
    Hibernate: alter table if exists hospital.staff_leave_requests add constraint fk_staff_leave_staff foreign key (staff_id) references hospital.staff
    Hibernate: alter table if exists hospital.staff_shifts add constraint fk_staff_shift_department foreign key (department_id) references hospital.departments
    Hibernate: alter table if exists hospital.staff_shifts add constraint fk_staff_shift_hospital foreign key (hospital_id) references hospital.hospitals
    Hibernate: alter table if exists hospital.staff_shifts add constraint fk_staff_shift_last_modified_by foreign key (last_modified_by_user_id) references security.users
    Hibernate: alter table if exists hospital.staff_shifts add constraint fk_staff_shift_scheduled_by foreign key (scheduled_by_user_id) references security.users
    Hibernate: alter table if exists hospital.staff_shifts add constraint fk_staff_shift_staff foreign key (staff_id) references hospital.staff
    Hibernate: alter table if exists lab.lab_orders add constraint fk_laborder_assignment foreign key (assignment_id) references security.user_role_hospital_assignment
    Hibernate: alter table if exists lab.lab_orders add constraint fk_laborder_encounter foreign key (encounter_id) references clinical.encounters
    Hibernate: alter table if exists lab.lab_orders add constraint fk_laborder_hospital foreign key (hospital_id) references hospital.hospitals
    Hibernate: alter table if exists lab.lab_orders add constraint fk_laborder_testdef foreign key (lab_test_definition_id) references lab.lab_test_definitions
    Hibernate: alter table if exists lab.lab_orders add constraint fk_laborder_staff foreign key (ordering_staff_id) references hospital.staff
    Hibernate: alter table if exists lab.lab_orders add constraint fk_laborder_patient foreign key (patient_id) references clinical.patients
    Hibernate: alter table if exists lab.lab_results add constraint fk_labresult_assignment foreign key (assignment_id) references security.user_role_hospital_assignment
    Hibernate: alter table if exists lab.lab_results add constraint fk_labresult_order foreign key (lab_order_id) references lab.lab_orders
    Hibernate: alter table if exists lab.lab_test_definitions add constraint fk_labtestdef_assignment foreign key (assignment_id) references security.user_role_hospital_assignment
    Hibernate: alter table if exists lab.lab_test_definitions add constraint fk_labtestdef_hospital foreign key (hospital_id) references hospital.hospitals
    Hibernate: alter table if exists platform.department_platform_service_links add constraint fk_department_service_link_department foreign key (department_id) references hospital.departments
    Hibernate: alter table if exists platform.department_platform_service_links add constraint fk_department_service_link_org_service foreign key (organization_service_id) references platform.organization_platform_services
    Hibernate: alter table if exists platform.hospital_platform_service_links add constraint fk_hospital_service_link_hospital foreign key (hospital_id) references hospital.hospitals
    Hibernate: alter table if exists platform.hospital_platform_service_links add constraint fk_hospital_service_link_org_service foreign key (organization_service_id) references platform.organization_platform_services
    Hibernate: alter table if exists platform.organization_platform_services add constraint fk_org_platform_service_org foreign key (organization_id) references hospital.organizations
    Hibernate: alter table if exists reference.catalog_entries add constraint FKqc9cdfahuns1fr9i1oua32hrp foreign key (catalog_id) references reference.catalogs
    Hibernate: alter table if exists security.organization_security_policies add constraint fk_org_security_policy_organization foreign key (organization_id) references hospital.organizations
    Hibernate: alter table if exists security.organization_security_rules add constraint fk_org_security_rule_policy foreign key (security_policy_id) references security.organization_security_policies
    Hibernate: alter table if exists security.password_reset_tokens add constraint fk_prt_user foreign key (user_id) references security.users
    Hibernate: alter table if exists security.permissions add constraint fk_permission_assignment foreign key (assignment_id) references security.user_role_hospital_assignment
    Hibernate: alter table if exists security.role_permissions add constraint fk_role_permissions_permission foreign key (permission_id) references security.permissions
    Hibernate: alter table if exists security.role_permissions add constraint fk_role_permissions_role foreign key (role_id) references security.roles
    Hibernate: alter table if exists security.user_mfa_enrollments add constraint FKoytkl6n6ub28ryup6xb12obm5 foreign key (user_id) references security.users
    Hibernate: alter table if exists security.user_recovery_contacts add constraint FK877sqcahcyjqdgmoefokin718 foreign key (user_id) references security.users
    Hibernate: alter table if exists security.user_role_hospital_assignment add constraint fk_user_role_assignment_hospital foreign key (hospital_id) references hospital.hospitals
    Hibernate: alter table if exists security.user_role_hospital_assignment add constraint fk_user_role_assignment_registered_by foreign key (registered_by_user_id) references security.users
    Hibernate: alter table if exists security.user_role_hospital_assignment add constraint fk_user_role_assignment_role foreign key (role_id) references security.roles
    Hibernate: alter table if exists security.user_role_hospital_assignment add constraint fk_user_role_assignment_user foreign key (user_id) references security.users
    Hibernate: alter table if exists security.user_roles add constraint fk_user_role_role foreign key (role_id) references security.roles
    Hibernate: alter table if exists security.user_roles add constraint fk_user_role_user foreign key (user_id) references security.users
    Hibernate: alter table if exists support.audit_event_logs add constraint fk_audit_assignment foreign key (assignment_id) references security.user_role_hospital_assignment
    Hibernate: alter table if exists support.audit_event_logs add constraint fk_audit_user foreign key (user_id) references security.users
    Hibernate: alter table if exists support.chat_messages add constraint fk_chat_assignment foreign key (assignment_id) references security.user_role_hospital_assignment
    Hibernate: alter table if exists support.chat_messages add constraint fk_chat_recipient foreign key (recipient_id) references security.users
    Hibernate: alter table if exists support.chat_messages add constraint fk_chat_sender foreign key (sender_id) references security.users
    Hibernate: alter table if exists support.service_translations add constraint fk_st_assignment foreign key (assignment_id) references security.user_role_hospital_assignment
    Hibernate: alter table if exists support.service_translations add constraint fk_st_treatment foreign key (treatment_id) references clinical.treatments
    Hibernate: alter table if exists admission_applied_order_sets add constraint FKnqsxy6m3dewr34srr1obdorhl foreign key (order_set_id) references admission_order_sets
    Hibernate: alter table if exists admission_applied_order_sets add constraint FKpc70u5i36ydfuh3btj1vly2it foreign key (admission_id) references admissions
    Hibernate: alter table if exists admission_order_sets add constraint FK7bkfyb7gq8rq4dg2bdyo4t8dl foreign key (created_by_staff_id) references hospital.staff
    Hibernate: alter table if exists admission_order_sets add constraint FK17h94xwjndj7pvm7v04ilhq23 foreign key (department_id) references hospital.departments
    Hibernate: alter table if exists admission_order_sets add constraint FK9evpt3sak30wedonjnkeb3be2 foreign key (hospital_id) references hospital.hospitals
    Hibernate: alter table if exists admission_order_sets add constraint FKeblttwv87an6u0x846d13bunj foreign key (last_modified_by_staff_id) references hospital.staff
    Hibernate: alter table if exists admissions add constraint FK6uyrlcjnojjvwm2jc1llq7j5o foreign key (admitting_provider_id) references hospital.staff
    Hibernate: alter table if exists admissions add constraint FKamuahtok0h1iiwrb0dcfpeo3u foreign key (attending_physician_id) references hospital.staff
    Hibernate: alter table if exists admissions add constraint FKmactdxy1of2dpq08ev7k7f3rs foreign key (department_id) references hospital.departments
    Hibernate: alter table if exists admissions add constraint FKlw2fdf6o1d576pi7dxid8ndfa foreign key (discharging_provider_id) references hospital.staff
    Hibernate: alter table if exists admissions add constraint FKsw2l4n2yqlruoe741phfj9ae3 foreign key (hospital_id) references hospital.hospitals
    Hibernate: alter table if exists admissions add constraint FKkyky6a6qqfqwfvd92qpopwepy foreign key (patient_id) references clinical.patients
    Hibernate: alter table if exists general_referrals add constraint FK2k6rv66nml5tn0selnom3o2sx foreign key (hospital_id) references hospital.hospitals
    Hibernate: alter table if exists general_referrals add constraint FKa8f3t1ytyjsck8huphiwr4juq foreign key (patient_id) references clinical.patients
    Hibernate: alter table if exists general_referrals add constraint FKddic1fp26u2f3e814b2vhs1ws foreign key (receiving_provider_id) references hospital.staff
    Hibernate: alter table if exists general_referrals add constraint FKk0bxu51yww661tf4ve9ao6mcg foreign key (referring_provider_id) references hospital.staff
    Hibernate: alter table if exists general_referrals add constraint FK7ca86f0mqahy6j2qvqfkhe4nw foreign key (target_department_id) references hospital.departments
    Hibernate: alter table if exists patient_insurances_v2 add constraint FKbw3dfoqvfm5fcbmwmo0g0qion foreign key (patient_id) references patients_v2
    Hibernate: alter table if exists patient_medical_histories_v2 add constraint FKklle78p7tmub7m1vbxx78yvq4 foreign key (patient_id) references patients_v2
    Hibernate: alter table if exists permission_matrix_audit_events add constraint FKp6ac22kse2wqb2ag9c7lvuu68 foreign key (snapshot_id) references permission_matrix_snapshots
    Hibernate: alter table if exists referral_attachments add constraint FKmusbd347w9k9bvthrygdwp706 foreign key (referral_id) references general_referrals
    Hibernate: alter table if exists referral_attachments add constraint FK4ownrfvlut4fy2lb4hsggu7ae foreign key (uploaded_by_staff_id) references hospital.staff
    2026-03-10 23:50:29  INFO [Test worker] c.e.h.r.PatientRepositoryTenantScopeTest - Started PatientRepositoryTenantScopeTest in 8.987 seconds (process running for 200.968)

PatientRepositoryTenantScopeTest > searchPatientsExtendedIncludesRegistrationHospitalInTenantScope() STANDARD_OUT
    Hibernate: insert into hospital.organizations (active,code,created_at,default_timezone,description,name,onboarding_notes,data_steward,owner_contact_email,owner_team,service_level,billing_system,ehr_system,integration_notes,inventory_system,primary_contact_email,primary_contact_phone,type,updated_at,id) values (?,?,?,?,?,?,?,?,?,?,?,?,?,?,?,?,?,?,?,?)
    Hibernate: insert into hospital.hospitals (active,address,city,code,country,created_at,email,license_number,name,organization_id,hospital_data_steward,hospital_owner_contact_email,hospital_owner_team,hospital_service_level,phone_number,hospital_billing_system,hospital_ehr_system,hospital_integration_notes,hospital_inventory_system,po_box,province,region,sector,state,updated_at,website,zip_code,id) values (?,?,?,?,?,?,?,?,?,?,?,?,?,?,?,?,?,?,?,?,?,?,?,?,?,?,?,?)
    Hibernate: insert into hospital.hospitals (active,address,city,code,country,created_at,email,license_number,name,organization_id,hospital_data_steward,hospital_owner_contact_email,hospital_owner_team,hospital_service_level,phone_number,hospital_billing_system,hospital_ehr_system,hospital_integration_notes,hospital_inventory_system,po_box,province,region,sector,state,updated_at,website,zip_code,id) values (?,?,?,?,?,?,?,?,?,?,?,?,?,?,?,?,?,?,?,?,?,?,?,?,?,?,?,?)
    Hibernate: insert into security.users (activation_token,activation_token_expires_at,created_at,email,first_name,force_password_change,is_active,is_deleted,last_login_at,last_name,password_changed_at,password_hash,password_rotation_forced_at,password_rotation_warning_at,phone_number,profile_image_url,updated_at,username,id) values (?,?,?,?,?,?,?,?,?,?,?,?,?,?,?,?,?,?,?)
    Hibernate: insert into clinical.patients (is_active,address,address_line1,address_line2,allergies,blood_type,care_team_notes,chronic_conditions,city,country,created_at,date_of_birth,department_id,email,emergency_contact_name,emergency_contact_phone,emergency_contact_relationship,first_name,gender,hospital_id,last_name,medical_history_summary,middle_name,organization_id,phone_number_primary,phone_number_secondary,preferred_pharmacy,state,updated_at,user_id,zip_code,id) values (?,?,?,?,?,?,?,?,?,?,?,?,?,?,?,?,?,?,?,?,?,?,?,?,?,?,?,?,?,?,?,?)
    Hibernate: insert into clinical.patient_hospital_registrations (is_active,attending_physician_name,created_at,current_bed,current_room,hospital_id,mrn,patient_id,patient_name,ready_by_staff_id,ready_for_discharge_note,registration_date,stay_status,stay_status_updated_at,updated_at,id) values (?,?,?,?,?,?,?,?,?,?,?,?,?,?,?,?)
    Hibernate: select distinct p1_0.id,p1_0.is_active,p1_0.address,p1_0.address_line1,p1_0.address_line2,p1_0.allergies,p1_0.blood_type,p1_0.care_team_notes,p1_0.chronic_conditions,p1_0.city,p1_0.country,p1_0.created_at,p1_0.date_of_birth,p1_0.department_id,p1_0.email,p1_0.emergency_contact_name,p1_0.emergency_contact_phone,p1_0.emergency_contact_relationship,p1_0.first_name,p1_0.gender,p1_0.hospital_id,p1_0.last_name,p1_0.medical_history_summary,p1_0.middle_name,p1_0.organization_id,p1_0.phone_number_primary,p1_0.phone_number_secondary,p1_0.preferred_pharmacy,p1_0.state,p1_0.updated_at,p1_0.user_id,p1_0.zip_code from clinical.patients p1_0 join clinical.patient_hospital_registrations hr1_0 on p1_0.id=hr1_0.patient_id where (? is null or hr1_0.hospital_id=?) and (? is null or hr1_0.mrn=?) and (? is null or lower(p1_0.first_name) like ? escape '' or lower(p1_0.last_name) like ? escape '' or lower((p1_0.first_name||' '||p1_0.last_name)) like ? escape '') and (? is null or cast(p1_0.date_of_birth as varchar)=?) and (? is null or p1_0.phone_number_primary like ? escape '\' or p1_0.phone_number_secondary like ? escape '\') and (? is null or lower(p1_0.email) like ? escape '') and (? is null or p1_0.is_active=?) and hr1_0.is_active=true and (?=true or ((p1_0.organization_id is not null and 1=0) or (p1_0.hospital_id is not null and p1_0.hospital_id in (?)) or (hr1_0.hospital_id is not null and hr1_0.hospital_id in (?)))) fetch first ? rows only

PatientRepositoryTenantScopeTest > searchPatientsExtendedIncludesRegistrationHospitalInTenantScope() PASSED

UltrasoundOrderRepositoryTest > shouldResolvePatientScopedQueries() STANDARD_OUT
    Hibernate: insert into hospital.organizations (active,code,created_at,default_timezone,description,name,onboarding_notes,data_steward,owner_contact_email,owner_team,service_level,billing_system,ehr_system,integration_notes,inventory_system,primary_contact_email,primary_contact_phone,type,updated_at,id) values (?,?,?,?,?,?,?,?,?,?,?,?,?,?,?,?,?,?,?,?)
    Hibernate: insert into hospital.hospitals (active,address,city,code,country,created_at,email,license_number,name,organization_id,hospital_data_steward,hospital_owner_contact_email,hospital_owner_team,hospital_service_level,phone_number,hospital_billing_system,hospital_ehr_system,hospital_integration_notes,hospital_inventory_system,po_box,province,region,sector,state,updated_at,website,zip_code,id) values (?,?,?,?,?,?,?,?,?,?,?,?,?,?,?,?,?,?,?,?,?,?,?,?,?,?,?,?)
    Hibernate: insert into hospital.hospitals (active,address,city,code,country,created_at,email,license_number,name,organization_id,hospital_data_steward,hospital_owner_contact_email,hospital_owner_team,hospital_service_level,phone_number,hospital_billing_system,hospital_ehr_system,hospital_integration_notes,hospital_inventory_system,po_box,province,region,sector,state,updated_at,website,zip_code,id) values (?,?,?,?,?,?,?,?,?,?,?,?,?,?,?,?,?,?,?,?,?,?,?,?,?,?,?,?)
    Hibernate: insert into security.users (activation_token,activation_token_expires_at,created_at,email,first_name,force_password_change,is_active,is_deleted,last_login_at,last_name,password_changed_at,password_hash,password_rotation_forced_at,password_rotation_warning_at,phone_number,profile_image_url,updated_at,username,id) values (?,?,?,?,?,?,?,?,?,?,?,?,?,?,?,?,?,?,?)
    Hibernate: insert into clinical.patients (is_active,address,address_line1,address_line2,allergies,blood_type,care_team_notes,chronic_conditions,city,country,created_at,date_of_birth,department_id,email,emergency_contact_name,emergency_contact_phone,emergency_contact_relationship,first_name,gender,hospital_id,last_name,medical_history_summary,middle_name,organization_id,phone_number_primary,phone_number_secondary,preferred_pharmacy,state,updated_at,user_id,zip_code,id) values (?,?,?,?,?,?,?,?,?,?,?,?,?,?,?,?,?,?,?,?,?,?,?,?,?,?,?,?,?,?,?,?)
    Hibernate: insert into security.users (activation_token,activation_token_expires_at,created_at,email,first_name,force_password_change,is_active,is_deleted,last_login_at,last_name,password_changed_at,password_hash,password_rotation_forced_at,password_rotation_warning_at,phone_number,profile_image_url,updated_at,username,id) values (?,?,?,?,?,?,?,?,?,?,?,?,?,?,?,?,?,?,?)
    Hibernate: insert into clinical.patients (is_active,address,address_line1,address_line2,allergies,blood_type,care_team_notes,chronic_conditions,city,country,created_at,date_of_birth,department_id,email,emergency_contact_name,emergency_contact_phone,emergency_contact_relationship,first_name,gender,hospital_id,last_name,medical_history_summary,middle_name,organization_id,phone_number_primary,phone_number_secondary,preferred_pharmacy,state,updated_at,user_id,zip_code,id) values (?,?,?,?,?,?,?,?,?,?,?,?,?,?,?,?,?,?,?,?,?,?,?,?,?,?,?,?,?,?,?,?)
    Hibernate: insert into clinical.ultrasound_orders (appointment_location,cancellation_reason,cancelled_at,cancelled_by,clinical_indication,created_at,gestational_age_at_order,high_risk_notes,hospital_id,is_high_risk_pregnancy,ordered_by,ordered_date,patient_id,priority,scan_count_for_pregnancy,scan_type,scheduled_date,scheduled_time,special_instructions,status,updated_at,id) values (?,?,?,?,?,?,?,?,?,?,?,?,?,?,?,?,?,?,?,?,?,?)
    Hibernate: insert into clinical.ultrasound_orders (appointment_location,cancellation_reason,cancelled_at,cancelled_by,clinical_indication,created_at,gestational_age_at_order,high_risk_notes,hospital_id,is_high_risk_pregnancy,ordered_by,ordered_date,patient_id,priority,scan_count_for_pregnancy,scan_type,scheduled_date,scheduled_time,special_instructions,status,updated_at,id) values (?,?,?,?,?,?,?,?,?,?,?,?,?,?,?,?,?,?,?,?,?,?)
    Hibernate: insert into clinical.ultrasound_orders (appointment_location,cancellation_reason,cancelled_at,cancelled_by,clinical_indication,created_at,gestational_age_at_order,high_risk_notes,hospital_id,is_high_risk_pregnancy,ordered_by,ordered_date,patient_id,priority,scan_count_for_pregnancy,scan_type,scheduled_date,scheduled_time,special_instructions,status,updated_at,id) values (?,?,?,?,?,?,?,?,?,?,?,?,?,?,?,?,?,?,?,?,?,?)
    Hibernate: insert into clinical.ultrasound_orders (appointment_location,cancellation_reason,cancelled_at,cancelled_by,clinical_indication,created_at,gestational_age_at_order,high_risk_notes,hospital_id,is_high_risk_pregnancy,ordered_by,ordered_date,patient_id,priority,scan_count_for_pregnancy,scan_type,scheduled_date,scheduled_time,special_instructions,status,updated_at,id) values (?,?,?,?,?,?,?,?,?,?,?,?,?,?,?,?,?,?,?,?,?,?)
    Hibernate: insert into clinical.ultrasound_orders (appointment_location,cancellation_reason,cancelled_at,cancelled_by,clinical_indication,created_at,gestational_age_at_order,high_risk_notes,hospital_id,is_high_risk_pregnancy,ordered_by,ordered_date,patient_id,priority,scan_count_for_pregnancy,scan_type,scheduled_date,scheduled_time,special_instructions,status,updated_at,id) values (?,?,?,?,?,?,?,?,?,?,?,?,?,?,?,?,?,?,?,?,?,?)
    Hibernate: select uo1_0.id,uo1_0.appointment_location,uo1_0.cancellation_reason,uo1_0.cancelled_at,uo1_0.cancelled_by,uo1_0.clinical_indication,uo1_0.created_at,uo1_0.gestational_age_at_order,uo1_0.high_risk_notes,uo1_0.hospital_id,uo1_0.is_high_risk_pregnancy,uo1_0.ordered_by,uo1_0.ordered_date,uo1_0.patient_id,uo1_0.priority,uo1_0.scan_count_for_pregnancy,uo1_0.scan_type,uo1_0.scheduled_date,uo1_0.scheduled_time,uo1_0.special_instructions,uo1_0.status,uo1_0.updated_at from clinical.ultrasound_orders uo1_0 where uo1_0.patient_id=? order by uo1_0.ordered_date desc
    Hibernate: select uo1_0.id,uo1_0.appointment_location,uo1_0.cancellation_reason,uo1_0.cancelled_at,uo1_0.cancelled_by,uo1_0.clinical_indication,uo1_0.created_at,uo1_0.gestational_age_at_order,uo1_0.high_risk_notes,uo1_0.hospital_id,uo1_0.is_high_risk_pregnancy,uo1_0.ordered_by,uo1_0.ordered_date,uo1_0.patient_id,uo1_0.priority,uo1_0.scan_count_for_pregnancy,uo1_0.scan_type,uo1_0.scheduled_date,uo1_0.scheduled_time,uo1_0.special_instructions,uo1_0.status,uo1_0.updated_at from clinical.ultrasound_orders uo1_0 where uo1_0.status=? order by uo1_0.ordered_date desc
    Hibernate: select uo1_0.id,uo1_0.appointment_location,uo1_0.cancellation_reason,uo1_0.cancelled_at,uo1_0.cancelled_by,uo1_0.clinical_indication,uo1_0.created_at,uo1_0.gestational_age_at_order,uo1_0.high_risk_notes,uo1_0.hospital_id,uo1_0.is_high_risk_pregnancy,uo1_0.ordered_by,uo1_0.ordered_date,uo1_0.patient_id,uo1_0.priority,uo1_0.scan_count_for_pregnancy,uo1_0.scan_type,uo1_0.scheduled_date,uo1_0.scheduled_time,uo1_0.special_instructions,uo1_0.status,uo1_0.updated_at from clinical.ultrasound_orders uo1_0 where uo1_0.patient_id=? and uo1_0.status=? order by uo1_0.ordered_date desc
    Hibernate: select uo1_0.id,uo1_0.appointment_location,uo1_0.cancellation_reason,uo1_0.cancelled_at,uo1_0.cancelled_by,uo1_0.clinical_indication,uo1_0.created_at,uo1_0.gestational_age_at_order,uo1_0.high_risk_notes,uo1_0.hospital_id,uo1_0.is_high_risk_pregnancy,uo1_0.ordered_by,uo1_0.ordered_date,uo1_0.patient_id,uo1_0.priority,uo1_0.scan_count_for_pregnancy,uo1_0.scan_type,uo1_0.scheduled_date,uo1_0.scheduled_time,uo1_0.special_instructions,uo1_0.status,uo1_0.updated_at from clinical.ultrasound_orders uo1_0 where uo1_0.patient_id=? and uo1_0.scan_type=? order by uo1_0.ordered_date desc
    Hibernate: select count(uo1_0.id) from clinical.ultrasound_orders uo1_0 where uo1_0.patient_id=? and uo1_0.status<>'CANCELLED'

UltrasoundOrderRepositoryTest > shouldResolvePatientScopedQueries() PASSED

UltrasoundOrderRepositoryTest > shouldHonorSchedulingAndRiskFilters() STANDARD_OUT
    Hibernate: insert into hospital.organizations (active,code,created_at,default_timezone,description,name,onboarding_notes,data_steward,owner_contact_email,owner_team,service_level,billing_system,ehr_system,integration_notes,inventory_system,primary_contact_email,primary_contact_phone,type,updated_at,id) values (?,?,?,?,?,?,?,?,?,?,?,?,?,?,?,?,?,?,?,?)
    Hibernate: insert into hospital.hospitals (active,address,city,code,country,created_at,email,license_number,name,organization_id,hospital_data_steward,hospital_owner_contact_email,hospital_owner_team,hospital_service_level,phone_number,hospital_billing_system,hospital_ehr_system,hospital_integration_notes,hospital_inventory_system,po_box,province,region,sector,state,updated_at,website,zip_code,id) values (?,?,?,?,?,?,?,?,?,?,?,?,?,?,?,?,?,?,?,?,?,?,?,?,?,?,?,?)
    Hibernate: insert into hospital.hospitals (active,address,city,code,country,created_at,email,license_number,name,organization_id,hospital_data_steward,hospital_owner_contact_email,hospital_owner_team,hospital_service_level,phone_number,hospital_billing_system,hospital_ehr_system,hospital_integration_notes,hospital_inventory_system,po_box,province,region,sector,state,updated_at,website,zip_code,id) values (?,?,?,?,?,?,?,?,?,?,?,?,?,?,?,?,?,?,?,?,?,?,?,?,?,?,?,?)
    Hibernate: insert into security.users (activation_token,activation_token_expires_at,created_at,email,first_name,force_password_change,is_active,is_deleted,last_login_at,last_name,password_changed_at,password_hash,password_rotation_forced_at,password_rotation_warning_at,phone_number,profile_image_url,updated_at,username,id) values (?,?,?,?,?,?,?,?,?,?,?,?,?,?,?,?,?,?,?)
    Hibernate: insert into clinical.patients (is_active,address,address_line1,address_line2,allergies,blood_type,care_team_notes,chronic_conditions,city,country,created_at,date_of_birth,department_id,email,emergency_contact_name,emergency_contact_phone,emergency_contact_relationship,first_name,gender,hospital_id,last_name,medical_history_summary,middle_name,organization_id,phone_number_primary,phone_number_secondary,preferred_pharmacy,state,updated_at,user_id,zip_code,id) values (?,?,?,?,?,?,?,?,?,?,?,?,?,?,?,?,?,?,?,?,?,?,?,?,?,?,?,?,?,?,?,?)
    Hibernate: insert into security.users (activation_token,activation_token_expires_at,created_at,email,first_name,force_password_change,is_active,is_deleted,last_login_at,last_name,password_changed_at,password_hash,password_rotation_forced_at,password_rotation_warning_at,phone_number,profile_image_url,updated_at,username,id) values (?,?,?,?,?,?,?,?,?,?,?,?,?,?,?,?,?,?,?)
    Hibernate: insert into clinical.patients (is_active,address,address_line1,address_line2,allergies,blood_type,care_team_notes,chronic_conditions,city,country,created_at,date_of_birth,department_id,email,emergency_contact_name,emergency_contact_phone,emergency_contact_relationship,first_name,gender,hospital_id,last_name,medical_history_summary,middle_name,organization_id,phone_number_primary,phone_number_secondary,preferred_pharmacy,state,updated_at,user_id,zip_code,id) values (?,?,?,?,?,?,?,?,?,?,?,?,?,?,?,?,?,?,?,?,?,?,?,?,?,?,?,?,?,?,?,?)
    Hibernate: insert into clinical.ultrasound_orders (appointment_location,cancellation_reason,cancelled_at,cancelled_by,clinical_indication,created_at,gestational_age_at_order,high_risk_notes,hospital_id,is_high_risk_pregnancy,ordered_by,ordered_date,patient_id,priority,scan_count_for_pregnancy,scan_type,scheduled_date,scheduled_time,special_instructions,status,updated_at,id) values (?,?,?,?,?,?,?,?,?,?,?,?,?,?,?,?,?,?,?,?,?,?)
    Hibernate: insert into clinical.ultrasound_orders (appointment_location,cancellation_reason,cancelled_at,cancelled_by,clinical_indication,created_at,gestational_age_at_order,high_risk_notes,hospital_id,is_high_risk_pregnancy,ordered_by,ordered_date,patient_id,priority,scan_count_for_pregnancy,scan_type,scheduled_date,scheduled_time,special_instructions,status,updated_at,id) values (?,?,?,?,?,?,?,?,?,?,?,?,?,?,?,?,?,?,?,?,?,?)
    Hibernate: insert into clinical.ultrasound_orders (appointment_location,cancellation_reason,cancelled_at,cancelled_by,clinical_indication,created_at,gestational_age_at_order,high_risk_notes,hospital_id,is_high_risk_pregnancy,ordered_by,ordered_date,patient_id,priority,scan_count_for_pregnancy,scan_type,scheduled_date,scheduled_time,special_instructions,status,updated_at,id) values (?,?,?,?,?,?,?,?,?,?,?,?,?,?,?,?,?,?,?,?,?,?)
    Hibernate: insert into clinical.ultrasound_orders (appointment_location,cancellation_reason,cancelled_at,cancelled_by,clinical_indication,created_at,gestational_age_at_order,high_risk_notes,hospital_id,is_high_risk_pregnancy,ordered_by,ordered_date,patient_id,priority,scan_count_for_pregnancy,scan_type,scheduled_date,scheduled_time,special_instructions,status,updated_at,id) values (?,?,?,?,?,?,?,?,?,?,?,?,?,?,?,?,?,?,?,?,?,?)
    Hibernate: insert into clinical.ultrasound_orders (appointment_location,cancellation_reason,cancelled_at,cancelled_by,clinical_indication,created_at,gestational_age_at_order,high_risk_notes,hospital_id,is_high_risk_pregnancy,ordered_by,ordered_date,patient_id,priority,scan_count_for_pregnancy,scan_type,scheduled_date,scheduled_time,special_instructions,status,updated_at,id) values (?,?,?,?,?,?,?,?,?,?,?,?,?,?,?,?,?,?,?,?,?,?)
    Hibernate: select uo1_0.id,uo1_0.appointment_location,uo1_0.cancellation_reason,uo1_0.cancelled_at,uo1_0.cancelled_by,uo1_0.clinical_indication,uo1_0.created_at,uo1_0.gestational_age_at_order,uo1_0.high_risk_notes,uo1_0.hospital_id,uo1_0.is_high_risk_pregnancy,uo1_0.ordered_by,uo1_0.ordered_date,uo1_0.patient_id,uo1_0.priority,uo1_0.scan_count_for_pregnancy,uo1_0.scan_type,uo1_0.scheduled_date,uo1_0.scheduled_time,uo1_0.special_instructions,uo1_0.status,uo1_0.updated_at from clinical.ultrasound_orders uo1_0 where uo1_0.scheduled_date between ? and ? order by uo1_0.scheduled_date,uo1_0.scheduled_time
    Hibernate: select uo1_0.id,uo1_0.appointment_location,uo1_0.cancellation_reason,uo1_0.cancelled_at,uo1_0.cancelled_by,uo1_0.clinical_indication,uo1_0.created_at,uo1_0.gestational_age_at_order,uo1_0.high_risk_notes,uo1_0.hospital_id,uo1_0.is_high_risk_pregnancy,uo1_0.ordered_by,uo1_0.ordered_date,uo1_0.patient_id,uo1_0.priority,uo1_0.scan_count_for_pregnancy,uo1_0.scan_type,uo1_0.scheduled_date,uo1_0.scheduled_time,uo1_0.special_instructions,uo1_0.status,uo1_0.updated_at from clinical.ultrasound_orders uo1_0 where uo1_0.is_high_risk_pregnancy=true order by uo1_0.ordered_date desc
    Hibernate: select uo1_0.id,uo1_0.appointment_location,uo1_0.cancellation_reason,uo1_0.cancelled_at,uo1_0.cancelled_by,uo1_0.clinical_indication,uo1_0.created_at,uo1_0.gestational_age_at_order,uo1_0.high_risk_notes,uo1_0.hospital_id,uo1_0.is_high_risk_pregnancy,uo1_0.ordered_by,uo1_0.ordered_date,uo1_0.patient_id,uo1_0.priority,uo1_0.scan_count_for_pregnancy,uo1_0.scan_type,uo1_0.scheduled_date,uo1_0.scheduled_time,uo1_0.special_instructions,uo1_0.status,uo1_0.updated_at from clinical.ultrasound_orders uo1_0 where uo1_0.hospital_id=? and uo1_0.is_high_risk_pregnancy=true order by uo1_0.ordered_date desc

UltrasoundOrderRepositoryTest > shouldHonorSchedulingAndRiskFilters() PASSED

UltrasoundOrderRepositoryTest > shouldFilterByHospitalAndStatus() STANDARD_OUT
    Hibernate: insert into hospital.organizations (active,code,created_at,default_timezone,description,name,onboarding_notes,data_steward,owner_contact_email,owner_team,service_level,billing_system,ehr_system,integration_notes,inventory_system,primary_contact_email,primary_contact_phone,type,updated_at,id) values (?,?,?,?,?,?,?,?,?,?,?,?,?,?,?,?,?,?,?,?)
    Hibernate: insert into hospital.hospitals (active,address,city,code,country,created_at,email,license_number,name,organization_id,hospital_data_steward,hospital_owner_contact_email,hospital_owner_team,hospital_service_level,phone_number,hospital_billing_system,hospital_ehr_system,hospital_integration_notes,hospital_inventory_system,po_box,province,region,sector,state,updated_at,website,zip_code,id) values (?,?,?,?,?,?,?,?,?,?,?,?,?,?,?,?,?,?,?,?,?,?,?,?,?,?,?,?)
    Hibernate: insert into hospital.hospitals (active,address,city,code,country,created_at,email,license_number,name,organization_id,hospital_data_steward,hospital_owner_contact_email,hospital_owner_team,hospital_service_level,phone_number,hospital_billing_system,hospital_ehr_system,hospital_integration_notes,hospital_inventory_system,po_box,province,region,sector,state,updated_at,website,zip_code,id) values (?,?,?,?,?,?,?,?,?,?,?,?,?,?,?,?,?,?,?,?,?,?,?,?,?,?,?,?)
    Hibernate: insert into security.users (activation_token,activation_token_expires_at,created_at,email,first_name,force_password_change,is_active,is_deleted,last_login_at,last_name,password_changed_at,password_hash,password_rotation_forced_at,password_rotation_warning_at,phone_number,profile_image_url,updated_at,username,id) values (?,?,?,?,?,?,?,?,?,?,?,?,?,?,?,?,?,?,?)
    Hibernate: insert into clinical.patients (is_active,address,address_line1,address_line2,allergies,blood_type,care_team_notes,chronic_conditions,city,country,created_at,date_of_birth,department_id,email,emergency_contact_name,emergency_contact_phone,emergency_contact_relationship,first_name,gender,hospital_id,last_name,medical_history_summary,middle_name,organization_id,phone_number_primary,phone_number_secondary,preferred_pharmacy,state,updated_at,user_id,zip_code,id) values (?,?,?,?,?,?,?,?,?,?,?,?,?,?,?,?,?,?,?,?,?,?,?,?,?,?,?,?,?,?,?,?)
    Hibernate: insert into security.users (activation_token,activation_token_expires_at,created_at,email,first_name,force_password_change,is_active,is_deleted,last_login_at,last_name,password_changed_at,password_hash,password_rotation_forced_at,password_rotation_warning_at,phone_number,profile_image_url,updated_at,username,id) values (?,?,?,?,?,?,?,?,?,?,?,?,?,?,?,?,?,?,?)
    Hibernate: insert into clinical.patients (is_active,address,address_line1,address_line2,allergies,blood_type,care_team_notes,chronic_conditions,city,country,created_at,date_of_birth,department_id,email,emergency_contact_name,emergency_contact_phone,emergency_contact_relationship,first_name,gender,hospital_id,last_name,medical_history_summary,middle_name,organization_id,phone_number_primary,phone_number_secondary,preferred_pharmacy,state,updated_at,user_id,zip_code,id) values (?,?,?,?,?,?,?,?,?,?,?,?,?,?,?,?,?,?,?,?,?,?,?,?,?,?,?,?,?,?,?,?)
    Hibernate: insert into clinical.ultrasound_orders (appointment_location,cancellation_reason,cancelled_at,cancelled_by,clinical_indication,created_at,gestational_age_at_order,high_risk_notes,hospital_id,is_high_risk_pregnancy,ordered_by,ordered_date,patient_id,priority,scan_count_for_pregnancy,scan_type,scheduled_date,scheduled_time,special_instructions,status,updated_at,id) values (?,?,?,?,?,?,?,?,?,?,?,?,?,?,?,?,?,?,?,?,?,?)
    Hibernate: insert into clinical.ultrasound_orders (appointment_location,cancellation_reason,cancelled_at,cancelled_by,clinical_indication,created_at,gestational_age_at_order,high_risk_notes,hospital_id,is_high_risk_pregnancy,ordered_by,ordered_date,patient_id,priority,scan_count_for_pregnancy,scan_type,scheduled_date,scheduled_time,special_instructions,status,updated_at,id) values (?,?,?,?,?,?,?,?,?,?,?,?,?,?,?,?,?,?,?,?,?,?)
    Hibernate: insert into clinical.ultrasound_orders (appointment_location,cancellation_reason,cancelled_at,cancelled_by,clinical_indication,created_at,gestational_age_at_order,high_risk_notes,hospital_id,is_high_risk_pregnancy,ordered_by,ordered_date,patient_id,priority,scan_count_for_pregnancy,scan_type,scheduled_date,scheduled_time,special_instructions,status,updated_at,id) values (?,?,?,?,?,?,?,?,?,?,?,?,?,?,?,?,?,?,?,?,?,?)
    Hibernate: insert into clinical.ultrasound_orders (appointment_location,cancellation_reason,cancelled_at,cancelled_by,clinical_indication,created_at,gestational_age_at_order,high_risk_notes,hospital_id,is_high_risk_pregnancy,ordered_by,ordered_date,patient_id,priority,scan_count_for_pregnancy,scan_type,scheduled_date,scheduled_time,special_instructions,status,updated_at,id) values (?,?,?,?,?,?,?,?,?,?,?,?,?,?,?,?,?,?,?,?,?,?)
    Hibernate: insert into clinical.ultrasound_orders (appointment_location,cancellation_reason,cancelled_at,cancelled_by,clinical_indication,created_at,gestational_age_at_order,high_risk_notes,hospital_id,is_high_risk_pregnancy,ordered_by,ordered_date,patient_id,priority,scan_count_for_pregnancy,scan_type,scheduled_date,scheduled_time,special_instructions,status,updated_at,id) values (?,?,?,?,?,?,?,?,?,?,?,?,?,?,?,?,?,?,?,?,?,?)
    Hibernate: select uo1_0.id,uo1_0.appointment_location,uo1_0.cancellation_reason,uo1_0.cancelled_at,uo1_0.cancelled_by,uo1_0.clinical_indication,uo1_0.created_at,uo1_0.gestational_age_at_order,uo1_0.high_risk_notes,uo1_0.hospital_id,uo1_0.is_high_risk_pregnancy,uo1_0.ordered_by,uo1_0.ordered_date,uo1_0.patient_id,uo1_0.priority,uo1_0.scan_count_for_pregnancy,uo1_0.scan_type,uo1_0.scheduled_date,uo1_0.scheduled_time,uo1_0.special_instructions,uo1_0.status,uo1_0.updated_at from clinical.ultrasound_orders uo1_0 where uo1_0.hospital_id=? order by uo1_0.ordered_date desc
    Hibernate: select uo1_0.id,uo1_0.appointment_location,uo1_0.cancellation_reason,uo1_0.cancelled_at,uo1_0.cancelled_by,uo1_0.clinical_indication,uo1_0.created_at,uo1_0.gestational_age_at_order,uo1_0.high_risk_notes,uo1_0.hospital_id,uo1_0.is_high_risk_pregnancy,uo1_0.ordered_by,uo1_0.ordered_date,uo1_0.patient_id,uo1_0.priority,uo1_0.scan_count_for_pregnancy,uo1_0.scan_type,uo1_0.scheduled_date,uo1_0.scheduled_time,uo1_0.special_instructions,uo1_0.status,uo1_0.updated_at from clinical.ultrasound_orders uo1_0 where uo1_0.hospital_id=? order by uo1_0.ordered_date desc
    Hibernate: select uo1_0.id,uo1_0.appointment_location,uo1_0.cancellation_reason,uo1_0.cancelled_at,uo1_0.cancelled_by,uo1_0.clinical_indication,uo1_0.created_at,uo1_0.gestational_age_at_order,uo1_0.high_risk_notes,uo1_0.hospital_id,uo1_0.is_high_risk_pregnancy,uo1_0.ordered_by,uo1_0.ordered_date,uo1_0.patient_id,uo1_0.priority,uo1_0.scan_count_for_pregnancy,uo1_0.scan_type,uo1_0.scheduled_date,uo1_0.scheduled_time,uo1_0.special_instructions,uo1_0.status,uo1_0.updated_at from clinical.ultrasound_orders uo1_0 where uo1_0.status='REPORT_AVAILABLE' and uo1_0.hospital_id=? order by uo1_0.ordered_date desc
    Hibernate: select uo1_0.id,uo1_0.appointment_location,uo1_0.cancellation_reason,uo1_0.cancelled_at,uo1_0.cancelled_by,uo1_0.clinical_indication,uo1_0.created_at,uo1_0.gestational_age_at_order,uo1_0.high_risk_notes,uo1_0.hospital_id,uo1_0.is_high_risk_pregnancy,uo1_0.ordered_by,uo1_0.ordered_date,uo1_0.patient_id,uo1_0.priority,uo1_0.scan_count_for_pregnancy,uo1_0.scan_type,uo1_0.scheduled_date,uo1_0.scheduled_time,uo1_0.special_instructions,uo1_0.status,uo1_0.updated_at from clinical.ultrasound_orders uo1_0 where uo1_0.hospital_id=? and uo1_0.status='ORDERED' order by uo1_0.ordered_date

UltrasoundOrderRepositoryTest > shouldFilterByHospitalAndStatus() PASSED

UltrasoundOrderRepositoryTest > shouldFindMostRecentOrderForPatient() STANDARD_OUT
    Hibernate: insert into hospital.organizations (active,code,created_at,default_timezone,description,name,onboarding_notes,data_steward,owner_contact_email,owner_team,service_level,billing_system,ehr_system,integration_notes,inventory_system,primary_contact_email,primary_contact_phone,type,updated_at,id) values (?,?,?,?,?,?,?,?,?,?,?,?,?,?,?,?,?,?,?,?)
    Hibernate: insert into hospital.hospitals (active,address,city,code,country,created_at,email,license_number,name,organization_id,hospital_data_steward,hospital_owner_contact_email,hospital_owner_team,hospital_service_level,phone_number,hospital_billing_system,hospital_ehr_system,hospital_integration_notes,hospital_inventory_system,po_box,province,region,sector,state,updated_at,website,zip_code,id) values (?,?,?,?,?,?,?,?,?,?,?,?,?,?,?,?,?,?,?,?,?,?,?,?,?,?,?,?)
    Hibernate: insert into hospital.hospitals (active,address,city,code,country,created_at,email,license_number,name,organization_id,hospital_data_steward,hospital_owner_contact_email,hospital_owner_team,hospital_service_level,phone_number,hospital_billing_system,hospital_ehr_system,hospital_integration_notes,hospital_inventory_system,po_box,province,region,sector,state,updated_at,website,zip_code,id) values (?,?,?,?,?,?,?,?,?,?,?,?,?,?,?,?,?,?,?,?,?,?,?,?,?,?,?,?)
    Hibernate: insert into security.users (activation_token,activation_token_expires_at,created_at,email,first_name,force_password_change,is_active,is_deleted,last_login_at,last_name,password_changed_at,password_hash,password_rotation_forced_at,password_rotation_warning_at,phone_number,profile_image_url,updated_at,username,id) values (?,?,?,?,?,?,?,?,?,?,?,?,?,?,?,?,?,?,?)
    Hibernate: insert into clinical.patients (is_active,address,address_line1,address_line2,allergies,blood_type,care_team_notes,chronic_conditions,city,country,created_at,date_of_birth,department_id,email,emergency_contact_name,emergency_contact_phone,emergency_contact_relationship,first_name,gender,hospital_id,last_name,medical_history_summary,middle_name,organization_id,phone_number_primary,phone_number_secondary,preferred_pharmacy,state,updated_at,user_id,zip_code,id) values (?,?,?,?,?,?,?,?,?,?,?,?,?,?,?,?,?,?,?,?,?,?,?,?,?,?,?,?,?,?,?,?)
    Hibernate: insert into security.users (activation_token,activation_token_expires_at,created_at,email,first_name,force_password_change,is_active,is_deleted,last_login_at,last_name,password_changed_at,password_hash,password_rotation_forced_at,password_rotation_warning_at,phone_number,profile_image_url,updated_at,username,id) values (?,?,?,?,?,?,?,?,?,?,?,?,?,?,?,?,?,?,?)
    Hibernate: insert into clinical.patients (is_active,address,address_line1,address_line2,allergies,blood_type,care_team_notes,chronic_conditions,city,country,created_at,date_of_birth,department_id,email,emergency_contact_name,emergency_contact_phone,emergency_contact_relationship,first_name,gender,hospital_id,last_name,medical_history_summary,middle_name,organization_id,phone_number_primary,phone_number_secondary,preferred_pharmacy,state,updated_at,user_id,zip_code,id) values (?,?,?,?,?,?,?,?,?,?,?,?,?,?,?,?,?,?,?,?,?,?,?,?,?,?,?,?,?,?,?,?)
    Hibernate: insert into clinical.ultrasound_orders (appointment_location,cancellation_reason,cancelled_at,cancelled_by,clinical_indication,created_at,gestational_age_at_order,high_risk_notes,hospital_id,is_high_risk_pregnancy,ordered_by,ordered_date,patient_id,priority,scan_count_for_pregnancy,scan_type,scheduled_date,scheduled_time,special_instructions,status,updated_at,id) values (?,?,?,?,?,?,?,?,?,?,?,?,?,?,?,?,?,?,?,?,?,?)
    Hibernate: insert into clinical.ultrasound_orders (appointment_location,cancellation_reason,cancelled_at,cancelled_by,clinical_indication,created_at,gestational_age_at_order,high_risk_notes,hospital_id,is_high_risk_pregnancy,ordered_by,ordered_date,patient_id,priority,scan_count_for_pregnancy,scan_type,scheduled_date,scheduled_time,special_instructions,status,updated_at,id) values (?,?,?,?,?,?,?,?,?,?,?,?,?,?,?,?,?,?,?,?,?,?)
    Hibernate: insert into clinical.ultrasound_orders (appointment_location,cancellation_reason,cancelled_at,cancelled_by,clinical_indication,created_at,gestational_age_at_order,high_risk_notes,hospital_id,is_high_risk_pregnancy,ordered_by,ordered_date,patient_id,priority,scan_count_for_pregnancy,scan_type,scheduled_date,scheduled_time,special_instructions,status,updated_at,id) values (?,?,?,?,?,?,?,?,?,?,?,?,?,?,?,?,?,?,?,?,?,?)
    Hibernate: insert into clinical.ultrasound_orders (appointment_location,cancellation_reason,cancelled_at,cancelled_by,clinical_indication,created_at,gestational_age_at_order,high_risk_notes,hospital_id,is_high_risk_pregnancy,ordered_by,ordered_date,patient_id,priority,scan_count_for_pregnancy,scan_type,scheduled_date,scheduled_time,special_instructions,status,updated_at,id) values (?,?,?,?,?,?,?,?,?,?,?,?,?,?,?,?,?,?,?,?,?,?)
    Hibernate: insert into clinical.ultrasound_orders (appointment_location,cancellation_reason,cancelled_at,cancelled_by,clinical_indication,created_at,gestational_age_at_order,high_risk_notes,hospital_id,is_high_risk_pregnancy,ordered_by,ordered_date,patient_id,priority,scan_count_for_pregnancy,scan_type,scheduled_date,scheduled_time,special_instructions,status,updated_at,id) values (?,?,?,?,?,?,?,?,?,?,?,?,?,?,?,?,?,?,?,?,?,?)
    Hibernate: select uo1_0.id,uo1_0.appointment_location,uo1_0.cancellation_reason,uo1_0.cancelled_at,uo1_0.cancelled_by,uo1_0.clinical_indication,uo1_0.created_at,uo1_0.gestational_age_at_order,uo1_0.high_risk_notes,uo1_0.hospital_id,uo1_0.is_high_risk_pregnancy,uo1_0.ordered_by,uo1_0.ordered_date,uo1_0.patient_id,uo1_0.priority,uo1_0.scan_count_for_pregnancy,uo1_0.scan_type,uo1_0.scheduled_date,uo1_0.scheduled_time,uo1_0.special_instructions,uo1_0.status,uo1_0.updated_at from clinical.ultrasound_orders uo1_0 left join clinical.patients p1_0 on p1_0.id=uo1_0.patient_id where p1_0.id=? order by uo1_0.ordered_date desc fetch first ? rows only

UltrasoundOrderRepositoryTest > shouldFindMostRecentOrderForPatient() PASSED

EmpiMasterIdentityRepositoryTenantTest STANDARD_OUT

      .   ____          _            __ _ _
     /\\ / ___'_ __ _ _(_)_ __  __ _ \ \ \ \
    ( ( )\___ | '_ | '_| | '_ \/ _` | \ \ \ \
     \\/  ___)| |_)| | | | | || (_| |  ) ) ) )
      '  |____| .__|_| |_|_| |_\__, | / / / /
     =========|_|==============|___/=/_/_/_/

     :: Spring Boot ::               (v3.4.11)

    2026-03-10 23:50:29  WARN [Test worker] ory$DuplicateJsonObjectContextCustomizer - 

    Found multiple occurrences of org.json.JSONObject on the class path:

    	jar:file:/C:/Users/tiego/.gradle/caches/modules-2/files-2.1/org.json/json/20240303/ebb88e8fb5122b7506d5cf1d69f1ccdb790d22a/json-20240303.jar!/org/json/JSONObject.class
    	jar:file:/C:/Users/tiego/.gradle/caches/modules-2/files-2.1/com.vaadin.external.google/android-json/0.0.20131108.vaadin1/fa26d351fe62a6a17f5cda1287c1c6110dec413f/android-json-0.0.20131108.vaadin1.jar!/org/json/JSONObject.class

    You may wish to exclude one of them to ensure predictable runtime behavior

    2026-03-10 23:50:29  INFO [Test worker] e.EmpiMasterIdentityRepositoryTenantTest - Starting EmpiMasterIdentityRepositoryTenantTest using Java 21.0.10 with PID 2608 (started by tiego in C:\Users\tiego\OneDrive\Desktop\HMS\hms\hospital-core)
    2026-03-10 23:50:29  INFO [Test worker] e.EmpiMasterIdentityRepositoryTenantTest - The following 1 profile is active: "test"
    2026-03-10 23:50:30  WARN [Test worker] org.hibernate.orm.deprecation            - HHH90000025: H2Dialect does not need to be specified explicitly using 'hibernate.dialect' (remove the property setting and it will be selected by default)
    Hibernate: drop table if exists empi.identity_aliases cascade 
    2026-03-10 23:50:30  WARN [Test worker] o.h.t.s.i.ExceptionHandlerLoggedImpl     - GenerationTarget encountered exception accepting command : Error executing DDL "drop table if exists empi.identity_aliases cascade " via JDBC [Schema "EMPI" not found;]
    org.hibernate.tool.schema.spi.CommandAcceptanceException: Error executing DDL "drop table if exists empi.identity_aliases cascade " via JDBC [Schema "EMPI" not found;]
    	at org.hibernate.tool.schema.internal.exec.GenerationTargetToDatabase.accept(GenerationTargetToDatabase.java:94)
    	at org.hibernate.tool.schema.internal.Helper.applySqlString(Helper.java:233)
    	at org.hibernate.tool.schema.internal.Helper.applySqlStrings(Helper.java:217)
    	at org.hibernate.tool.schema.internal.SchemaDropperImpl.dropTables(SchemaDropperImpl.java:384)
    	at org.hibernate.tool.schema.internal.SchemaDropperImpl.dropConstraintsTablesSequences(SchemaDropperImpl.java:256)
    	at org.hibernate.tool.schema.internal.SchemaDropperImpl.dropFromMetadata(SchemaDropperImpl.java:218)
    	at org.hibernate.tool.schema.internal.SchemaDropperImpl.performDrop(SchemaDropperImpl.java:186)
    	at org.hibernate.tool.schema.internal.SchemaDropperImpl.doDrop(SchemaDropperImpl.java:156)
    	at org.hibernate.tool.schema.internal.SchemaDropperImpl.doDrop(SchemaDropperImpl.java:116)
    	at org.hibernate.tool.schema.spi.SchemaManagementToolCoordinator.performDatabaseAction(SchemaManagementToolCoordinator.java:238)
    	at org.hibernate.tool.schema.spi.SchemaManagementToolCoordinator.lambda$process$5(SchemaManagementToolCoordinator.java:144)
    	at java.base/java.util.HashMap.forEach(HashMap.java:1429)
    	at org.hibernate.tool.schema.spi.SchemaManagementToolCoordinator.process(SchemaManagementToolCoordinator.java:141)
    	at org.hibernate.boot.internal.SessionFactoryObserverForSchemaExport.sessionFactoryCreated(SessionFactoryObserverForSchemaExport.java:37)
    	at org.hibernate.internal.SessionFactoryObserverChain.sessionFactoryCreated(SessionFactoryObserverChain.java:35)
    	at org.hibernate.internal.SessionFactoryImpl.<init>(SessionFactoryImpl.java:324)
    	at org.hibernate.boot.internal.SessionFactoryBuilderImpl.build(SessionFactoryBuilderImpl.java:463)
    	at org.hibernate.jpa.boot.internal.EntityManagerFactoryBuilderImpl.build(EntityManagerFactoryBuilderImpl.java:1517)
    	at org.springframework.orm.jpa.vendor.SpringHibernateJpaPersistenceProvider.createContainerEntityManagerFactory(SpringHibernateJpaPersistenceProvider.java:66)
    	at org.springframework.orm.jpa.LocalContainerEntityManagerFactoryBean.createNativeEntityManagerFactory(LocalContainerEntityManagerFactoryBean.java:390)
    	at org.springframework.orm.jpa.AbstractEntityManagerFactoryBean.buildNativeEntityManagerFactory(AbstractEntityManagerFactoryBean.java:419)
    	at org.springframework.orm.jpa.AbstractEntityManagerFactoryBean.afterPropertiesSet(AbstractEntityManagerFactoryBean.java:400)
    	at org.springframework.orm.jpa.LocalContainerEntityManagerFactoryBean.afterPropertiesSet(LocalContainerEntityManagerFactoryBean.java:366)
    	at org.springframework.beans.factory.support.AbstractAutowireCapableBeanFactory.invokeInitMethods(AbstractAutowireCapableBeanFactory.java:1873)
    	at org.springframework.beans.factory.support.AbstractAutowireCapableBeanFactory.initializeBean(AbstractAutowireCapableBeanFactory.java:1822)
    	at org.springframework.beans.factory.support.AbstractAutowireCapableBeanFactory.doCreateBean(AbstractAutowireCapableBeanFactory.java:607)
    	at org.springframework.beans.factory.support.AbstractAutowireCapableBeanFactory.createBean(AbstractAutowireCapableBeanFactory.java:529)
    	at org.springframework.beans.factory.support.AbstractBeanFactory.lambda$doGetBean$0(AbstractBeanFactory.java:339)
    	at org.springframework.beans.factory.support.DefaultSingletonBeanRegistry.getSingleton(DefaultSingletonBeanRegistry.java:373)
    	at org.springframework.beans.factory.support.AbstractBeanFactory.doGetBean(AbstractBeanFactory.java:337)
    	at org.springframework.beans.factory.support.AbstractBeanFactory.getBean(AbstractBeanFactory.java:207)
    	at org.springframework.context.support.AbstractApplicationContext.finishBeanFactoryInitialization(AbstractApplicationContext.java:973)
    	at org.springframework.context.support.AbstractApplicationContext.refresh(AbstractApplicationContext.java:627)
    	at org.springframework.boot.SpringApplication.refresh(SpringApplication.java:752)
    	at org.springframework.boot.SpringApplication.refreshContext(SpringApplication.java:439)
    	at org.springframework.boot.SpringApplication.run(SpringApplication.java:318)
    	at org.springframework.boot.test.context.SpringBootContextLoader.lambda$loadContext$3(SpringBootContextLoader.java:144)
    	at org.springframework.util.function.ThrowingSupplier.get(ThrowingSupplier.java:58)
    	at org.springframework.util.function.ThrowingSupplier.get(ThrowingSupplier.java:46)
    	at org.springframework.boot.SpringApplication.withHook(SpringApplication.java:1461)
    	at org.springframework.boot.test.context.SpringBootContextLoader$ContextLoaderHook.run(SpringBootContextLoader.java:563)
    	at org.springframework.boot.test.context.SpringBootContextLoader.loadContext(SpringBootContextLoader.java:144)
    	at org.springframework.boot.test.context.SpringBootContextLoader.loadContext(SpringBootContextLoader.java:110)
    	at org.springframework.test.context.cache.DefaultCacheAwareContextLoaderDelegate.loadContextInternal(DefaultCacheAwareContextLoaderDelegate.java:225)
    	at org.springframework.test.context.cache.DefaultCacheAwareContextLoaderDelegate.loadContext(DefaultCacheAwareContextLoaderDelegate.java:152)
    	at org.springframework.test.context.support.DefaultTestContext.getApplicationContext(DefaultTestContext.java:130)
    	at org.springframework.test.context.support.DependencyInjectionTestExecutionListener.injectDependencies(DependencyInjectionTestExecutionListener.java:155)
    	at org.springframework.test.context.support.DependencyInjectionTestExecutionListener.prepareTestInstance(DependencyInjectionTestExecutionListener.java:111)
    	at org.springframework.test.context.TestContextManager.prepareTestInstance(TestContextManager.java:260)
    	at org.springframework.test.context.junit.jupiter.SpringExtension.postProcessTestInstance(SpringExtension.java:159)
    	at org.junit.jupiter.engine.descriptor.ClassBasedTestDescriptor.lambda$invokeTestInstancePostProcessors$11(ClassBasedTestDescriptor.java:378)
    	at org.junit.jupiter.engine.descriptor.ClassBasedTestDescriptor.executeAndMaskThrowable(ClassBasedTestDescriptor.java:383)
    	at org.junit.jupiter.engine.descriptor.ClassBasedTestDescriptor.lambda$invokeTestInstancePostProcessors$12(ClassBasedTestDescriptor.java:378)
    	at java.base/java.util.stream.ForEachOps$ForEachOp$OfRef.accept(ForEachOps.java:184)
    	at java.base/java.util.stream.ReferencePipeline$3$1.accept(ReferencePipeline.java:197)
    	at java.base/java.util.stream.ReferencePipeline$2$1.accept(ReferencePipeline.java:179)
    	at java.base/java.util.stream.ReferencePipeline$3$1.accept(ReferencePipeline.java:197)
    	at java.base/java.util.ArrayList$ArrayListSpliterator.forEachRemaining(ArrayList.java:1708)
    	at java.base/java.util.stream.AbstractPipeline.copyInto(AbstractPipeline.java:509)
    	at java.base/java.util.stream.AbstractPipeline.wrapAndCopyInto(AbstractPipeline.java:499)
    	at java.base/java.util.stream.ForEachOps$ForEachOp.evaluateSequential(ForEachOps.java:151)
    	at java.base/java.util.stream.ForEachOps$ForEachOp$OfRef.evaluateSequential(ForEachOps.java:174)
    	at java.base/java.util.stream.AbstractPipeline.evaluate(AbstractPipeline.java:234)
    	at java.base/java.util.stream.ReferencePipeline.forEach(ReferencePipeline.java:596)
    	at org.junit.jupiter.engine.descriptor.ClassBasedTestDescriptor.invokeTestInstancePostProcessors(ClassBasedTestDescriptor.java:377)
    	at org.junit.jupiter.engine.descriptor.ClassBasedTestDescriptor.lambda$instantiateAndPostProcessTestInstance$7(ClassBasedTestDescriptor.java:290)
    	at org.junit.platform.engine.support.hierarchical.ThrowableCollector.execute(ThrowableCollector.java:73)
    	at org.junit.jupiter.engine.descriptor.ClassBasedTestDescriptor.instantiateAndPostProcessTestInstance(ClassBasedTestDescriptor.java:289)
    	at org.junit.jupiter.engine.descriptor.ClassBasedTestDescriptor.lambda$testInstancesProvider$5(ClassBasedTestDescriptor.java:279)
    	at java.base/java.util.Optional.orElseGet(Optional.java:364)
    	at org.junit.jupiter.engine.descriptor.ClassBasedTestDescriptor.lambda$testInstancesProvider$6(ClassBasedTestDescriptor.java:278)
    	at org.junit.jupiter.engine.execution.TestInstancesProvider.getTestInstances(TestInstancesProvider.java:31)
    	at org.junit.jupiter.engine.descriptor.TestMethodTestDescriptor.lambda$prepare$1(TestMethodTestDescriptor.java:105)
    	at org.junit.platform.engine.support.hierarchical.ThrowableCollector.execute(ThrowableCollector.java:73)
    	at org.junit.jupiter.engine.descriptor.TestMethodTestDescriptor.prepare(TestMethodTestDescriptor.java:104)
    	at org.junit.jupiter.engine.descriptor.TestMethodTestDescriptor.prepare(TestMethodTestDescriptor.java:68)
    	at org.junit.platform.engine.support.hierarchical.NodeTestTask.lambda$prepare$2(NodeTestTask.java:128)
    	at org.junit.platform.engine.support.hierarchical.ThrowableCollector.execute(ThrowableCollector.java:73)
    	at org.junit.platform.engine.support.hierarchical.NodeTestTask.prepare(NodeTestTask.java:128)
    	at org.junit.platform.engine.support.hierarchical.NodeTestTask.execute(NodeTestTask.java:95)
    	at java.base/java.util.ArrayList.forEach(ArrayList.java:1596)
    	at org.junit.platform.engine.support.hierarchical.SameThreadHierarchicalTestExecutorService.invokeAll(SameThreadHierarchicalTestExecutorService.java:41)
    	at org.junit.platform.engine.support.hierarchical.NodeTestTask.lambda$executeRecursively$6(NodeTestTask.java:160)
    	at org.junit.platform.engine.support.hierarchical.ThrowableCollector.execute(ThrowableCollector.java:73)
    	at org.junit.platform.engine.support.hierarchical.NodeTestTask.lambda$executeRecursively$8(NodeTestTask.java:146)
    	at org.junit.platform.engine.support.hierarchical.Node.around(Node.java:137)
    	at org.junit.platform.engine.support.hierarchical.NodeTestTask.lambda$executeRecursively$9(NodeTestTask.java:144)
    	at org.junit.platform.engine.support.hierarchical.ThrowableCollector.execute(ThrowableCollector.java:73)
    	at org.junit.platform.engine.support.hierarchical.NodeTestTask.executeRecursively(NodeTestTask.java:143)
    	at org.junit.platform.engine.support.hierarchical.NodeTestTask.execute(NodeTestTask.java:100)
    	at java.base/java.util.ArrayList.forEach(ArrayList.java:1596)
    	at org.junit.platform.engine.support.hierarchical.SameThreadHierarchicalTestExecutorService.invokeAll(SameThreadHierarchicalTestExecutorService.java:41)
    	at org.junit.platform.engine.support.hierarchical.NodeTestTask.lambda$executeRecursively$6(NodeTestTask.java:160)
    	at org.junit.platform.engine.support.hierarchical.ThrowableCollector.execute(ThrowableCollector.java:73)
    	at org.junit.platform.engine.support.hierarchical.NodeTestTask.lambda$executeRecursively$8(NodeTestTask.java:146)
    	at org.junit.platform.engine.support.hierarchical.Node.around(Node.java:137)
    	at org.junit.platform.engine.support.hierarchical.NodeTestTask.lambda$executeRecursively$9(NodeTestTask.java:144)
    	at org.junit.platform.engine.support.hierarchical.ThrowableCollector.execute(ThrowableCollector.java:73)
    	at org.junit.platform.engine.support.hierarchical.NodeTestTask.executeRecursively(NodeTestTask.java:143)
    	at org.junit.platform.engine.support.hierarchical.NodeTestTask.execute(NodeTestTask.java:100)
    	at org.junit.platform.engine.support.hierarchical.SameThreadHierarchicalTestExecutorService.submit(SameThreadHierarchicalTestExecutorService.java:35)
    	at org.junit.platform.engine.support.hierarchical.HierarchicalTestExecutor.execute(HierarchicalTestExecutor.java:57)
    	at org.junit.platform.engine.support.hierarchical.HierarchicalTestEngine.execute(HierarchicalTestEngine.java:54)
    	at org.junit.platform.launcher.core.EngineExecutionOrchestrator.execute(EngineExecutionOrchestrator.java:198)
    	at org.junit.platform.launcher.core.EngineExecutionOrchestrator.execute(EngineExecutionOrchestrator.java:169)
    	at org.junit.platform.launcher.core.EngineExecutionOrchestrator.execute(EngineExecutionOrchestrator.java:93)
    	at org.junit.platform.launcher.core.EngineExecutionOrchestrator.lambda$execute$0(EngineExecutionOrchestrator.java:58)
    	at org.junit.platform.launcher.core.EngineExecutionOrchestrator.withInterceptedStreams(EngineExecutionOrchestrator.java:141)
    	at org.junit.platform.launcher.core.EngineExecutionOrchestrator.execute(EngineExecutionOrchestrator.java:57)
    	at org.junit.platform.launcher.core.DefaultLauncher.execute(DefaultLauncher.java:103)
    	at org.junit.platform.launcher.core.DefaultLauncher.execute(DefaultLauncher.java:85)
    	at org.junit.platform.launcher.core.DelegatingLauncher.execute(DelegatingLauncher.java:47)
    	at org.gradle.api.internal.tasks.testing.junitplatform.JUnitPlatformTestClassProcessor$CollectAllTestClassesExecutor.processAllTestClasses(JUnitPlatformTestClassProcessor.java:124)
    	at org.gradle.api.internal.tasks.testing.junitplatform.JUnitPlatformTestClassProcessor$CollectAllTestClassesExecutor.access$000(JUnitPlatformTestClassProcessor.java:99)
    	at org.gradle.api.internal.tasks.testing.junitplatform.JUnitPlatformTestClassProcessor.stop(JUnitPlatformTestClassProcessor.java:94)
    	at org.gradle.api.internal.tasks.testing.SuiteTestClassProcessor.stop(SuiteTestClassProcessor.java:63)
    	at java.base/jdk.internal.reflect.DirectMethodHandleAccessor.invoke(DirectMethodHandleAccessor.java:103)
    	at java.base/java.lang.reflect.Method.invoke(Method.java:580)
    	at org.gradle.internal.dispatch.ReflectionDispatch.dispatch(ReflectionDispatch.java:36)
    	at org.gradle.internal.dispatch.ReflectionDispatch.dispatch(ReflectionDispatch.java:24)
    	at org.gradle.internal.dispatch.ContextClassLoaderDispatch.dispatch(ContextClassLoaderDispatch.java:33)
    	at org.gradle.internal.dispatch.ProxyDispatchAdapter$DispatchingInvocationHandler.invoke(ProxyDispatchAdapter.java:92)
    	at jdk.proxy2/jdk.proxy2.$Proxy6.stop(Unknown Source)
    	at org.gradle.api.internal.tasks.testing.worker.TestWorker$3.run(TestWorker.java:200)
    	at org.gradle.api.internal.tasks.testing.worker.TestWorker.executeAndMaintainThreadName(TestWorker.java:132)
    	at org.gradle.api.internal.tasks.testing.worker.TestWorker.execute(TestWorker.java:103)
    	at org.gradle.api.internal.tasks.testing.worker.TestWorker.execute(TestWorker.java:63)
    	at org.gradle.process.internal.worker.child.ActionExecutionWorker.execute(ActionExecutionWorker.java:56)
    	at org.gradle.process.internal.worker.child.SystemApplicationClassLoaderWorker.call(SystemApplicationClassLoaderWorker.java:121)
    	at org.gradle.process.internal.worker.child.SystemApplicationClassLoaderWorker.call(SystemApplicationClassLoaderWorker.java:71)
    	at worker.org.gradle.process.internal.worker.GradleWorkerMain.run(GradleWorkerMain.java:69)
    	at worker.org.gradle.process.internal.worker.GradleWorkerMain.main(GradleWorkerMain.java:74)
    Caused by: org.h2.jdbc.JdbcSQLSyntaxErrorException: Schema "EMPI" not found; SQL statement:
    drop table if exists empi.identity_aliases cascade  [90079-232]
    	at org.h2.message.DbException.getJdbcSQLException(DbException.java:644)
    	at org.h2.message.DbException.getJdbcSQLException(DbException.java:489)
    	at org.h2.message.DbException.get(DbException.java:223)
    	at org.h2.message.DbException.get(DbException.java:199)
    	at org.h2.command.Parser.getSchema(Parser.java:923)
    	at org.h2.command.Parser.getSchema(Parser.java:929)
    	at org.h2.command.Parser.parseDrop(Parser.java:2095)
    	at org.h2.command.Parser.parsePrepared(Parser.java:658)
    	at org.h2.command.Parser.parse(Parser.java:581)
    	at org.h2.command.Parser.parse(Parser.java:556)
    	at org.h2.command.Parser.prepareCommand(Parser.java:484)
    	at org.h2.engine.SessionLocal.prepareLocal(SessionLocal.java:645)
    	at org.h2.engine.SessionLocal.prepareCommand(SessionLocal.java:561)
    	at org.h2.jdbc.JdbcConnection.prepareCommand(JdbcConnection.java:1164)
    	at org.h2.jdbc.JdbcStatement.executeInternal(JdbcStatement.java:245)
    	at org.h2.jdbc.JdbcStatement.execute(JdbcStatement.java:231)
    	at org.hibernate.tool.schema.internal.exec.GenerationTargetToDatabase.accept(GenerationTargetToDatabase.java:80)
    	... 131 common frames omitted
    Hibernate: drop table if exists empi.master_identities cascade 
    2026-03-10 23:50:30  WARN [Test worker] o.h.t.s.i.ExceptionHandlerLoggedImpl     - GenerationTarget encountered exception accepting command : Error executing DDL "drop table if exists empi.master_identities cascade " via JDBC [Schema "EMPI" not found;]
    org.hibernate.tool.schema.spi.CommandAcceptanceException: Error executing DDL "drop table if exists empi.master_identities cascade " via JDBC [Schema "EMPI" not found;]
    	at org.hibernate.tool.schema.internal.exec.GenerationTargetToDatabase.accept(GenerationTargetToDatabase.java:94)
    	at org.hibernate.tool.schema.internal.Helper.applySqlString(Helper.java:233)
    	at org.hibernate.tool.schema.internal.Helper.applySqlStrings(Helper.java:217)
    	at org.hibernate.tool.schema.internal.SchemaDropperImpl.dropTables(SchemaDropperImpl.java:384)
    	at org.hibernate.tool.schema.internal.SchemaDropperImpl.dropConstraintsTablesSequences(SchemaDropperImpl.java:256)
    	at org.hibernate.tool.schema.internal.SchemaDropperImpl.dropFromMetadata(SchemaDropperImpl.java:218)
    	at org.hibernate.tool.schema.internal.SchemaDropperImpl.performDrop(SchemaDropperImpl.java:186)
    	at org.hibernate.tool.schema.internal.SchemaDropperImpl.doDrop(SchemaDropperImpl.java:156)
    	at org.hibernate.tool.schema.internal.SchemaDropperImpl.doDrop(SchemaDropperImpl.java:116)
    	at org.hibernate.tool.schema.spi.SchemaManagementToolCoordinator.performDatabaseAction(SchemaManagementToolCoordinator.java:238)
    	at org.hibernate.tool.schema.spi.SchemaManagementToolCoordinator.lambda$process$5(SchemaManagementToolCoordinator.java:144)
    	at java.base/java.util.HashMap.forEach(HashMap.java:1429)
    	at org.hibernate.tool.schema.spi.SchemaManagementToolCoordinator.process(SchemaManagementToolCoordinator.java:141)
    	at org.hibernate.boot.internal.SessionFactoryObserverForSchemaExport.sessionFactoryCreated(SessionFactoryObserverForSchemaExport.java:37)
    	at org.hibernate.internal.SessionFactoryObserverChain.sessionFactoryCreated(SessionFactoryObserverChain.java:35)
    	at org.hibernate.internal.SessionFactoryImpl.<init>(SessionFactoryImpl.java:324)
    	at org.hibernate.boot.internal.SessionFactoryBuilderImpl.build(SessionFactoryBuilderImpl.java:463)
    	at org.hibernate.jpa.boot.internal.EntityManagerFactoryBuilderImpl.build(EntityManagerFactoryBuilderImpl.java:1517)
    	at org.springframework.orm.jpa.vendor.SpringHibernateJpaPersistenceProvider.createContainerEntityManagerFactory(SpringHibernateJpaPersistenceProvider.java:66)
    	at org.springframework.orm.jpa.LocalContainerEntityManagerFactoryBean.createNativeEntityManagerFactory(LocalContainerEntityManagerFactoryBean.java:390)
    	at org.springframework.orm.jpa.AbstractEntityManagerFactoryBean.buildNativeEntityManagerFactory(AbstractEntityManagerFactoryBean.java:419)
    	at org.springframework.orm.jpa.AbstractEntityManagerFactoryBean.afterPropertiesSet(AbstractEntityManagerFactoryBean.java:400)
    	at org.springframework.orm.jpa.LocalContainerEntityManagerFactoryBean.afterPropertiesSet(LocalContainerEntityManagerFactoryBean.java:366)
    	at org.springframework.beans.factory.support.AbstractAutowireCapableBeanFactory.invokeInitMethods(AbstractAutowireCapableBeanFactory.java:1873)
    	at org.springframework.beans.factory.support.AbstractAutowireCapableBeanFactory.initializeBean(AbstractAutowireCapableBeanFactory.java:1822)
    	at org.springframework.beans.factory.support.AbstractAutowireCapableBeanFactory.doCreateBean(AbstractAutowireCapableBeanFactory.java:607)
    	at org.springframework.beans.factory.support.AbstractAutowireCapableBeanFactory.createBean(AbstractAutowireCapableBeanFactory.java:529)
    	at org.springframework.beans.factory.support.AbstractBeanFactory.lambda$doGetBean$0(AbstractBeanFactory.java:339)
    	at org.springframework.beans.factory.support.DefaultSingletonBeanRegistry.getSingleton(DefaultSingletonBeanRegistry.java:373)
    	at org.springframework.beans.factory.support.AbstractBeanFactory.doGetBean(AbstractBeanFactory.java:337)
    	at org.springframework.beans.factory.support.AbstractBeanFactory.getBean(AbstractBeanFactory.java:207)
    	at org.springframework.context.support.AbstractApplicationContext.finishBeanFactoryInitialization(AbstractApplicationContext.java:973)
    	at org.springframework.context.support.AbstractApplicationContext.refresh(AbstractApplicationContext.java:627)
    	at org.springframework.boot.SpringApplication.refresh(SpringApplication.java:752)
    	at org.springframework.boot.SpringApplication.refreshContext(SpringApplication.java:439)
    	at org.springframework.boot.SpringApplication.run(SpringApplication.java:318)
    	at org.springframework.boot.test.context.SpringBootContextLoader.lambda$loadContext$3(SpringBootContextLoader.java:144)
    	at org.springframework.util.function.ThrowingSupplier.get(ThrowingSupplier.java:58)
    	at org.springframework.util.function.ThrowingSupplier.get(ThrowingSupplier.java:46)
    	at org.springframework.boot.SpringApplication.withHook(SpringApplication.java:1461)
    	at org.springframework.boot.test.context.SpringBootContextLoader$ContextLoaderHook.run(SpringBootContextLoader.java:563)
    	at org.springframework.boot.test.context.SpringBootContextLoader.loadContext(SpringBootContextLoader.java:144)
    	at org.springframework.boot.test.context.SpringBootContextLoader.loadContext(SpringBootContextLoader.java:110)
    	at org.springframework.test.context.cache.DefaultCacheAwareContextLoaderDelegate.loadContextInternal(DefaultCacheAwareContextLoaderDelegate.java:225)
    	at org.springframework.test.context.cache.DefaultCacheAwareContextLoaderDelegate.loadContext(DefaultCacheAwareContextLoaderDelegate.java:152)
    	at org.springframework.test.context.support.DefaultTestContext.getApplicationContext(DefaultTestContext.java:130)
    	at org.springframework.test.context.support.DependencyInjectionTestExecutionListener.injectDependencies(DependencyInjectionTestExecutionListener.java:155)
    	at org.springframework.test.context.support.DependencyInjectionTestExecutionListener.prepareTestInstance(DependencyInjectionTestExecutionListener.java:111)
    	at org.springframework.test.context.TestContextManager.prepareTestInstance(TestContextManager.java:260)
    	at org.springframework.test.context.junit.jupiter.SpringExtension.postProcessTestInstance(SpringExtension.java:159)
    	at org.junit.jupiter.engine.descriptor.ClassBasedTestDescriptor.lambda$invokeTestInstancePostProcessors$11(ClassBasedTestDescriptor.java:378)
    	at org.junit.jupiter.engine.descriptor.ClassBasedTestDescriptor.executeAndMaskThrowable(ClassBasedTestDescriptor.java:383)
    	at org.junit.jupiter.engine.descriptor.ClassBasedTestDescriptor.lambda$invokeTestInstancePostProcessors$12(ClassBasedTestDescriptor.java:378)
    	at java.base/java.util.stream.ForEachOps$ForEachOp$OfRef.accept(ForEachOps.java:184)
    	at java.base/java.util.stream.ReferencePipeline$3$1.accept(ReferencePipeline.java:197)
    	at java.base/java.util.stream.ReferencePipeline$2$1.accept(ReferencePipeline.java:179)
    	at java.base/java.util.stream.ReferencePipeline$3$1.accept(ReferencePipeline.java:197)
    	at java.base/java.util.ArrayList$ArrayListSpliterator.forEachRemaining(ArrayList.java:1708)
    	at java.base/java.util.stream.AbstractPipeline.copyInto(AbstractPipeline.java:509)
    	at java.base/java.util.stream.AbstractPipeline.wrapAndCopyInto(AbstractPipeline.java:499)
    	at java.base/java.util.stream.ForEachOps$ForEachOp.evaluateSequential(ForEachOps.java:151)
    	at java.base/java.util.stream.ForEachOps$ForEachOp$OfRef.evaluateSequential(ForEachOps.java:174)
    	at java.base/java.util.stream.AbstractPipeline.evaluate(AbstractPipeline.java:234)
    	at java.base/java.util.stream.ReferencePipeline.forEach(ReferencePipeline.java:596)
    	at org.junit.jupiter.engine.descriptor.ClassBasedTestDescriptor.invokeTestInstancePostProcessors(ClassBasedTestDescriptor.java:377)
    	at org.junit.jupiter.engine.descriptor.ClassBasedTestDescriptor.lambda$instantiateAndPostProcessTestInstance$7(ClassBasedTestDescriptor.java:290)
    	at org.junit.platform.engine.support.hierarchical.ThrowableCollector.execute(ThrowableCollector.java:73)
    	at org.junit.jupiter.engine.descriptor.ClassBasedTestDescriptor.instantiateAndPostProcessTestInstance(ClassBasedTestDescriptor.java:289)
    	at org.junit.jupiter.engine.descriptor.ClassBasedTestDescriptor.lambda$testInstancesProvider$5(ClassBasedTestDescriptor.java:279)
    	at java.base/java.util.Optional.orElseGet(Optional.java:364)
    	at org.junit.jupiter.engine.descriptor.ClassBasedTestDescriptor.lambda$testInstancesProvider$6(ClassBasedTestDescriptor.java:278)
    	at org.junit.jupiter.engine.execution.TestInstancesProvider.getTestInstances(TestInstancesProvider.java:31)
    	at org.junit.jupiter.engine.descriptor.TestMethodTestDescriptor.lambda$prepare$1(TestMethodTestDescriptor.java:105)
    	at org.junit.platform.engine.support.hierarchical.ThrowableCollector.execute(ThrowableCollector.java:73)
    	at org.junit.jupiter.engine.descriptor.TestMethodTestDescriptor.prepare(TestMethodTestDescriptor.java:104)
    	at org.junit.jupiter.engine.descriptor.TestMethodTestDescriptor.prepare(TestMethodTestDescriptor.java:68)
    	at org.junit.platform.engine.support.hierarchical.NodeTestTask.lambda$prepare$2(NodeTestTask.java:128)
    	at org.junit.platform.engine.support.hierarchical.ThrowableCollector.execute(ThrowableCollector.java:73)
    	at org.junit.platform.engine.support.hierarchical.NodeTestTask.prepare(NodeTestTask.java:128)
    	at org.junit.platform.engine.support.hierarchical.NodeTestTask.execute(NodeTestTask.java:95)
    	at java.base/java.util.ArrayList.forEach(ArrayList.java:1596)
    	at org.junit.platform.engine.support.hierarchical.SameThreadHierarchicalTestExecutorService.invokeAll(SameThreadHierarchicalTestExecutorService.java:41)
    	at org.junit.platform.engine.support.hierarchical.NodeTestTask.lambda$executeRecursively$6(NodeTestTask.java:160)
    	at org.junit.platform.engine.support.hierarchical.ThrowableCollector.execute(ThrowableCollector.java:73)
    	at org.junit.platform.engine.support.hierarchical.NodeTestTask.lambda$executeRecursively$8(NodeTestTask.java:146)
    	at org.junit.platform.engine.support.hierarchical.Node.around(Node.java:137)
    	at org.junit.platform.engine.support.hierarchical.NodeTestTask.lambda$executeRecursively$9(NodeTestTask.java:144)
    	at org.junit.platform.engine.support.hierarchical.ThrowableCollector.execute(ThrowableCollector.java:73)
    	at org.junit.platform.engine.support.hierarchical.NodeTestTask.executeRecursively(NodeTestTask.java:143)
    	at org.junit.platform.engine.support.hierarchical.NodeTestTask.execute(NodeTestTask.java:100)
    	at java.base/java.util.ArrayList.forEach(ArrayList.java:1596)
    	at org.junit.platform.engine.support.hierarchical.SameThreadHierarchicalTestExecutorService.invokeAll(SameThreadHierarchicalTestExecutorService.java:41)
    	at org.junit.platform.engine.support.hierarchical.NodeTestTask.lambda$executeRecursively$6(NodeTestTask.java:160)
    	at org.junit.platform.engine.support.hierarchical.ThrowableCollector.execute(ThrowableCollector.java:73)
    	at org.junit.platform.engine.support.hierarchical.NodeTestTask.lambda$executeRecursively$8(NodeTestTask.java:146)
    	at org.junit.platform.engine.support.hierarchical.Node.around(Node.java:137)
    	at org.junit.platform.engine.support.hierarchical.NodeTestTask.lambda$executeRecursively$9(NodeTestTask.java:144)
    	at org.junit.platform.engine.support.hierarchical.ThrowableCollector.execute(ThrowableCollector.java:73)
    	at org.junit.platform.engine.support.hierarchical.NodeTestTask.executeRecursively(NodeTestTask.java:143)
    	at org.junit.platform.engine.support.hierarchical.NodeTestTask.execute(NodeTestTask.java:100)
    	at org.junit.platform.engine.support.hierarchical.SameThreadHierarchicalTestExecutorService.submit(SameThreadHierarchicalTestExecutorService.java:35)
    	at org.junit.platform.engine.support.hierarchical.HierarchicalTestExecutor.execute(HierarchicalTestExecutor.java:57)
    	at org.junit.platform.engine.support.hierarchical.HierarchicalTestEngine.execute(HierarchicalTestEngine.java:54)
    	at org.junit.platform.launcher.core.EngineExecutionOrchestrator.execute(EngineExecutionOrchestrator.java:198)
    	at org.junit.platform.launcher.core.EngineExecutionOrchestrator.execute(EngineExecutionOrchestrator.java:169)
    	at org.junit.platform.launcher.core.EngineExecutionOrchestrator.execute(EngineExecutionOrchestrator.java:93)
    	at org.junit.platform.launcher.core.EngineExecutionOrchestrator.lambda$execute$0(EngineExecutionOrchestrator.java:58)
    	at org.junit.platform.launcher.core.EngineExecutionOrchestrator.withInterceptedStreams(EngineExecutionOrchestrator.java:141)
    	at org.junit.platform.launcher.core.EngineExecutionOrchestrator.execute(EngineExecutionOrchestrator.java:57)
    	at org.junit.platform.launcher.core.DefaultLauncher.execute(DefaultLauncher.java:103)
    	at org.junit.platform.launcher.core.DefaultLauncher.execute(DefaultLauncher.java:85)
    	at org.junit.platform.launcher.core.DelegatingLauncher.execute(DelegatingLauncher.java:47)
    	at org.gradle.api.internal.tasks.testing.junitplatform.JUnitPlatformTestClassProcessor$CollectAllTestClassesExecutor.processAllTestClasses(JUnitPlatformTestClassProcessor.java:124)
    	at org.gradle.api.internal.tasks.testing.junitplatform.JUnitPlatformTestClassProcessor$CollectAllTestClassesExecutor.access$000(JUnitPlatformTestClassProcessor.java:99)
    	at org.gradle.api.internal.tasks.testing.junitplatform.JUnitPlatformTestClassProcessor.stop(JUnitPlatformTestClassProcessor.java:94)
    	at org.gradle.api.internal.tasks.testing.SuiteTestClassProcessor.stop(SuiteTestClassProcessor.java:63)
    	at java.base/jdk.internal.reflect.DirectMethodHandleAccessor.invoke(DirectMethodHandleAccessor.java:103)
    	at java.base/java.lang.reflect.Method.invoke(Method.java:580)
    	at org.gradle.internal.dispatch.ReflectionDispatch.dispatch(ReflectionDispatch.java:36)
    	at org.gradle.internal.dispatch.ReflectionDispatch.dispatch(ReflectionDispatch.java:24)
    	at org.gradle.internal.dispatch.ContextClassLoaderDispatch.dispatch(ContextClassLoaderDispatch.java:33)
    	at org.gradle.internal.dispatch.ProxyDispatchAdapter$DispatchingInvocationHandler.invoke(ProxyDispatchAdapter.java:92)
    	at jdk.proxy2/jdk.proxy2.$Proxy6.stop(Unknown Source)
    	at org.gradle.api.internal.tasks.testing.worker.TestWorker$3.run(TestWorker.java:200)
    	at org.gradle.api.internal.tasks.testing.worker.TestWorker.executeAndMaintainThreadName(TestWorker.java:132)
    	at org.gradle.api.internal.tasks.testing.worker.TestWorker.execute(TestWorker.java:103)
    	at org.gradle.api.internal.tasks.testing.worker.TestWorker.execute(TestWorker.java:63)
    	at org.gradle.process.internal.worker.child.ActionExecutionWorker.execute(ActionExecutionWorker.java:56)
    	at org.gradle.process.internal.worker.child.SystemApplicationClassLoaderWorker.call(SystemApplicationClassLoaderWorker.java:121)
    	at org.gradle.process.internal.worker.child.SystemApplicationClassLoaderWorker.call(SystemApplicationClassLoaderWorker.java:71)
    	at worker.org.gradle.process.internal.worker.GradleWorkerMain.run(GradleWorkerMain.java:69)
    	at worker.org.gradle.process.internal.worker.GradleWorkerMain.main(GradleWorkerMain.java:74)
    Caused by: org.h2.jdbc.JdbcSQLSyntaxErrorException: Schema "EMPI" not found; SQL statement:
    drop table if exists empi.master_identities cascade  [90079-232]
    	at org.h2.message.DbException.getJdbcSQLException(DbException.java:644)
    	at org.h2.message.DbException.getJdbcSQLException(DbException.java:489)
    	at org.h2.message.DbException.get(DbException.java:223)
    	at org.h2.message.DbException.get(DbException.java:199)
    	at org.h2.command.Parser.getSchema(Parser.java:923)
    	at org.h2.command.Parser.getSchema(Parser.java:929)
    	at org.h2.command.Parser.parseDrop(Parser.java:2095)
    	at org.h2.command.Parser.parsePrepared(Parser.java:658)
    	at org.h2.command.Parser.parse(Parser.java:581)
    	at org.h2.command.Parser.parse(Parser.java:556)
    	at org.h2.command.Parser.prepareCommand(Parser.java:484)
    	at org.h2.engine.SessionLocal.prepareLocal(SessionLocal.java:645)
    	at org.h2.engine.SessionLocal.prepareCommand(SessionLocal.java:561)
    	at org.h2.jdbc.JdbcConnection.prepareCommand(JdbcConnection.java:1164)
    	at org.h2.jdbc.JdbcStatement.executeInternal(JdbcStatement.java:245)
    	at org.h2.jdbc.JdbcStatement.execute(JdbcStatement.java:231)
    	at org.hibernate.tool.schema.internal.exec.GenerationTargetToDatabase.accept(GenerationTargetToDatabase.java:80)
    	... 131 common frames omitted
    Hibernate: drop table if exists empi.merge_events cascade 
    2026-03-10 23:50:30  WARN [Test worker] o.h.t.s.i.ExceptionHandlerLoggedImpl     - GenerationTarget encountered exception accepting command : Error executing DDL "drop table if exists empi.merge_events cascade " via JDBC [Schema "EMPI" not found;]
    org.hibernate.tool.schema.spi.CommandAcceptanceException: Error executing DDL "drop table if exists empi.merge_events cascade " via JDBC [Schema "EMPI" not found;]
    	at org.hibernate.tool.schema.internal.exec.GenerationTargetToDatabase.accept(GenerationTargetToDatabase.java:94)
    	at org.hibernate.tool.schema.internal.Helper.applySqlString(Helper.java:233)
    	at org.hibernate.tool.schema.internal.Helper.applySqlStrings(Helper.java:217)
    	at org.hibernate.tool.schema.internal.SchemaDropperImpl.dropTables(SchemaDropperImpl.java:384)
    	at org.hibernate.tool.schema.internal.SchemaDropperImpl.dropConstraintsTablesSequences(SchemaDropperImpl.java:256)
    	at org.hibernate.tool.schema.internal.SchemaDropperImpl.dropFromMetadata(SchemaDropperImpl.java:218)
    	at org.hibernate.tool.schema.internal.SchemaDropperImpl.performDrop(SchemaDropperImpl.java:186)
    	at org.hibernate.tool.schema.internal.SchemaDropperImpl.doDrop(SchemaDropperImpl.java:156)
    	at org.hibernate.tool.schema.internal.SchemaDropperImpl.doDrop(SchemaDropperImpl.java:116)
    	at org.hibernate.tool.schema.spi.SchemaManagementToolCoordinator.performDatabaseAction(SchemaManagementToolCoordinator.java:238)
    	at org.hibernate.tool.schema.spi.SchemaManagementToolCoordinator.lambda$process$5(SchemaManagementToolCoordinator.java:144)
    	at java.base/java.util.HashMap.forEach(HashMap.java:1429)
    	at org.hibernate.tool.schema.spi.SchemaManagementToolCoordinator.process(SchemaManagementToolCoordinator.java:141)
    	at org.hibernate.boot.internal.SessionFactoryObserverForSchemaExport.sessionFactoryCreated(SessionFactoryObserverForSchemaExport.java:37)
    	at org.hibernate.internal.SessionFactoryObserverChain.sessionFactoryCreated(SessionFactoryObserverChain.java:35)
    	at org.hibernate.internal.SessionFactoryImpl.<init>(SessionFactoryImpl.java:324)
    	at org.hibernate.boot.internal.SessionFactoryBuilderImpl.build(SessionFactoryBuilderImpl.java:463)
    	at org.hibernate.jpa.boot.internal.EntityManagerFactoryBuilderImpl.build(EntityManagerFactoryBuilderImpl.java:1517)
    	at org.springframework.orm.jpa.vendor.SpringHibernateJpaPersistenceProvider.createContainerEntityManagerFactory(SpringHibernateJpaPersistenceProvider.java:66)
    	at org.springframework.orm.jpa.LocalContainerEntityManagerFactoryBean.createNativeEntityManagerFactory(LocalContainerEntityManagerFactoryBean.java:390)
    	at org.springframework.orm.jpa.AbstractEntityManagerFactoryBean.buildNativeEntityManagerFactory(AbstractEntityManagerFactoryBean.java:419)
    	at org.springframework.orm.jpa.AbstractEntityManagerFactoryBean.afterPropertiesSet(AbstractEntityManagerFactoryBean.java:400)
    	at org.springframework.orm.jpa.LocalContainerEntityManagerFactoryBean.afterPropertiesSet(LocalContainerEntityManagerFactoryBean.java:366)
    	at org.springframework.beans.factory.support.AbstractAutowireCapableBeanFactory.invokeInitMethods(AbstractAutowireCapableBeanFactory.java:1873)
    	at org.springframework.beans.factory.support.AbstractAutowireCapableBeanFactory.initializeBean(AbstractAutowireCapableBeanFactory.java:1822)
    	at org.springframework.beans.factory.support.AbstractAutowireCapableBeanFactory.doCreateBean(AbstractAutowireCapableBeanFactory.java:607)
    	at org.springframework.beans.factory.support.AbstractAutowireCapableBeanFactory.createBean(AbstractAutowireCapableBeanFactory.java:529)
    	at org.springframework.beans.factory.support.AbstractBeanFactory.lambda$doGetBean$0(AbstractBeanFactory.java:339)
    	at org.springframework.beans.factory.support.DefaultSingletonBeanRegistry.getSingleton(DefaultSingletonBeanRegistry.java:373)
    	at org.springframework.beans.factory.support.AbstractBeanFactory.doGetBean(AbstractBeanFactory.java:337)
    	at org.springframework.beans.factory.support.AbstractBeanFactory.getBean(AbstractBeanFactory.java:207)
    	at org.springframework.context.support.AbstractApplicationContext.finishBeanFactoryInitialization(AbstractApplicationContext.java:973)
    	at org.springframework.context.support.AbstractApplicationContext.refresh(AbstractApplicationContext.java:627)
    	at org.springframework.boot.SpringApplication.refresh(SpringApplication.java:752)
    	at org.springframework.boot.SpringApplication.refreshContext(SpringApplication.java:439)
    	at org.springframework.boot.SpringApplication.run(SpringApplication.java:318)
    	at org.springframework.boot.test.context.SpringBootContextLoader.lambda$loadContext$3(SpringBootContextLoader.java:144)
    	at org.springframework.util.function.ThrowingSupplier.get(ThrowingSupplier.java:58)
    	at org.springframework.util.function.ThrowingSupplier.get(ThrowingSupplier.java:46)
    	at org.springframework.boot.SpringApplication.withHook(SpringApplication.java:1461)
    	at org.springframework.boot.test.context.SpringBootContextLoader$ContextLoaderHook.run(SpringBootContextLoader.java:563)
    	at org.springframework.boot.test.context.SpringBootContextLoader.loadContext(SpringBootContextLoader.java:144)
    	at org.springframework.boot.test.context.SpringBootContextLoader.loadContext(SpringBootContextLoader.java:110)
    	at org.springframework.test.context.cache.DefaultCacheAwareContextLoaderDelegate.loadContextInternal(DefaultCacheAwareContextLoaderDelegate.java:225)
    	at org.springframework.test.context.cache.DefaultCacheAwareContextLoaderDelegate.loadContext(DefaultCacheAwareContextLoaderDelegate.java:152)
    	at org.springframework.test.context.support.DefaultTestContext.getApplicationContext(DefaultTestContext.java:130)
    	at org.springframework.test.context.support.DependencyInjectionTestExecutionListener.injectDependencies(DependencyInjectionTestExecutionListener.java:155)
    	at org.springframework.test.context.support.DependencyInjectionTestExecutionListener.prepareTestInstance(DependencyInjectionTestExecutionListener.java:111)
    	at org.springframework.test.context.TestContextManager.prepareTestInstance(TestContextManager.java:260)
    	at org.springframework.test.context.junit.jupiter.SpringExtension.postProcessTestInstance(SpringExtension.java:159)
    	at org.junit.jupiter.engine.descriptor.ClassBasedTestDescriptor.lambda$invokeTestInstancePostProcessors$11(ClassBasedTestDescriptor.java:378)
    	at org.junit.jupiter.engine.descriptor.ClassBasedTestDescriptor.executeAndMaskThrowable(ClassBasedTestDescriptor.java:383)
    	at org.junit.jupiter.engine.descriptor.ClassBasedTestDescriptor.lambda$invokeTestInstancePostProcessors$12(ClassBasedTestDescriptor.java:378)
    	at java.base/java.util.stream.ForEachOps$ForEachOp$OfRef.accept(ForEachOps.java:184)
    	at java.base/java.util.stream.ReferencePipeline$3$1.accept(ReferencePipeline.java:197)
    	at java.base/java.util.stream.ReferencePipeline$2$1.accept(ReferencePipeline.java:179)
    	at java.base/java.util.stream.ReferencePipeline$3$1.accept(ReferencePipeline.java:197)
    	at java.base/java.util.ArrayList$ArrayListSpliterator.forEachRemaining(ArrayList.java:1708)
    	at java.base/java.util.stream.AbstractPipeline.copyInto(AbstractPipeline.java:509)
    	at java.base/java.util.stream.AbstractPipeline.wrapAndCopyInto(AbstractPipeline.java:499)
    	at java.base/java.util.stream.ForEachOps$ForEachOp.evaluateSequential(ForEachOps.java:151)
    	at java.base/java.util.stream.ForEachOps$ForEachOp$OfRef.evaluateSequential(ForEachOps.java:174)
    	at java.base/java.util.stream.AbstractPipeline.evaluate(AbstractPipeline.java:234)
    	at java.base/java.util.stream.ReferencePipeline.forEach(ReferencePipeline.java:596)
    	at org.junit.jupiter.engine.descriptor.ClassBasedTestDescriptor.invokeTestInstancePostProcessors(ClassBasedTestDescriptor.java:377)
    	at org.junit.jupiter.engine.descriptor.ClassBasedTestDescriptor.lambda$instantiateAndPostProcessTestInstance$7(ClassBasedTestDescriptor.java:290)
    	at org.junit.platform.engine.support.hierarchical.ThrowableCollector.execute(ThrowableCollector.java:73)
    	at org.junit.jupiter.engine.descriptor.ClassBasedTestDescriptor.instantiateAndPostProcessTestInstance(ClassBasedTestDescriptor.java:289)
    	at org.junit.jupiter.engine.descriptor.ClassBasedTestDescriptor.lambda$testInstancesProvider$5(ClassBasedTestDescriptor.java:279)
    	at java.base/java.util.Optional.orElseGet(Optional.java:364)
    	at org.junit.jupiter.engine.descriptor.ClassBasedTestDescriptor.lambda$testInstancesProvider$6(ClassBasedTestDescriptor.java:278)
    	at org.junit.jupiter.engine.execution.TestInstancesProvider.getTestInstances(TestInstancesProvider.java:31)
    	at org.junit.jupiter.engine.descriptor.TestMethodTestDescriptor.lambda$prepare$1(TestMethodTestDescriptor.java:105)
    	at org.junit.platform.engine.support.hierarchical.ThrowableCollector.execute(ThrowableCollector.java:73)
    	at org.junit.jupiter.engine.descriptor.TestMethodTestDescriptor.prepare(TestMethodTestDescriptor.java:104)
    	at org.junit.jupiter.engine.descriptor.TestMethodTestDescriptor.prepare(TestMethodTestDescriptor.java:68)
    	at org.junit.platform.engine.support.hierarchical.NodeTestTask.lambda$prepare$2(NodeTestTask.java:128)
    	at org.junit.platform.engine.support.hierarchical.ThrowableCollector.execute(ThrowableCollector.java:73)
    	at org.junit.platform.engine.support.hierarchical.NodeTestTask.prepare(NodeTestTask.java:128)
    	at org.junit.platform.engine.support.hierarchical.NodeTestTask.execute(NodeTestTask.java:95)
    	at java.base/java.util.ArrayList.forEach(ArrayList.java:1596)
    	at org.junit.platform.engine.support.hierarchical.SameThreadHierarchicalTestExecutorService.invokeAll(SameThreadHierarchicalTestExecutorService.java:41)
    	at org.junit.platform.engine.support.hierarchical.NodeTestTask.lambda$executeRecursively$6(NodeTestTask.java:160)
    	at org.junit.platform.engine.support.hierarchical.ThrowableCollector.execute(ThrowableCollector.java:73)
    	at org.junit.platform.engine.support.hierarchical.NodeTestTask.lambda$executeRecursively$8(NodeTestTask.java:146)
    	at org.junit.platform.engine.support.hierarchical.Node.around(Node.java:137)
    	at org.junit.platform.engine.support.hierarchical.NodeTestTask.lambda$executeRecursively$9(NodeTestTask.java:144)
    	at org.junit.platform.engine.support.hierarchical.ThrowableCollector.execute(ThrowableCollector.java:73)
    	at org.junit.platform.engine.support.hierarchical.NodeTestTask.executeRecursively(NodeTestTask.java:143)
    	at org.junit.platform.engine.support.hierarchical.NodeTestTask.execute(NodeTestTask.java:100)
    	at java.base/java.util.ArrayList.forEach(ArrayList.java:1596)
    	at org.junit.platform.engine.support.hierarchical.SameThreadHierarchicalTestExecutorService.invokeAll(SameThreadHierarchicalTestExecutorService.java:41)
    	at org.junit.platform.engine.support.hierarchical.NodeTestTask.lambda$executeRecursively$6(NodeTestTask.java:160)
    	at org.junit.platform.engine.support.hierarchical.ThrowableCollector.execute(ThrowableCollector.java:73)
    	at org.junit.platform.engine.support.hierarchical.NodeTestTask.lambda$executeRecursively$8(NodeTestTask.java:146)
    	at org.junit.platform.engine.support.hierarchical.Node.around(Node.java:137)
    	at org.junit.platform.engine.support.hierarchical.NodeTestTask.lambda$executeRecursively$9(NodeTestTask.java:144)
    	at org.junit.platform.engine.support.hierarchical.ThrowableCollector.execute(ThrowableCollector.java:73)
    	at org.junit.platform.engine.support.hierarchical.NodeTestTask.executeRecursively(NodeTestTask.java:143)
    	at org.junit.platform.engine.support.hierarchical.NodeTestTask.execute(NodeTestTask.java:100)
    	at org.junit.platform.engine.support.hierarchical.SameThreadHierarchicalTestExecutorService.submit(SameThreadHierarchicalTestExecutorService.java:35)
    	at org.junit.platform.engine.support.hierarchical.HierarchicalTestExecutor.execute(HierarchicalTestExecutor.java:57)
    	at org.junit.platform.engine.support.hierarchical.HierarchicalTestEngine.execute(HierarchicalTestEngine.java:54)
    	at org.junit.platform.launcher.core.EngineExecutionOrchestrator.execute(EngineExecutionOrchestrator.java:198)
    	at org.junit.platform.launcher.core.EngineExecutionOrchestrator.execute(EngineExecutionOrchestrator.java:169)
    	at org.junit.platform.launcher.core.EngineExecutionOrchestrator.execute(EngineExecutionOrchestrator.java:93)
    	at org.junit.platform.launcher.core.EngineExecutionOrchestrator.lambda$execute$0(EngineExecutionOrchestrator.java:58)
    	at org.junit.platform.launcher.core.EngineExecutionOrchestrator.withInterceptedStreams(EngineExecutionOrchestrator.java:141)
    	at org.junit.platform.launcher.core.EngineExecutionOrchestrator.execute(EngineExecutionOrchestrator.java:57)
    	at org.junit.platform.launcher.core.DefaultLauncher.execute(DefaultLauncher.java:103)
    	at org.junit.platform.launcher.core.DefaultLauncher.execute(DefaultLauncher.java:85)
    	at org.junit.platform.launcher.core.DelegatingLauncher.execute(DelegatingLauncher.java:47)
    	at org.gradle.api.internal.tasks.testing.junitplatform.JUnitPlatformTestClassProcessor$CollectAllTestClassesExecutor.processAllTestClasses(JUnitPlatformTestClassProcessor.java:124)
    	at org.gradle.api.internal.tasks.testing.junitplatform.JUnitPlatformTestClassProcessor$CollectAllTestClassesExecutor.access$000(JUnitPlatformTestClassProcessor.java:99)
    	at org.gradle.api.internal.tasks.testing.junitplatform.JUnitPlatformTestClassProcessor.stop(JUnitPlatformTestClassProcessor.java:94)
    	at org.gradle.api.internal.tasks.testing.SuiteTestClassProcessor.stop(SuiteTestClassProcessor.java:63)
    	at java.base/jdk.internal.reflect.DirectMethodHandleAccessor.invoke(DirectMethodHandleAccessor.java:103)
    	at java.base/java.lang.reflect.Method.invoke(Method.java:580)
    	at org.gradle.internal.dispatch.ReflectionDispatch.dispatch(ReflectionDispatch.java:36)
    	at org.gradle.internal.dispatch.ReflectionDispatch.dispatch(ReflectionDispatch.java:24)
    	at org.gradle.internal.dispatch.ContextClassLoaderDispatch.dispatch(ContextClassLoaderDispatch.java:33)
    	at org.gradle.internal.dispatch.ProxyDispatchAdapter$DispatchingInvocationHandler.invoke(ProxyDispatchAdapter.java:92)
    	at jdk.proxy2/jdk.proxy2.$Proxy6.stop(Unknown Source)
    	at org.gradle.api.internal.tasks.testing.worker.TestWorker$3.run(TestWorker.java:200)
    	at org.gradle.api.internal.tasks.testing.worker.TestWorker.executeAndMaintainThreadName(TestWorker.java:132)
    	at org.gradle.api.internal.tasks.testing.worker.TestWorker.execute(TestWorker.java:103)
    	at org.gradle.api.internal.tasks.testing.worker.TestWorker.execute(TestWorker.java:63)
    	at org.gradle.process.internal.worker.child.ActionExecutionWorker.execute(ActionExecutionWorker.java:56)
    	at org.gradle.process.internal.worker.child.SystemApplicationClassLoaderWorker.call(SystemApplicationClassLoaderWorker.java:121)
    	at org.gradle.process.internal.worker.child.SystemApplicationClassLoaderWorker.call(SystemApplicationClassLoaderWorker.java:71)
    	at worker.org.gradle.process.internal.worker.GradleWorkerMain.run(GradleWorkerMain.java:69)
    	at worker.org.gradle.process.internal.worker.GradleWorkerMain.main(GradleWorkerMain.java:74)
    Caused by: org.h2.jdbc.JdbcSQLSyntaxErrorException: Schema "EMPI" not found; SQL statement:
    drop table if exists empi.merge_events cascade  [90079-232]
    	at org.h2.message.DbException.getJdbcSQLException(DbException.java:644)
    	at org.h2.message.DbException.getJdbcSQLException(DbException.java:489)
    	at org.h2.message.DbException.get(DbException.java:223)
    	at org.h2.message.DbException.get(DbException.java:199)
    	at org.h2.command.Parser.getSchema(Parser.java:923)
    	at org.h2.command.Parser.getSchema(Parser.java:929)
    	at org.h2.command.Parser.parseDrop(Parser.java:2095)
    	at org.h2.command.Parser.parsePrepared(Parser.java:658)
    	at org.h2.command.Parser.parse(Parser.java:581)
    	at org.h2.command.Parser.parse(Parser.java:556)
    	at org.h2.command.Parser.prepareCommand(Parser.java:484)
    	at org.h2.engine.SessionLocal.prepareLocal(SessionLocal.java:645)
    	at org.h2.engine.SessionLocal.prepareCommand(SessionLocal.java:561)
    	at org.h2.jdbc.JdbcConnection.prepareCommand(JdbcConnection.java:1164)
    	at org.h2.jdbc.JdbcStatement.executeInternal(JdbcStatement.java:245)
    	at org.h2.jdbc.JdbcStatement.execute(JdbcStatement.java:231)
    	at org.hibernate.tool.schema.internal.exec.GenerationTargetToDatabase.accept(GenerationTargetToDatabase.java:80)
    	... 131 common frames omitted
    Hibernate: drop schema empi
    2026-03-10 23:50:30  WARN [Test worker] o.h.t.s.i.ExceptionHandlerLoggedImpl     - GenerationTarget encountered exception accepting command : Error executing DDL "drop schema empi" via JDBC [Schema "EMPI" not found;]
    org.hibernate.tool.schema.spi.CommandAcceptanceException: Error executing DDL "drop schema empi" via JDBC [Schema "EMPI" not found;]
    	at org.hibernate.tool.schema.internal.exec.GenerationTargetToDatabase.accept(GenerationTargetToDatabase.java:94)
    	at org.hibernate.tool.schema.internal.Helper.applySqlString(Helper.java:233)
    	at org.hibernate.tool.schema.internal.Helper.applySqlStrings(Helper.java:217)
    	at org.hibernate.tool.schema.internal.SchemaDropperImpl.dropSchemasAndCatalogs(SchemaDropperImpl.java:440)
    	at org.hibernate.tool.schema.internal.SchemaDropperImpl.dropFromMetadata(SchemaDropperImpl.java:229)
    	at org.hibernate.tool.schema.internal.SchemaDropperImpl.performDrop(SchemaDropperImpl.java:186)
    	at org.hibernate.tool.schema.internal.SchemaDropperImpl.doDrop(SchemaDropperImpl.java:156)
    	at org.hibernate.tool.schema.internal.SchemaDropperImpl.doDrop(SchemaDropperImpl.java:116)
    	at org.hibernate.tool.schema.spi.SchemaManagementToolCoordinator.performDatabaseAction(SchemaManagementToolCoordinator.java:238)
    	at org.hibernate.tool.schema.spi.SchemaManagementToolCoordinator.lambda$process$5(SchemaManagementToolCoordinator.java:144)
    	at java.base/java.util.HashMap.forEach(HashMap.java:1429)
    	at org.hibernate.tool.schema.spi.SchemaManagementToolCoordinator.process(SchemaManagementToolCoordinator.java:141)
    	at org.hibernate.boot.internal.SessionFactoryObserverForSchemaExport.sessionFactoryCreated(SessionFactoryObserverForSchemaExport.java:37)
    	at org.hibernate.internal.SessionFactoryObserverChain.sessionFactoryCreated(SessionFactoryObserverChain.java:35)
    	at org.hibernate.internal.SessionFactoryImpl.<init>(SessionFactoryImpl.java:324)
    	at org.hibernate.boot.internal.SessionFactoryBuilderImpl.build(SessionFactoryBuilderImpl.java:463)
    	at org.hibernate.jpa.boot.internal.EntityManagerFactoryBuilderImpl.build(EntityManagerFactoryBuilderImpl.java:1517)
    	at org.springframework.orm.jpa.vendor.SpringHibernateJpaPersistenceProvider.createContainerEntityManagerFactory(SpringHibernateJpaPersistenceProvider.java:66)
    	at org.springframework.orm.jpa.LocalContainerEntityManagerFactoryBean.createNativeEntityManagerFactory(LocalContainerEntityManagerFactoryBean.java:390)
    	at org.springframework.orm.jpa.AbstractEntityManagerFactoryBean.buildNativeEntityManagerFactory(AbstractEntityManagerFactoryBean.java:419)
    	at org.springframework.orm.jpa.AbstractEntityManagerFactoryBean.afterPropertiesSet(AbstractEntityManagerFactoryBean.java:400)
    	at org.springframework.orm.jpa.LocalContainerEntityManagerFactoryBean.afterPropertiesSet(LocalContainerEntityManagerFactoryBean.java:366)
    	at org.springframework.beans.factory.support.AbstractAutowireCapableBeanFactory.invokeInitMethods(AbstractAutowireCapableBeanFactory.java:1873)
    	at org.springframework.beans.factory.support.AbstractAutowireCapableBeanFactory.initializeBean(AbstractAutowireCapableBeanFactory.java:1822)
    	at org.springframework.beans.factory.support.AbstractAutowireCapableBeanFactory.doCreateBean(AbstractAutowireCapableBeanFactory.java:607)
    	at org.springframework.beans.factory.support.AbstractAutowireCapableBeanFactory.createBean(AbstractAutowireCapableBeanFactory.java:529)
    	at org.springframework.beans.factory.support.AbstractBeanFactory.lambda$doGetBean$0(AbstractBeanFactory.java:339)
    	at org.springframework.beans.factory.support.DefaultSingletonBeanRegistry.getSingleton(DefaultSingletonBeanRegistry.java:373)
    	at org.springframework.beans.factory.support.AbstractBeanFactory.doGetBean(AbstractBeanFactory.java:337)
    	at org.springframework.beans.factory.support.AbstractBeanFactory.getBean(AbstractBeanFactory.java:207)
    	at org.springframework.context.support.AbstractApplicationContext.finishBeanFactoryInitialization(AbstractApplicationContext.java:973)
    	at org.springframework.context.support.AbstractApplicationContext.refresh(AbstractApplicationContext.java:627)
    	at org.springframework.boot.SpringApplication.refresh(SpringApplication.java:752)
    	at org.springframework.boot.SpringApplication.refreshContext(SpringApplication.java:439)
    	at org.springframework.boot.SpringApplication.run(SpringApplication.java:318)
    	at org.springframework.boot.test.context.SpringBootContextLoader.lambda$loadContext$3(SpringBootContextLoader.java:144)
    	at org.springframework.util.function.ThrowingSupplier.get(ThrowingSupplier.java:58)
    	at org.springframework.util.function.ThrowingSupplier.get(ThrowingSupplier.java:46)
    	at org.springframework.boot.SpringApplication.withHook(SpringApplication.java:1461)
    	at org.springframework.boot.test.context.SpringBootContextLoader$ContextLoaderHook.run(SpringBootContextLoader.java:563)
    	at org.springframework.boot.test.context.SpringBootContextLoader.loadContext(SpringBootContextLoader.java:144)
    	at org.springframework.boot.test.context.SpringBootContextLoader.loadContext(SpringBootContextLoader.java:110)
    	at org.springframework.test.context.cache.DefaultCacheAwareContextLoaderDelegate.loadContextInternal(DefaultCacheAwareContextLoaderDelegate.java:225)
    	at org.springframework.test.context.cache.DefaultCacheAwareContextLoaderDelegate.loadContext(DefaultCacheAwareContextLoaderDelegate.java:152)
    	at org.springframework.test.context.support.DefaultTestContext.getApplicationContext(DefaultTestContext.java:130)
    	at org.springframework.test.context.support.DependencyInjectionTestExecutionListener.injectDependencies(DependencyInjectionTestExecutionListener.java:155)
    	at org.springframework.test.context.support.DependencyInjectionTestExecutionListener.prepareTestInstance(DependencyInjectionTestExecutionListener.java:111)
    	at org.springframework.test.context.TestContextManager.prepareTestInstance(TestContextManager.java:260)
    	at org.springframework.test.context.junit.jupiter.SpringExtension.postProcessTestInstance(SpringExtension.java:159)
    	at org.junit.jupiter.engine.descriptor.ClassBasedTestDescriptor.lambda$invokeTestInstancePostProcessors$11(ClassBasedTestDescriptor.java:378)
    	at org.junit.jupiter.engine.descriptor.ClassBasedTestDescriptor.executeAndMaskThrowable(ClassBasedTestDescriptor.java:383)
    	at org.junit.jupiter.engine.descriptor.ClassBasedTestDescriptor.lambda$invokeTestInstancePostProcessors$12(ClassBasedTestDescriptor.java:378)
    	at java.base/java.util.stream.ForEachOps$ForEachOp$OfRef.accept(ForEachOps.java:184)
    	at java.base/java.util.stream.ReferencePipeline$3$1.accept(ReferencePipeline.java:197)
    	at java.base/java.util.stream.ReferencePipeline$2$1.accept(ReferencePipeline.java:179)
    	at java.base/java.util.stream.ReferencePipeline$3$1.accept(ReferencePipeline.java:197)
    	at java.base/java.util.ArrayList$ArrayListSpliterator.forEachRemaining(ArrayList.java:1708)
    	at java.base/java.util.stream.AbstractPipeline.copyInto(AbstractPipeline.java:509)
    	at java.base/java.util.stream.AbstractPipeline.wrapAndCopyInto(AbstractPipeline.java:499)
    	at java.base/java.util.stream.ForEachOps$ForEachOp.evaluateSequential(ForEachOps.java:151)
    	at java.base/java.util.stream.ForEachOps$ForEachOp$OfRef.evaluateSequential(ForEachOps.java:174)
    	at java.base/java.util.stream.AbstractPipeline.evaluate(AbstractPipeline.java:234)
    	at java.base/java.util.stream.ReferencePipeline.forEach(ReferencePipeline.java:596)
    	at org.junit.jupiter.engine.descriptor.ClassBasedTestDescriptor.invokeTestInstancePostProcessors(ClassBasedTestDescriptor.java:377)
    	at org.junit.jupiter.engine.descriptor.ClassBasedTestDescriptor.lambda$instantiateAndPostProcessTestInstance$7(ClassBasedTestDescriptor.java:290)
    	at org.junit.platform.engine.support.hierarchical.ThrowableCollector.execute(ThrowableCollector.java:73)
    	at org.junit.jupiter.engine.descriptor.ClassBasedTestDescriptor.instantiateAndPostProcessTestInstance(ClassBasedTestDescriptor.java:289)
    	at org.junit.jupiter.engine.descriptor.ClassBasedTestDescriptor.lambda$testInstancesProvider$5(ClassBasedTestDescriptor.java:279)
    	at java.base/java.util.Optional.orElseGet(Optional.java:364)
    	at org.junit.jupiter.engine.descriptor.ClassBasedTestDescriptor.lambda$testInstancesProvider$6(ClassBasedTestDescriptor.java:278)
    	at org.junit.jupiter.engine.execution.TestInstancesProvider.getTestInstances(TestInstancesProvider.java:31)
    	at org.junit.jupiter.engine.descriptor.TestMethodTestDescriptor.lambda$prepare$1(TestMethodTestDescriptor.java:105)
    	at org.junit.platform.engine.support.hierarchical.ThrowableCollector.execute(ThrowableCollector.java:73)
    	at org.junit.jupiter.engine.descriptor.TestMethodTestDescriptor.prepare(TestMethodTestDescriptor.java:104)
    	at org.junit.jupiter.engine.descriptor.TestMethodTestDescriptor.prepare(TestMethodTestDescriptor.java:68)
    	at org.junit.platform.engine.support.hierarchical.NodeTestTask.lambda$prepare$2(NodeTestTask.java:128)
    	at org.junit.platform.engine.support.hierarchical.ThrowableCollector.execute(ThrowableCollector.java:73)
    	at org.junit.platform.engine.support.hierarchical.NodeTestTask.prepare(NodeTestTask.java:128)
    	at org.junit.platform.engine.support.hierarchical.NodeTestTask.execute(NodeTestTask.java:95)
    	at java.base/java.util.ArrayList.forEach(ArrayList.java:1596)
    	at org.junit.platform.engine.support.hierarchical.SameThreadHierarchicalTestExecutorService.invokeAll(SameThreadHierarchicalTestExecutorService.java:41)
    	at org.junit.platform.engine.support.hierarchical.NodeTestTask.lambda$executeRecursively$6(NodeTestTask.java:160)
    	at org.junit.platform.engine.support.hierarchical.ThrowableCollector.execute(ThrowableCollector.java:73)
    	at org.junit.platform.engine.support.hierarchical.NodeTestTask.lambda$executeRecursively$8(NodeTestTask.java:146)
    	at org.junit.platform.engine.support.hierarchical.Node.around(Node.java:137)
    	at org.junit.platform.engine.support.hierarchical.NodeTestTask.lambda$executeRecursively$9(NodeTestTask.java:144)
    	at org.junit.platform.engine.support.hierarchical.ThrowableCollector.execute(ThrowableCollector.java:73)
    	at org.junit.platform.engine.support.hierarchical.NodeTestTask.executeRecursively(NodeTestTask.java:143)
    	at org.junit.platform.engine.support.hierarchical.NodeTestTask.execute(NodeTestTask.java:100)
    	at java.base/java.util.ArrayList.forEach(ArrayList.java:1596)
    	at org.junit.platform.engine.support.hierarchical.SameThreadHierarchicalTestExecutorService.invokeAll(SameThreadHierarchicalTestExecutorService.java:41)
    	at org.junit.platform.engine.support.hierarchical.NodeTestTask.lambda$executeRecursively$6(NodeTestTask.java:160)
    	at org.junit.platform.engine.support.hierarchical.ThrowableCollector.execute(ThrowableCollector.java:73)
    	at org.junit.platform.engine.support.hierarchical.NodeTestTask.lambda$executeRecursively$8(NodeTestTask.java:146)
    	at org.junit.platform.engine.support.hierarchical.Node.around(Node.java:137)
    	at org.junit.platform.engine.support.hierarchical.NodeTestTask.lambda$executeRecursively$9(NodeTestTask.java:144)
    	at org.junit.platform.engine.support.hierarchical.ThrowableCollector.execute(ThrowableCollector.java:73)
    	at org.junit.platform.engine.support.hierarchical.NodeTestTask.executeRecursively(NodeTestTask.java:143)
    	at org.junit.platform.engine.support.hierarchical.NodeTestTask.execute(NodeTestTask.java:100)
    	at org.junit.platform.engine.support.hierarchical.SameThreadHierarchicalTestExecutorService.submit(SameThreadHierarchicalTestExecutorService.java:35)
    	at org.junit.platform.engine.support.hierarchical.HierarchicalTestExecutor.execute(HierarchicalTestExecutor.java:57)
    	at org.junit.platform.engine.support.hierarchical.HierarchicalTestEngine.execute(HierarchicalTestEngine.java:54)
    	at org.junit.platform.launcher.core.EngineExecutionOrchestrator.execute(EngineExecutionOrchestrator.java:198)
    	at org.junit.platform.launcher.core.EngineExecutionOrchestrator.execute(EngineExecutionOrchestrator.java:169)
    	at org.junit.platform.launcher.core.EngineExecutionOrchestrator.execute(EngineExecutionOrchestrator.java:93)
    	at org.junit.platform.launcher.core.EngineExecutionOrchestrator.lambda$execute$0(EngineExecutionOrchestrator.java:58)
    	at org.junit.platform.launcher.core.EngineExecutionOrchestrator.withInterceptedStreams(EngineExecutionOrchestrator.java:141)
    	at org.junit.platform.launcher.core.EngineExecutionOrchestrator.execute(EngineExecutionOrchestrator.java:57)
    	at org.junit.platform.launcher.core.DefaultLauncher.execute(DefaultLauncher.java:103)
    	at org.junit.platform.launcher.core.DefaultLauncher.execute(DefaultLauncher.java:85)
    	at org.junit.platform.launcher.core.DelegatingLauncher.execute(DelegatingLauncher.java:47)
    	at org.gradle.api.internal.tasks.testing.junitplatform.JUnitPlatformTestClassProcessor$CollectAllTestClassesExecutor.processAllTestClasses(JUnitPlatformTestClassProcessor.java:124)
    	at org.gradle.api.internal.tasks.testing.junitplatform.JUnitPlatformTestClassProcessor$CollectAllTestClassesExecutor.access$000(JUnitPlatformTestClassProcessor.java:99)
    	at org.gradle.api.internal.tasks.testing.junitplatform.JUnitPlatformTestClassProcessor.stop(JUnitPlatformTestClassProcessor.java:94)
    	at org.gradle.api.internal.tasks.testing.SuiteTestClassProcessor.stop(SuiteTestClassProcessor.java:63)
    	at java.base/jdk.internal.reflect.DirectMethodHandleAccessor.invoke(DirectMethodHandleAccessor.java:103)
    	at java.base/java.lang.reflect.Method.invoke(Method.java:580)
    	at org.gradle.internal.dispatch.ReflectionDispatch.dispatch(ReflectionDispatch.java:36)
    	at org.gradle.internal.dispatch.ReflectionDispatch.dispatch(ReflectionDispatch.java:24)
    	at org.gradle.internal.dispatch.ContextClassLoaderDispatch.dispatch(ContextClassLoaderDispatch.java:33)
    	at org.gradle.internal.dispatch.ProxyDispatchAdapter$DispatchingInvocationHandler.invoke(ProxyDispatchAdapter.java:92)
    	at jdk.proxy2/jdk.proxy2.$Proxy6.stop(Unknown Source)
    	at org.gradle.api.internal.tasks.testing.worker.TestWorker$3.run(TestWorker.java:200)
    	at org.gradle.api.internal.tasks.testing.worker.TestWorker.executeAndMaintainThreadName(TestWorker.java:132)
    	at org.gradle.api.internal.tasks.testing.worker.TestWorker.execute(TestWorker.java:103)
    	at org.gradle.api.internal.tasks.testing.worker.TestWorker.execute(TestWorker.java:63)
    	at org.gradle.process.internal.worker.child.ActionExecutionWorker.execute(ActionExecutionWorker.java:56)
    	at org.gradle.process.internal.worker.child.SystemApplicationClassLoaderWorker.call(SystemApplicationClassLoaderWorker.java:121)
    	at org.gradle.process.internal.worker.child.SystemApplicationClassLoaderWorker.call(SystemApplicationClassLoaderWorker.java:71)
    	at worker.org.gradle.process.internal.worker.GradleWorkerMain.run(GradleWorkerMain.java:69)
    	at worker.org.gradle.process.internal.worker.GradleWorkerMain.main(GradleWorkerMain.java:74)
    Caused by: org.h2.jdbc.JdbcSQLSyntaxErrorException: Schema "EMPI" not found; SQL statement:
    drop schema empi [90079-232]
    	at org.h2.message.DbException.getJdbcSQLException(DbException.java:644)
    	at org.h2.message.DbException.getJdbcSQLException(DbException.java:489)
    	at org.h2.message.DbException.get(DbException.java:223)
    	at org.h2.message.DbException.get(DbException.java:199)
    	at org.h2.command.ddl.DropSchema.update(DropSchema.java:44)
    	at org.h2.command.CommandContainer.update(CommandContainer.java:139)
    	at org.h2.command.Command.executeUpdate(Command.java:304)
    	at org.h2.command.Command.executeUpdate(Command.java:248)
    	at org.h2.jdbc.JdbcStatement.executeInternal(JdbcStatement.java:262)
    	at org.h2.jdbc.JdbcStatement.execute(JdbcStatement.java:231)
    	at org.hibernate.tool.schema.internal.exec.GenerationTargetToDatabase.accept(GenerationTargetToDatabase.java:80)
    	... 130 common frames omitted
    Hibernate: create schema empi
    Hibernate: create table empi.identity_aliases (active boolean not null, created_at timestamp(6) not null, updated_at timestamp(6) not null, created_by uuid, id uuid not null, master_identity_id uuid not null, updated_by uuid, source_system varchar(100), alias_value varchar(255) not null, alias_type enum ('DRIVER_LICENSE','INSURANCE_ID','LEGACY_EMPI','MRN','NATIONAL_ID','OTHER','PASSPORT') not null, primary key (id), constraint uq_empi_alias_value unique (alias_type, alias_value))
    Hibernate: create table empi.master_identities (active boolean not null, created_at timestamp(6) not null, updated_at timestamp(6) not null, created_by uuid, department_id uuid, hospital_id uuid, id uuid not null, organization_id uuid, patient_id uuid, updated_by uuid, empi_number varchar(64) not null unique, mrn_snapshot varchar(100), source_system varchar(100), metadata TEXT, resolution_state enum ('AUTO_MATCHED','CONFIRMED','MANUAL_REVIEW','NEW','REJECTED'), status enum ('ACTIVE','DUPLICATE','MERGED','RETIRED','SUSPENDED') not null, primary key (id))
    Hibernate: create table empi.merge_events (created_at timestamp(6) not null, merged_at timestamp(6) with time zone, updated_at timestamp(6) not null, department_id uuid, hospital_id uuid, id uuid not null, merged_by uuid, organization_id uuid, primary_identity_id uuid not null, secondary_identity_id uuid not null, resolution varchar(50), undo_token varchar(100), notes TEXT, merge_type enum ('AUTOMATED','CLINICAL_REQUEST','DATA_CLEANUP','MANUAL'), primary key (id))
    Hibernate: create index empi.idx_empi_alias_master on empi.identity_aliases (master_identity_id)
    Hibernate: create index empi.idx_empi_alias_type on empi.identity_aliases (alias_type)
    Hibernate: create index empi.idx_empi_identity_patient on empi.master_identities (patient_id)
    Hibernate: create index empi.idx_empi_identity_org on empi.master_identities (organization_id)
    Hibernate: create index empi.idx_empi_identity_hospital on empi.master_identities (hospital_id)
    Hibernate: create index empi.idx_empi_identity_status on empi.master_identities (status)
    Hibernate: create index empi.idx_empi_merge_primary on empi.merge_events (primary_identity_id)
    Hibernate: create index empi.idx_empi_merge_secondary on empi.merge_events (secondary_identity_id)
    Hibernate: create index empi.idx_empi_merge_org on empi.merge_events (organization_id)
    Hibernate: create index empi.idx_empi_merge_hospital on empi.merge_events (hospital_id)
    Hibernate: alter table if exists empi.identity_aliases add constraint fk_empi_alias_master foreign key (master_identity_id) references empi.master_identities
    Hibernate: alter table if exists empi.merge_events add constraint fk_empi_merge_primary foreign key (primary_identity_id) references empi.master_identities
    Hibernate: alter table if exists empi.merge_events add constraint fk_empi_merge_secondary foreign key (secondary_identity_id) references empi.master_identities
    2026-03-10 23:50:30  INFO [Test worker] e.EmpiMasterIdentityRepositoryTenantTest - Started EmpiMasterIdentityRepositoryTenantTest in 1.187 seconds (process running for 202.612)

EmpiMasterIdentityRepositoryTenantTest > findAllReturnsEmptyWhenContextHasNoTenantScope() STANDARD_OUT
    Hibernate: insert into empi.master_identities (active,created_at,created_by,department_id,empi_number,hospital_id,metadata,mrn_snapshot,organization_id,patient_id,resolution_state,source_system,status,updated_at,updated_by,id) values (?,?,?,?,?,?,?,?,?,?,?,?,?,?,?,?)
    Hibernate: select emi1_0.id,emi1_0.active,emi1_0.created_at,emi1_0.created_by,emi1_0.department_id,emi1_0.empi_number,emi1_0.hospital_id,emi1_0.metadata,emi1_0.mrn_snapshot,emi1_0.organization_id,emi1_0.patient_id,emi1_0.resolution_state,emi1_0.source_system,emi1_0.status,emi1_0.updated_at,emi1_0.updated_by from empi.master_identities emi1_0 where 1<>1 and 1<>1

EmpiMasterIdentityRepositoryTenantTest > findAllReturnsEmptyWhenContextHasNoTenantScope() PASSED

EmpiMasterIdentityRepositoryTenantTest > findAllRespectsTenantScopeFromContext() STANDARD_OUT
    Hibernate: insert into empi.master_identities (active,created_at,created_by,department_id,empi_number,hospital_id,metadata,mrn_snapshot,organization_id,patient_id,resolution_state,source_system,status,updated_at,updated_by,id) values (?,?,?,?,?,?,?,?,?,?,?,?,?,?,?,?)
    Hibernate: insert into empi.master_identities (active,created_at,created_by,department_id,empi_number,hospital_id,metadata,mrn_snapshot,organization_id,patient_id,resolution_state,source_system,status,updated_at,updated_by,id) values (?,?,?,?,?,?,?,?,?,?,?,?,?,?,?,?)
    Hibernate: select emi1_0.id,emi1_0.active,emi1_0.created_at,emi1_0.created_by,emi1_0.department_id,emi1_0.empi_number,emi1_0.hospital_id,emi1_0.metadata,emi1_0.mrn_snapshot,emi1_0.organization_id,emi1_0.patient_id,emi1_0.resolution_state,emi1_0.source_system,emi1_0.status,emi1_0.updated_at,emi1_0.updated_by from empi.master_identities emi1_0 where (emi1_0.organization_id in (?) or emi1_0.hospital_id in (?)) and (emi1_0.organization_id in (?) or emi1_0.hospital_id in (?))

EmpiMasterIdentityRepositoryTenantTest > findAllRespectsTenantScopeFromContext() PASSED

JwtAuthenticationFilterTest > shouldProcessApiRequests() PASSED

JwtAuthenticationFilterTest > shouldReturnUnauthorizedWhenUserMissing() STANDARD_OUT
    2026-03-10 23:50:31  WARN [Test worker] c.e.h.security.JwtAuthenticationFilter   - [JWT] Ignoring token for missing user 'dev_midwife_0007' (suppressing future warnings)

JwtAuthenticationFilterTest > shouldReturnUnauthorizedWhenUserMissing() PASSED

JwtAuthenticationFilterTest > shouldShortCircuitCachedMissingPrincipal() STANDARD_OUT
    2026-03-10 23:50:31  WARN [Test worker] c.e.h.security.JwtAuthenticationFilter   - [JWT] Ignoring token for missing user 'dev_midwife_0007' (suppressing future warnings)

JwtAuthenticationFilterTest > shouldShortCircuitCachedMissingPrincipal() PASSED

JwtAuthenticationFilterTest > shouldSkipStaticAssetRequests() PASSED

JwtAuthenticationFilterTest > shouldSkipSpaFeatureFlagsRoute() PASSED

HospitalContextHolderTest > whenContextCleared_thenHolderReturnsEmptyContext() PASSED

HospitalContextHolderTest > whenContextSet_thenContextAvailableFromHolder() PASSED

PermissionCatalogTest > templatesContainUniqueKnownPermissions() PASSED

PermissionCatalogTest > unknownRoleFallsBackToDefault() PASSED

TenantScopeSpecificationTest > appliesHospitalScopeViaAssociationWhenDirectColumnsMissing() PASSED

TenantScopeSpecificationTest > appliesOrganizationScopeViaHospitalOrganizationRelationship() PASSED

AnnouncementServiceImplTest > deleteAnnouncement > delegates to repository deleteById PASSED

AnnouncementServiceImplTest > updateAnnouncement > updates text and returns DTO PASSED

AnnouncementServiceImplTest > updateAnnouncement > throws RuntimeException when not found PASSED

AnnouncementServiceImplTest > createAnnouncement > saves new announcement and returns DTO PASSED

AnnouncementServiceImplTest > getAnnouncement > returns DTO when announcement exists PASSED

AnnouncementServiceImplTest > getAnnouncement > throws RuntimeException when not found PASSED

AnnouncementServiceImplTest > getAnnouncements > returns empty list when repository is empty PASSED

AnnouncementServiceImplTest > getAnnouncements > returns announcements sorted by date descending, limited PASSED

AnnouncementServiceImplTest > getAnnouncements > returns all when limit exceeds total count PASSED

AppointmentServiceImplSearchAppointmentsTest > searchAppointmentsForScopedUserAddsHospitalSpecification() PASSED

AppointmentServiceImplSearchAppointmentsTest > searchAppointmentsForSuperAdminUsesBaseSpecificationOnly() PASSED

AppointmentServiceImplSearchAppointmentsTest > searchAppointmentsForPatientAddsPatientSpecification() PASSED

AppointmentServiceImplSearchAppointmentsTest > searchAppointmentsWhenUserHasNoHospitalsReturnsEmptyPage() PASSED

AppointmentStatusTransitionTest > completeAllowedWhenAppointmentStartTimeHasPassed() PASSED

AppointmentStatusTransitionTest > completeBlockedWhenAppointmentIsInTheFuture() PASSED

AppointmentStatusTransitionTest > cannotCancelAnAlreadyCancelledAppointment() PASSED

AppointmentStatusTransitionTest > confirmFromScheduledIsAllowed() PASSED

AppointmentStatusTransitionTest > cannotConfirmAnAlreadyCompletedAppointment() PASSED

AppointmentStatusTransitionTest > cannotCompleteFromScheduledStatus() PASSED

AppointmentStatusTransitionTest > cannotCompleteAnAlreadyCompletedAppointment() PASSED

AppointmentStatusTransitionTest > noShowBlockedWhenAppointmentIsInTheFuture() PASSED

AppointmentStatusTransitionTest > cancelFromConfirmedIsAllowed() PASSED

AssignmentLinkServiceTest > formatUrl - all template patterns > handles {code} placeholder in template PASSED

AssignmentLinkServiceTest > formatUrl - all template patterns > appends to template ending with / PASSED

AssignmentLinkServiceTest > formatUrl - all template patterns > appends with / when template has no placeholder and no trailing slash PASSED

AssignmentLinkServiceTest > formatUrl - all template patterns > uses %s placeholder when template contains both %s and {code} PASSED

AssignmentLinkServiceTest > formatUrl - all template patterns > returns null when template is empty string PASSED

AssignmentLinkServiceTest > formatUrl - all template patterns > handles {code} when template does not contain %s PASSED

AssignmentLinkServiceTest > buildAssignerConfirmationUrl > URL-encodes special characters PASSED

AssignmentLinkServiceTest > buildAssignerConfirmationUrl > returns null when template is null PASSED

AssignmentLinkServiceTest > buildAssignerConfirmationUrl > returns null when code is blank PASSED

AssignmentLinkServiceTest > buildAssignerConfirmationUrl > uses default template with %s placeholder PASSED

AssignmentLinkServiceTest > buildProfileCompletionUrl > URL-encodes special characters in assignment code PASSED

AssignmentLinkServiceTest > buildProfileCompletionUrl > returns null when assignment code is null PASSED

AssignmentLinkServiceTest > buildProfileCompletionUrl > returns null when template is blank PASSED

AssignmentLinkServiceTest > buildProfileCompletionUrl > returns null when template is null PASSED

AssignmentLinkServiceTest > buildProfileCompletionUrl > returns null when assignment code is blank PASSED

AssignmentLinkServiceTest > buildProfileCompletionUrl > uses default template with %s placeholder PASSED

AuditEventLogServiceImplTest > logEvent persists and returns DTO on success PASSED

AuditEventLogServiceImplTest > logEvent sets userName to SYSTEM for bootstrap flows PASSED

AuditEventLogServiceImplTest > logEvent with null userId falls back to userName lookup gracefully PASSED

AuditEventLogServiceImplTest > logEvent never throws, even on unexpected runtime errors STANDARD_OUT
    2026-03-10 23:50:33 ERROR [Test worker] c.e.h.service.AuditEventLogServiceImpl   - [AUDIT] Failed to persist audit event (eventType=USER_BOOTSTRAP, entityType=USER, resourceId=d9bbef88-1f2f-4e0f-a150-b68b54abf50f, userId=null, userName=SYSTEM): Unexpected failure
    java.lang.RuntimeException: Unexpected failure
    	at com.example.hms.service.AuditEventLogServiceImpl.doLogEvent(AuditEventLogServiceImpl.java:150)
    	at com.example.hms.service.AuditEventLogServiceImpl.logEvent(AuditEventLogServiceImpl.java:85)
    	at com.example.hms.service.AuditEventLogServiceImplTest.lambda$logEvent_neverThrows$0(AuditEventLogServiceImplTest.java:96)
    	at org.assertj.core.api.ThrowableAssert.catchThrowable(ThrowableAssert.java:66)
    	at org.assertj.core.api.AssertionsForClassTypes.catchThrowable(AssertionsForClassTypes.java:908)
    	at org.assertj.core.api.AssertionsForClassTypes.assertThatCode(AssertionsForClassTypes.java:879)
    	at org.assertj.core.api.Assertions.assertThatCode(Assertions.java:1396)
    	at com.example.hms.service.AuditEventLogServiceImplTest.logEvent_neverThrows(AuditEventLogServiceImplTest.java:96)
    	at java.base/jdk.internal.reflect.DirectMethodHandleAccessor.invoke(DirectMethodHandleAccessor.java:103)
    	at java.base/java.lang.reflect.Method.invoke(Method.java:580)
    	at org.junit.platform.commons.util.ReflectionUtils.invokeMethod(ReflectionUtils.java:767)
    	at org.junit.jupiter.engine.execution.MethodInvocation.proceed(MethodInvocation.java:60)
    	at org.junit.jupiter.engine.execution.InvocationInterceptorChain$ValidatingInvocation.proceed(InvocationInterceptorChain.java:131)
    	at org.junit.jupiter.engine.extension.TimeoutExtension.intercept(TimeoutExtension.java:156)
    	at org.junit.jupiter.engine.extension.TimeoutExtension.interceptTestableMethod(TimeoutExtension.java:147)
    	at org.junit.jupiter.engine.extension.TimeoutExtension.interceptTestMethod(TimeoutExtension.java:86)
    	at org.junit.jupiter.engine.execution.InterceptingExecutableInvoker$ReflectiveInterceptorCall.lambda$ofVoidMethod$0(InterceptingExecutableInvoker.java:103)
    	at org.junit.jupiter.engine.execution.InterceptingExecutableInvoker.lambda$invoke$0(InterceptingExecutableInvoker.java:93)
    	at org.junit.jupiter.engine.execution.InvocationInterceptorChain$InterceptedInvocation.proceed(InvocationInterceptorChain.java:106)
    	at org.junit.jupiter.engine.execution.InvocationInterceptorChain.proceed(InvocationInterceptorChain.java:64)
    	at org.junit.jupiter.engine.execution.InvocationInterceptorChain.chainAndInvoke(InvocationInterceptorChain.java:45)
    	at org.junit.jupiter.engine.execution.InvocationInterceptorChain.invoke(InvocationInterceptorChain.java:37)
    	at org.junit.jupiter.engine.execution.InterceptingExecutableInvoker.invoke(InterceptingExecutableInvoker.java:92)
    	at org.junit.jupiter.engine.execution.InterceptingExecutableInvoker.invoke(InterceptingExecutableInvoker.java:86)
    	at org.junit.jupiter.engine.descriptor.TestMethodTestDescriptor.lambda$invokeTestMethod$8(TestMethodTestDescriptor.java:217)
    	at org.junit.platform.engine.support.hierarchical.ThrowableCollector.execute(ThrowableCollector.java:73)
    	at org.junit.jupiter.engine.descriptor.TestMethodTestDescriptor.invokeTestMethod(TestMethodTestDescriptor.java:213)
    	at org.junit.jupiter.engine.descriptor.TestMethodTestDescriptor.execute(TestMethodTestDescriptor.java:138)
    	at org.junit.jupiter.engine.descriptor.TestMethodTestDescriptor.execute(TestMethodTestDescriptor.java:68)
    	at org.junit.platform.engine.support.hierarchical.NodeTestTask.lambda$executeRecursively$6(NodeTestTask.java:156)
    	at org.junit.platform.engine.support.hierarchical.ThrowableCollector.execute(ThrowableCollector.java:73)
    	at org.junit.platform.engine.support.hierarchical.NodeTestTask.lambda$executeRecursively$8(NodeTestTask.java:146)
    	at org.junit.platform.engine.support.hierarchical.Node.around(Node.java:137)
    	at org.junit.platform.engine.support.hierarchical.NodeTestTask.lambda$executeRecursively$9(NodeTestTask.java:144)
    	at org.junit.platform.engine.support.hierarchical.ThrowableCollector.execute(ThrowableCollector.java:73)
    	at org.junit.platform.engine.support.hierarchical.NodeTestTask.executeRecursively(NodeTestTask.java:143)
    	at org.junit.platform.engine.support.hierarchical.NodeTestTask.execute(NodeTestTask.java:100)
    	at java.base/java.util.ArrayList.forEach(ArrayList.java:1596)
    	at org.junit.platform.engine.support.hierarchical.SameThreadHierarchicalTestExecutorService.invokeAll(SameThreadHierarchicalTestExecutorService.java:41)
    	at org.junit.platform.engine.support.hierarchical.NodeTestTask.lambda$executeRecursively$6(NodeTestTask.java:160)
    	at org.junit.platform.engine.support.hierarchical.ThrowableCollector.execute(ThrowableCollector.java:73)
    	at org.junit.platform.engine.support.hierarchical.NodeTestTask.lambda$executeRecursively$8(NodeTestTask.java:146)
    	at org.junit.platform.engine.support.hierarchical.Node.around(Node.java:137)
    	at org.junit.platform.engine.support.hierarchical.NodeTestTask.lambda$executeRecursively$9(NodeTestTask.java:144)
    	at org.junit.platform.engine.support.hierarchical.ThrowableCollector.execute(ThrowableCollector.java:73)
    	at org.junit.platform.engine.support.hierarchical.NodeTestTask.executeRecursively(NodeTestTask.java:143)
    	at org.junit.platform.engine.support.hierarchical.NodeTestTask.execute(NodeTestTask.java:100)
    	at java.base/java.util.ArrayList.forEach(ArrayList.java:1596)
    	at org.junit.platform.engine.support.hierarchical.SameThreadHierarchicalTestExecutorService.invokeAll(SameThreadHierarchicalTestExecutorService.java:41)
    	at org.junit.platform.engine.support.hierarchical.NodeTestTask.lambda$executeRecursively$6(NodeTestTask.java:160)
    	at org.junit.platform.engine.support.hierarchical.ThrowableCollector.execute(ThrowableCollector.java:73)
    	at org.junit.platform.engine.support.hierarchical.NodeTestTask.lambda$executeRecursively$8(NodeTestTask.java:146)
    	at org.junit.platform.engine.support.hierarchical.Node.around(Node.java:137)
    	at org.junit.platform.engine.support.hierarchical.NodeTestTask.lambda$executeRecursively$9(NodeTestTask.java:144)
    	at org.junit.platform.engine.support.hierarchical.ThrowableCollector.execute(ThrowableCollector.java:73)
    	at org.junit.platform.engine.support.hierarchical.NodeTestTask.executeRecursively(NodeTestTask.java:143)
    	at org.junit.platform.engine.support.hierarchical.NodeTestTask.execute(NodeTestTask.java:100)
    	at org.junit.platform.engine.support.hierarchical.SameThreadHierarchicalTestExecutorService.submit(SameThreadHierarchicalTestExecutorService.java:35)
    	at org.junit.platform.engine.support.hierarchical.HierarchicalTestExecutor.execute(HierarchicalTestExecutor.java:57)
    	at org.junit.platform.engine.support.hierarchical.HierarchicalTestEngine.execute(HierarchicalTestEngine.java:54)
    	at org.junit.platform.launcher.core.EngineExecutionOrchestrator.execute(EngineExecutionOrchestrator.java:198)
    	at org.junit.platform.launcher.core.EngineExecutionOrchestrator.execute(EngineExecutionOrchestrator.java:169)
    	at org.junit.platform.launcher.core.EngineExecutionOrchestrator.execute(EngineExecutionOrchestrator.java:93)
    	at org.junit.platform.launcher.core.EngineExecutionOrchestrator.lambda$execute$0(EngineExecutionOrchestrator.java:58)
    	at org.junit.platform.launcher.core.EngineExecutionOrchestrator.withInterceptedStreams(EngineExecutionOrchestrator.java:141)
    	at org.junit.platform.launcher.core.EngineExecutionOrchestrator.execute(EngineExecutionOrchestrator.java:57)
    	at org.junit.platform.launcher.core.DefaultLauncher.execute(DefaultLauncher.java:103)
    	at org.junit.platform.launcher.core.DefaultLauncher.execute(DefaultLauncher.java:85)
    	at org.junit.platform.launcher.core.DelegatingLauncher.execute(DelegatingLauncher.java:47)
    	at org.gradle.api.internal.tasks.testing.junitplatform.JUnitPlatformTestClassProcessor$CollectAllTestClassesExecutor.processAllTestClasses(JUnitPlatformTestClassProcessor.java:124)
    	at org.gradle.api.internal.tasks.testing.junitplatform.JUnitPlatformTestClassProcessor$CollectAllTestClassesExecutor.access$000(JUnitPlatformTestClassProcessor.java:99)
    	at org.gradle.api.internal.tasks.testing.junitplatform.JUnitPlatformTestClassProcessor.stop(JUnitPlatformTestClassProcessor.java:94)
    	at org.gradle.api.internal.tasks.testing.SuiteTestClassProcessor.stop(SuiteTestClassProcessor.java:63)
    	at java.base/jdk.internal.reflect.DirectMethodHandleAccessor.invoke(DirectMethodHandleAccessor.java:103)
    	at java.base/java.lang.reflect.Method.invoke(Method.java:580)
    	at org.gradle.internal.dispatch.ReflectionDispatch.dispatch(ReflectionDispatch.java:36)
    	at org.gradle.internal.dispatch.ReflectionDispatch.dispatch(ReflectionDispatch.java:24)
    	at org.gradle.internal.dispatch.ContextClassLoaderDispatch.dispatch(ContextClassLoaderDispatch.java:33)
    	at org.gradle.internal.dispatch.ProxyDispatchAdapter$DispatchingInvocationHandler.invoke(ProxyDispatchAdapter.java:92)
    	at jdk.proxy2/jdk.proxy2.$Proxy6.stop(Unknown Source)
    	at org.gradle.api.internal.tasks.testing.worker.TestWorker$3.run(TestWorker.java:200)
    	at org.gradle.api.internal.tasks.testing.worker.TestWorker.executeAndMaintainThreadName(TestWorker.java:132)
    	at org.gradle.api.internal.tasks.testing.worker.TestWorker.execute(TestWorker.java:103)
    	at org.gradle.api.internal.tasks.testing.worker.TestWorker.execute(TestWorker.java:63)
    	at org.gradle.process.internal.worker.child.ActionExecutionWorker.execute(ActionExecutionWorker.java:56)
    	at org.gradle.process.internal.worker.child.SystemApplicationClassLoaderWorker.call(SystemApplicationClassLoaderWorker.java:121)
    	at org.gradle.process.internal.worker.child.SystemApplicationClassLoaderWorker.call(SystemApplicationClassLoaderWorker.java:71)
    	at worker.org.gradle.process.internal.worker.GradleWorkerMain.run(GradleWorkerMain.java:69)
    	at worker.org.gradle.process.internal.worker.GradleWorkerMain.main(GradleWorkerMain.java:74)

AuditEventLogServiceImplTest > logEvent never throws, even on unexpected runtime errors PASSED

AuditEventLogServiceImplTest > logEvent swallows repository exception and returns null STANDARD_OUT
    2026-03-10 23:50:33 ERROR [Test worker] c.e.h.service.AuditEventLogServiceImpl   - [AUDIT] Failed to persist audit event (eventType=USER_BOOTSTRAP, entityType=USER, resourceId=f08e9e14-daa4-4f6a-8e47-e15b89c877a9, userId=null, userName=SYSTEM): DB connection lost
    java.lang.RuntimeException: DB connection lost
    	at com.example.hms.service.AuditEventLogServiceImpl.doLogEvent(AuditEventLogServiceImpl.java:150)
    	at com.example.hms.service.AuditEventLogServiceImpl.logEvent(AuditEventLogServiceImpl.java:85)
    	at com.example.hms.service.AuditEventLogServiceImplTest.logEvent_repositoryThrows_returnsNullAndDoesNotPropagate(AuditEventLogServiceImplTest.java:86)
    	at java.base/jdk.internal.reflect.DirectMethodHandleAccessor.invoke(DirectMethodHandleAccessor.java:103)
    	at java.base/java.lang.reflect.Method.invoke(Method.java:580)
    	at org.junit.platform.commons.util.ReflectionUtils.invokeMethod(ReflectionUtils.java:767)
    	at org.junit.jupiter.engine.execution.MethodInvocation.proceed(MethodInvocation.java:60)
    	at org.junit.jupiter.engine.execution.InvocationInterceptorChain$ValidatingInvocation.proceed(InvocationInterceptorChain.java:131)
    	at org.junit.jupiter.engine.extension.TimeoutExtension.intercept(TimeoutExtension.java:156)
    	at org.junit.jupiter.engine.extension.TimeoutExtension.interceptTestableMethod(TimeoutExtension.java:147)
    	at org.junit.jupiter.engine.extension.TimeoutExtension.interceptTestMethod(TimeoutExtension.java:86)
    	at org.junit.jupiter.engine.execution.InterceptingExecutableInvoker$ReflectiveInterceptorCall.lambda$ofVoidMethod$0(InterceptingExecutableInvoker.java:103)
    	at org.junit.jupiter.engine.execution.InterceptingExecutableInvoker.lambda$invoke$0(InterceptingExecutableInvoker.java:93)
    	at org.junit.jupiter.engine.execution.InvocationInterceptorChain$InterceptedInvocation.proceed(InvocationInterceptorChain.java:106)
    	at org.junit.jupiter.engine.execution.InvocationInterceptorChain.proceed(InvocationInterceptorChain.java:64)
    	at org.junit.jupiter.engine.execution.InvocationInterceptorChain.chainAndInvoke(InvocationInterceptorChain.java:45)
    	at org.junit.jupiter.engine.execution.InvocationInterceptorChain.invoke(InvocationInterceptorChain.java:37)
    	at org.junit.jupiter.engine.execution.InterceptingExecutableInvoker.invoke(InterceptingExecutableInvoker.java:92)
    	at org.junit.jupiter.engine.execution.InterceptingExecutableInvoker.invoke(InterceptingExecutableInvoker.java:86)
    	at org.junit.jupiter.engine.descriptor.TestMethodTestDescriptor.lambda$invokeTestMethod$8(TestMethodTestDescriptor.java:217)
    	at org.junit.platform.engine.support.hierarchical.ThrowableCollector.execute(ThrowableCollector.java:73)
    	at org.junit.jupiter.engine.descriptor.TestMethodTestDescriptor.invokeTestMethod(TestMethodTestDescriptor.java:213)
    	at org.junit.jupiter.engine.descriptor.TestMethodTestDescriptor.execute(TestMethodTestDescriptor.java:138)
    	at org.junit.jupiter.engine.descriptor.TestMethodTestDescriptor.execute(TestMethodTestDescriptor.java:68)
    	at org.junit.platform.engine.support.hierarchical.NodeTestTask.lambda$executeRecursively$6(NodeTestTask.java:156)
    	at org.junit.platform.engine.support.hierarchical.ThrowableCollector.execute(ThrowableCollector.java:73)
    	at org.junit.platform.engine.support.hierarchical.NodeTestTask.lambda$executeRecursively$8(NodeTestTask.java:146)
    	at org.junit.platform.engine.support.hierarchical.Node.around(Node.java:137)
    	at org.junit.platform.engine.support.hierarchical.NodeTestTask.lambda$executeRecursively$9(NodeTestTask.java:144)
    	at org.junit.platform.engine.support.hierarchical.ThrowableCollector.execute(ThrowableCollector.java:73)
    	at org.junit.platform.engine.support.hierarchical.NodeTestTask.executeRecursively(NodeTestTask.java:143)
    	at org.junit.platform.engine.support.hierarchical.NodeTestTask.execute(NodeTestTask.java:100)
    	at java.base/java.util.ArrayList.forEach(ArrayList.java:1596)
    	at org.junit.platform.engine.support.hierarchical.SameThreadHierarchicalTestExecutorService.invokeAll(SameThreadHierarchicalTestExecutorService.java:41)
    	at org.junit.platform.engine.support.hierarchical.NodeTestTask.lambda$executeRecursively$6(NodeTestTask.java:160)
    	at org.junit.platform.engine.support.hierarchical.ThrowableCollector.execute(ThrowableCollector.java:73)
    	at org.junit.platform.engine.support.hierarchical.NodeTestTask.lambda$executeRecursively$8(NodeTestTask.java:146)
    	at org.junit.platform.engine.support.hierarchical.Node.around(Node.java:137)
    	at org.junit.platform.engine.support.hierarchical.NodeTestTask.lambda$executeRecursively$9(NodeTestTask.java:144)
    	at org.junit.platform.engine.support.hierarchical.ThrowableCollector.execute(ThrowableCollector.java:73)
    	at org.junit.platform.engine.support.hierarchical.NodeTestTask.executeRecursively(NodeTestTask.java:143)
    	at org.junit.platform.engine.support.hierarchical.NodeTestTask.execute(NodeTestTask.java:100)
    	at java.base/java.util.ArrayList.forEach(ArrayList.java:1596)
    	at org.junit.platform.engine.support.hierarchical.SameThreadHierarchicalTestExecutorService.invokeAll(SameThreadHierarchicalTestExecutorService.java:41)
    	at org.junit.platform.engine.support.hierarchical.NodeTestTask.lambda$executeRecursively$6(NodeTestTask.java:160)
    	at org.junit.platform.engine.support.hierarchical.ThrowableCollector.execute(ThrowableCollector.java:73)
    	at org.junit.platform.engine.support.hierarchical.NodeTestTask.lambda$executeRecursively$8(NodeTestTask.java:146)
    	at org.junit.platform.engine.support.hierarchical.Node.around(Node.java:137)
    	at org.junit.platform.engine.support.hierarchical.NodeTestTask.lambda$executeRecursively$9(NodeTestTask.java:144)
    	at org.junit.platform.engine.support.hierarchical.ThrowableCollector.execute(ThrowableCollector.java:73)
    	at org.junit.platform.engine.support.hierarchical.NodeTestTask.executeRecursively(NodeTestTask.java:143)
    	at org.junit.platform.engine.support.hierarchical.NodeTestTask.execute(NodeTestTask.java:100)
    	at org.junit.platform.engine.support.hierarchical.SameThreadHierarchicalTestExecutorService.submit(SameThreadHierarchicalTestExecutorService.java:35)
    	at org.junit.platform.engine.support.hierarchical.HierarchicalTestExecutor.execute(HierarchicalTestExecutor.java:57)
    	at org.junit.platform.engine.support.hierarchical.HierarchicalTestEngine.execute(HierarchicalTestEngine.java:54)
    	at org.junit.platform.launcher.core.EngineExecutionOrchestrator.execute(EngineExecutionOrchestrator.java:198)
    	at org.junit.platform.launcher.core.EngineExecutionOrchestrator.execute(EngineExecutionOrchestrator.java:169)
    	at org.junit.platform.launcher.core.EngineExecutionOrchestrator.execute(EngineExecutionOrchestrator.java:93)
    	at org.junit.platform.launcher.core.EngineExecutionOrchestrator.lambda$execute$0(EngineExecutionOrchestrator.java:58)
    	at org.junit.platform.launcher.core.EngineExecutionOrchestrator.withInterceptedStreams(EngineExecutionOrchestrator.java:141)
    	at org.junit.platform.launcher.core.EngineExecutionOrchestrator.execute(EngineExecutionOrchestrator.java:57)
    	at org.junit.platform.launcher.core.DefaultLauncher.execute(DefaultLauncher.java:103)
    	at org.junit.platform.launcher.core.DefaultLauncher.execute(DefaultLauncher.java:85)
    	at org.junit.platform.launcher.core.DelegatingLauncher.execute(DelegatingLauncher.java:47)
    	at org.gradle.api.internal.tasks.testing.junitplatform.JUnitPlatformTestClassProcessor$CollectAllTestClassesExecutor.processAllTestClasses(JUnitPlatformTestClassProcessor.java:124)
    	at org.gradle.api.internal.tasks.testing.junitplatform.JUnitPlatformTestClassProcessor$CollectAllTestClassesExecutor.access$000(JUnitPlatformTestClassProcessor.java:99)
    	at org.gradle.api.internal.tasks.testing.junitplatform.JUnitPlatformTestClassProcessor.stop(JUnitPlatformTestClassProcessor.java:94)
    	at org.gradle.api.internal.tasks.testing.SuiteTestClassProcessor.stop(SuiteTestClassProcessor.java:63)
    	at java.base/jdk.internal.reflect.DirectMethodHandleAccessor.invoke(DirectMethodHandleAccessor.java:103)
    	at java.base/java.lang.reflect.Method.invoke(Method.java:580)
    	at org.gradle.internal.dispatch.ReflectionDispatch.dispatch(ReflectionDispatch.java:36)
    	at org.gradle.internal.dispatch.ReflectionDispatch.dispatch(ReflectionDispatch.java:24)
    	at org.gradle.internal.dispatch.ContextClassLoaderDispatch.dispatch(ContextClassLoaderDispatch.java:33)
    	at org.gradle.internal.dispatch.ProxyDispatchAdapter$DispatchingInvocationHandler.invoke(ProxyDispatchAdapter.java:92)
    	at jdk.proxy2/jdk.proxy2.$Proxy6.stop(Unknown Source)
    	at org.gradle.api.internal.tasks.testing.worker.TestWorker$3.run(TestWorker.java:200)
    	at org.gradle.api.internal.tasks.testing.worker.TestWorker.executeAndMaintainThreadName(TestWorker.java:132)
    	at org.gradle.api.internal.tasks.testing.worker.TestWorker.execute(TestWorker.java:103)
    	at org.gradle.api.internal.tasks.testing.worker.TestWorker.execute(TestWorker.java:63)
    	at org.gradle.process.internal.worker.child.ActionExecutionWorker.execute(ActionExecutionWorker.java:56)
    	at org.gradle.process.internal.worker.child.SystemApplicationClassLoaderWorker.call(SystemApplicationClassLoaderWorker.java:121)
    	at org.gradle.process.internal.worker.child.SystemApplicationClassLoaderWorker.call(SystemApplicationClassLoaderWorker.java:71)
    	at worker.org.gradle.process.internal.worker.GradleWorkerMain.run(GradleWorkerMain.java:69)
    	at worker.org.gradle.process.internal.worker.GradleWorkerMain.main(GradleWorkerMain.java:74)

AuditEventLogServiceImplTest > logEvent swallows repository exception and returns null PASSED

AuditEventLogServiceImplTest > logEvent with unknown userId returns null user gracefully (no exception) PASSED

AuthServiceImplTest > getCurrentUserToken_throwsUnauthorized_whenCredentialsNull() PASSED

AuthServiceImplTest > getCurrentUserToken_throwsUnauthorized_whenCredentialsBlank() PASSED

AuthServiceImplTest > getCurrentUserToken_throwsUnauthorized_whenNoAuth() PASSED

AuthServiceImplTest > getCurrentUserToken_returnsToken_whenCredentialsIsString() PASSED

AuthServiceImplTest > getCurrentUserToken_returnsToString_whenCredentialsIsNonStringObject() PASSED

AuthServiceImplTest > hasRole_returnsFalse_whenUserDoesNotHaveRole() PASSED

AuthServiceImplTest > getCurrentUserId_throwsUnauthorized_whenPrincipalNotString() PASSED

AuthServiceImplTest > getCurrentUserId_throwsUnauthorized_whenNoAuth() PASSED

AuthServiceImplTest > getCurrentUserId_returnsId_whenAuthenticated() PASSED

AuthServiceImplTest > hasRole_returnsFalse_whenNoAuth() PASSED

AuthServiceImplTest > hasRole_returnsTrue_whenUserHasRole() PASSED

BillingInvoiceServiceImplTest > searchInvoices_translatesStatusesToEnum() PASSED

BillingInvoiceServiceImplTest > recomputeAndPersistTotals_usesZeroWhenSumNull() PASSED

BillingInvoiceServiceImplTest > createInvoice_assignsDefaultsWhenMissingValues() PASSED

BillingInvoiceServiceImplTest > getInvoicePdf_defaultsLocaleWhenNull() PASSED

BillingInvoiceServiceImplTest > deleteInvoice_throwsWhenRecordMissing() PASSED

BillingInvoiceServiceImplTest > updateInvoice_throwsWhenNotFound() PASSED

BirthPlanServiceImplTest > searchBirthPlans_asDoctor_success() PASSED

BirthPlanServiceImplTest > createBirthPlan_asPatient_success() STANDARD_OUT
    2026-03-10 23:50:34  INFO [Test worker] c.e.hms.service.BirthPlanServiceImpl     - Created birth plan ID 463c9df6-5c12-4068-98c8-1db70135f410 for patient e3e6b96b-4da1-44be-9fc7-ed3a2dd23dbe

BirthPlanServiceImplTest > createBirthPlan_asPatient_success() PASSED

BirthPlanServiceImplTest > getActiveBirthPlan_noPlanExists_returnsNull() PASSED

BirthPlanServiceImplTest > createBirthPlan_asDoctor_success() STANDARD_OUT
    2026-03-10 23:50:34  INFO [Test worker] c.e.hms.service.BirthPlanServiceImpl     - Created birth plan ID b073299b-6c10-43a4-bb02-220d4f1fe05b for patient 9ba20701-449a-4a3c-a204-e171cfcc94ec

BirthPlanServiceImplTest > createBirthPlan_asDoctor_success() PASSED

BirthPlanServiceImplTest > getBirthPlanById_asPatient_othersPlan_throwsAccessDenied() PASSED

BirthPlanServiceImplTest > getPendingReviews_asPatient_throwsAccessDenied() PASSED

BirthPlanServiceImplTest > createBirthPlan_userNotFound_throwsException() PASSED

BirthPlanServiceImplTest > providerReview_asNurse_throwsAccessDenied() PASSED

BirthPlanServiceImplTest > getBirthPlansByPatientId_asDoctor_success() PASSED

BirthPlanServiceImplTest > updateBirthPlan_resetsProviderReview_whenPreviouslyReviewed() STANDARD_OUT
    2026-03-10 23:50:34  INFO [Test worker] c.e.hms.service.BirthPlanServiceImpl     - Resetting provider review status for birth plan d116c0d5-38fc-4983-ab07-226855008d77 after update
    2026-03-10 23:50:34  INFO [Test worker] c.e.hms.service.BirthPlanServiceImpl     - Updated birth plan ID d116c0d5-38fc-4983-ab07-226855008d77

BirthPlanServiceImplTest > updateBirthPlan_resetsProviderReview_whenPreviouslyReviewed() PASSED

BirthPlanServiceImplTest > getActiveBirthPlan_returnsLatest() PASSED

BirthPlanServiceImplTest > getBirthPlanById_asPatient_ownPlan_success() PASSED

BirthPlanServiceImplTest > getPendingReviews_asDoctor_success() PASSED

BirthPlanServiceImplTest > updateBirthPlan_asPatient_success() STANDARD_OUT
    2026-03-10 23:50:35  INFO [Test worker] c.e.hms.service.BirthPlanServiceImpl     - Updated birth plan ID 2a73dc64-0b1f-47d1-8268-5ee97a2131e0

BirthPlanServiceImplTest > updateBirthPlan_asPatient_success() PASSED

BirthPlanServiceImplTest > deleteBirthPlan_asPatient_ownPlan_success() STANDARD_OUT
    2026-03-10 23:50:35  INFO [Test worker] c.e.hms.service.BirthPlanServiceImpl     - Deleted birth plan ID ed643a08-5a8a-43d8-b141-da1d94f3b92c by user patient@test.com

BirthPlanServiceImplTest > deleteBirthPlan_asPatient_ownPlan_success() PASSED

BirthPlanServiceImplTest > providerReview_asMidwife_success() STANDARD_OUT
    2026-03-10 23:50:35  INFO [Test worker] c.e.hms.service.BirthPlanServiceImpl     - Provider midwife@test.com reviewed birth plan ID 10bf555f-90c4-40ec-a46c-f2ce7a6942c3

BirthPlanServiceImplTest > providerReview_asMidwife_success() PASSED

BirthPlanServiceImplTest > searchBirthPlans_asPatient_throwsAccessDenied() PASSED

ChatKafkaListenerTest > listen > passes exact ChatMessage object to WebSocket template STANDARD_OUT
    2026-03-10 23:50:35  INFO [Test worker] c.example.hms.service.ChatKafkaListener  - Received message from Kafka topic 't' destined for user 'bob'

ChatKafkaListenerTest > listen > passes exact ChatMessage object to WebSocket template PASSED

ChatKafkaListenerTest > listen > forwards message to correct WebSocket user destination STANDARD_OUT
    2026-03-10 23:50:35  INFO [Test worker] c.example.hms.service.ChatKafkaListener  - Received message from Kafka topic 'chat-topic' destined for user 'john_doe'

ChatKafkaListenerTest > listen > forwards message to correct WebSocket user destination PASSED

ChatKafkaListenerTest > listen > handles different recipient usernames STANDARD_OUT
    2026-03-10 23:50:35  INFO [Test worker] c.example.hms.service.ChatKafkaListener  - Received message from Kafka topic 'topic' destined for user 'alice_wonder'

ChatKafkaListenerTest > listen > handles different recipient usernames PASSED

ChatKafkaListenerTest > listen > calls getChatTopic for logging STANDARD_OUT
    2026-03-10 23:50:35  INFO [Test worker] c.example.hms.service.ChatKafkaListener  - Received message from Kafka topic 'my-chat-topic' destined for user 'jane'

ChatKafkaListenerTest > listen > calls getChatTopic for logging PASSED

ChatKafkaListenerTest > Constructor > constructs with dependencies injected PASSED

ChatMessageServiceImplTest > sendMessage_noHospitalContext_throwsWhenSenderHasNoActiveAssignment() PASSED

ChatMessageServiceImplTest > sendMessage_shouldThrowIfHospitalNotFound() PASSED

ChatMessageServiceImplTest > sendMessage_noHospitalContext_succeedsWhenSenderHasActiveAssignment() PASSED

ChatMessageServiceImplTest > sendMessage_shouldThrowIfRecipientIsSender() PASSED

ChatMessageServiceImplTest > sendMessage_shouldThrowIfRecipientNotFound() PASSED

ClinicalDashboardServiceImplTest > getInboxCounts_shouldReturnNonNegativeValues() STANDARD_OUT
    2026-03-10 23:50:36  INFO [Test worker] c.e.h.s.ClinicalDashboardServiceImpl     - Fetching inbox counts for user: f200210e-d595-4b0a-864e-243660840fe5

ClinicalDashboardServiceImplTest > getInboxCounts_shouldReturnNonNegativeValues() PASSED

ClinicalDashboardServiceImplTest > generateKPIs_pendingResultsTrendUpWhenNonZero() STANDARD_OUT
    2026-03-10 23:50:36  INFO [Test worker] c.e.h.s.ClinicalDashboardServiceImpl     - Fetching clinical dashboard for user: b5bdeacc-0a46-42e4-aa37-1e0c36d83f6a
    2026-03-10 23:50:36  INFO [Test worker] c.e.h.s.ClinicalDashboardServiceImpl     - Fetching critical alerts for user: b5bdeacc-0a46-42e4-aa37-1e0c36d83f6a within 24 hours
    2026-03-10 23:50:36  INFO [Test worker] c.e.h.s.ClinicalDashboardServiceImpl     - Fetching inbox counts for user: b5bdeacc-0a46-42e4-aa37-1e0c36d83f6a
    2026-03-10 23:50:36  INFO [Test worker] c.e.h.s.ClinicalDashboardServiceImpl     - Fetching on-call status for user: b5bdeacc-0a46-42e4-aa37-1e0c36d83f6a
    2026-03-10 23:50:36  INFO [Test worker] c.e.h.s.ClinicalDashboardServiceImpl     - Fetching roomed patients for user: b5bdeacc-0a46-42e4-aa37-1e0c36d83f6a

ClinicalDashboardServiceImplTest > generateKPIs_pendingResultsTrendUpWhenNonZero() PASSED

ClinicalDashboardServiceImplTest > getClinicalDashboard_alertsAreEmptyListWhenNoAlertSystem() STANDARD_OUT
    2026-03-10 23:50:36  INFO [Test worker] c.e.h.s.ClinicalDashboardServiceImpl     - Fetching clinical dashboard for user: 400e3036-006f-458b-aaac-a8385bd348e5
    2026-03-10 23:50:36  INFO [Test worker] c.e.h.s.ClinicalDashboardServiceImpl     - Fetching critical alerts for user: 400e3036-006f-458b-aaac-a8385bd348e5 within 24 hours
    2026-03-10 23:50:36  INFO [Test worker] c.e.h.s.ClinicalDashboardServiceImpl     - Fetching inbox counts for user: 400e3036-006f-458b-aaac-a8385bd348e5
    2026-03-10 23:50:36  INFO [Test worker] c.e.h.s.ClinicalDashboardServiceImpl     - Fetching on-call status for user: 400e3036-006f-458b-aaac-a8385bd348e5
    2026-03-10 23:50:36  INFO [Test worker] c.e.h.s.ClinicalDashboardServiceImpl     - Fetching roomed patients for user: 400e3036-006f-458b-aaac-a8385bd348e5

ClinicalDashboardServiceImplTest > getClinicalDashboard_alertsAreEmptyListWhenNoAlertSystem() PASSED

ClinicalDashboardServiceImplTest > getCriticalAlerts_returnsEmptyListWhenNoAlertSystem() STANDARD_OUT
    2026-03-10 23:50:36  INFO [Test worker] c.e.h.s.ClinicalDashboardServiceImpl     - Fetching critical alerts for user: 679f08d1-02fe-4454-a429-96fb612c8e55 within 24 hours

ClinicalDashboardServiceImplTest > getCriticalAlerts_returnsEmptyListWhenNoAlertSystem() PASSED

ClinicalDashboardServiceImplTest > acknowledgeAlert_shouldNotThrowException() STANDARD_OUT
    2026-03-10 23:50:36  INFO [Test worker] c.e.h.s.ClinicalDashboardServiceImpl     - Acknowledging alert: 9140fc70-b0b8-4f42-9b9a-4f99eff67118 by user: 983fd6e1-da24-4237-a350-09c788357e0e

ClinicalDashboardServiceImplTest > acknowledgeAlert_shouldNotThrowException() PASSED

ClinicalDashboardServiceImplTest > getInboxCounts_shouldReturnAllCountFields() STANDARD_OUT
    2026-03-10 23:50:36  INFO [Test worker] c.e.h.s.ClinicalDashboardServiceImpl     - Fetching inbox counts for user: 94c4db1d-e26b-4ca8-aab7-074b0f4647b6

ClinicalDashboardServiceImplTest > getInboxCounts_shouldReturnAllCountFields() PASSED

ClinicalDashboardServiceImplTest > getRoomedPatients_whenNoActiveEncounters_returnsEmptyList() STANDARD_OUT
    2026-03-10 23:50:36  INFO [Test worker] c.e.h.s.ClinicalDashboardServiceImpl     - Fetching roomed patients for user: 81980817-0a90-4b32-aca5-5fd237c095b8

ClinicalDashboardServiceImplTest > getRoomedPatients_whenNoActiveEncounters_returnsEmptyList() PASSED

ClinicalDashboardServiceImplTest > getInboxCounts_shouldReflectRealRepositoryValues() STANDARD_OUT
    2026-03-10 23:50:37  INFO [Test worker] c.e.h.s.ClinicalDashboardServiceImpl     - Fetching inbox counts for user: 45dfb8d5-6f5f-4be8-baea-f0d19595d625

ClinicalDashboardServiceImplTest > getInboxCounts_shouldReflectRealRepositoryValues() PASSED

ClinicalDashboardServiceImplTest > getClinicalDashboard_shouldReturnConsistentData() STANDARD_OUT
    2026-03-10 23:50:37  INFO [Test worker] c.e.h.s.ClinicalDashboardServiceImpl     - Fetching clinical dashboard for user: 869ece6e-1ac5-4e27-86d3-7c9c80a8d680
    2026-03-10 23:50:37  INFO [Test worker] c.e.h.s.ClinicalDashboardServiceImpl     - Fetching critical alerts for user: 869ece6e-1ac5-4e27-86d3-7c9c80a8d680 within 24 hours
    2026-03-10 23:50:37  INFO [Test worker] c.e.h.s.ClinicalDashboardServiceImpl     - Fetching inbox counts for user: 869ece6e-1ac5-4e27-86d3-7c9c80a8d680
    2026-03-10 23:50:37  INFO [Test worker] c.e.h.s.ClinicalDashboardServiceImpl     - Fetching on-call status for user: 869ece6e-1ac5-4e27-86d3-7c9c80a8d680
    2026-03-10 23:50:37  INFO [Test worker] c.e.h.s.ClinicalDashboardServiceImpl     - Fetching roomed patients for user: 869ece6e-1ac5-4e27-86d3-7c9c80a8d680
    2026-03-10 23:50:37  INFO [Test worker] c.e.h.s.ClinicalDashboardServiceImpl     - Fetching clinical dashboard for user: 869ece6e-1ac5-4e27-86d3-7c9c80a8d680
    2026-03-10 23:50:37  INFO [Test worker] c.e.h.s.ClinicalDashboardServiceImpl     - Fetching critical alerts for user: 869ece6e-1ac5-4e27-86d3-7c9c80a8d680 within 24 hours
    2026-03-10 23:50:37  INFO [Test worker] c.e.h.s.ClinicalDashboardServiceImpl     - Fetching inbox counts for user: 869ece6e-1ac5-4e27-86d3-7c9c80a8d680
    2026-03-10 23:50:37  INFO [Test worker] c.e.h.s.ClinicalDashboardServiceImpl     - Fetching on-call status for user: 869ece6e-1ac5-4e27-86d3-7c9c80a8d680
    2026-03-10 23:50:37  INFO [Test worker] c.e.h.s.ClinicalDashboardServiceImpl     - Fetching roomed patients for user: 869ece6e-1ac5-4e27-86d3-7c9c80a8d680

ClinicalDashboardServiceImplTest > getClinicalDashboard_shouldReturnConsistentData() PASSED

ClinicalDashboardServiceImplTest > generateKPIs_returnsExactlyFourKPIs() STANDARD_OUT
    2026-03-10 23:50:37  INFO [Test worker] c.e.h.s.ClinicalDashboardServiceImpl     - Fetching clinical dashboard for user: c0e2f3d8-f668-4498-85f8-0f2b9ca4f1a5
    2026-03-10 23:50:37  INFO [Test worker] c.e.h.s.ClinicalDashboardServiceImpl     - Fetching critical alerts for user: c0e2f3d8-f668-4498-85f8-0f2b9ca4f1a5 within 24 hours
    2026-03-10 23:50:37  INFO [Test worker] c.e.h.s.ClinicalDashboardServiceImpl     - Fetching inbox counts for user: c0e2f3d8-f668-4498-85f8-0f2b9ca4f1a5
    2026-03-10 23:50:37  INFO [Test worker] c.e.h.s.ClinicalDashboardServiceImpl     - Fetching on-call status for user: c0e2f3d8-f668-4498-85f8-0f2b9ca4f1a5
    2026-03-10 23:50:37  INFO [Test worker] c.e.h.s.ClinicalDashboardServiceImpl     - Fetching roomed patients for user: c0e2f3d8-f668-4498-85f8-0f2b9ca4f1a5

ClinicalDashboardServiceImplTest > generateKPIs_returnsExactlyFourKPIs() PASSED

ClinicalDashboardServiceImplTest > getClinicalDashboard_shouldReturnCompleteAggregatedData() STANDARD_OUT
    2026-03-10 23:50:37  INFO [Test worker] c.e.h.s.ClinicalDashboardServiceImpl     - Fetching clinical dashboard for user: 9c5727aa-a4cf-4224-8259-a44aaaedd828
    2026-03-10 23:50:37  INFO [Test worker] c.e.h.s.ClinicalDashboardServiceImpl     - Fetching critical alerts for user: 9c5727aa-a4cf-4224-8259-a44aaaedd828 within 24 hours
    2026-03-10 23:50:37  INFO [Test worker] c.e.h.s.ClinicalDashboardServiceImpl     - Fetching inbox counts for user: 9c5727aa-a4cf-4224-8259-a44aaaedd828
    2026-03-10 23:50:37  INFO [Test worker] c.e.h.s.ClinicalDashboardServiceImpl     - Fetching on-call status for user: 9c5727aa-a4cf-4224-8259-a44aaaedd828
    2026-03-10 23:50:37  INFO [Test worker] c.e.h.s.ClinicalDashboardServiceImpl     - Fetching roomed patients for user: 9c5727aa-a4cf-4224-8259-a44aaaedd828

ClinicalDashboardServiceImplTest > getClinicalDashboard_shouldReturnCompleteAggregatedData() PASSED

ClinicalDashboardServiceImplTest > getRoomedPatients_whenNoStaffRecord_returnsEmptyList() STANDARD_OUT
    2026-03-10 23:50:37  INFO [Test worker] c.e.h.s.ClinicalDashboardServiceImpl     - Fetching roomed patients for user: 1b1c5c06-3142-4551-b33c-f4acdc6b1a2b

ClinicalDashboardServiceImplTest > getRoomedPatients_whenNoStaffRecord_returnsEmptyList() PASSED

ClinicalDashboardServiceImplTest > getOnCallStatus_shouldReturnStatusObject() STANDARD_OUT
    2026-03-10 23:50:37  INFO [Test worker] c.e.h.s.ClinicalDashboardServiceImpl     - Fetching on-call status for user: cb8af8fb-b588-49bb-8f2e-5d0af72d1cf7

ClinicalDashboardServiceImplTest > getOnCallStatus_shouldReturnStatusObject() PASSED

ClinicalDashboardServiceImplTest > acknowledgeAlert_withMultipleAlerts_shouldHandleAll() STANDARD_OUT
    2026-03-10 23:50:37  INFO [Test worker] c.e.h.s.ClinicalDashboardServiceImpl     - Acknowledging alert: 7488d5e1-f79c-487f-ac95-5bed6c3133cf by user: d5b01450-71c7-4eb4-ae79-d0734546c60f
    2026-03-10 23:50:37  INFO [Test worker] c.e.h.s.ClinicalDashboardServiceImpl     - Acknowledging alert: c53be341-cfd9-49fc-9bf4-240703dadaaf by user: d5b01450-71c7-4eb4-ae79-d0734546c60f
    2026-03-10 23:50:37  INFO [Test worker] c.e.h.s.ClinicalDashboardServiceImpl     - Acknowledging alert: 2f0066d5-b158-4cbd-9dab-0fca4a0455d8 by user: d5b01450-71c7-4eb4-ae79-d0734546c60f

ClinicalDashboardServiceImplTest > acknowledgeAlert_withMultipleAlerts_shouldHandleAll() PASSED

ClinicalDashboardServiceImplTest > getOnCallStatus_shouldBeFalseWhenNoSchedulingSystem() STANDARD_OUT
    2026-03-10 23:50:37  INFO [Test worker] c.e.h.s.ClinicalDashboardServiceImpl     - Fetching on-call status for user: 67ad2ff3-2fa7-418e-af52-67f5a71936c5

ClinicalDashboardServiceImplTest > getOnCallStatus_shouldBeFalseWhenNoSchedulingSystem() PASSED

ClinicalDashboardServiceImplTest > getCriticalAlerts_withDifferentHoursParameter_alwaysReturnsEmptyList() STANDARD_OUT
    2026-03-10 23:50:37  INFO [Test worker] c.e.h.s.ClinicalDashboardServiceImpl     - Fetching critical alerts for user: eb5a4b96-f53f-4bfd-add4-74c1411e1c17 within 1 hours
    2026-03-10 23:50:37  INFO [Test worker] c.e.h.s.ClinicalDashboardServiceImpl     - Fetching critical alerts for user: eb5a4b96-f53f-4bfd-add4-74c1411e1c17 within 72 hours

ClinicalDashboardServiceImplTest > getCriticalAlerts_withDifferentHoursParameter_alwaysReturnsEmptyList() PASSED

ClinicalDashboardServiceImplTest > getClinicalDashboard_allComponents_shouldBeIndividuallyAccessible() STANDARD_OUT
    2026-03-10 23:50:37  INFO [Test worker] c.e.h.s.ClinicalDashboardServiceImpl     - Fetching clinical dashboard for user: ca7ef4d2-bff0-4a90-96d8-362e3c31a7a0
    2026-03-10 23:50:37  INFO [Test worker] c.e.h.s.ClinicalDashboardServiceImpl     - Fetching critical alerts for user: ca7ef4d2-bff0-4a90-96d8-362e3c31a7a0 within 24 hours
    2026-03-10 23:50:37  INFO [Test worker] c.e.h.s.ClinicalDashboardServiceImpl     - Fetching inbox counts for user: ca7ef4d2-bff0-4a90-96d8-362e3c31a7a0
    2026-03-10 23:50:37  INFO [Test worker] c.e.h.s.ClinicalDashboardServiceImpl     - Fetching on-call status for user: ca7ef4d2-bff0-4a90-96d8-362e3c31a7a0
    2026-03-10 23:50:37  INFO [Test worker] c.e.h.s.ClinicalDashboardServiceImpl     - Fetching roomed patients for user: ca7ef4d2-bff0-4a90-96d8-362e3c31a7a0
    2026-03-10 23:50:37  INFO [Test worker] c.e.h.s.ClinicalDashboardServiceImpl     - Fetching critical alerts for user: ca7ef4d2-bff0-4a90-96d8-362e3c31a7a0 within 24 hours
    2026-03-10 23:50:37  INFO [Test worker] c.e.h.s.ClinicalDashboardServiceImpl     - Fetching inbox counts for user: ca7ef4d2-bff0-4a90-96d8-362e3c31a7a0
    2026-03-10 23:50:37  INFO [Test worker] c.e.h.s.ClinicalDashboardServiceImpl     - Fetching roomed patients for user: ca7ef4d2-bff0-4a90-96d8-362e3c31a7a0
    2026-03-10 23:50:37  INFO [Test worker] c.e.h.s.ClinicalDashboardServiceImpl     - Fetching on-call status for user: ca7ef4d2-bff0-4a90-96d8-362e3c31a7a0

ClinicalDashboardServiceImplTest > getClinicalDashboard_allComponents_shouldBeIndividuallyAccessible() PASSED

ClinicalDashboardServiceImplTest > getRoomedPatients_skipsEncountersWithNullPatient() STANDARD_OUT
    2026-03-10 23:50:37  INFO [Test worker] c.e.h.s.ClinicalDashboardServiceImpl     - Fetching roomed patients for user: d71ceeb4-48b8-4a29-9b36-3cbf00094a6d

ClinicalDashboardServiceImplTest > getRoomedPatients_skipsEncountersWithNullPatient() PASSED

ClinicalDashboardServiceImplTest > getClinicalDashboard_shouldIncludeKPIsWithExpectedStructure() STANDARD_OUT
    2026-03-10 23:50:37  INFO [Test worker] c.e.h.s.ClinicalDashboardServiceImpl     - Fetching clinical dashboard for user: 37ba6422-bec2-4396-9b76-8eb1c25c156e
    2026-03-10 23:50:37  INFO [Test worker] c.e.h.s.ClinicalDashboardServiceImpl     - Fetching critical alerts for user: 37ba6422-bec2-4396-9b76-8eb1c25c156e within 24 hours
    2026-03-10 23:50:37  INFO [Test worker] c.e.h.s.ClinicalDashboardServiceImpl     - Fetching inbox counts for user: 37ba6422-bec2-4396-9b76-8eb1c25c156e
    2026-03-10 23:50:37  INFO [Test worker] c.e.h.s.ClinicalDashboardServiceImpl     - Fetching on-call status for user: 37ba6422-bec2-4396-9b76-8eb1c25c156e
    2026-03-10 23:50:37  INFO [Test worker] c.e.h.s.ClinicalDashboardServiceImpl     - Fetching roomed patients for user: 37ba6422-bec2-4396-9b76-8eb1c25c156e

ClinicalDashboardServiceImplTest > getClinicalDashboard_shouldIncludeKPIsWithExpectedStructure() PASSED

ClinicalDashboardServiceImplTest > getInboxCounts_whenNoStaffRecord_allCountsAreZero() STANDARD_OUT
    2026-03-10 23:50:37  INFO [Test worker] c.e.h.s.ClinicalDashboardServiceImpl     - Fetching inbox counts for user: 9e971a1e-9c0e-4375-a122-c9e82f9df886

ClinicalDashboardServiceImplTest > getInboxCounts_whenNoStaffRecord_allCountsAreZero() PASSED

ClinicalDashboardServiceImplTest > getClinicalDashboard_shouldNotReturnNullValues() STANDARD_OUT
    2026-03-10 23:50:37  INFO [Test worker] c.e.h.s.ClinicalDashboardServiceImpl     - Fetching clinical dashboard for user: acac5855-2e10-4a21-ab8b-a48f3616c572
    2026-03-10 23:50:37  INFO [Test worker] c.e.h.s.ClinicalDashboardServiceImpl     - Fetching critical alerts for user: acac5855-2e10-4a21-ab8b-a48f3616c572 within 24 hours
    2026-03-10 23:50:37  INFO [Test worker] c.e.h.s.ClinicalDashboardServiceImpl     - Fetching inbox counts for user: acac5855-2e10-4a21-ab8b-a48f3616c572
    2026-03-10 23:50:37  INFO [Test worker] c.e.h.s.ClinicalDashboardServiceImpl     - Fetching on-call status for user: acac5855-2e10-4a21-ab8b-a48f3616c572
    2026-03-10 23:50:37  INFO [Test worker] c.e.h.s.ClinicalDashboardServiceImpl     - Fetching roomed patients for user: acac5855-2e10-4a21-ab8b-a48f3616c572

ClinicalDashboardServiceImplTest > getClinicalDashboard_shouldNotReturnNullValues() PASSED

ClinicalDashboardServiceImplTest > getRoomedPatients_mapsEncounterToDTO() STANDARD_OUT
    2026-03-10 23:50:37  INFO [Test worker] c.e.h.s.ClinicalDashboardServiceImpl     - Fetching roomed patients for user: f780fc0f-b32e-4c87-9546-0671b498b2aa

ClinicalDashboardServiceImplTest > getRoomedPatients_mapsEncounterToDTO() PASSED

ConsentResolutionServiceImpl > ShareScope enum labels > each scope has the correct human-readable label PASSED

ConsentResolutionServiceImpl > ConsentContext record > isSelfServe() returns true only for SAME_HOSPITAL PASSED

ConsentResolutionServiceImpl > Tier 3 ΓÇö CROSS_ORG > throws BusinessException when cross-org consent is revoked (consentGiven=false) STANDARD_OUT
    2026-03-10 23:50:37  WARN [Test worker] c.e.h.s.ConsentResolutionServiceImpl     -  No active consent found for patient 317e781c-687e-41e8-8f5b-8c9cbfef2cf4 at any tier for requesting hospital 91130795-1b54-45b8-8a2a-e49f00ff7381.

ConsentResolutionServiceImpl > Tier 3 ΓÇö CROSS_ORG > throws BusinessException when cross-org consent is revoked (consentGiven=false) PASSED

ConsentResolutionServiceImpl > Tier 3 ΓÇö CROSS_ORG > skips registration where hospital has no organization (null org treated as different org) STANDARD_OUT
    2026-03-10 23:50:37  INFO [Test worker] c.e.h.s.ConsentResolutionServiceImpl     -  [CROSS_ORG] Patient 9bccbc0f-f94f-4a81-8ea6-423af1c3c857 via d1685778-e8db-4b9c-817c-01c557203ac8 -> 3f4b85b2-f489-4c59-827a-98f16e045baf.

ConsentResolutionServiceImpl > Tier 3 ΓÇö CROSS_ORG > skips registration where hospital has no organization (null org treated as different org) PASSED

ConsentResolutionServiceImpl > Tier 3 ΓÇö CROSS_ORG > throws BusinessException when cross-org consent is expired STANDARD_OUT
    2026-03-10 23:50:37  WARN [Test worker] c.e.h.s.ConsentResolutionServiceImpl     -  No active consent found for patient 112b2a20-6bba-4c1a-962d-a11e31c4cfe7 at any tier for requesting hospital b8bf3cd5-daa5-42f3-a1ff-599e195ebbeb.

ConsentResolutionServiceImpl > Tier 3 ΓÇö CROSS_ORG > throws BusinessException when cross-org consent is expired PASSED

ConsentResolutionServiceImpl > Tier 3 ΓÇö CROSS_ORG > resolves CROSS_ORG when an explicit cross-org consent exists STANDARD_OUT
    2026-03-10 23:50:37  INFO [Test worker] c.e.h.s.ConsentResolutionServiceImpl     -  [CROSS_ORG] Patient 5d0efd3c-1ad6-4902-b671-08ca325757c9 via 63b78bb1-260f-46a8-aaa9-aecd3fc0263d -> 99736773-56a7-47d4-a45c-cc1f084c595f.

ConsentResolutionServiceImpl > Tier 3 ΓÇö CROSS_ORG > resolves CROSS_ORG when an explicit cross-org consent exists PASSED

ConsentResolutionServiceImpl > Tier 3 ΓÇö CROSS_ORG > skips intra-org registrations when walking Tier 3 STANDARD_OUT
    2026-03-10 23:50:37  INFO [Test worker] c.e.h.s.ConsentResolutionServiceImpl     -  [CROSS_ORG] Patient c7cd5f9d-148b-42ca-afe0-b12caa3cee52 via 8049ad2c-cc74-44c2-9475-42888cf7623d -> 350186ae-da1c-4909-8365-bd682a3d021a.

ConsentResolutionServiceImpl > Tier 3 ΓÇö CROSS_ORG > skips intra-org registrations when walking Tier 3 PASSED

ConsentResolutionServiceImpl > Tier 3 ΓÇö CROSS_ORG > skips the requesting hospital itself in Tier 3 stream (inactive reg at requesting hospital) STANDARD_OUT
    2026-03-10 23:50:37  INFO [Test worker] c.e.h.s.ConsentResolutionServiceImpl     -  [CROSS_ORG] Patient 42e9efb8-2706-4024-bcde-eb1be418b8c5 via 97112506-6638-4a9b-a78e-27e1cd51a1f2 -> 26de2669-aae9-4589-9b52-89f331f0d4e2.

ConsentResolutionServiceImpl > Tier 3 ΓÇö CROSS_ORG > skips the requesting hospital itself in Tier 3 stream (inactive reg at requesting hospital) PASSED

ConsentResolutionServiceImpl > Tier 2 ΓÇö INTRA_ORG > resolves INTRA_ORG when sibling hospital has active consent STANDARD_OUT
    2026-03-10 23:50:37  INFO [Test worker] c.e.h.s.ConsentResolutionServiceImpl     -  [INTRA_ORG] Patient ac4c8c49-207e-4641-a482-a5c3a12fd5a0 via 09228a33-b51a-4ee2-9363-b2d41a79c7f9 -> 71fd8fd8-c60a-404a-a888-4797e5a6bb9a (org 8110b023-9e52-4031-abbd-c4367617929d).

ConsentResolutionServiceImpl > Tier 2 ΓÇö INTRA_ORG > resolves INTRA_ORG when sibling hospital has active consent PASSED

ConsentResolutionServiceImpl > Tier 2 ΓÇö INTRA_ORG > returns INTRA_ORG when requesting hospital has no organization (skips Tier 2 entirely) STANDARD_OUT
    2026-03-10 23:50:37  INFO [Test worker] c.e.h.s.ConsentResolutionServiceImpl     -  [CROSS_ORG] Patient 459e9c3a-5c2a-4022-b66b-f7deecb1395c via db7a04d1-4f98-430b-87bb-9b005fd7ecb1 -> a755c0e1-4d88-4982-9bc0-8493373cd279.

ConsentResolutionServiceImpl > Tier 2 ΓÇö INTRA_ORG > returns INTRA_ORG when requesting hospital has no organization (skips Tier 2 entirely) PASSED

ConsentResolutionServiceImpl > Tier 2 ΓÇö INTRA_ORG > skips requesting hospital when walking sibling list STANDARD_OUT
    2026-03-10 23:50:37  INFO [Test worker] c.e.h.s.ConsentResolutionServiceImpl     -  [INTRA_ORG] Patient 435df0cb-6cd4-423d-997d-356d9d7770e6 via 4f8b5bf5-8cba-4821-b026-b2cc103ed8a6 -> 7dd802a1-9f19-4c26-a5e8-a0846bfc20fd (org e868c746-bea7-4aed-8bab-4333a4675f6f).

ConsentResolutionServiceImpl > Tier 2 ΓÇö INTRA_ORG > skips requesting hospital when walking sibling list PASSED

ConsentResolutionServiceImpl > Tier 2 ΓÇö INTRA_ORG > escalates to Tier 3 when sibling consent is expired STANDARD_OUT
    2026-03-10 23:50:37  INFO [Test worker] c.e.h.s.ConsentResolutionServiceImpl     -  [CROSS_ORG] Patient c2fbe567-e40f-42f3-ab45-5032b3025e15 via 7b15d68b-7885-4292-8b28-0d581cc8a8b4 -> 092230d2-ed68-467c-99e1-d965d60b4de1.

ConsentResolutionServiceImpl > Tier 2 ΓÇö INTRA_ORG > escalates to Tier 3 when sibling consent is expired PASSED

ConsentResolutionServiceImpl > Tier 1 ΓÇö SAME_HOSPITAL > does NOT resolve SAME_HOSPITAL when registration is inactive STANDARD_OUT
    2026-03-10 23:50:37  INFO [Test worker] c.e.h.s.ConsentResolutionServiceImpl     -  [INTRA_ORG] Patient 8ceb018f-ca50-4f2a-87b4-345b998510db via e08e13ed-cab6-42da-b750-f78c01701974 -> ac179014-cd59-45ae-9ea1-71e5cfddc6e4 (org 7e6492b6-c424-4a2b-ba7c-383656eae5d6).

ConsentResolutionServiceImpl > Tier 1 ΓÇö SAME_HOSPITAL > does NOT resolve SAME_HOSPITAL when registration is inactive PASSED

ConsentResolutionServiceImpl > Tier 1 ΓÇö SAME_HOSPITAL > resolves SAME_HOSPITAL when patient is actively registered at the requesting hospital STANDARD_OUT
    2026-03-10 23:50:37  INFO [Test worker] c.e.h.s.ConsentResolutionServiceImpl     -  [SAME_HOSPITAL] Patient e63254a0-1c1f-4eb2-a50b-7d66cdd4d94e is registered at requesting hospital b50ecb2e-0e15-40da-8be1-96fb0366482b.

ConsentResolutionServiceImpl > Tier 1 ΓÇö SAME_HOSPITAL > resolves SAME_HOSPITAL when patient is actively registered at the requesting hospital PASSED

ConsentResolutionServiceImpl > Precondition failures > throws ResourceNotFoundException when requesting hospital not found PASSED

ConsentResolutionServiceImpl > Precondition failures > throws BusinessException when no consent exists at any tier STANDARD_OUT
    2026-03-10 23:50:37  WARN [Test worker] c.e.h.s.ConsentResolutionServiceImpl     -  No active consent found for patient df8012b2-5b4b-4492-85a7-e80e639ff576 at any tier for requesting hospital 390bce34-eba5-4d20-8378-82dc7b4c5dab.

ConsentResolutionServiceImpl > Precondition failures > throws BusinessException when no consent exists at any tier PASSED

ConsentResolutionServiceImpl > Precondition failures > throws ResourceNotFoundException when patient not found PASSED

ConsultationServiceImplTest > getConsultationsForPatient delegates to repository PASSED

ConsultationServiceImplTest > getPendingConsultations returns REQUESTED and ACKNOWLEDGED PASSED

ConsultationServiceImplTest > getConsultationsRequestedBy delegates to repository PASSED

ConsultationServiceImplTest > cancelConsultation > throws when already cancelled PASSED

ConsultationServiceImplTest > cancelConsultation > cancels a requested consultation STANDARD_OUT
    2026-03-10 23:50:37  INFO [Test worker] c.e.h.s.impl.ConsultationServiceImpl     - Consultation 48460e75-ea86-4c77-9b57-3bb16b8d8250 cancelled: No longer needed

ConsultationServiceImplTest > cancelConsultation > cancels a requested consultation PASSED

ConsultationServiceImplTest > cancelConsultation > throws when already completed PASSED

ConsultationServiceImplTest > completeConsultation > completes an in-progress consultation STANDARD_OUT
    2026-03-10 23:50:37  INFO [Test worker] c.e.h.s.impl.ConsultationServiceImpl     - Consultation 05992e0a-b139-44b8-adeb-89c86e44c53a completed

ConsultationServiceImplTest > completeConsultation > completes an in-progress consultation PASSED

ConsultationServiceImplTest > completeConsultation > throws when already completed PASSED

ConsultationServiceImplTest > completeConsultation > throws when cancelled PASSED

ConsultationServiceImplTest > updateConsultation > updates consultant, scheduledAt, and transitions to SCHEDULED PASSED

ConsultationServiceImplTest > updateConsultation > does not change consultant when same PASSED

ConsultationServiceImplTest > acknowledgeConsultation > throws when already acknowledged PASSED

ConsultationServiceImplTest > acknowledgeConsultation > acknowledges a REQUESTED consultation STANDARD_OUT
    2026-03-10 23:50:37  INFO [Test worker] c.e.h.s.impl.ConsultationServiceImpl     - Consultation 7b2fc3dc-5dcf-4bf1-9c11-b1b59b5810d5 acknowledged by consultant bc546334-3078-41e8-91d3-b5c1ea4b5d03

ConsultationServiceImplTest > acknowledgeConsultation > acknowledges a REQUESTED consultation PASSED

ConsultationServiceImplTest > getConsultationsAssignedTo > filters by status when provided PASSED

ConsultationServiceImplTest > getConsultationsAssignedTo > returns all when status is null PASSED

ConsultationServiceImplTest > getAllConsultations > filters by status when provided PASSED

ConsultationServiceImplTest > getAllConsultations > returns all when status is null PASSED

ConsultationServiceImplTest > getConsultationsForHospital > returns active statuses when status is null PASSED

ConsultationServiceImplTest > getConsultationsForHospital > filters by status when provided PASSED

ConsultationServiceImplTest > getConsultation > throws when not found PASSED

ConsultationServiceImplTest > getConsultation > returns consultation by ID PASSED

ConsultationServiceImplTest > createConsultation > resolves provider via userId fallback STANDARD_OUT
    2026-03-10 23:50:37  INFO [Test worker] c.e.h.s.impl.ConsultationServiceImpl     - Created consultation ID 77e42c0d-191d-49c5-9d5f-dc3d4ea9d26b for patient 781492d0-39f9-4f40-90d5-4554d398454e requesting Cardiology specialty

ConsultationServiceImplTest > createConsultation > resolves provider via userId fallback PASSED

ConsultationServiceImplTest > createConsultation > throws when hospital not found PASSED

ConsultationServiceImplTest > createConsultation > SLA calculation for STAT urgency STANDARD_OUT
    2026-03-10 23:50:37  INFO [Test worker] c.e.h.s.impl.ConsultationServiceImpl     - Created consultation ID 7382e60e-87d2-4b93-a2c4-c45f75152d54 for patient aff96769-8876-4150-9f1f-9ec30f8324c3 requesting Cardiology specialty

ConsultationServiceImplTest > createConsultation > SLA calculation for STAT urgency PASSED

ConsultationServiceImplTest > createConsultation > resolves provider via firstByUserId fallback STANDARD_OUT
    2026-03-10 23:50:37  INFO [Test worker] c.e.h.s.impl.ConsultationServiceImpl     - Created consultation ID 827c22e6-1d0d-42ad-a0d5-784ff72195a0 for patient c28a23bb-e759-4636-a9a9-4fdbb4281524 requesting Cardiology specialty

ConsultationServiceImplTest > createConsultation > resolves provider via firstByUserId fallback PASSED

ConsultationServiceImplTest > createConsultation > creates with isCurbside set to true STANDARD_OUT
    2026-03-10 23:50:37  INFO [Test worker] c.e.h.s.impl.ConsultationServiceImpl     - Created consultation ID eb07286e-9f7f-42ec-b883-e1f78559e2dd for patient 6d73fbd3-ba92-4c24-ab3d-979b70e6ea7a requesting Cardiology specialty

ConsultationServiceImplTest > createConsultation > creates with isCurbside set to true PASSED

ConsultationServiceImplTest > createConsultation > throws when patient not found PASSED

ConsultationServiceImplTest > createConsultation > creates without encounter and without consultant STANDARD_OUT
    2026-03-10 23:50:37  INFO [Test worker] c.e.h.s.impl.ConsultationServiceImpl     - Created consultation ID 2e47475b-d5d2-4747-ad6c-be0fa5f87ecf for patient 67b60cf2-4ccf-4e54-bc70-93d5a37e2073 requesting Cardiology specialty

ConsultationServiceImplTest > createConsultation > creates without encounter and without consultant PASSED

ConsultationServiceImplTest > createConsultation > SLA calculation for ROUTINE urgency STANDARD_OUT
    2026-03-10 23:50:37  INFO [Test worker] c.e.h.s.impl.ConsultationServiceImpl     - Created consultation ID 3a7098ba-d273-4b0a-89fe-06f42ea75831 for patient 1169b4e4-0f2e-4200-af37-e6dab63e9989 requesting Cardiology specialty

ConsultationServiceImplTest > createConsultation > SLA calculation for ROUTINE urgency PASSED

ConsultationServiceImplTest > createConsultation > creates with encounter and preferred consultant STANDARD_OUT
    2026-03-10 23:50:37  INFO [Test worker] c.e.h.s.impl.ConsultationServiceImpl     - Created consultation ID 7a04fc23-4fbf-4305-abf5-c8f44c6d391a for patient de1c309b-fe8f-4774-9d9b-22fed6f5dbb9 requesting Cardiology specialty

ConsultationServiceImplTest > createConsultation > creates with encounter and preferred consultant PASSED

ContentServiceImplTest > listTestimonials > limits to 20 testimonials PASSED

ContentServiceImplTest > listTestimonials > returns empty list when no testimonials exist PASSED

ContentServiceImplTest > listTestimonials > sorts testimonials by createdAt descending PASSED

ContentServiceImplTest > listTestimonials > maps testimonial fields correctly PASSED

ContentServiceImplTest > listArticles > limits to 12 articles PASSED

ContentServiceImplTest > listArticles > excerpt with empty string returns empty PASSED

ContentServiceImplTest > listArticles > excerpt truncates content > 140 chars to 137 + '...' PASSED

ContentServiceImplTest > listArticles > returns empty list when no articles exist PASSED

ContentServiceImplTest > listArticles > sorts articles by publishedAt descending PASSED

ContentServiceImplTest > listArticles > excerpt at 141 chars gets truncated PASSED

ContentServiceImplTest > listArticles > excerpt returns content as-is when <= 140 chars PASSED

ContentServiceImplTest > listArticles > maps article fields correctly PASSED

ContentServiceImplTest > listArticles > excerpt returns content exactly 140 chars without truncation PASSED

ContentServiceImplTest > listArticles > excerpt returns null when content is null PASSED

DashboardConfigServiceTest > getDashboardConfig_multipleRoles_mergesPermissionsDeduplicated() PASSED

DashboardConfigServiceTest > getDashboardConfig_assignmentWithNullHospital_handledGracefully() PASSED

DashboardConfigServiceTest > getDashboardConfig_noAssignments_returnsEmptyConfig() STANDARD_OUT
    2026-03-10 23:50:38  WARN [Test worker] c.e.hms.service.DashboardConfigService   - No active assignments found for user: 723f8de4-9977-497c-890e-6d6c3be59bb1

DashboardConfigServiceTest > getDashboardConfig_noAssignments_returnsEmptyConfig() PASSED

DashboardConfigServiceTest > getDashboardConfig_superAdminAndDoctor_primaryIsSuperAdmin() PASSED

DashboardConfigServiceTest > getDashboardConfig_physicianRole_samePriorityAsDoctor() PASSED

DashboardConfigServiceTest > getDashboardConfig_adminRole_hasPriority85() PASSED

DashboardConfigServiceTest > getDashboardConfig_pharmacistRole_hasPharmacistDefaults() PASSED

DashboardConfigServiceTest > getDashboardConfig_labManagerRole() PASSED

DashboardConfigServiceTest > getDashboardConfig_inactiveAssignment_filtered() STANDARD_OUT
    2026-03-10 23:50:38  WARN [Test worker] c.e.hms.service.DashboardConfigService   - No active assignments found for user: 9a2b8818-4c6b-4c99-a650-dced88900282

DashboardConfigServiceTest > getDashboardConfig_inactiveAssignment_filtered() PASSED

DashboardConfigServiceTest > getDashboardConfig_permissionWithNullName_filtered() PASSED

DashboardConfigServiceTest > getDashboardConfig_surgeonRole() PASSED

DashboardConfigServiceTest > getDashboardConfig_anesthesiologistRole() PASSED

DashboardConfigServiceTest > getDashboardConfig_singleActiveDoctor_returnsConfig() PASSED

DashboardConfigServiceTest > getDashboardConfig_patientRole() PASSED

DashboardConfigServiceTest > getDashboardConfig_assignmentWithNullRole_handledGracefully() PASSED

DashboardConfigServiceTest > getDashboardConfig_headOfDepartmentRole() PASSED

DashboardConfigServiceTest > getDashboardConfig_midwifeRole() PASSED

DashboardConfigServiceTest > getDashboardConfig_radiologistRole() PASSED

DashboardConfigServiceTest > getDashboardConfig_unknownRole_noDefaultPermissions() PASSED

DashboardConfigServiceTest > getDashboardConfig_labScientistRole() PASSED

DashboardConfigServiceTest > getDashboardConfig_physiotherapistRole() PASSED

DashboardConfigServiceTest > getDashboardConfig_receptionistRole() PASSED

DashboardConfigServiceTest > getDashboardConfig_billingSpecialistRole() PASSED

DashboardConfigServiceTest > getDashboardConfig_hospitalAdmin_hasCorrectPermissions() PASSED

DashboardConfigServiceTest > getDashboardConfig_nurseRole_hasNurseDefaults() PASSED

DashboardConfigurationServiceImplTest > aggregatesPermissionsAcrossActiveAssignments() PASSED

DashboardConfigurationServiceImplTest > fallsBackToUnknownRoleWhenNoAssignments() PASSED

DepartmentServiceImplTest > createDepartment_superAdmin_existingHospitalAssignment_reuses() PASSED

DepartmentServiceImplTest > getActiveDepartmentsMinimal_returnsMinimalList() PASSED

DepartmentServiceImplTest > getDepartmentWithStaff_returnsFullDto() PASSED

DepartmentServiceImplTest > getDepartmentStatistics_notFound_throws() PASSED

DepartmentServiceImplTest > createDepartment_hospitalByNameNotFound_throws() PASSED

DepartmentServiceImplTest > updateDepartment_hospitalAdmin_crossHospitalEntity_throwsNotFound() STANDARD_OUT
    2026-03-10 23:50:38  WARN [Test worker] c.e.hms.service.DepartmentServiceImpl    - [dept:tenantGuard] User 92fef6e2-9a06-4bf4-ab24-41694e1a84cf attempted access to department 2b6f6518-2bdc-4720-b327-39a4f1b3c645 in hospital ffdd82ae-6ade-4683-9066-ebf9a80c9023 (active=f125c6bf-9dd3-40d8-b4fc-edaab5c35e50)

DepartmentServiceImplTest > updateDepartment_hospitalAdmin_crossHospitalEntity_throwsNotFound() PASSED

DepartmentServiceImplTest > deleteDepartment_throwsWhenHasStaff() PASSED

DepartmentServiceImplTest > updateDepartment_sameHead_noStaffDepartmentUpdate() PASSED

DepartmentServiceImplTest > getDepartmentWithStaff_withNullStaffMembers_returnsEmptyList() PASSED

DepartmentServiceImplTest > getAllDepartments_returnsDepartments() PASSED

DepartmentServiceImplTest > createDepartment_noHospitalIdOrName_throwsIllegalArgument() PASSED

DepartmentServiceImplTest > getDepartmentWithStaff_notFound_throws() PASSED

DepartmentServiceImplTest > getAllDepartments_withHospitalIdFilter() PASSED

DepartmentServiceImplTest > createDepartment_superAdmin_anyHospitalId_succeeds() PASSED

DepartmentServiceImplTest > createDepartment_headEmailBlank_skipsHead() PASSED

DepartmentServiceImplTest > createDepartment_hospitalAdmin_crossHospitalId_throwsBusinessRule() STANDARD_OUT
    2026-03-10 23:50:38  WARN [Test worker] c.e.hms.service.DepartmentServiceImpl    - [dept:tenantGuard] User 8e817b4c-bc55-457b-b8de-2c29a208a4ec attempted cross-hospital operation: dto.hospitalId=ec1ae388-32aa-4c78-993f-667e2ab107a7 activeHospital=0cb035b7-51ad-4649-91fc-ceda7ef1ef63

DepartmentServiceImplTest > createDepartment_hospitalAdmin_crossHospitalId_throwsBusinessRule() PASSED

DepartmentServiceImplTest > createDepartment_nullDto_throwsIllegalArgument() PASSED

DepartmentServiceImplTest > updateDepartment_updatesSuccessfully() PASSED

DepartmentServiceImplTest > updateDepartment_notFound_throws() PASSED

DepartmentServiceImplTest > createDepartment_superAdmin_noAssignment_autoProvisions() STANDARD_OUT
    2026-03-10 23:50:38  WARN [Test worker] c.e.hms.service.DepartmentServiceImpl    - [dept:create] Super admin 74ed2eb2-44d3-418a-87e0-c21c3ee514a5 lacks hospital admin assignment for hospital ab47aac8-50e8-45ef-adff-0c2fa9a30c58 ΓÇô auto provisioning

DepartmentServiceImplTest > createDepartment_superAdmin_noAssignment_autoProvisions() PASSED

DepartmentServiceImplTest > updateDepartmentHead_updatesHead() PASSED

DepartmentServiceImplTest > updateDepartment_noHead_noStaffLookup() PASSED

DepartmentServiceImplTest > getAllDepartments_emptyList_returnsEmpty() PASSED

DepartmentServiceImplTest > searchDepartments_withBlankQuery_returnsAll() PASSED

DepartmentServiceImplTest > getDepartmentById_returnsDepartment() PASSED

DepartmentServiceImplTest > getDepartmentStatistics_returnsCounts() PASSED

DepartmentServiceImplTest > createDepartment_duplicateName_throwsConflict() PASSED

DepartmentServiceImplTest > createDepartment_nullCode_remainsNull() PASSED

DepartmentServiceImplTest > getAllDepartments_withPageable_returnsPage() PASSED

DepartmentServiceImplTest > deleteDepartment_hospitalAdmin_crossHospital_throwsNotFound() STANDARD_OUT
    2026-03-10 23:50:38  WARN [Test worker] c.e.hms.service.DepartmentServiceImpl    - [dept:tenantGuard] User 75d1066a-aee6-433f-9069-d703a1be3e1c attempted access to department bf5e9d9a-a841-4929-a335-70e17067825c in hospital 2a8aae79-d1dc-4326-93e4-c3dc3529217d (active=b622bb0d-6fd1-4cbb-8585-a38e3f75eb8e)

DepartmentServiceImplTest > deleteDepartment_hospitalAdmin_crossHospital_throwsNotFound() PASSED

DepartmentServiceImplTest > createDepartment_nullLocale_usesDefault() PASSED

DepartmentServiceImplTest > createDepartment_noName_throwsIllegalArgument() PASSED

DepartmentServiceImplTest > createDepartment_hospitalAdmin_matchingHospitalId_succeeds() PASSED

DepartmentServiceImplTest > filterDepartments_withMultipleFilters() PASSED

DepartmentServiceImplTest > searchDepartments_withNullQuery_returnsAll() PASSED

DepartmentServiceImplTest > createDepartment_headStaffNotFoundByEmail_skipsHead() PASSED

DepartmentServiceImplTest > isHeadOfDepartment_returnsTrue() PASSED

DepartmentServiceImplTest > updateDepartmentHead_departmentNotFound_throws() PASSED

DepartmentServiceImplTest > createDepartment_resolveHospitalByName() PASSED

DepartmentServiceImplTest > isHeadOfDepartment_returnsFalse() PASSED

DepartmentServiceImplTest > getDepartmentsByHospital_returnsPage() PASSED

DepartmentServiceImplTest > updateDepartment_hospitalAdmin_ownHospital_succeeds() PASSED

DepartmentServiceImplTest > deleteDepartment_hospitalAdmin_ownHospital_succeeds() PASSED

DepartmentServiceImplTest > filterDepartments_returnsFilteredPage() PASSED

DepartmentServiceImplTest > createDepartment_superAdmin_userNotFound_throws() STANDARD_OUT
    2026-03-10 23:50:38  WARN [Test worker] c.e.hms.service.DepartmentServiceImpl    - [dept:create] Super admin e55829b0-1fac-4ed0-b182-6a2348c985e8 lacks hospital admin assignment for hospital 4fbe8c54-3793-4fb4-8fe0-a6617e7c061d ΓÇô auto provisioning

DepartmentServiceImplTest > createDepartment_superAdmin_userNotFound_throws() PASSED

DepartmentServiceImplTest > getAllDepartments_withOrgFilterCriteria_usesSpecification() PASSED

DepartmentServiceImplTest > createDepartment_codeNormalization() PASSED

DepartmentServiceImplTest > searchDepartments_withQuery_usesSpecification() PASSED

DepartmentServiceImplTest > deleteDepartment_notFound_throwsEntityNotFound() PASSED

DepartmentServiceImplTest > getAllDepartments_withUnassignedOnly_usesSpecification() PASSED

DepartmentServiceImplTest > createDepartment_hospitalNotFoundById_throws() PASSED

DepartmentServiceImplTest > updateDepartment_withNewHead_updatesStaffDepartment() PASSED

DepartmentServiceImplTest > getDepartmentById_throwsWhenNotFound() PASSED

DepartmentServiceImplTest > updateDepartment_headEmailEmpty_skipsLookup() PASSED

DepartmentServiceImplTest > createDepartment_hospitalAdmin_forcesActiveHospitalId() PASSED

DepartmentServiceImplTest > createDepartment_success_minimal() PASSED

DepartmentServiceImplTest > createDepartment_superAdmin_userAlreadyHasRole_skipsRoleCreation() STANDARD_OUT
    2026-03-10 23:50:38  WARN [Test worker] c.e.hms.service.DepartmentServiceImpl    - [dept:create] Super admin f776cc9d-5b77-4428-8aed-12934b5a5c2d lacks hospital admin assignment for hospital 42603cad-42bb-4d4f-a72d-c6824d9f6386 ΓÇô auto provisioning

DepartmentServiceImplTest > createDepartment_superAdmin_userAlreadyHasRole_skipsRoleCreation() PASSED

DepartmentServiceImplTest > createDepartment_withHeadOfDepartment() PASSED

DepartmentServiceImplTest > updateDepartmentHead_throwsWhenStaffFromDifferentHospital() PASSED

DepartmentServiceImplTest > createDepartment_nonSuperAdmin_noAssignment_throws() PASSED

DepartmentServiceImplTest > deleteDepartment_deletesSuccessfully() PASSED

DepartmentServiceImplTest > getDepartmentWithStaff_withNoHead_returnsNullHead() PASSED

DischargeApprovalServiceImplTest > getActiveForPatient_returnsList() PASSED

DischargeApprovalServiceImplTest > requestDischarge_assignmentMissingRole_throwsBusiness() PASSED

DischargeApprovalServiceImplTest > cancel_noNurse_throwsBusiness() PASSED

DischargeApprovalServiceImplTest > cancel_success() STANDARD_OUT
    2026-03-10 23:50:39  INFO [Test worker] c.e.h.s.DischargeApprovalServiceImpl     - Nurse 5be40b70-9428-4157-b858-c974ff71afb3 cancelled discharge request ef53ebb0-7b25-4a66-b4e1-7c99b618b6ed

DischargeApprovalServiceImplTest > cancel_success() PASSED

DischargeApprovalServiceImplTest > requestDischarge_registrationNotFound_throwsNotFound() PASSED

DischargeApprovalServiceImplTest > getByHospitalAndStatus_nullStatus_returnsAll() PASSED

DischargeApprovalServiceImplTest > requestDischarge_assignmentWrongHospital_throwsBusiness() PASSED

DischargeApprovalServiceImplTest > requestDischarge_inactiveRegistration_throwsBusiness() PASSED

DischargeApprovalServiceImplTest > cancel_notPending_throwsBusiness() PASSED

DischargeApprovalServiceImplTest > requestDischarge_pendingExists_throwsBusiness() PASSED

DischargeApprovalServiceImplTest > getById_notFound() PASSED

DischargeApprovalServiceImplTest > requestDischarge_nurseDifferentHospital_throwsBusiness() PASSED

DischargeApprovalServiceImplTest > getByHospitalAndStatus_withStatus() PASSED

DischargeApprovalServiceImplTest > approve_notPending_throwsBusiness() PASSED

DischargeApprovalServiceImplTest > approve_notFound_throwsNotFound() PASSED

DischargeApprovalServiceImplTest > requestDischarge_nullRequest_throwsBusiness() PASSED

DischargeApprovalServiceImplTest > requestDischarge_staffNotLinkedToAssignment_throwsBusiness() PASSED

DischargeApprovalServiceImplTest > requestDischarge_success() STANDARD_OUT
    2026-03-10 23:50:39  INFO [Test worker] c.e.h.s.DischargeApprovalServiceImpl     - Nurse 7f167533-0844-4a37-b2a2-d9f4db8b9c63 requested discharge for patient ba084b0d-8650-46d1-9f42-92fcfb48d1f5 at hospital 11bf3e32-180e-469c-9374-a0ad129dfdee

DischargeApprovalServiceImplTest > requestDischarge_success() PASSED

DischargeApprovalServiceImplTest > cancel_notRequestingNurse_throwsBusiness() PASSED

DischargeApprovalServiceImplTest > getPendingForHospital_returnsList() PASSED

DischargeApprovalServiceImplTest > requestDischarge_nurseNotFound_throwsNotFound() PASSED

DischargeApprovalServiceImplTest > reject_success() STANDARD_OUT
    2026-03-10 23:50:39  INFO [Test worker] c.e.h.s.DischargeApprovalServiceImpl     - Doctor 08bed38f-dffb-4c7e-a457-31b4532a6d9d rejected discharge request eac24011-04ce-4a83-afe2-f02498a5e21b

DischargeApprovalServiceImplTest > reject_success() PASSED

DischargeApprovalServiceImplTest > getById_success() PASSED

DischargeApprovalServiceImplTest > approve_success() STANDARD_OUT
    2026-03-10 23:50:39  INFO [Test worker] c.e.h.s.DischargeApprovalServiceImpl     - Doctor 43781b23-e8e8-4106-a31c-532cb1dbbf1c approved discharge request d4971e71-aa46-4f94-8936-36734ad4db78

DischargeApprovalServiceImplTest > approve_success() PASSED

DischargeApprovalServiceImplTest > requestDischarge_alreadyDischarged_throwsBusiness() PASSED

DischargeSummaryServiceImplTest > getDischargeSummariesByHospitalAndDateRange_scopedOverride() PASSED

DischargeSummaryServiceImplTest > createDischargeSummary_alreadyExists_throws() STANDARD_OUT
    2026-03-10 23:50:39  INFO [Test worker] c.e.h.s.DischargeSummaryServiceImpl      - Creating discharge summary for patient: 992d7c0f-19fe-4f22-9336-02b398344d27, encounter: ebf81079-6524-43ba-90b4-4d6e7d1f34dc

DischargeSummaryServiceImplTest > createDischargeSummary_alreadyExists_throws() PASSED

DischargeSummaryServiceImplTest > getDischargeSummariesWithPendingResults() PASSED

DischargeSummaryServiceImplTest > createDischargeSummary_success() STANDARD_OUT
    2026-03-10 23:50:39  INFO [Test worker] c.e.h.s.DischargeSummaryServiceImpl      - Creating discharge summary for patient: 1557cbb7-ad42-446d-8f99-84f37edff86f, encounter: 936e381b-d662-45c8-a6f2-38fd37884eef
    2026-03-10 23:50:39  INFO [Test worker] c.e.h.s.DischargeSummaryServiceImpl      - Discharge summary created successfully with ID: 6208752d-efc5-4ea4-bd23-4b7bf69ec557

DischargeSummaryServiceImplTest > createDischargeSummary_success() PASSED

DischargeSummaryServiceImplTest > getDischargeSummaryById_notFound() PASSED

DischargeSummaryServiceImplTest > getUnfinalizedDischargeSummaries_scopedOverride() PASSED

DischargeSummaryServiceImplTest > getUnfinalizedDischargeSummaries() PASSED

DischargeSummaryServiceImplTest > getDischargeSummaryById_sameHospital_success() PASSED

DischargeSummaryServiceImplTest > updateDischargeSummary_crossHospital_throws() STANDARD_OUT
    2026-03-10 23:50:39  INFO [Test worker] c.e.h.s.DischargeSummaryServiceImpl      - Updating discharge summary: 104642b1-0e18-42b8-9f50-2faa0fde7ee4

DischargeSummaryServiceImplTest > updateDischargeSummary_crossHospital_throws() PASSED

DischargeSummaryServiceImplTest > deleteDischargeSummary_notFound() STANDARD_OUT
    2026-03-10 23:50:39  INFO [Test worker] c.e.h.s.DischargeSummaryServiceImpl      - Deleting discharge summary: f5165c04-ee2e-4925-9f88-89e6cd4a9aff

DischargeSummaryServiceImplTest > deleteDischargeSummary_notFound() PASSED

DischargeSummaryServiceImplTest > finalizeDischargeSummary_wrongProvider_throws() STANDARD_OUT
    2026-03-10 23:50:39  INFO [Test worker] c.e.h.s.DischargeSummaryServiceImpl      - Finalizing discharge summary: eac559f1-0af7-41be-9cec-adfe2f2a0ae7

DischargeSummaryServiceImplTest > finalizeDischargeSummary_wrongProvider_throws() PASSED

DischargeSummaryServiceImplTest > createDischargeSummary_patientNotFound() STANDARD_OUT
    2026-03-10 23:50:39  INFO [Test worker] c.e.h.s.DischargeSummaryServiceImpl      - Creating discharge summary for patient: 4ebb37f5-b6da-4ace-8313-277dcd6f432c, encounter: 7546f096-65f4-4574-b8a7-b9a2f35216b7

DischargeSummaryServiceImplTest > createDischargeSummary_patientNotFound() PASSED

DischargeSummaryServiceImplTest > getDischargeSummariesByProvider() PASSED

DischargeSummaryServiceImplTest > getDischargeSummaryByEncounter_crossHospital_throws() PASSED

DischargeSummaryServiceImplTest > deleteDischargeSummary_crossHospital_throws() STANDARD_OUT
    2026-03-10 23:50:39  INFO [Test worker] c.e.h.s.DischargeSummaryServiceImpl      - Deleting discharge summary: 1c21b93f-ad2c-4386-bfd3-209d8ea24b56

DischargeSummaryServiceImplTest > deleteDischargeSummary_crossHospital_throws() PASSED

DischargeSummaryServiceImplTest > getDischargeSummaryById_crossHospital_throws() PASSED

DischargeSummaryServiceImplTest > getDischargeSummaryById_success() PASSED

DischargeSummaryServiceImplTest > deleteDischargeSummary_finalized_throws() STANDARD_OUT
    2026-03-10 23:50:39  INFO [Test worker] c.e.h.s.DischargeSummaryServiceImpl      - Deleting discharge summary: f21caa86-fba1-4ed3-9c17-b886388f9fd2

DischargeSummaryServiceImplTest > deleteDischargeSummary_finalized_throws() PASSED

DischargeSummaryServiceImplTest > deleteDischargeSummary_success() STANDARD_OUT
    2026-03-10 23:50:39  INFO [Test worker] c.e.h.s.DischargeSummaryServiceImpl      - Deleting discharge summary: 984eb4a1-7c51-4239-ad39-2af8e8dec21a
    2026-03-10 23:50:39  INFO [Test worker] c.e.h.s.DischargeSummaryServiceImpl      - Discharge summary deleted successfully: 984eb4a1-7c51-4239-ad39-2af8e8dec21a

DischargeSummaryServiceImplTest > deleteDischargeSummary_success() PASSED

DischargeSummaryServiceImplTest > getDischargeSummariesByHospitalAndDateRange() PASSED

DischargeSummaryServiceImplTest > finalizeDischargeSummary_alreadyFinalized_throws() STANDARD_OUT
    2026-03-10 23:50:39  INFO [Test worker] c.e.h.s.DischargeSummaryServiceImpl      - Finalizing discharge summary: 835fb976-3e54-4477-af6d-60a8cbc2c314

DischargeSummaryServiceImplTest > finalizeDischargeSummary_alreadyFinalized_throws() PASSED

DischargeSummaryServiceImplTest > updateDischargeSummary_finalized_throws() STANDARD_OUT
    2026-03-10 23:50:39  INFO [Test worker] c.e.h.s.DischargeSummaryServiceImpl      - Updating discharge summary: f4f29b76-a179-49ca-bf5a-dc930af2cccb

DischargeSummaryServiceImplTest > updateDischargeSummary_finalized_throws() PASSED

DischargeSummaryServiceImplTest > getDischargeSummariesByPatient_scoped() PASSED

DischargeSummaryServiceImplTest > updateDischargeSummary_notFound() STANDARD_OUT
    2026-03-10 23:50:39  INFO [Test worker] c.e.h.s.DischargeSummaryServiceImpl      - Updating discharge summary: a22b50b8-e33d-4a42-87fe-b21442485277

DischargeSummaryServiceImplTest > updateDischargeSummary_notFound() PASSED

DischargeSummaryServiceImplTest > finalizeDischargeSummary_success() STANDARD_OUT
    2026-03-10 23:50:39  INFO [Test worker] c.e.h.s.DischargeSummaryServiceImpl      - Finalizing discharge summary: 5b60d817-51e2-4cbf-8540-ffe5f2e65b55
    2026-03-10 23:50:39  INFO [Test worker] c.e.h.s.DischargeSummaryServiceImpl      - Discharge summary finalized successfully: 5b60d817-51e2-4cbf-8540-ffe5f2e65b55

DischargeSummaryServiceImplTest > finalizeDischargeSummary_success() PASSED

DischargeSummaryServiceImplTest > getDischargeSummaryByEncounter_success() PASSED

DischargeSummaryServiceImplTest > updateDischargeSummary_success() STANDARD_OUT
    2026-03-10 23:50:39  INFO [Test worker] c.e.h.s.DischargeSummaryServiceImpl      - Updating discharge summary: 01c37b4e-f21b-4342-ad7f-0c168c4bdfbf
    2026-03-10 23:50:39  INFO [Test worker] c.e.h.s.DischargeSummaryServiceImpl      - Discharge summary updated successfully: 01c37b4e-f21b-4342-ad7f-0c168c4bdfbf

DischargeSummaryServiceImplTest > updateDischargeSummary_success() PASSED

DischargeSummaryServiceImplTest > getDischargeSummariesByPatient() PASSED

DischargeSummaryServiceImplTest > finalizeDischargeSummary_crossHospital_throws() STANDARD_OUT
    2026-03-10 23:50:39  INFO [Test worker] c.e.h.s.DischargeSummaryServiceImpl      - Finalizing discharge summary: 5968eae2-0d62-4ebe-97e7-7ba26024fcaa

DischargeSummaryServiceImplTest > finalizeDischargeSummary_crossHospital_throws() PASSED

DischargeSummaryServiceImplTest > getDischargeSummariesByProvider_scoped() PASSED

DischargeSummaryServiceImplTest > getDischargeSummariesWithPendingResults_scopedOverride() PASSED

EmailServiceImpl > sendAccountRestoredEmail > throws IllegalArgumentException for null recipient PASSED

EmailServiceImpl > sendAccountRestoredEmail > delegates to mailSender once for a valid named recipient STANDARD_OUT
    2026-03-10 23:50:40  INFO [Test worker] c.example.hms.service.EmailServiceImpl   - validateAddresses input: [user@example.com]
    2026-03-10 23:50:40  INFO [Test worker] c.example.hms.service.EmailServiceImpl   - validateAddresses input: [user@example.com]
    2026-03-10 23:50:40  INFO [Test worker] c.example.hms.service.EmailServiceImpl   - ≡ƒôº Sending email to: [user@example.com], subject: Your HMS Account Has Been Restored
    2026-03-10 23:50:40  INFO [Test worker] c.example.hms.service.EmailServiceImpl   - Γ£à Account restored notification email sent to user@example.com

EmailServiceImpl > sendAccountRestoredEmail > delegates to mailSender once for a valid named recipient PASSED

EmailServiceImpl > sendAccountRestoredEmail > delegates to mailSender once when displayName is blank (falls back to 'there') STANDARD_OUT
    2026-03-10 23:50:40  INFO [Test worker] c.example.hms.service.EmailServiceImpl   - validateAddresses input: [user@example.com]
    2026-03-10 23:50:40  INFO [Test worker] c.example.hms.service.EmailServiceImpl   - validateAddresses input: [user@example.com]
    2026-03-10 23:50:40  INFO [Test worker] c.example.hms.service.EmailServiceImpl   - ≡ƒôº Sending email to: [user@example.com], subject: Your HMS Account Has Been Restored
    2026-03-10 23:50:40  INFO [Test worker] c.example.hms.service.EmailServiceImpl   - Γ£à Account restored notification email sent to user@example.com

EmailServiceImpl > sendAccountRestoredEmail > delegates to mailSender once when displayName is blank (falls back to 'there') PASSED

EmailServiceImpl > sendAccountRestoredEmail > delegates to mailSender once when displayName is null (falls back to 'there') STANDARD_OUT
    2026-03-10 23:50:40  INFO [Test worker] c.example.hms.service.EmailServiceImpl   - validateAddresses input: [user@example.com]
    2026-03-10 23:50:40  INFO [Test worker] c.example.hms.service.EmailServiceImpl   - validateAddresses input: [user@example.com]
    2026-03-10 23:50:40  INFO [Test worker] c.example.hms.service.EmailServiceImpl   - ≡ƒôº Sending email to: [user@example.com], subject: Your HMS Account Has Been Restored
    2026-03-10 23:50:40  INFO [Test worker] c.example.hms.service.EmailServiceImpl   - Γ£à Account restored notification email sent to user@example.com

EmailServiceImpl > sendAccountRestoredEmail > delegates to mailSender once when displayName is null (falls back to 'there') PASSED

EmailServiceImpl > sendAccountRestoredEmail > throws IllegalArgumentException for malformed recipient email STANDARD_OUT
    2026-03-10 23:50:40  INFO [Test worker] c.example.hms.service.EmailServiceImpl   - validateAddresses input: [not-an-email]

EmailServiceImpl > sendAccountRestoredEmail > throws IllegalArgumentException for malformed recipient email PASSED

EmailServiceImpl > sendAdminWelcomeEmail > throws IllegalArgumentException for null recipient PASSED

EmailServiceImpl > sendAdminWelcomeEmail > delegates to mailSender once for a fully populated request STANDARD_OUT
    2026-03-10 23:50:40  INFO [Test worker] c.example.hms.service.EmailServiceImpl   - validateAddresses input: [admin@hospital.com]
    2026-03-10 23:50:40  INFO [Test worker] c.example.hms.service.EmailServiceImpl   - ≡ƒôº Sending admin welcome email to: admin@hospital.com
    2026-03-10 23:50:40  INFO [Test worker] c.example.hms.service.EmailServiceImpl   - validateAddresses input: [admin@hospital.com]
    2026-03-10 23:50:40  INFO [Test worker] c.example.hms.service.EmailServiceImpl   - ≡ƒôº Sending email to: [admin@hospital.com], subject: Welcome to HMS ΓÇö Your Account Is Ready
    2026-03-10 23:50:40  INFO [Test worker] c.example.hms.service.EmailServiceImpl   - Γ£à Admin welcome email sent to admin@hospital.com

EmailServiceImpl > sendAdminWelcomeEmail > delegates to mailSender once for a fully populated request PASSED

EmailServiceImpl > sendAdminWelcomeEmail > succeeds when hospitalName is null (global / super-admin role) STANDARD_OUT
    2026-03-10 23:50:40  INFO [Test worker] c.example.hms.service.EmailServiceImpl   - validateAddresses input: [admin@hospital.com]
    2026-03-10 23:50:40  INFO [Test worker] c.example.hms.service.EmailServiceImpl   - ≡ƒôº Sending admin welcome email to: admin@hospital.com
    2026-03-10 23:50:40  INFO [Test worker] c.example.hms.service.EmailServiceImpl   - validateAddresses input: [admin@hospital.com]
    2026-03-10 23:50:40  INFO [Test worker] c.example.hms.service.EmailServiceImpl   - ≡ƒôº Sending email to: [admin@hospital.com], subject: Welcome to HMS ΓÇö Your Account Is Ready
    2026-03-10 23:50:40  INFO [Test worker] c.example.hms.service.EmailServiceImpl   - Γ£à Admin welcome email sent to admin@hospital.com

EmailServiceImpl > sendAdminWelcomeEmail > succeeds when hospitalName is null (global / super-admin role) PASSED

EmailServiceImpl > sendAdminWelcomeEmail > succeeds when displayName is null (falls back gracefully) STANDARD_OUT
    2026-03-10 23:50:40  INFO [Test worker] c.example.hms.service.EmailServiceImpl   - validateAddresses input: [admin@hospital.com]
    2026-03-10 23:50:40  INFO [Test worker] c.example.hms.service.EmailServiceImpl   - ≡ƒôº Sending admin welcome email to: admin@hospital.com
    2026-03-10 23:50:40  INFO [Test worker] c.example.hms.service.EmailServiceImpl   - validateAddresses input: [admin@hospital.com]
    2026-03-10 23:50:40  INFO [Test worker] c.example.hms.service.EmailServiceImpl   - ≡ƒôº Sending email to: [admin@hospital.com], subject: Welcome to HMS ΓÇö Your Account Is Ready
    2026-03-10 23:50:40  INFO [Test worker] c.example.hms.service.EmailServiceImpl   - Γ£à Admin welcome email sent to admin@hospital.com

EmailServiceImpl > sendAdminWelcomeEmail > succeeds when displayName is null (falls back gracefully) PASSED

EmailServiceImpl > sendAdminWelcomeEmail > throws IllegalArgumentException for malformed recipient email STANDARD_OUT
    2026-03-10 23:50:40  INFO [Test worker] c.example.hms.service.EmailServiceImpl   - validateAddresses input: [not-an-email]

EmailServiceImpl > sendAdminWelcomeEmail > throws IllegalArgumentException for malformed recipient email PASSED

EmailServiceImpl > validateAddresses > throws when a null entry is present in the recipient list STANDARD_OUT
    2026-03-10 23:50:40  INFO [Test worker] c.example.hms.service.EmailServiceImpl   - validateAddresses input: [null]

EmailServiceImpl > validateAddresses > throws when a null entry is present in the recipient list PASSED

EmailServiceImpl > validateAddresses > throws when recipient list is null STANDARD_OUT
    2026-03-10 23:50:40  INFO [Test worker] c.example.hms.service.EmailServiceImpl   - validateAddresses input: null

EmailServiceImpl > validateAddresses > throws when recipient list is null PASSED

EmailServiceImpl > validateAddresses > throws when recipient list is empty STANDARD_OUT
    2026-03-10 23:50:40  INFO [Test worker] c.example.hms.service.EmailServiceImpl   - validateAddresses input: []

EmailServiceImpl > validateAddresses > throws when recipient list is empty PASSED

EmailServiceImpl > sendPasswordResetConfirmationEmail > throws IllegalArgumentException for null recipient PASSED

EmailServiceImpl > sendPasswordResetConfirmationEmail > delegates to mailSender once for a named recipient STANDARD_OUT
    2026-03-10 23:50:40  INFO [Test worker] c.example.hms.service.EmailServiceImpl   - validateAddresses input: [user@example.com]
    2026-03-10 23:50:40  INFO [Test worker] c.example.hms.service.EmailServiceImpl   - validateAddresses input: [user@example.com]
    2026-03-10 23:50:40  INFO [Test worker] c.example.hms.service.EmailServiceImpl   - ≡ƒôº Sending email to: [user@example.com], subject: Your HMS Password Has Been Changed
    2026-03-10 23:50:40  INFO [Test worker] c.example.hms.service.EmailServiceImpl   - Γ£à Password reset confirmation email sent to user@example.com

EmailServiceImpl > sendPasswordResetConfirmationEmail > delegates to mailSender once for a named recipient PASSED

EmailServiceImpl > sendPasswordResetConfirmationEmail > delegates to mailSender once when displayName is blank (falls back to 'there') STANDARD_OUT
    2026-03-10 23:50:40  INFO [Test worker] c.example.hms.service.EmailServiceImpl   - validateAddresses input: [user@example.com]
    2026-03-10 23:50:40  INFO [Test worker] c.example.hms.service.EmailServiceImpl   - validateAddresses input: [user@example.com]
    2026-03-10 23:50:40  INFO [Test worker] c.example.hms.service.EmailServiceImpl   - ≡ƒôº Sending email to: [user@example.com], subject: Your HMS Password Has Been Changed
    2026-03-10 23:50:40  INFO [Test worker] c.example.hms.service.EmailServiceImpl   - Γ£à Password reset confirmation email sent to user@example.com

EmailServiceImpl > sendPasswordResetConfirmationEmail > delegates to mailSender once when displayName is blank (falls back to 'there') PASSED

EmailServiceImpl > sendPasswordResetConfirmationEmail > delegates to mailSender once when displayName is null (falls back to 'there') STANDARD_OUT
    2026-03-10 23:50:40  INFO [Test worker] c.example.hms.service.EmailServiceImpl   - validateAddresses input: [user@example.com]
    2026-03-10 23:50:40  INFO [Test worker] c.example.hms.service.EmailServiceImpl   - validateAddresses input: [user@example.com]
    2026-03-10 23:50:40  INFO [Test worker] c.example.hms.service.EmailServiceImpl   - ≡ƒôº Sending email to: [user@example.com], subject: Your HMS Password Has Been Changed
    2026-03-10 23:50:40  INFO [Test worker] c.example.hms.service.EmailServiceImpl   - Γ£à Password reset confirmation email sent to user@example.com

EmailServiceImpl > sendPasswordResetConfirmationEmail > delegates to mailSender once when displayName is null (falls back to 'there') PASSED

EmailServiceImpl > sendPasswordResetConfirmationEmail > uses configured frontendBaseUrl in sign-in link (not yourapp.com) STANDARD_OUT
    2026-03-10 23:50:40  INFO [Test worker] c.example.hms.service.EmailServiceImpl   - validateAddresses input: [user@example.com]
    2026-03-10 23:50:40  INFO [Test worker] c.example.hms.service.EmailServiceImpl   - validateAddresses input: [user@example.com]
    2026-03-10 23:50:40  INFO [Test worker] c.example.hms.service.EmailServiceImpl   - ≡ƒôº Sending email to: [user@example.com], subject: Your HMS Password Has Been Changed
    2026-03-10 23:50:40  INFO [Test worker] c.example.hms.service.EmailServiceImpl   - Γ£à Password reset confirmation email sent to user@example.com

EmailServiceImpl > sendPasswordResetConfirmationEmail > uses configured frontendBaseUrl in sign-in link (not yourapp.com) PASSED

EmailServiceImpl > sendPasswordResetConfirmationEmail > throws IllegalArgumentException for malformed recipient email STANDARD_OUT
    2026-03-10 23:50:40  INFO [Test worker] c.example.hms.service.EmailServiceImpl   - validateAddresses input: [bad@@email]

EmailServiceImpl > sendPasswordResetConfirmationEmail > throws IllegalArgumentException for malformed recipient email PASSED

EmailServiceImpl > sendPasswordResetEmail > throws IllegalArgumentException for invalid email format STANDARD_OUT
    2026-03-10 23:50:40  INFO [Test worker] c.example.hms.service.EmailServiceImpl   - validateAddresses input: [not-an-email]

EmailServiceImpl > sendPasswordResetEmail > throws IllegalArgumentException for invalid email format PASSED

EmailServiceImpl > sendPasswordResetEmail > throws IllegalArgumentException for blank recipient STANDARD_OUT
    2026-03-10 23:50:40  INFO [Test worker] c.example.hms.service.EmailServiceImpl   - validateAddresses input: []

EmailServiceImpl > sendPasswordResetEmail > throws IllegalArgumentException for blank recipient PASSED

EmailServiceImpl > sendPasswordResetEmail > delegates to mailSender once for a valid recipient STANDARD_OUT
    2026-03-10 23:50:40  INFO [Test worker] c.example.hms.service.EmailServiceImpl   - validateAddresses input: [user@example.com]
    2026-03-10 23:50:40  INFO [Test worker] c.example.hms.service.EmailServiceImpl   - ≡ƒôº Sending email to: [user@example.com], subject: Reset Your Hospital Management Account Password
    2026-03-10 23:50:40  INFO [Test worker] c.example.hms.service.EmailServiceImpl   - Γ£à Password reset email sent to user@example.com

EmailServiceImpl > sendPasswordResetEmail > delegates to mailSender once for a valid recipient PASSED

EmailServiceImpl > sendPasswordResetEmail > delegates to mailSender with a non-default frontendBaseUrl in the body STANDARD_OUT
    2026-03-10 23:50:40  INFO [Test worker] c.example.hms.service.EmailServiceImpl   - validateAddresses input: [user@example.com]
    2026-03-10 23:50:40  INFO [Test worker] c.example.hms.service.EmailServiceImpl   - ≡ƒôº Sending email to: [user@example.com], subject: Reset Your Hospital Management Account Password
    2026-03-10 23:50:40  INFO [Test worker] c.example.hms.service.EmailServiceImpl   - Γ£à Password reset email sent to user@example.com

EmailServiceImpl > sendPasswordResetEmail > delegates to mailSender with a non-default frontendBaseUrl in the body PASSED

EmpiServiceImplTest > linkIdentity_whenIdentityAlreadySatisfiesRequestSkipsSave() PASSED

EmpiServiceImplTest > linkIdentity_retriesEmpiNumberGenerationUntilUnique() PASSED

EmpiServiceImplTest > linkIdentity_withExistingAliasOwnedByAnotherIdentityThrows() PASSED

EmpiServiceImplTest > addAlias_publishesKafkaEventWhenEnabled() PASSED

EmpiServiceImplTest > mergeIdentities_marksSecondaryAsMergedAndRecordsEvent() PASSED

EmpiServiceImplTest > removeAlias_removesAliasAndPersistsIdentity() PASSED

EmpiServiceImplTest > linkIdentity_createsNewIdentityWithAlias() PASSED

EmpiServiceImplTest > findIdentityByAlias_returnsDtoWhenAliasPresent() PASSED

EmpiServiceImplTest > linkIdentity_whenUnableToGenerateUniqueEmpiNumberThrows() PASSED

EmpiServiceImplTest > getIdentityByEmpiNumber_withBlankInputThrowsBusinessException() PASSED

EmpiServiceImplTest > linkIdentity_withOrphanedAliasThrowsBusinessException() PASSED

EmpiServiceImplTest > addAlias_logsWarningWhenKafkaSendFails() STANDARD_OUT
    2026-03-10 23:50:41  WARN [Test worker] c.e.hms.service.empi.EmpiServiceImpl     - Failed to publish EMPI event EmpiEventPayload(eventType=IDENTITY_ALIAS_CREATED, empiNumber=EMP-666666, masterIdentityId=fc4e950c-00a8-431b-be42-19df335ddc08, patientId=481ba672-beae-4374-9d2e-83801c95cf8f, primaryEmpiNumber=null, secondaryEmpiNumber=null, fhirBundleJson=null, occurredAt=2026-03-10T23:50:41.671298900-04:00, organizationId=6296df01-4798-45ea-917e-7a1cd8765161, hospitalId=753de8db-f037-40aa-af4c-d2e4a9601a58, departmentId=null)
    java.lang.IllegalStateException: send failure
    	at org.springframework.kafka.core.KafkaTemplate.send(KafkaTemplate.java:602)
    	at com.example.hms.service.empi.EmpiServiceImpl.publishEvent(EmpiServiceImpl.java:339)
    	at com.example.hms.service.empi.EmpiServiceImpl.addAlias(EmpiServiceImpl.java:142)
    	at com.example.hms.service.EmpiServiceImplTest.addAlias_logsWarningWhenKafkaSendFails(EmpiServiceImplTest.java:479)
    	at java.base/jdk.internal.reflect.DirectMethodHandleAccessor.invoke(DirectMethodHandleAccessor.java:103)
    	at java.base/java.lang.reflect.Method.invoke(Method.java:580)
    	at org.junit.platform.commons.util.ReflectionUtils.invokeMethod(ReflectionUtils.java:767)
    	at org.junit.jupiter.engine.execution.MethodInvocation.proceed(MethodInvocation.java:60)
    	at org.junit.jupiter.engine.execution.InvocationInterceptorChain$ValidatingInvocation.proceed(InvocationInterceptorChain.java:131)
    	at org.junit.jupiter.engine.extension.TimeoutExtension.intercept(TimeoutExtension.java:156)
    	at org.junit.jupiter.engine.extension.TimeoutExtension.interceptTestableMethod(TimeoutExtension.java:147)
    	at org.junit.jupiter.engine.extension.TimeoutExtension.interceptTestMethod(TimeoutExtension.java:86)
    	at org.junit.jupiter.engine.execution.InterceptingExecutableInvoker$ReflectiveInterceptorCall.lambda$ofVoidMethod$0(InterceptingExecutableInvoker.java:103)
    	at org.junit.jupiter.engine.execution.InterceptingExecutableInvoker.lambda$invoke$0(InterceptingExecutableInvoker.java:93)
    	at org.junit.jupiter.engine.execution.InvocationInterceptorChain$InterceptedInvocation.proceed(InvocationInterceptorChain.java:106)
    	at org.junit.jupiter.engine.execution.InvocationInterceptorChain.proceed(InvocationInterceptorChain.java:64)
    	at org.junit.jupiter.engine.execution.InvocationInterceptorChain.chainAndInvoke(InvocationInterceptorChain.java:45)
    	at org.junit.jupiter.engine.execution.InvocationInterceptorChain.invoke(InvocationInterceptorChain.java:37)
    	at org.junit.jupiter.engine.execution.InterceptingExecutableInvoker.invoke(InterceptingExecutableInvoker.java:92)
    	at org.junit.jupiter.engine.execution.InterceptingExecutableInvoker.invoke(InterceptingExecutableInvoker.java:86)
    	at org.junit.jupiter.engine.descriptor.TestMethodTestDescriptor.lambda$invokeTestMethod$8(TestMethodTestDescriptor.java:217)
    	at org.junit.platform.engine.support.hierarchical.ThrowableCollector.execute(ThrowableCollector.java:73)
    	at org.junit.jupiter.engine.descriptor.TestMethodTestDescriptor.invokeTestMethod(TestMethodTestDescriptor.java:213)
    	at org.junit.jupiter.engine.descriptor.TestMethodTestDescriptor.execute(TestMethodTestDescriptor.java:138)
    	at org.junit.jupiter.engine.descriptor.TestMethodTestDescriptor.execute(TestMethodTestDescriptor.java:68)
    	at org.junit.platform.engine.support.hierarchical.NodeTestTask.lambda$executeRecursively$6(NodeTestTask.java:156)
    	at org.junit.platform.engine.support.hierarchical.ThrowableCollector.execute(ThrowableCollector.java:73)
    	at org.junit.platform.engine.support.hierarchical.NodeTestTask.lambda$executeRecursively$8(NodeTestTask.java:146)
    	at org.junit.platform.engine.support.hierarchical.Node.around(Node.java:137)
    	at org.junit.platform.engine.support.hierarchical.NodeTestTask.lambda$executeRecursively$9(NodeTestTask.java:144)
    	at org.junit.platform.engine.support.hierarchical.ThrowableCollector.execute(ThrowableCollector.java:73)
    	at org.junit.platform.engine.support.hierarchical.NodeTestTask.executeRecursively(NodeTestTask.java:143)
    	at org.junit.platform.engine.support.hierarchical.NodeTestTask.execute(NodeTestTask.java:100)
    	at java.base/java.util.ArrayList.forEach(ArrayList.java:1596)
    	at org.junit.platform.engine.support.hierarchical.SameThreadHierarchicalTestExecutorService.invokeAll(SameThreadHierarchicalTestExecutorService.java:41)
    	at org.junit.platform.engine.support.hierarchical.NodeTestTask.lambda$executeRecursively$6(NodeTestTask.java:160)
    	at org.junit.platform.engine.support.hierarchical.ThrowableCollector.execute(ThrowableCollector.java:73)
    	at org.junit.platform.engine.support.hierarchical.NodeTestTask.lambda$executeRecursively$8(NodeTestTask.java:146)
    	at org.junit.platform.engine.support.hierarchical.Node.around(Node.java:137)
    	at org.junit.platform.engine.support.hierarchical.NodeTestTask.lambda$executeRecursively$9(NodeTestTask.java:144)
    	at org.junit.platform.engine.support.hierarchical.ThrowableCollector.execute(ThrowableCollector.java:73)
    	at org.junit.platform.engine.support.hierarchical.NodeTestTask.executeRecursively(NodeTestTask.java:143)
    	at org.junit.platform.engine.support.hierarchical.NodeTestTask.execute(NodeTestTask.java:100)
    	at java.base/java.util.ArrayList.forEach(ArrayList.java:1596)
    	at org.junit.platform.engine.support.hierarchical.SameThreadHierarchicalTestExecutorService.invokeAll(SameThreadHierarchicalTestExecutorService.java:41)
    	at org.junit.platform.engine.support.hierarchical.NodeTestTask.lambda$executeRecursively$6(NodeTestTask.java:160)
    	at org.junit.platform.engine.support.hierarchical.ThrowableCollector.execute(ThrowableCollector.java:73)
    	at org.junit.platform.engine.support.hierarchical.NodeTestTask.lambda$executeRecursively$8(NodeTestTask.java:146)
    	at org.junit.platform.engine.support.hierarchical.Node.around(Node.java:137)
    	at org.junit.platform.engine.support.hierarchical.NodeTestTask.lambda$executeRecursively$9(NodeTestTask.java:144)
    	at org.junit.platform.engine.support.hierarchical.ThrowableCollector.execute(ThrowableCollector.java:73)
    	at org.junit.platform.engine.support.hierarchical.NodeTestTask.executeRecursively(NodeTestTask.java:143)
    	at org.junit.platform.engine.support.hierarchical.NodeTestTask.execute(NodeTestTask.java:100)
    	at org.junit.platform.engine.support.hierarchical.SameThreadHierarchicalTestExecutorService.submit(SameThreadHierarchicalTestExecutorService.java:35)
    	at org.junit.platform.engine.support.hierarchical.HierarchicalTestExecutor.execute(HierarchicalTestExecutor.java:57)
    	at org.junit.platform.engine.support.hierarchical.HierarchicalTestEngine.execute(HierarchicalTestEngine.java:54)
    	at org.junit.platform.launcher.core.EngineExecutionOrchestrator.execute(EngineExecutionOrchestrator.java:198)
    	at org.junit.platform.launcher.core.EngineExecutionOrchestrator.execute(EngineExecutionOrchestrator.java:169)
    	at org.junit.platform.launcher.core.EngineExecutionOrchestrator.execute(EngineExecutionOrchestrator.java:93)
    	at org.junit.platform.launcher.core.EngineExecutionOrchestrator.lambda$execute$0(EngineExecutionOrchestrator.java:58)
    	at org.junit.platform.launcher.core.EngineExecutionOrchestrator.withInterceptedStreams(EngineExecutionOrchestrator.java:141)
    	at org.junit.platform.launcher.core.EngineExecutionOrchestrator.execute(EngineExecutionOrchestrator.java:57)
    	at org.junit.platform.launcher.core.DefaultLauncher.execute(DefaultLauncher.java:103)
    	at org.junit.platform.launcher.core.DefaultLauncher.execute(DefaultLauncher.java:85)
    	at org.junit.platform.launcher.core.DelegatingLauncher.execute(DelegatingLauncher.java:47)
    	at org.gradle.api.internal.tasks.testing.junitplatform.JUnitPlatformTestClassProcessor$CollectAllTestClassesExecutor.processAllTestClasses(JUnitPlatformTestClassProcessor.java:124)
    	at org.gradle.api.internal.tasks.testing.junitplatform.JUnitPlatformTestClassProcessor$CollectAllTestClassesExecutor.access$000(JUnitPlatformTestClassProcessor.java:99)
    	at org.gradle.api.internal.tasks.testing.junitplatform.JUnitPlatformTestClassProcessor.stop(JUnitPlatformTestClassProcessor.java:94)
    	at org.gradle.api.internal.tasks.testing.SuiteTestClassProcessor.stop(SuiteTestClassProcessor.java:63)
    	at java.base/jdk.internal.reflect.DirectMethodHandleAccessor.invoke(DirectMethodHandleAccessor.java:103)
    	at java.base/java.lang.reflect.Method.invoke(Method.java:580)
    	at org.gradle.internal.dispatch.ReflectionDispatch.dispatch(ReflectionDispatch.java:36)
    	at org.gradle.internal.dispatch.ReflectionDispatch.dispatch(ReflectionDispatch.java:24)
    	at org.gradle.internal.dispatch.ContextClassLoaderDispatch.dispatch(ContextClassLoaderDispatch.java:33)
    	at org.gradle.internal.dispatch.ProxyDispatchAdapter$DispatchingInvocationHandler.invoke(ProxyDispatchAdapter.java:92)
    	at jdk.proxy2/jdk.proxy2.$Proxy6.stop(Unknown Source)
    	at org.gradle.api.internal.tasks.testing.worker.TestWorker$3.run(TestWorker.java:200)
    	at org.gradle.api.internal.tasks.testing.worker.TestWorker.executeAndMaintainThreadName(TestWorker.java:132)
    	at org.gradle.api.internal.tasks.testing.worker.TestWorker.execute(TestWorker.java:103)
    	at org.gradle.api.internal.tasks.testing.worker.TestWorker.execute(TestWorker.java:63)
    	at org.gradle.process.internal.worker.child.ActionExecutionWorker.execute(ActionExecutionWorker.java:56)
    	at org.gradle.process.internal.worker.child.SystemApplicationClassLoaderWorker.call(SystemApplicationClassLoaderWorker.java:121)
    	at org.gradle.process.internal.worker.child.SystemApplicationClassLoaderWorker.call(SystemApplicationClassLoaderWorker.java:71)
    	at worker.org.gradle.process.internal.worker.GradleWorkerMain.run(GradleWorkerMain.java:69)
    	at worker.org.gradle.process.internal.worker.GradleWorkerMain.main(GradleWorkerMain.java:74)

EmpiServiceImplTest > addAlias_logsWarningWhenKafkaSendFails() PASSED

EmpiServiceImplTest > addAlias_whenAliasAlreadyExistsThrows() PASSED

EmpiServiceImplTest > removeAlias_whenAliasMissingThrowsNotFound() PASSED

EmpiServiceImplTest > findIdentityByAlias_withInvalidArgumentsReturnsEmpty() PASSED

EmpiServiceImplTest > addAlias_whenKafkaTemplateUnavailableSkipsPublish() PASSED

EncounterServiceImplIdentifierTest > testCreateEncounterWithHumanIdentifiers() STANDARD_OUT
    Exception message: Patient not found

EncounterServiceImplIdentifierTest > testCreateEncounterWithHumanIdentifiers() PASSED

EncounterServiceImplTest > getEncountersByPatientId_success() PASSED

EncounterServiceImplTest > toDto_encounterTreatment_full() PASSED

EncounterServiceImplTest > getEncountersByDoctorId_nullUser() PASSED

EncounterServiceImplTest > list_withAllFilters() PASSED

EncounterServiceImplTest > getEncounterNoteHistory_success() PASSED

EncounterServiceImplTest > getEncountersByPatientIdentifier_patientNotFound() PASSED

EncounterServiceImplTest > getEncounterById_notFound() PASSED

EncounterServiceImplTest > getEncounterNoteHistory_encounterNotFound() PASSED

EncounterServiceImplTest > getEncountersByDoctorId_notDoctor() PASSED

EncounterServiceImplTest > getEncountersByDoctorId_staffNotFound() PASSED

EncounterServiceImplTest > getEncountersByDoctorId_success() PASSED

EncounterServiceImplTest > getEncountersByPatientId_patientNotFound() PASSED

EncounterServiceImplTest > toDto_encounterTreatment_nullEncounter() PASSED

EncounterServiceImplTest > toDto_encounterTreatment_nullStaffUser() PASSED

EncounterServiceImplTest > list_returnsPage() PASSED

EncounterServiceImplTest > deleteEncounter_success() PASSED

EncounterServiceImplTest > toDto_encounterTreatment_nullEntity() PASSED

EncounterServiceImplTest > getEncounterById_success() PASSED

EncounterServiceImplTest > getEncountersByPatientIdentifier_success() PASSED

EncounterServiceImplTest > toDto_encounterTreatment_nullStaff() PASSED

EncounterServiceImplTest > deleteEncounter_notFound() PASSED

EncounterTreatmentServiceImplTest > getTreatmentsByEncounter > returns empty list when no treatments for encounter PASSED

EncounterTreatmentServiceImplTest > getTreatmentsByEncounter > throws ResourceNotFoundException when encounter not found PASSED

EncounterTreatmentServiceImplTest > getTreatmentsByEncounter > succeeds when encounter belongs to same hospital PASSED

EncounterTreatmentServiceImplTest > getTreatmentsByEncounter > returns list of response DTOs for encounter PASSED

EncounterTreatmentServiceImplTest > getTreatmentsByEncounter > super admin bypasses hospital filter PASSED

EncounterTreatmentServiceImplTest > getTreatmentsByEncounter > throws 404 when encounter belongs to different hospital PASSED

EncounterTreatmentServiceImplTest > addTreatmentToEncounter > throws ResourceNotFoundException when encounter not found PASSED

EncounterTreatmentServiceImplTest > addTreatmentToEncounter > successfully adds treatment without staff (staffId is null) PASSED

EncounterTreatmentServiceImplTest > addTreatmentToEncounter > throws ResourceNotFoundException when staff not found PASSED

EncounterTreatmentServiceImplTest > addTreatmentToEncounter > throws ResourceNotFoundException when treatment not found PASSED

EncounterTreatmentServiceImplTest > addTreatmentToEncounter > successfully adds treatment with staff provided PASSED

FeatureFlagServiceImplTest > upsertOverrideTrimsKeyAndSanitizesDescription() STANDARD_OUT
    2026-03-10 23:50:43  INFO [Test worker] c.e.h.s.impl.FeatureFlagServiceImpl      - Feature flag override saved key=new-feature enabled=true updatedBy=tester env=null

FeatureFlagServiceImplTest > upsertOverrideTrimsKeyAndSanitizesDescription() PASSED

FeatureFlagServiceImplTest > deleteOverrideRemovesEntityAndRefreshesFlags() STANDARD_OUT
    2026-03-10 23:50:43  INFO [Test worker] c.e.h.s.impl.FeatureFlagServiceImpl      - Feature flag override removed key=beta-feature updatedBy=tester env=null id=null

FeatureFlagServiceImplTest > deleteOverrideRemovesEntityAndRefreshesFlags() PASSED

FeatureFlagServiceImplTest > upsertOverrideUpdatesExistingEntity() STANDARD_OUT
    2026-03-10 23:50:43  INFO [Test worker] c.e.h.s.impl.FeatureFlagServiceImpl      - Feature flag override saved key=existing-flag enabled=true updatedBy=tester env=qa

FeatureFlagServiceImplTest > upsertOverrideUpdatesExistingEntity() PASSED

FeatureFlagServiceImplTest > listFlagsUsesActiveProfileWhenNoOverrideProvided() PASSED

FeatureFlagServiceImplTest > listFlagsPrefersRequestedEnvironment() PASSED

FeatureFlagServiceImplTest > listFlagsMergesDefaultsAndOverrides() PASSED

FeatureFlagServiceImplTest > upsertOverrideThrowsForBlankKey() PASSED

GeneralReferralServiceImplTest > getReferralsByPatient delegates to repository PASSED

GeneralReferralServiceImplTest > completeReferral sets summary and follow-up PASSED

GeneralReferralServiceImplTest > getOverdueReferrals delegates to repository PASSED

GeneralReferralServiceImplTest > acknowledgeReferral sets receiving provider and notes PASSED

GeneralReferralServiceImplTest > submitReferral transitions draft to submitted PASSED

GeneralReferralServiceImplTest > getReferralsByReceivingProvider delegates to repository PASSED

GeneralReferralServiceImplTest > getReferral returns DTO PASSED

GeneralReferralServiceImplTest > cancelReferral sets cancellation reason PASSED

GeneralReferralServiceImplTest > getReferralsByReferringProvider delegates to repository PASSED

GeneralReferralServiceImplTest > getReferral throws when not found PASSED

GeneralReferralServiceImplTest > getAllReferrals > returns all when status is blank PASSED

GeneralReferralServiceImplTest > getAllReferrals > filters by status when provided PASSED

GeneralReferralServiceImplTest > getAllReferrals > returns all when status is null PASSED

GeneralReferralServiceImplTest > getReferralsByHospital > returns all when status is blank PASSED

GeneralReferralServiceImplTest > getReferralsByHospital > filters by status when provided PASSED

GeneralReferralServiceImplTest > getReferralsByHospital > returns all when status is null PASSED

GeneralReferralServiceImplTest > createReferral > priority score for URGENT urgency PASSED

GeneralReferralServiceImplTest > createReferral > handles null medications list via copyList PASSED

GeneralReferralServiceImplTest > createReferral > creates referral without optional fields PASSED

GeneralReferralServiceImplTest > createReferral > throws when receiving provider not found PASSED

GeneralReferralServiceImplTest > createReferral > priority score for PRIORITY urgency PASSED

GeneralReferralServiceImplTest > createReferral > throws when patient not found PASSED

GeneralReferralServiceImplTest > createReferral > priority score for EMERGENCY urgency PASSED

GeneralReferralServiceImplTest > createReferral > creates referral with receiving provider and department PASSED

HighRiskPregnancyCarePlanServiceImplTest > markMilestoneCompleteDefaultsCompletionDateWhenMissing() PASSED

HighRiskPregnancyCarePlanServiceImplTest > addBloodPressureLogOrdersLogsByLatestReadingDate() PASSED

HospitalServiceImplTest > getHospitalsByOrganization_shouldThrowWhenOrganizationMissing() PASSED

HospitalServiceImplTest > matchesDepartmentQuery returns false when no field matches the query PASSED

HospitalServiceImplTest > matchesHospitalForDepartment: match by hospital code, not name PASSED

HospitalServiceImplTest > isAnonymousContext returns true when principalUsername is null but principalUserId is not PASSED

HospitalServiceImplTest > matchesDepartmentBasics matches by department code PASSED

HospitalServiceImplTest > getAllHospitals_unassignedOnlyIgnoresOrganization() PASSED

HospitalServiceImplTest > getHospitalsWithDepartments match by head user full name PASSED

HospitalServiceImplTest > getHospitalsWithDepartments_shouldReturnEmptyWhenDepartmentQueryDoesNotMatch() PASSED

HospitalServiceImplTest > applyHospitalScope filters out hospital with null id PASSED

HospitalServiceImplTest > applyHospitalScope handles null list PASSED

HospitalServiceImplTest > matchesHospitalForDepartment with hospital code match PASSED

HospitalServiceImplTest > getHospitalsWithDepartments matches by hospital name in department search PASSED

HospitalServiceImplTest > matchesDepartmentQuery with null department PASSED

HospitalServiceImplTest > hasHospitalAccess returns false for null hospitalId PASSED

HospitalServiceImplTest > toDepartmentSummary: head user blank name and staff name null ΓåÆ headName is blank PASSED

HospitalServiceImplTest > getAllHospitals normalizes empty strings to null PASSED

HospitalServiceImplTest > getHospitalsByOrganization returns hospitals with scope applied PASSED

HospitalServiceImplTest > getAllHospitals returns empty when scoped user has empty scope PASSED

HospitalServiceImplTest > getHospitalsWithDepartments with head user having only firstName PASSED

HospitalServiceImplTest > matchesDepartmentBasics matches by department email PASSED

HospitalServiceImplTest > matchesDepartmentBasics matches by department phone PASSED

HospitalServiceImplTest > toDepartmentSummary: head has no user but has name ΓåÆ uses staff name PASSED

HospitalServiceImplTest > getHospitalsWithDepartments with department head having no user PASSED

HospitalServiceImplTest > getHospitalsWithDepartments with null departments set returns all departments empty PASSED

HospitalServiceImplTest > getHospitalsWithDepartments with no department query includes all departments PASSED

HospitalServiceImplTest > getHospitalsByOrganization_shouldReturnEmptyWhenOrganizationExistsButNoHospitals() PASSED

HospitalServiceImplTest > getHospitalsWithDepartments matches by head of department user email PASSED

HospitalServiceImplTest > getAllHospitals applies hospital scope filtering for scoped user PASSED

HospitalServiceImplTest > toDepartmentSummary passes parent hospital's id/name (not dept's hospital) PASSED

HospitalServiceImplTest > buildFullName with null firstName and non-null lastName PASSED

HospitalServiceImplTest > getAllHospitals returns all for superAdmin context PASSED

HospitalServiceImplTest > toDepartmentSummary with null head of department PASSED

HospitalServiceImplTest > getHospitalsWithDepartments with null departments set PASSED

HospitalServiceImplTest > getHospitalsWithDepartments returns empty when repository returns empty PASSED

HospitalServiceImplTest > matchesHeadOfDepartment: head staff name matches but user doesn't PASSED

HospitalServiceImplTest > getHospitalsWithDepartments with head user blank full name falls back to staff name PASSED

HospitalServiceImplTest > unassignHospitalFromOrganization_shouldClearLink() PASSED

HospitalServiceImplTest > getAllHospitals returns all for anonymous context PASSED

HospitalServiceImplTest > getAllHospitals_shouldNormalizeFilters() PASSED

HospitalServiceImplTest > matchesHeadOfDepartment: user email matches query but fullName doesn't PASSED

HospitalServiceImplTest > getHospitalsWithDepartments match by head staff name PASSED

HospitalServiceImplTest > applyHospitalScope filters out null hospital in list PASSED

HospitalServiceImplTest > searchHospitals delegates to repository PASSED

HospitalServiceImplTest > mapHospitalWithDepartments with null department in set PASSED

HospitalServiceImplTest > matchesHeadOfDepartment: user fullName matches query PASSED

HospitalServiceImplTest > toDepartmentSummary with null staffMembers returns 0 staffCount PASSED

HospitalServiceImplTest > assignHospitalToOrganization_shouldAttachOrganization() PASSED

HospitalServiceImplTest > getHospitalsWithDepartments_shouldFilterDepartmentsByQuery() PASSED

HospitalServiceImplTest > Address validation > null country treated as foreign PASSED

HospitalServiceImplTest > Address validation > US address with blank state throws PASSED

HospitalServiceImplTest > Address validation > foreign country requires address or poBox PASSED

HospitalServiceImplTest > Address validation > US address requires zipCode PASSED

HospitalServiceImplTest > Address validation > USA country code treated same as US PASSED

HospitalServiceImplTest > Address validation > US address with blank zipCode throws PASSED

HospitalServiceImplTest > Address validation > foreign country with poBox is valid PASSED

HospitalServiceImplTest > Address validation > US address requires state PASSED

HospitalServiceImplTest > Address validation > foreign country with blank address and blank poBox throws PASSED

HospitalServiceImplTest > deleteHospital > deletes existing hospital PASSED

HospitalServiceImplTest > deleteHospital > throws when not super admin PASSED

HospitalServiceImplTest > deleteHospital > throws when hospital not found PASSED

HospitalServiceImplTest > updateHospital > updates hospital successfully PASSED

HospitalServiceImplTest > updateHospital > updates hospital with new organization PASSED

HospitalServiceImplTest > updateHospital > throws when hospital not found PASSED

HospitalServiceImplTest > createHospital > creates hospital successfully for US address PASSED

HospitalServiceImplTest > createHospital > creates hospital with organization PASSED

HospitalServiceImplTest > createHospital > throws DuplicateResourceException when hospital already exists PASSED

HospitalServiceImplTest > createHospital > throws AccessDeniedException when not super admin PASSED

HospitalServiceImplTest > createHospital > throws when organization not found PASSED

HospitalServiceImplTest > getHospitalById > throws AccessDenied when user has no scope access PASSED

HospitalServiceImplTest > getHospitalById > returns DTO when found and user has access PASSED

HospitalServiceImplTest > getHospitalById > throws when not found PASSED

Hospital Tenant Isolation > RoleValidator Hospital Requirement > requireActiveHospitalId throws when no hospital context for non-superadmin PASSED

Hospital Tenant Isolation > RoleValidator Hospital Requirement > requireActiveHospitalId returns active hospital from context PASSED

Hospital Tenant Isolation > Lab Order Service > Cross-hospital lab order access is blocked by hospital ID mismatch check PASSED

Hospital Tenant Isolation > Prescription Service > Cross-hospital prescription access is blocked by hospital ID mismatch check PASSED

ImagingOrderServiceImplTest > getOrdersByPatient_superAdmin_noFilter() PASSED

ImagingOrderServiceImplTest > previewDuplicatesReturnsEmptyWhenPatientIdNull() PASSED

ImagingOrderServiceImplTest > createOrderSetsOrderingUserAndDuplicateMetadata() PASSED

ImagingOrderServiceImplTest > getOrdersByPatientReturnsAllWhenStatusNull() PASSED

ImagingOrderServiceImplTest > getAllOrders_superAdmin_noFilter_withStatus() PASSED

ImagingOrderServiceImplTest > previewDuplicatesReturnsEmptyWhenModalityNull() PASSED

ImagingOrderServiceImplTest > getAllOrders_scopedToHospital_delegatesToHospitalQuery() PASSED

ImagingOrderServiceImplTest > previewDuplicatesTrimsBodyRegionBeforeQuery() PASSED

ImagingOrderServiceImplTest > getOrder_sameHospital_success() PASSED

ImagingOrderServiceImplTest > updateOrderClearsDuplicateFlagsWhenNoMatches() PASSED

ImagingOrderServiceImplTest > updateOrderStatusNonCancelledDoesNotSetCancellationFields() PASSED

ImagingOrderServiceImplTest > captureProviderSignaturePromotesDraftOrder() PASSED

ImagingOrderServiceImplTest > createOrderNoDuplicatesClearsDuplicateFlags() PASSED

ImagingOrderServiceImplTest > getAllOrdersReturnsAllWhenStatusNull() PASSED

ImagingOrderServiceImplTest > getOrder_crossHospital_throws404() PASSED

ImagingOrderServiceImplTest > getOrdersByPatient_scopedToHospital() PASSED

ImagingOrderServiceImplTest > getOrdersByPatientFiltersByStatusWhenProvided() PASSED

ImagingOrderServiceImplTest > getOrderThrowsWhenNotFound() PASSED

ImagingOrderServiceImplTest > getOrdersByHospitalFiltersByStatusWhenProvided() PASSED

ImagingOrderServiceImplTest > getOrderReturnsResponseDTO() PASSED

ImagingOrderServiceImplTest > captureProviderSignatureUsesCurrentTimeWhenSignedAtNull() PASSED

ImagingOrderServiceImplTest > getAllOrdersFiltersByStatusWhenProvided() PASSED

ImagingOrderServiceImplTest > normalizeBodyRegionReturnsNullForEmptyString() PASSED

ImagingOrderServiceImplTest > getOrder_superAdmin_noFilter() PASSED

ImagingOrderServiceImplTest > updateOrderStatusCancelledPersistsReasonAndAuditFields() PASSED

ImagingOrderServiceImplTest > normalizeBodyRegionReturnsNullForNull() PASSED

ImagingOrderServiceImplTest > getOrdersByHospitalReturnsAllWhenStatusNull() PASSED

ImagingReportServiceImplTest > updateReportStatusAppendsHistoryWithStaffMetadata() PASSED

ImagingReportServiceImplTest > createReportIncrementsVersionAndDemotesExistingLatest() PASSED

ImagingReportServiceImplTest > updateReportPromotesVersionToLatestAndDemotesPrevious() PASSED

LabOrderServiceImplTest > createLabOrderRequiresOrderChannelOtherWhenChannelIsOther() PASSED

LabOrderServiceImplTest > updateLabOrderRetainsExistingSignatureWhenPayloadMissing() PASSED

LabOrderServiceImplTest > createLabOrderHashesProviderSignaturePayload() PASSED

LabOrderServiceImplTest > createLabOrderAppliesStandingOrderMetadata() PASSED

LabOrderServiceImplTest > createLabOrderRequiresDocumentationReferenceWhenShared() PASSED

LabResultServiceImplWorkflowTest > signLabResultRequiresPermission() PASSED

LabResultServiceImplWorkflowTest > getLabResultByIdIncludesTrendHistory() PASSED

LabResultServiceImplWorkflowTest > releaseLabResultSetsMetadataAndReturnsDto() PASSED

LabResultServiceImplWorkflowTest > releaseLabResultThrowsWhenResultMissing() PASSED

LabResultServiceImplWorkflowTest > releaseLabResultRequiresPermission() PASSED

LabResultServiceImplWorkflowTest > releaseLabResultSkipsUpdateWhenAlreadyReleased() PASSED

LabResultServiceImplWorkflowTest > signLabResultRecordsSignatureAndAcknowledgement() PASSED

LabTestDefinitionServiceImplTest > create_withAssignment_success() PASSED

LabTestDefinitionServiceImplTest > search_success() PASSED

LabTestDefinitionServiceImplTest > delete_notFound_throws() PASSED

LabTestDefinitionServiceImplTest > update_notFound_throws() PASSED

LabTestDefinitionServiceImplTest > search_withNullPageable_usesUnpaged() PASSED

LabTestDefinitionServiceImplTest > delete_unauthenticated_throws() PASSED

LabTestDefinitionServiceImplTest > getActiveByHospital_withHospitalId_mergesResults() PASSED

LabTestDefinitionServiceImplTest > update_globalDefinition_superAdmin_success() PASSED

LabTestDefinitionServiceImplTest > create_hospitalLevel_unauthorizedUser_throws() PASSED

LabTestDefinitionServiceImplTest > getAll_success() PASSED

LabTestDefinitionServiceImplTest > create_hospitalLevel_elevatedRole_success() PASSED

LabTestDefinitionServiceImplTest > update_unauthenticated_throws() PASSED

LabTestDefinitionServiceImplTest > create_assignmentNotFound_throws() PASSED

LabTestDefinitionServiceImplTest > create_noAssignment_globalAdmin_success() PASSED

LabTestDefinitionServiceImplTest > delete_globalDefinition_superAdmin_success() PASSED

LabTestDefinitionServiceImplTest > create_userNotFound_throwsAccessDenied() PASSED

LabTestDefinitionServiceImplTest > update_changeAssignment_success() PASSED

LabTestDefinitionServiceImplTest > create_noGlobalRole_throwsAccessDenied() PASSED

LabTestDefinitionServiceImplTest > create_unauthenticated_throwsAccessDenied() PASSED

LabTestDefinitionServiceImplTest > getById_success() PASSED

LabTestDefinitionServiceImplTest > getActiveByHospital_hospitalOverridesGlobal() PASSED

LabTestDefinitionServiceImplTest > delete_noRole_throwsAccessDenied() PASSED

LabTestDefinitionServiceImplTest > create_assignmentNoHospital_throwsIllegalState() PASSED

LabTestDefinitionServiceImplTest > getActiveByHospital_nullHospitalId_returnsGlobalOnly() PASSED

LabTestDefinitionServiceImplTest > getById_notFound_throws() PASSED

MaternalHistoryServiceImplTest > createMaternalHistory_shouldThrowExceptionWhenHospitalNotFound() STANDARD_OUT
    2026-03-10 23:50:46  INFO [Test worker] c.e.h.s.impl.MaternalHistoryServiceImpl  - Creating maternal history for patient ID: c492ff18-db00-4b53-b730-789080ac2264

MaternalHistoryServiceImplTest > createMaternalHistory_shouldThrowExceptionWhenHospitalNotFound() PASSED

MaternalHistoryServiceImplTest > getRequiringSpecialistReferral_shouldReturnReferralCases() PASSED

MaternalHistoryServiceImplTest > createMaternalHistory_shouldCreateSuccessfully() STANDARD_OUT
    2026-03-10 23:50:46  INFO [Test worker] c.e.h.s.impl.MaternalHistoryServiceImpl  - Creating maternal history for patient ID: 52909b5c-6414-49ac-ab09-84af15a8b13c
    2026-03-10 23:50:46  INFO [Test worker] c.e.h.s.impl.MaternalHistoryServiceImpl  - Created maternal history ID: 39676c31-e5dd-49ae-b76d-2702ab67cadf (version 1) for patient ID: 52909b5c-6414-49ac-ab09-84af15a8b13c

MaternalHistoryServiceImplTest > createMaternalHistory_shouldCreateSuccessfully() PASSED

MaternalHistoryServiceImplTest > deleteMaternalHistory_shouldDeleteSuccessfully() STANDARD_OUT
    2026-03-10 23:50:46  WARN [Test worker] c.e.h.s.impl.MaternalHistoryServiceImpl  - Deleting maternal history ID: f9729c66-331e-49df-9c2e-c3e69a63410e
    2026-03-10 23:50:46  WARN [Test worker] c.e.h.s.impl.MaternalHistoryServiceImpl  - Deleted maternal history ID: f9729c66-331e-49df-9c2e-c3e69a63410e by user: doctor1

MaternalHistoryServiceImplTest > deleteMaternalHistory_shouldDeleteSuccessfully() PASSED

MaternalHistoryServiceImplTest > calculateRiskScore_shouldCalculateModerateRisk() STANDARD_OUT
    2026-03-10 23:50:46  INFO [Test worker] c.e.h.s.impl.MaternalHistoryServiceImpl  - Calculating risk score for maternal history ID: 4e3e0985-85d5-461b-b95c-f609314a231c

MaternalHistoryServiceImplTest > calculateRiskScore_shouldCalculateModerateRisk() PASSED

MaternalHistoryServiceImplTest > createMaternalHistory_shouldThrowExceptionWhenPatientNotFound() STANDARD_OUT
    2026-03-10 23:50:46  INFO [Test worker] c.e.h.s.impl.MaternalHistoryServiceImpl  - Creating maternal history for patient ID: 93ae9bf6-a5d7-4dbe-b7bb-c9ef3c24ea36

MaternalHistoryServiceImplTest > createMaternalHistory_shouldThrowExceptionWhenPatientNotFound() PASSED

MaternalHistoryServiceImplTest > updateMaternalHistory_shouldThrowExceptionWhenNotFound() STANDARD_OUT
    2026-03-10 23:50:46  INFO [Test worker] c.e.h.s.impl.MaternalHistoryServiceImpl  - Updating maternal history ID: fddc7640-6f0f-4a84-be52-7b6f3d3ebfe6

MaternalHistoryServiceImplTest > updateMaternalHistory_shouldThrowExceptionWhenNotFound() PASSED

MaternalHistoryServiceImplTest > getMaternalHistoryById_shouldReturnHistory() PASSED

MaternalHistoryServiceImplTest > getHighRiskMaternalHistory_shouldReturnHighRiskCases() PASSED

MaternalHistoryServiceImplTest > getCurrentMaternalHistoryByPatientId_shouldReturnCurrentVersion() PASSED

MaternalHistoryServiceImplTest > createMaternalHistory_shouldThrowExceptionWhenMaternalHistoryAlreadyExists() STANDARD_OUT
    2026-03-10 23:50:46  INFO [Test worker] c.e.h.s.impl.MaternalHistoryServiceImpl  - Creating maternal history for patient ID: 9bd2c1f2-04ee-4f29-9aba-9539a11354aa

MaternalHistoryServiceImplTest > createMaternalHistory_shouldThrowExceptionWhenMaternalHistoryAlreadyExists() PASSED

MaternalHistoryServiceImplTest > searchMaternalHistory_shouldReturnPagedResults() PASSED

MaternalHistoryServiceImplTest > getCurrentMaternalHistoryByPatientId_shouldThrowExceptionWhenNotFound() PASSED

MaternalHistoryServiceImplTest > getMaternalHistoryById_shouldThrowExceptionWhenNotFound() PASSED

MaternalHistoryServiceImplTest > calculateRiskScore_shouldThrowExceptionWhenNotFound() STANDARD_OUT
    2026-03-10 23:50:46  INFO [Test worker] c.e.h.s.impl.MaternalHistoryServiceImpl  - Calculating risk score for maternal history ID: 315364ec-3961-4f1b-a748-1cf3a3ae0d70

MaternalHistoryServiceImplTest > calculateRiskScore_shouldThrowExceptionWhenNotFound() PASSED

MaternalHistoryServiceImplTest > updateMaternalHistory_shouldThrowExceptionWhenPatientIdChanges() STANDARD_OUT
    2026-03-10 23:50:46  INFO [Test worker] c.e.h.s.impl.MaternalHistoryServiceImpl  - Updating maternal history ID: 5c852702-39ce-4e5f-9b20-4ddeec55fbda

MaternalHistoryServiceImplTest > updateMaternalHistory_shouldThrowExceptionWhenPatientIdChanges() PASSED

MaternalHistoryServiceImplTest > getAllVersionsByPatientId_shouldReturnAllVersions() PASSED

MaternalHistoryServiceImplTest > calculateRiskScore_shouldCalculateHighRisk() STANDARD_OUT
    2026-03-10 23:50:46  INFO [Test worker] c.e.h.s.impl.MaternalHistoryServiceImpl  - Calculating risk score for maternal history ID: bbd74924-82a3-4a9f-b480-15064e9f90da

MaternalHistoryServiceImplTest > calculateRiskScore_shouldCalculateHighRisk() PASSED

MaternalHistoryServiceImplTest > getPendingReview_shouldReturnUnreviewedCases() PASSED

MaternalHistoryServiceImplTest > getMaternalHistoryByPatientIdAndVersion_shouldReturnSpecificVersion() PASSED

MaternalHistoryServiceImplTest > getMaternalHistoryByDateRange_shouldReturnFilteredHistory() PASSED

MaternalHistoryServiceImplTest > getWithPsychosocialConcerns_shouldReturnConcernCases() PASSED

MaternalHistoryServiceImplTest > calculateRiskScore_shouldCalculateLowRisk() STANDARD_OUT
    2026-03-10 23:50:46  INFO [Test worker] c.e.h.s.impl.MaternalHistoryServiceImpl  - Calculating risk score for maternal history ID: 937c5a9d-faa3-43cc-bdb5-ef19495482b4

MaternalHistoryServiceImplTest > calculateRiskScore_shouldCalculateLowRisk() PASSED

MaternalHistoryServiceImplTest > markAsReviewed_shouldUpdateReviewStatus() STANDARD_OUT
    2026-03-10 23:50:46  INFO [Test worker] c.e.h.s.impl.MaternalHistoryServiceImpl  - Marking maternal history ID: c663319d-8ddc-409d-9609-877e3c2f337d as reviewed
    2026-03-10 23:50:46  INFO [Test worker] c.e.h.s.impl.MaternalHistoryServiceImpl  - Marked maternal history ID: c663319d-8ddc-409d-9609-877e3c2f337d as reviewed by user: doctor1

MaternalHistoryServiceImplTest > markAsReviewed_shouldUpdateReviewStatus() PASSED

MaternalHistoryServiceImplTest > deleteMaternalHistory_shouldThrowExceptionWhenNotFound() STANDARD_OUT
    2026-03-10 23:50:46  WARN [Test worker] c.e.h.s.impl.MaternalHistoryServiceImpl  - Deleting maternal history ID: 58440ae5-ce1a-4909-91f9-78a26c55857d

MaternalHistoryServiceImplTest > deleteMaternalHistory_shouldThrowExceptionWhenNotFound() PASSED

MaternalHistoryServiceImplTest > updateMaternalHistory_shouldCreateNewVersion() STANDARD_OUT
    2026-03-10 23:50:46  INFO [Test worker] c.e.h.s.impl.MaternalHistoryServiceImpl  - Updating maternal history ID: 65c0bfef-d793-442f-9b77-d7c6cf0c1daa
    2026-03-10 23:50:46  INFO [Test worker] c.e.h.s.impl.MaternalHistoryServiceImpl  - Created maternal history version 2 (ID: 61498785-5176-4e24-9ac5-f0eea811e235) for patient ID: 44ba00ee-2e10-4928-9f54-2d0408d64317

MaternalHistoryServiceImplTest > updateMaternalHistory_shouldCreateNewVersion() PASSED

NotificationServiceImplTest > markAsRead > does nothing when notification not found PASSED

NotificationServiceImplTest > markAsRead > marks notification as read when found PASSED

NotificationServiceImplTest > createNotification > builds notification, saves, sends via WebSocket, and returns saved entity PASSED

NotificationServiceImplTest > getNotificationsForUser(String, Boolean, String, Pageable) > filters by search only when read is null and search is non-empty PASSED

NotificationServiceImplTest > getNotificationsForUser(String, Boolean, String, Pageable) > returns all (no filter) when read is null and search is null PASSED

NotificationServiceImplTest > getNotificationsForUser(String, Boolean, String, Pageable) > filters by read only when search is empty string PASSED

NotificationServiceImplTest > getNotificationsForUser(String, Boolean, String, Pageable) > filters by read only when search is null PASSED

NotificationServiceImplTest > getNotificationsForUser(String, Boolean, String, Pageable) > returns all (no filter) when read is null and search is empty PASSED

NotificationServiceImplTest > getNotificationsForUser(String, Boolean, String, Pageable) > filters by read AND search when both provided PASSED

NotificationServiceImplTest > getNotificationsForUser(String username) > returns empty list when no notifications exist PASSED

NotificationServiceImplTest > getNotificationsForUser(String username) > returns all notifications for user (legacy unpaged) PASSED

NurseDashboardServiceImplTest > getPatientsForNurse_returnsMappedPatientsForAssignedNurse() PASSED

NurseDashboardServiceImplTest > getPatientsForNurse_filtersByAssignmentAndInhouseDate() PASSED

NurseTaskServiceImplTest > completeHandoffReturnsQuietlyWhenHandoffMissing() PASSED

NurseTaskServiceImplTest > completeHandoffValidatesInputs() PASSED

NurseTaskServiceImplTest > getAnnouncementsClampsLimitAndAbbreviatesHospitalId() PASSED

NurseTaskServiceImplTest > getDueVitalsDeduplicatesPatientsAndAppliesNameSuffixes() PASSED

NurseTaskServiceImplTest > completeHandoffRecognizesKnownHandoff() PASSED

NurseTaskServiceImplTest > recordMedicationAdministrationRejectsUnsupportedStatus() PASSED

NurseTaskServiceImplTest > getOrderTasksFallsBackToSyntheticPatientWhenNoAssignmentsFound() PASSED

NurseTaskServiceImplTest > getMedicationTasksRespectsStatusFilterAndAlternatesDefaultStatuses() PASSED

NurseTaskServiceImplTest > recordMedicationAdministrationNormalizesStatus() PASSED

NurseTaskServiceImplTest > updateHandoffChecklistItemRequiresExistingHandoff() PASSED

NurseTaskServiceImplTest > updateHandoffChecklistItemReturnsCompletionState() PASSED

NursingNoteServiceImplTest > getNote_requiresHospitalContextWhenOmitted() PASSED

NursingNoteServiceImplTest > getRecentNotes_requiresViewPermission() PASSED

NursingNoteServiceImplTest > getNote_returnsMappedResponseWhenPresent() PASSED

NursingNoteServiceImplTest > appendAddendum_throwsWhenAuthorMissing() PASSED

NursingNoteServiceImplTest > createNote_ignoresEmptyStructuredEntries() PASSED

NursingNoteServiceImplTest > createNote_throwsWhenPatientMissingUsesMessageSource() PASSED

NursingNoteServiceImplTest > createNote_persistsStructuredNoteAndLogsAudit() PASSED

NursingNoteServiceImplTest > createNote_calculatesReadabilityScoreWhenMissing() PASSED

NursingNoteServiceImplTest > getRecentNotes_returnsLimitedResults() PASSED

NursingNoteServiceImplTest > getNote_missingNoteThrowsResourceNotFound() PASSED

NursingNoteServiceImplTest > createNote_throwsWhenPatientNotRegistered() PASSED

NursingNoteServiceImplTest > createNote_throwsWhenHospitalMissing() PASSED

NursingNoteServiceImplTest > appendAddendum_addsEntryAndLogsAudit() PASSED

NursingNoteServiceImplTest > createNote_allowsMidwifeToDocument() PASSED

NursingNoteServiceImplTest > createNote_computesReadabilityAndFiltersEmptyEntries() PASSED

NursingNoteServiceImplTest > createNote_throwsWhenAuthorMissing() PASSED

NursingNoteServiceImplTest > createNote_skipsAuditWhenAssignmentMissing() PASSED

NursingNoteServiceImplTest > appendAddendum_throwsWhenNoteMissing() PASSED

OrganizationSecurityServiceImplTest > testShouldAuditOperation() PASSED

OrganizationSecurityServiceImplTest > testGetSessionTimeoutMinutes() PASSED

OrganizationSecurityServiceImplTest > testGetSessionTimeoutMinutes_DefaultValue() PASSED

OrganizationSecurityServiceImplTest > testIsMfaRequired() PASSED

OrganizationSecurityServiceImplTest > testGetPasswordMinLength() PASSED

OrganizationSecurityServiceImplTest > testValidateSecurityCompliance() PASSED

OrganizationSecurityServiceImplTest > testGetActiveSecurityPolicies() PASSED

OrganizationSecurityServiceImplTest > testCreateOrUpdateSecurityPolicy() STANDARD_OUT
    2026-03-10 23:50:47  INFO [Test worker] c.e.h.s.OrganizationSecurityServiceImpl  - Created security policy: NEW_POLICY for organization: TEST_ORG

OrganizationSecurityServiceImplTest > testCreateOrUpdateSecurityPolicy() PASSED

OrganizationSecurityServiceImplTest > testHasPermission() PASSED

PasswordResetServiceImplTest > confirmReset_expiredToken() PASSED

PasswordResetServiceImplTest > confirmReset_sendsConfirmationEmail_withFirstNameOnly() STANDARD_OUT
    2026-03-10 23:50:47  INFO [Test worker] c.e.h.service.PasswordResetServiceImpl   - Γ£à Password successfully reset for user: test@test.com

PasswordResetServiceImplTest > confirmReset_sendsConfirmationEmail_withFirstNameOnly() PASSED

PasswordResetServiceImplTest > verifyToken_valid() PASSED

PasswordResetServiceImplTest > confirmReset_sendsConfirmationEmail_withDisplayName() STANDARD_OUT
    2026-03-10 23:50:47  INFO [Test worker] c.e.h.service.PasswordResetServiceImpl   - Γ£à Password successfully reset for user: test@test.com

PasswordResetServiceImplTest > confirmReset_sendsConfirmationEmail_withDisplayName() PASSED

PasswordResetServiceImplTest > requestReset_success() STANDARD_OUT
    2026-03-10 23:50:47  INFO [Test worker] c.e.h.service.PasswordResetServiceImpl   - ≡ƒöæ Password reset link issued for: test@test.com

PasswordResetServiceImplTest > requestReset_success() PASSED

PasswordResetServiceImplTest > requestReset_withIp_success() STANDARD_OUT
    2026-03-10 23:50:47  INFO [Test worker] c.e.h.service.PasswordResetServiceImpl   - ≡ƒöæ Password reset link issued for: test@test.com

PasswordResetServiceImplTest > requestReset_withIp_success() PASSED

PasswordResetServiceImplTest > verifyToken_notFound() PASSED

PasswordResetServiceImplTest > confirmReset_doesNotSendConfirmationEmail_whenTokenExpired() PASSED

PasswordResetServiceImplTest > confirmReset_sendsConfirmationEmail_fallsBackToUsername_whenNoName() STANDARD_OUT
    2026-03-10 23:50:47  INFO [Test worker] c.e.h.service.PasswordResetServiceImpl   - Γ£à Password successfully reset for user: test@test.com

PasswordResetServiceImplTest > confirmReset_sendsConfirmationEmail_fallsBackToUsername_whenNoName() PASSED

PasswordResetServiceImplTest > confirmReset_success() STANDARD_OUT
    2026-03-10 23:50:47  INFO [Test worker] c.e.h.service.PasswordResetServiceImpl   - Γ£à Password successfully reset for user: test@test.com

PasswordResetServiceImplTest > confirmReset_success() PASSED

PasswordResetServiceImplTest > invalidateAllForUser_success() STANDARD_OUT
    2026-03-10 23:50:47  INFO [Test worker] c.e.h.service.PasswordResetServiceImpl   - ≡ƒº╣ Invalidated all active password reset tokens for user 2de183e9-00ce-4b29-b7a5-5c418cdc29e0

PasswordResetServiceImplTest > invalidateAllForUser_success() PASSED

PasswordResetServiceImplTest > confirmReset_invalidToken() PASSED

PasswordResetServiceImplTest > requestReset_userNotFound() PASSED

PasswordResetServiceImplTest > cleanupExpiredTokens_returnsCount() PASSED

PasswordRotationSchedulerTest > processes multiple users with different states in single run STANDARD_OUT
    2026-03-10 23:50:47  WARN [Test worker] c.e.h.service.PasswordRotationScheduler  - [PASSWORD ROTATION] 3 day(s) overdue -> [expire@example.com]
    2026-03-10 23:50:47  INFO [Test worker] c.e.h.service.PasswordRotationScheduler  - [PASSWORD ROTATION] 10 day(s) remaining -> [remind@example.com]
    2026-03-10 23:50:47  INFO [Test worker] c.e.h.service.PasswordRotationScheduler  - [PASSWORD ROTATION] Daily job complete. Reminders sent: 1, forced resets queued: 1

PasswordRotationSchedulerTest > processes multiple users with different states in single run PASSED

PasswordRotationSchedulerTest > runDailyPasswordRotationCheck delegates to process() PASSED

PasswordRotationSchedulerTest > resolveDisplayName fallbacks > uses lastName when firstName is blank STANDARD_OUT
    2026-03-10 23:50:47  INFO [Test worker] c.e.h.service.PasswordRotationScheduler  - [PASSWORD ROTATION] 5 day(s) remaining -> [last@example.com]
    2026-03-10 23:50:47  INFO [Test worker] c.e.h.service.PasswordRotationScheduler  - [PASSWORD ROTATION] Daily job complete. Reminders sent: 1, forced resets queued: 0

PasswordRotationSchedulerTest > resolveDisplayName fallbacks > uses lastName when firstName is blank PASSED

PasswordRotationSchedulerTest > resolveDisplayName fallbacks > uses 'there' when all name fields are null STANDARD_OUT
    2026-03-10 23:50:47  INFO [Test worker] c.e.h.service.PasswordRotationScheduler  - [PASSWORD ROTATION] 5 day(s) remaining -> [anon@example.com]
    2026-03-10 23:50:47  INFO [Test worker] c.e.h.service.PasswordRotationScheduler  - [PASSWORD ROTATION] Daily job complete. Reminders sent: 1, forced resets queued: 0

PasswordRotationSchedulerTest > resolveDisplayName fallbacks > uses 'there' when all name fields are null PASSED

PasswordRotationSchedulerTest > resolveDisplayName fallbacks > uses username when first and last names are null STANDARD_OUT
    2026-03-10 23:50:47  INFO [Test worker] c.e.h.service.PasswordRotationScheduler  - [PASSWORD ROTATION] 5 day(s) remaining -> [user@example.com]
    2026-03-10 23:50:47  INFO [Test worker] c.e.h.service.PasswordRotationScheduler  - [PASSWORD ROTATION] Daily job complete. Reminders sent: 1, forced resets queued: 0

PasswordRotationSchedulerTest > resolveDisplayName fallbacks > uses username when first and last names are null PASSED

PasswordRotationSchedulerTest > resolveDisplayName fallbacks > uses lastName when firstName is null STANDARD_OUT
    2026-03-10 23:50:47  INFO [Test worker] c.e.h.service.PasswordRotationScheduler  - [PASSWORD ROTATION] 5 day(s) remaining -> [ln@example.com]
    2026-03-10 23:50:47  INFO [Test worker] c.e.h.service.PasswordRotationScheduler  - [PASSWORD ROTATION] Daily job complete. Reminders sent: 1, forced resets queued: 0

PasswordRotationSchedulerTest > resolveDisplayName fallbacks > uses lastName when firstName is null PASSED

PasswordRotationSchedulerTest > resolveDisplayName fallbacks > uses firstName when available STANDARD_OUT
    2026-03-10 23:50:47  INFO [Test worker] c.e.h.service.PasswordRotationScheduler  - [PASSWORD ROTATION] 5 day(s) remaining -> [first@example.com]
    2026-03-10 23:50:47  INFO [Test worker] c.e.h.service.PasswordRotationScheduler  - [PASSWORD ROTATION] Daily job complete. Reminders sent: 1, forced resets queued: 0

PasswordRotationSchedulerTest > resolveDisplayName fallbacks > uses firstName when available PASSED

PasswordRotationSchedulerTest > resolveEffectiveChangedAt fallbacks > falls back to snapshot when all timestamps are null STANDARD_OUT
    2026-03-10 23:50:47  INFO [Test worker] c.e.h.service.PasswordRotationScheduler  - [PASSWORD ROTATION] 90 day(s) remaining -> [snapshot@example.com]
    2026-03-10 23:50:47  INFO [Test worker] c.e.h.service.PasswordRotationScheduler  - [PASSWORD ROTATION] Daily job complete. Reminders sent: 0, forced resets queued: 0

PasswordRotationSchedulerTest > resolveEffectiveChangedAt fallbacks > falls back to snapshot when all timestamps are null PASSED

PasswordRotationSchedulerTest > resolveEffectiveChangedAt fallbacks > falls back to passwordRotationForcedAt when passwordChangedAt is null STANDARD_OUT
    2026-03-10 23:50:47  INFO [Test worker] c.e.h.service.PasswordRotationScheduler  - [PASSWORD ROTATION] 5 day(s) remaining -> [fallback@example.com]
    2026-03-10 23:50:47  INFO [Test worker] c.e.h.service.PasswordRotationScheduler  - [PASSWORD ROTATION] Daily job complete. Reminders sent: 1, forced resets queued: 0

PasswordRotationSchedulerTest > resolveEffectiveChangedAt fallbacks > falls back to passwordRotationForcedAt when passwordChangedAt is null PASSED

PasswordRotationSchedulerTest > resolveEffectiveChangedAt fallbacks > falls back to updatedAt STANDARD_OUT
    2026-03-10 23:50:47  INFO [Test worker] c.e.h.service.PasswordRotationScheduler  - [PASSWORD ROTATION] 10 day(s) remaining -> [updated@example.com]
    2026-03-10 23:50:47  INFO [Test worker] c.e.h.service.PasswordRotationScheduler  - [PASSWORD ROTATION] Daily job complete. Reminders sent: 1, forced resets queued: 0

PasswordRotationSchedulerTest > resolveEffectiveChangedAt fallbacks > falls back to updatedAt PASSED

PasswordRotationSchedulerTest > resolveEffectiveChangedAt fallbacks > falls back to createdAt STANDARD_OUT
    2026-03-10 23:50:47  WARN [Test worker] c.e.h.service.PasswordRotationScheduler  - [PASSWORD ROTATION] 1 day(s) overdue -> [created@example.com]
    2026-03-10 23:50:47  INFO [Test worker] c.e.h.service.PasswordRotationScheduler  - [PASSWORD ROTATION] Daily job complete. Reminders sent: 0, forced resets queued: 1

PasswordRotationSchedulerTest > resolveEffectiveChangedAt fallbacks > falls back to createdAt PASSED

PasswordRotationSchedulerTest > Clear stale warning > clears stale warning when outside warning window STANDARD_OUT
    2026-03-10 23:50:47  INFO [Test worker] c.e.h.service.PasswordRotationScheduler  - [PASSWORD ROTATION] 88 day(s) remaining -> [stale@example.com]
    2026-03-10 23:50:47  INFO [Test worker] c.e.h.service.PasswordRotationScheduler  - [PASSWORD ROTATION] Daily job complete. Reminders sent: 0, forced resets queued: 0

PasswordRotationSchedulerTest > Clear stale warning > clears stale warning when outside warning window PASSED

PasswordRotationSchedulerTest > Enforcement scenarios > enforcement at exactly due date (daysUntilDue == 0) STANDARD_OUT
    2026-03-10 23:50:47  INFO [Test worker] c.e.h.service.PasswordRotationScheduler  - [PASSWORD ROTATION] 0 day(s) remaining -> [exact@example.com]
    2026-03-10 23:50:47  INFO [Test worker] c.e.h.service.PasswordRotationScheduler  - [PASSWORD ROTATION] Daily job complete. Reminders sent: 0, forced resets queued: 1

PasswordRotationSchedulerTest > Enforcement scenarios > enforcement at exactly due date (daysUntilDue == 0) PASSED

PasswordRotationSchedulerTest > Enforcement scenarios > forces password change when expired STANDARD_OUT
    2026-03-10 23:50:47  WARN [Test worker] c.e.h.service.PasswordRotationScheduler  - [PASSWORD ROTATION] 2 day(s) overdue -> [expired@example.com]
    2026-03-10 23:50:47  INFO [Test worker] c.e.h.service.PasswordRotationScheduler  - [PASSWORD ROTATION] Daily job complete. Reminders sent: 0, forced resets queued: 1

PasswordRotationSchedulerTest > Enforcement scenarios > forces password change when expired PASSED

PasswordRotationSchedulerTest > Enforcement scenarios > re-sends enforcement email on new day even if already force=true STANDARD_OUT
    2026-03-10 23:50:47  WARN [Test worker] c.e.h.service.PasswordRotationScheduler  - [PASSWORD ROTATION] 5 day(s) overdue -> [re-enforce@example.com]
    2026-03-10 23:50:47  INFO [Test worker] c.e.h.service.PasswordRotationScheduler  - [PASSWORD ROTATION] Daily job complete. Reminders sent: 0, forced resets queued: 1

PasswordRotationSchedulerTest > Enforcement scenarios > re-sends enforcement email on new day even if already force=true PASSED

PasswordRotationSchedulerTest > Enforcement scenarios > does not re-send enforcement email when already forced today STANDARD_OUT
    2026-03-10 23:50:47  WARN [Test worker] c.e.h.service.PasswordRotationScheduler  - [PASSWORD ROTATION] 3 day(s) overdue -> [forced@example.com]
    2026-03-10 23:50:47  INFO [Test worker] c.e.h.service.PasswordRotationScheduler  - [PASSWORD ROTATION] Daily job complete. Reminders sent: 0, forced resets queued: 0

PasswordRotationSchedulerTest > Enforcement scenarios > does not re-send enforcement email when already forced today PASSED

PasswordRotationSchedulerTest > Enforcement scenarios > enforcement email failure does not prevent state persistence STANDARD_OUT
    2026-03-10 23:50:47  WARN [Test worker] c.e.h.service.PasswordRotationScheduler  - [PASSWORD ROTATION] Failed to send enforcement email to forcefail@example.com: SMTP down
    2026-03-10 23:50:47  WARN [Test worker] c.e.h.service.PasswordRotationScheduler  - [PASSWORD ROTATION] 1 day(s) overdue -> [forcefail@example.com]
    2026-03-10 23:50:47  INFO [Test worker] c.e.h.service.PasswordRotationScheduler  - [PASSWORD ROTATION] Daily job complete. Reminders sent: 0, forced resets queued: 1

PasswordRotationSchedulerTest > Enforcement scenarios > enforcement email failure does not prevent state persistence PASSED

PasswordRotationSchedulerTest > Reminder scenarios > sends reminder when within warning window STANDARD_OUT
    2026-03-10 23:50:47  INFO [Test worker] c.e.h.service.PasswordRotationScheduler  - [PASSWORD ROTATION] 10 day(s) remaining -> [alex@example.com]
    2026-03-10 23:50:47  INFO [Test worker] c.e.h.service.PasswordRotationScheduler  - [PASSWORD ROTATION] Daily job complete. Reminders sent: 1, forced resets queued: 0

PasswordRotationSchedulerTest > Reminder scenarios > sends reminder when within warning window PASSED

PasswordRotationSchedulerTest > Reminder scenarios > skips reminder when already warned today STANDARD_OUT
    2026-03-10 23:50:47  INFO [Test worker] c.e.h.service.PasswordRotationScheduler  - [PASSWORD ROTATION] 10 day(s) remaining -> [warned@example.com]
    2026-03-10 23:50:47  INFO [Test worker] c.e.h.service.PasswordRotationScheduler  - [PASSWORD ROTATION] Daily job complete. Reminders sent: 0, forced resets queued: 0

PasswordRotationSchedulerTest > Reminder scenarios > skips reminder when already warned today PASSED

PasswordRotationSchedulerTest > Reminder scenarios > reminder email failure does not prevent state persistence STANDARD_OUT
    2026-03-10 23:50:47  WARN [Test worker] c.e.h.service.PasswordRotationScheduler  - [PASSWORD ROTATION] Failed to send reminder to fail@example.com: SMTP error
    2026-03-10 23:50:47  INFO [Test worker] c.e.h.service.PasswordRotationScheduler  - [PASSWORD ROTATION] 5 day(s) remaining -> [fail@example.com]
    2026-03-10 23:50:47  INFO [Test worker] c.e.h.service.PasswordRotationScheduler  - [PASSWORD ROTATION] Daily job complete. Reminders sent: 1, forced resets queued: 0

PasswordRotationSchedulerTest > Reminder scenarios > reminder email failure does not prevent state persistence PASSED

PasswordRotationSchedulerTest > No-op scenarios > skips inactive user STANDARD_OUT
    2026-03-10 23:50:47  INFO [Test worker] c.e.h.service.PasswordRotationScheduler  - [PASSWORD ROTATION] Daily job complete. Reminders sent: 0, forced resets queued: 0

PasswordRotationSchedulerTest > No-op scenarios > skips inactive user PASSED

PasswordRotationSchedulerTest > No-op scenarios > skips user with blank email STANDARD_OUT
    2026-03-10 23:50:47  INFO [Test worker] c.e.h.service.PasswordRotationScheduler  - [PASSWORD ROTATION] Daily job complete. Reminders sent: 0, forced resets queued: 0

PasswordRotationSchedulerTest > No-op scenarios > skips user with blank email PASSED

PasswordRotationSchedulerTest > No-op scenarios > no action for user outside warning window with no stale warning STANDARD_OUT
    2026-03-10 23:50:47  INFO [Test worker] c.e.h.service.PasswordRotationScheduler  - [PASSWORD ROTATION] 85 day(s) remaining -> [fresh@example.com]
    2026-03-10 23:50:47  INFO [Test worker] c.e.h.service.PasswordRotationScheduler  - [PASSWORD ROTATION] Daily job complete. Reminders sent: 0, forced resets queued: 0

PasswordRotationSchedulerTest > No-op scenarios > no action for user outside warning window with no stale warning PASSED

PasswordRotationSchedulerTest > No-op scenarios > skips user with null email STANDARD_OUT
    2026-03-10 23:50:47  INFO [Test worker] c.e.h.service.PasswordRotationScheduler  - [PASSWORD ROTATION] Daily job complete. Reminders sent: 0, forced resets queued: 0

PasswordRotationSchedulerTest > No-op scenarios > skips user with null email PASSED

PasswordRotationSchedulerTest > No-op scenarios > does nothing when user list is empty PASSED

PatientChartUpdateServiceImplTest > listPatientChartUpdates_success() PASSED

PatientChartUpdateServiceImplTest > createPatientChartUpdate_nullRequest() PASSED

PatientChartUpdateServiceImplTest > listPatientChartUpdates_nullHospitalId() PASSED

PatientChartUpdateServiceImplTest > createPatientChartUpdate_noHospitalContext() PASSED

PatientChartUpdateServiceImplTest > createPatientChartUpdate_assignmentMismatch() PASSED

PatientChartUpdateServiceImplTest > getPatientChartUpdate_success() PASSED

PatientChartUpdateServiceImplTest > createPatientChartUpdate_success() STANDARD_OUT
    2026-03-10 23:50:48  INFO [Test worker] c.e.h.s.PatientChartUpdateServiceImpl    - Saved chart update version 1 for patient ea9a6e15-030f-4317-b87a-3a2f85005f7c in hospital 87747a8e-ff22-441b-a40a-e5c72145f815

PatientChartUpdateServiceImplTest > createPatientChartUpdate_success() PASSED

PatientChartUpdateServiceImplTest > listPatientChartUpdates_patientNotFound() PASSED

PatientChartUpdateServiceImplTest > getPatientChartUpdate_notFound() PASSED

PatientChartUpdateServiceImplTest > createPatientChartUpdate_noUpdateReason() PASSED

PatientChartUpdateServiceImplTest > listPatientChartUpdates_nullPatientId() PASSED

PatientChartUpdateServiceImplTest > listPatientChartUpdates_notRegistered() PASSED

PatientConsentServiceImplTest > grantConsent_existingConsent_updatesInstead() PASSED

PatientConsentServiceImplTest > grantConsent_patientNotFound() PASSED

PatientConsentServiceImplTest > grantConsent_newConsent() PASSED

PatientConsentServiceImplTest > getConsentsByPatient_empty_returnsEmptyPage() PASSED

PatientConsentServiceImplTest > revokeConsent_auditFailure_doesNotThrow() STANDARD_OUT
    2026-03-10 23:50:48 ERROR [Test worker] c.e.h.service.PatientConsentServiceImpl  - Γ¥î Failed to save audit log: Audit DB down
    java.lang.RuntimeException: Audit DB down
    	at com.example.hms.service.PatientConsentServiceImpl.revokeConsent(PatientConsentServiceImpl.java:116)
    	at com.example.hms.service.PatientConsentServiceImplTest.revokeConsent_auditFailure_doesNotThrow(PatientConsentServiceImplTest.java:539)
    	at java.base/jdk.internal.reflect.DirectMethodHandleAccessor.invoke(DirectMethodHandleAccessor.java:103)
    	at java.base/java.lang.reflect.Method.invoke(Method.java:580)
    	at org.junit.platform.commons.util.ReflectionUtils.invokeMethod(ReflectionUtils.java:767)
    	at org.junit.jupiter.engine.execution.MethodInvocation.proceed(MethodInvocation.java:60)
    	at org.junit.jupiter.engine.execution.InvocationInterceptorChain$ValidatingInvocation.proceed(InvocationInterceptorChain.java:131)
    	at org.junit.jupiter.engine.extension.TimeoutExtension.intercept(TimeoutExtension.java:156)
    	at org.junit.jupiter.engine.extension.TimeoutExtension.interceptTestableMethod(TimeoutExtension.java:147)
    	at org.junit.jupiter.engine.extension.TimeoutExtension.interceptTestMethod(TimeoutExtension.java:86)
    	at org.junit.jupiter.engine.execution.InterceptingExecutableInvoker$ReflectiveInterceptorCall.lambda$ofVoidMethod$0(InterceptingExecutableInvoker.java:103)
    	at org.junit.jupiter.engine.execution.InterceptingExecutableInvoker.lambda$invoke$0(InterceptingExecutableInvoker.java:93)
    	at org.junit.jupiter.engine.execution.InvocationInterceptorChain$InterceptedInvocation.proceed(InvocationInterceptorChain.java:106)
    	at org.junit.jupiter.engine.execution.InvocationInterceptorChain.proceed(InvocationInterceptorChain.java:64)
    	at org.junit.jupiter.engine.execution.InvocationInterceptorChain.chainAndInvoke(InvocationInterceptorChain.java:45)
    	at org.junit.jupiter.engine.execution.InvocationInterceptorChain.invoke(InvocationInterceptorChain.java:37)
    	at org.junit.jupiter.engine.execution.InterceptingExecutableInvoker.invoke(InterceptingExecutableInvoker.java:92)
    	at org.junit.jupiter.engine.execution.InterceptingExecutableInvoker.invoke(InterceptingExecutableInvoker.java:86)
    	at org.junit.jupiter.engine.descriptor.TestMethodTestDescriptor.lambda$invokeTestMethod$8(TestMethodTestDescriptor.java:217)
    	at org.junit.platform.engine.support.hierarchical.ThrowableCollector.execute(ThrowableCollector.java:73)
    	at org.junit.jupiter.engine.descriptor.TestMethodTestDescriptor.invokeTestMethod(TestMethodTestDescriptor.java:213)
    	at org.junit.jupiter.engine.descriptor.TestMethodTestDescriptor.execute(TestMethodTestDescriptor.java:138)
    	at org.junit.jupiter.engine.descriptor.TestMethodTestDescriptor.execute(TestMethodTestDescriptor.java:68)
    	at org.junit.platform.engine.support.hierarchical.NodeTestTask.lambda$executeRecursively$6(NodeTestTask.java:156)
    	at org.junit.platform.engine.support.hierarchical.ThrowableCollector.execute(ThrowableCollector.java:73)
    	at org.junit.platform.engine.support.hierarchical.NodeTestTask.lambda$executeRecursively$8(NodeTestTask.java:146)
    	at org.junit.platform.engine.support.hierarchical.Node.around(Node.java:137)
    	at org.junit.platform.engine.support.hierarchical.NodeTestTask.lambda$executeRecursively$9(NodeTestTask.java:144)
    	at org.junit.platform.engine.support.hierarchical.ThrowableCollector.execute(ThrowableCollector.java:73)
    	at org.junit.platform.engine.support.hierarchical.NodeTestTask.executeRecursively(NodeTestTask.java:143)
    	at org.junit.platform.engine.support.hierarchical.NodeTestTask.execute(NodeTestTask.java:100)
    	at java.base/java.util.ArrayList.forEach(ArrayList.java:1596)
    	at org.junit.platform.engine.support.hierarchical.SameThreadHierarchicalTestExecutorService.invokeAll(SameThreadHierarchicalTestExecutorService.java:41)
    	at org.junit.platform.engine.support.hierarchical.NodeTestTask.lambda$executeRecursively$6(NodeTestTask.java:160)
    	at org.junit.platform.engine.support.hierarchical.ThrowableCollector.execute(ThrowableCollector.java:73)
    	at org.junit.platform.engine.support.hierarchical.NodeTestTask.lambda$executeRecursively$8(NodeTestTask.java:146)
    	at org.junit.platform.engine.support.hierarchical.Node.around(Node.java:137)
    	at org.junit.platform.engine.support.hierarchical.NodeTestTask.lambda$executeRecursively$9(NodeTestTask.java:144)
    	at org.junit.platform.engine.support.hierarchical.ThrowableCollector.execute(ThrowableCollector.java:73)
    	at org.junit.platform.engine.support.hierarchical.NodeTestTask.executeRecursively(NodeTestTask.java:143)
    	at org.junit.platform.engine.support.hierarchical.NodeTestTask.execute(NodeTestTask.java:100)
    	at java.base/java.util.ArrayList.forEach(ArrayList.java:1596)
    	at org.junit.platform.engine.support.hierarchical.SameThreadHierarchicalTestExecutorService.invokeAll(SameThreadHierarchicalTestExecutorService.java:41)
    	at org.junit.platform.engine.support.hierarchical.NodeTestTask.lambda$executeRecursively$6(NodeTestTask.java:160)
    	at org.junit.platform.engine.support.hierarchical.ThrowableCollector.execute(ThrowableCollector.java:73)
    	at org.junit.platform.engine.support.hierarchical.NodeTestTask.lambda$executeRecursively$8(NodeTestTask.java:146)
    	at org.junit.platform.engine.support.hierarchical.Node.around(Node.java:137)
    	at org.junit.platform.engine.support.hierarchical.NodeTestTask.lambda$executeRecursively$9(NodeTestTask.java:144)
    	at org.junit.platform.engine.support.hierarchical.ThrowableCollector.execute(ThrowableCollector.java:73)
    	at org.junit.platform.engine.support.hierarchical.NodeTestTask.executeRecursively(NodeTestTask.java:143)
    	at org.junit.platform.engine.support.hierarchical.NodeTestTask.execute(NodeTestTask.java:100)
    	at org.junit.platform.engine.support.hierarchical.SameThreadHierarchicalTestExecutorService.submit(SameThreadHierarchicalTestExecutorService.java:35)
    	at org.junit.platform.engine.support.hierarchical.HierarchicalTestExecutor.execute(HierarchicalTestExecutor.java:57)
    	at org.junit.platform.engine.support.hierarchical.HierarchicalTestEngine.execute(HierarchicalTestEngine.java:54)
    	at org.junit.platform.launcher.core.EngineExecutionOrchestrator.execute(EngineExecutionOrchestrator.java:198)
    	at org.junit.platform.launcher.core.EngineExecutionOrchestrator.execute(EngineExecutionOrchestrator.java:169)
    	at org.junit.platform.launcher.core.EngineExecutionOrchestrator.execute(EngineExecutionOrchestrator.java:93)
    	at org.junit.platform.launcher.core.EngineExecutionOrchestrator.lambda$execute$0(EngineExecutionOrchestrator.java:58)
    	at org.junit.platform.launcher.core.EngineExecutionOrchestrator.withInterceptedStreams(EngineExecutionOrchestrator.java:141)
    	at org.junit.platform.launcher.core.EngineExecutionOrchestrator.execute(EngineExecutionOrchestrator.java:57)
    	at org.junit.platform.launcher.core.DefaultLauncher.execute(DefaultLauncher.java:103)
    	at org.junit.platform.launcher.core.DefaultLauncher.execute(DefaultLauncher.java:85)
    	at org.junit.platform.launcher.core.DelegatingLauncher.execute(DelegatingLauncher.java:47)
    	at org.gradle.api.internal.tasks.testing.junitplatform.JUnitPlatformTestClassProcessor$CollectAllTestClassesExecutor.processAllTestClasses(JUnitPlatformTestClassProcessor.java:124)
    	at org.gradle.api.internal.tasks.testing.junitplatform.JUnitPlatformTestClassProcessor$CollectAllTestClassesExecutor.access$000(JUnitPlatformTestClassProcessor.java:99)
    	at org.gradle.api.internal.tasks.testing.junitplatform.JUnitPlatformTestClassProcessor.stop(JUnitPlatformTestClassProcessor.java:94)
    	at org.gradle.api.internal.tasks.testing.SuiteTestClassProcessor.stop(SuiteTestClassProcessor.java:63)
    	at java.base/jdk.internal.reflect.DirectMethodHandleAccessor.invoke(DirectMethodHandleAccessor.java:103)
    	at java.base/java.lang.reflect.Method.invoke(Method.java:580)
    	at org.gradle.internal.dispatch.ReflectionDispatch.dispatch(ReflectionDispatch.java:36)
    	at org.gradle.internal.dispatch.ReflectionDispatch.dispatch(ReflectionDispatch.java:24)
    	at org.gradle.internal.dispatch.ContextClassLoaderDispatch.dispatch(ContextClassLoaderDispatch.java:33)
    	at org.gradle.internal.dispatch.ProxyDispatchAdapter$DispatchingInvocationHandler.invoke(ProxyDispatchAdapter.java:92)
    	at jdk.proxy2/jdk.proxy2.$Proxy6.stop(Unknown Source)
    	at org.gradle.api.internal.tasks.testing.worker.TestWorker$3.run(TestWorker.java:200)
    	at org.gradle.api.internal.tasks.testing.worker.TestWorker.executeAndMaintainThreadName(TestWorker.java:132)
    	at org.gradle.api.internal.tasks.testing.worker.TestWorker.execute(TestWorker.java:103)
    	at org.gradle.api.internal.tasks.testing.worker.TestWorker.execute(TestWorker.java:63)
    	at org.gradle.process.internal.worker.child.ActionExecutionWorker.execute(ActionExecutionWorker.java:56)
    	at org.gradle.process.internal.worker.child.SystemApplicationClassLoaderWorker.call(SystemApplicationClassLoaderWorker.java:121)
    	at org.gradle.process.internal.worker.child.SystemApplicationClassLoaderWorker.call(SystemApplicationClassLoaderWorker.java:71)
    	at worker.org.gradle.process.internal.worker.GradleWorkerMain.run(GradleWorkerMain.java:69)
    	at worker.org.gradle.process.internal.worker.GradleWorkerMain.main(GradleWorkerMain.java:74)

PatientConsentServiceImplTest > revokeConsent_auditFailure_doesNotThrow() PASSED

PatientConsentServiceImplTest > grantConsent_fromHospitalNotFound_throws() PASSED

PatientConsentServiceImplTest > grantConsent_notRegistered() STANDARD_OUT
    2026-03-10 23:50:48 ERROR [Test worker] c.e.h.service.PatientConsentServiceImpl  - >>> No active registration found for patient 'fff2464d-c5e4-4315-a344-b6590f8c8124' in hospital 'e29294a1-85dd-464f-8ea6-e8a8f8b52fa2'

PatientConsentServiceImplTest > grantConsent_notRegistered() PASSED

PatientConsentServiceImplTest > grantConsentWithDetails_toHospitalNotFound_throws() PASSED

PatientConsentServiceImplTest > grantConsentWithDetails_fromHospitalNotFound_throws() PASSED

PatientConsentServiceImplTest > revokeConsent_notFound() PASSED

PatientConsentServiceImplTest > getAllConsents_returnsPage() PASSED

PatientConsentServiceImplTest > grantConsentWithDetails_patientNotFound_throws() PASSED

PatientConsentServiceImplTest > revokeConsent_success() PASSED

PatientConsentServiceImplTest > grantConsentWithDetails_existingConsent_updates() PASSED

PatientConsentServiceImplTest > getConsentsByPatient_returnsPage() PASSED

PatientConsentServiceImplTest > getConsentsByFromHospital_returnsPage() PASSED

PatientConsentServiceImplTest > grantConsentWithDetails_success() PASSED

PatientConsentServiceImplTest > grantConsent_auditFailure_doesNotThrow() STANDARD_OUT
    2026-03-10 23:50:48 ERROR [Test worker] c.e.h.service.PatientConsentServiceImpl  - Γ¥î Failed to save audit log: DB failure
    java.lang.RuntimeException: DB failure
    	at com.example.hms.service.PatientConsentServiceImpl.grantConsent(PatientConsentServiceImpl.java:90)
    	at com.example.hms.service.PatientConsentServiceImplTest.grantConsent_auditFailure_doesNotThrow(PatientConsentServiceImplTest.java:515)
    	at java.base/jdk.internal.reflect.DirectMethodHandleAccessor.invoke(DirectMethodHandleAccessor.java:103)
    	at java.base/java.lang.reflect.Method.invoke(Method.java:580)
    	at org.junit.platform.commons.util.ReflectionUtils.invokeMethod(ReflectionUtils.java:767)
    	at org.junit.jupiter.engine.execution.MethodInvocation.proceed(MethodInvocation.java:60)
    	at org.junit.jupiter.engine.execution.InvocationInterceptorChain$ValidatingInvocation.proceed(InvocationInterceptorChain.java:131)
    	at org.junit.jupiter.engine.extension.TimeoutExtension.intercept(TimeoutExtension.java:156)
    	at org.junit.jupiter.engine.extension.TimeoutExtension.interceptTestableMethod(TimeoutExtension.java:147)
    	at org.junit.jupiter.engine.extension.TimeoutExtension.interceptTestMethod(TimeoutExtension.java:86)
    	at org.junit.jupiter.engine.execution.InterceptingExecutableInvoker$ReflectiveInterceptorCall.lambda$ofVoidMethod$0(InterceptingExecutableInvoker.java:103)
    	at org.junit.jupiter.engine.execution.InterceptingExecutableInvoker.lambda$invoke$0(InterceptingExecutableInvoker.java:93)
    	at org.junit.jupiter.engine.execution.InvocationInterceptorChain$InterceptedInvocation.proceed(InvocationInterceptorChain.java:106)
    	at org.junit.jupiter.engine.execution.InvocationInterceptorChain.proceed(InvocationInterceptorChain.java:64)
    	at org.junit.jupiter.engine.execution.InvocationInterceptorChain.chainAndInvoke(InvocationInterceptorChain.java:45)
    	at org.junit.jupiter.engine.execution.InvocationInterceptorChain.invoke(InvocationInterceptorChain.java:37)
    	at org.junit.jupiter.engine.execution.InterceptingExecutableInvoker.invoke(InterceptingExecutableInvoker.java:92)
    	at org.junit.jupiter.engine.execution.InterceptingExecutableInvoker.invoke(InterceptingExecutableInvoker.java:86)
    	at org.junit.jupiter.engine.descriptor.TestMethodTestDescriptor.lambda$invokeTestMethod$8(TestMethodTestDescriptor.java:217)
    	at org.junit.platform.engine.support.hierarchical.ThrowableCollector.execute(ThrowableCollector.java:73)
    	at org.junit.jupiter.engine.descriptor.TestMethodTestDescriptor.invokeTestMethod(TestMethodTestDescriptor.java:213)
    	at org.junit.jupiter.engine.descriptor.TestMethodTestDescriptor.execute(TestMethodTestDescriptor.java:138)
    	at org.junit.jupiter.engine.descriptor.TestMethodTestDescriptor.execute(TestMethodTestDescriptor.java:68)
    	at org.junit.platform.engine.support.hierarchical.NodeTestTask.lambda$executeRecursively$6(NodeTestTask.java:156)
    	at org.junit.platform.engine.support.hierarchical.ThrowableCollector.execute(ThrowableCollector.java:73)
    	at org.junit.platform.engine.support.hierarchical.NodeTestTask.lambda$executeRecursively$8(NodeTestTask.java:146)
    	at org.junit.platform.engine.support.hierarchical.Node.around(Node.java:137)
    	at org.junit.platform.engine.support.hierarchical.NodeTestTask.lambda$executeRecursively$9(NodeTestTask.java:144)
    	at org.junit.platform.engine.support.hierarchical.ThrowableCollector.execute(ThrowableCollector.java:73)
    	at org.junit.platform.engine.support.hierarchical.NodeTestTask.executeRecursively(NodeTestTask.java:143)
    	at org.junit.platform.engine.support.hierarchical.NodeTestTask.execute(NodeTestTask.java:100)
    	at java.base/java.util.ArrayList.forEach(ArrayList.java:1596)
    	at org.junit.platform.engine.support.hierarchical.SameThreadHierarchicalTestExecutorService.invokeAll(SameThreadHierarchicalTestExecutorService.java:41)
    	at org.junit.platform.engine.support.hierarchical.NodeTestTask.lambda$executeRecursively$6(NodeTestTask.java:160)
    	at org.junit.platform.engine.support.hierarchical.ThrowableCollector.execute(ThrowableCollector.java:73)
    	at org.junit.platform.engine.support.hierarchical.NodeTestTask.lambda$executeRecursively$8(NodeTestTask.java:146)
    	at org.junit.platform.engine.support.hierarchical.Node.around(Node.java:137)
    	at org.junit.platform.engine.support.hierarchical.NodeTestTask.lambda$executeRecursively$9(NodeTestTask.java:144)
    	at org.junit.platform.engine.support.hierarchical.ThrowableCollector.execute(ThrowableCollector.java:73)
    	at org.junit.platform.engine.support.hierarchical.NodeTestTask.executeRecursively(NodeTestTask.java:143)
    	at org.junit.platform.engine.support.hierarchical.NodeTestTask.execute(NodeTestTask.java:100)
    	at java.base/java.util.ArrayList.forEach(ArrayList.java:1596)
    	at org.junit.platform.engine.support.hierarchical.SameThreadHierarchicalTestExecutorService.invokeAll(SameThreadHierarchicalTestExecutorService.java:41)
    	at org.junit.platform.engine.support.hierarchical.NodeTestTask.lambda$executeRecursively$6(NodeTestTask.java:160)
    	at org.junit.platform.engine.support.hierarchical.ThrowableCollector.execute(ThrowableCollector.java:73)
    	at org.junit.platform.engine.support.hierarchical.NodeTestTask.lambda$executeRecursively$8(NodeTestTask.java:146)
    	at org.junit.platform.engine.support.hierarchical.Node.around(Node.java:137)
    	at org.junit.platform.engine.support.hierarchical.NodeTestTask.lambda$executeRecursively$9(NodeTestTask.java:144)
    	at org.junit.platform.engine.support.hierarchical.ThrowableCollector.execute(ThrowableCollector.java:73)
    	at org.junit.platform.engine.support.hierarchical.NodeTestTask.executeRecursively(NodeTestTask.java:143)
    	at org.junit.platform.engine.support.hierarchical.NodeTestTask.execute(NodeTestTask.java:100)
    	at org.junit.platform.engine.support.hierarchical.SameThreadHierarchicalTestExecutorService.submit(SameThreadHierarchicalTestExecutorService.java:35)
    	at org.junit.platform.engine.support.hierarchical.HierarchicalTestExecutor.execute(HierarchicalTestExecutor.java:57)
    	at org.junit.platform.engine.support.hierarchical.HierarchicalTestEngine.execute(HierarchicalTestEngine.java:54)
    	at org.junit.platform.launcher.core.EngineExecutionOrchestrator.execute(EngineExecutionOrchestrator.java:198)
    	at org.junit.platform.launcher.core.EngineExecutionOrchestrator.execute(EngineExecutionOrchestrator.java:169)
    	at org.junit.platform.launcher.core.EngineExecutionOrchestrator.execute(EngineExecutionOrchestrator.java:93)
    	at org.junit.platform.launcher.core.EngineExecutionOrchestrator.lambda$execute$0(EngineExecutionOrchestrator.java:58)
    	at org.junit.platform.launcher.core.EngineExecutionOrchestrator.withInterceptedStreams(EngineExecutionOrchestrator.java:141)
    	at org.junit.platform.launcher.core.EngineExecutionOrchestrator.execute(EngineExecutionOrchestrator.java:57)
    	at org.junit.platform.launcher.core.DefaultLauncher.execute(DefaultLauncher.java:103)
    	at org.junit.platform.launcher.core.DefaultLauncher.execute(DefaultLauncher.java:85)
    	at org.junit.platform.launcher.core.DelegatingLauncher.execute(DelegatingLauncher.java:47)
    	at org.gradle.api.internal.tasks.testing.junitplatform.JUnitPlatformTestClassProcessor$CollectAllTestClassesExecutor.processAllTestClasses(JUnitPlatformTestClassProcessor.java:124)
    	at org.gradle.api.internal.tasks.testing.junitplatform.JUnitPlatformTestClassProcessor$CollectAllTestClassesExecutor.access$000(JUnitPlatformTestClassProcessor.java:99)
    	at org.gradle.api.internal.tasks.testing.junitplatform.JUnitPlatformTestClassProcessor.stop(JUnitPlatformTestClassProcessor.java:94)
    	at org.gradle.api.internal.tasks.testing.SuiteTestClassProcessor.stop(SuiteTestClassProcessor.java:63)
    	at java.base/jdk.internal.reflect.DirectMethodHandleAccessor.invoke(DirectMethodHandleAccessor.java:103)
    	at java.base/java.lang.reflect.Method.invoke(Method.java:580)
    	at org.gradle.internal.dispatch.ReflectionDispatch.dispatch(ReflectionDispatch.java:36)
    	at org.gradle.internal.dispatch.ReflectionDispatch.dispatch(ReflectionDispatch.java:24)
    	at org.gradle.internal.dispatch.ContextClassLoaderDispatch.dispatch(ContextClassLoaderDispatch.java:33)
    	at org.gradle.internal.dispatch.ProxyDispatchAdapter$DispatchingInvocationHandler.invoke(ProxyDispatchAdapter.java:92)
    	at jdk.proxy2/jdk.proxy2.$Proxy6.stop(Unknown Source)
    	at org.gradle.api.internal.tasks.testing.worker.TestWorker$3.run(TestWorker.java:200)
    	at org.gradle.api.internal.tasks.testing.worker.TestWorker.executeAndMaintainThreadName(TestWorker.java:132)
    	at org.gradle.api.internal.tasks.testing.worker.TestWorker.execute(TestWorker.java:103)
    	at org.gradle.api.internal.tasks.testing.worker.TestWorker.execute(TestWorker.java:63)
    	at org.gradle.process.internal.worker.child.ActionExecutionWorker.execute(ActionExecutionWorker.java:56)
    	at org.gradle.process.internal.worker.child.SystemApplicationClassLoaderWorker.call(SystemApplicationClassLoaderWorker.java:121)
    	at org.gradle.process.internal.worker.child.SystemApplicationClassLoaderWorker.call(SystemApplicationClassLoaderWorker.java:71)
    	at worker.org.gradle.process.internal.worker.GradleWorkerMain.run(GradleWorkerMain.java:69)
    	at worker.org.gradle.process.internal.worker.GradleWorkerMain.main(GradleWorkerMain.java:74)

PatientConsentServiceImplTest > grantConsent_auditFailure_doesNotThrow() PASSED

PatientConsentServiceImplTest > isConsentActive_noConsent() PASSED

PatientConsentServiceImplTest > isConsentActive_true() PASSED

PatientConsentServiceImplTest > getConsentsByToHospital_returnsPage() PASSED

PatientConsentServiceImplTest > grantConsent_toHospitalNotFound_throws() PASSED

PatientHospitalRegistrationServiceImplTest > registerPatient_alreadyRegistered_throws() STANDARD_OUT
    2026-03-10 23:50:48  INFO [Test worker] s.PatientHospitalRegistrationServiceImpl - Hospital retrieved: name=General Hospital

PatientHospitalRegistrationServiceImplTest > registerPatient_alreadyRegistered_throws() PASSED

PatientHospitalRegistrationServiceImplTest > getRegistrationsByPatient_byUUID_simple() PASSED

PatientHospitalRegistrationServiceImplTest > deregisterPatient_byMrn_success() STANDARD_OUT
    2026-03-10 23:50:48  INFO [Test worker] s.PatientHospitalRegistrationServiceImpl - ≡ƒùæ∩╕Å Deregistered Patient Registration mrn 'mrn-TEST123'

PatientHospitalRegistrationServiceImplTest > deregisterPatient_byMrn_success() PASSED

PatientHospitalRegistrationServiceImplTest > updateRegistration_byMrn_success() STANDARD_OUT
    2026-03-10 23:50:48  INFO [Test worker] s.PatientHospitalRegistrationServiceImpl - Γ£à Updated registration mrn: mrn-TEST123

PatientHospitalRegistrationServiceImplTest > updateRegistration_byMrn_success() PASSED

PatientHospitalRegistrationServiceImplTest > getRegistrationsByPatient_byUUID_filteredByActive() PASSED

PatientHospitalRegistrationServiceImplTest > deregisterPatient_byMrn_notFound() PASSED

PatientHospitalRegistrationServiceImplTest > registerPatient_hospitalNotFound_throws() PASSED

PatientHospitalRegistrationServiceImplTest > deregisterPatient_byUUID_success() STANDARD_OUT
    2026-03-10 23:50:48  INFO [Test worker] s.PatientHospitalRegistrationServiceImpl - ≡ƒùæ∩╕Å Deregistered Patient Registration ID '707d271b-202c-4e84-8c28-8c421b29cb8b'

PatientHospitalRegistrationServiceImplTest > deregisterPatient_byUUID_success() PASSED

PatientHospitalRegistrationServiceImplTest > getById_notFound() PASSED

PatientHospitalRegistrationServiceImplTest > updateRegistration_byUUID_success() PASSED

PatientHospitalRegistrationServiceImplTest > patchRegistration_byMrn_success() STANDARD_OUT
    2026-03-10 23:50:48  INFO [Test worker] s.PatientHospitalRegistrationServiceImpl - Γ£à Patched registration mrn: mrn-TEST123

PatientHospitalRegistrationServiceImplTest > patchRegistration_byMrn_success() PASSED

PatientHospitalRegistrationServiceImplTest > getRegistrationsByPatient_byUUID_paginated() PASSED

PatientHospitalRegistrationServiceImplTest > registerPatient_patientNotFound_throws() PASSED

PatientHospitalRegistrationServiceImplTest > registerPatient_byUsername_success() STANDARD_OUT
    2026-03-10 23:50:48  INFO [Test worker] s.PatientHospitalRegistrationServiceImpl - Hospital retrieved: name=General Hospital
    2026-03-10 23:50:48  INFO [Test worker] s.PatientHospitalRegistrationServiceImpl - Γ£à Registered Patient '51b08c13-2583-4533-a62c-e1bbae2c3980' to Hospital 'aa552230-b606-4685-8aad-d7aae126e314' with mrn 'mrn-2UUG8YS'

PatientHospitalRegistrationServiceImplTest > registerPatient_byUsername_success() PASSED

PatientHospitalRegistrationServiceImplTest > deregisterPatient_byUUID_notFound() PASSED

PatientHospitalRegistrationServiceImplTest > registerPatient_noPatientRef_throwsIllegalArg() PASSED

PatientHospitalRegistrationServiceImplTest > getRegistrationsByHospital_success() PASSED

PatientHospitalRegistrationServiceImplTest > patchRegistration_byUUID_success() PASSED

PatientHospitalRegistrationServiceImplTest > getPatientsRegisteredInMultipleHospitals_delegates() PASSED

PatientHospitalRegistrationServiceImplTest > getById_success() PASSED

PatientHospitalRegistrationServiceImplTest > getRegistrationsByPatient_byUsername() PASSED

PatientHospitalRegistrationServiceImplTest > registerPatient_noHospitalRef_throwsIllegalArg() PASSED

PatientHospitalRegistrationServiceImplTest > registerPatient_minorWithoutGuardian_throwsIllegalArg() STANDARD_OUT
    2026-03-10 23:50:48  INFO [Test worker] s.PatientHospitalRegistrationServiceImpl - Hospital retrieved: name=General Hospital

PatientHospitalRegistrationServiceImplTest > registerPatient_minorWithoutGuardian_throwsIllegalArg() PASSED

PatientHospitalRegistrationServiceImplTest > updateRegistration_byUUID_notFound() PASSED

PatientHospitalRegistrationServiceImplTest > registerPatient_byPatientId_success() STANDARD_OUT
    2026-03-10 23:50:48  INFO [Test worker] s.PatientHospitalRegistrationServiceImpl - Hospital retrieved: name=General Hospital
    2026-03-10 23:50:48  INFO [Test worker] s.PatientHospitalRegistrationServiceImpl - Γ£à Registered Patient 'fbfbf58a-4adf-4626-a021-5c462cf3f63c' to Hospital '202bea25-07de-4bd1-8f67-987cc3cf6dd9' with mrn 'mrn-EXYRE76'

PatientHospitalRegistrationServiceImplTest > registerPatient_byPatientId_success() PASSED

PatientInsuranceServiceImplTest > getPatientInsuranceById_success() PASSED

PatientInsuranceServiceImplTest > linkPatientInsurance_patientMode_wrongUser_throwsAccessDenied() PASSED

PatientInsuranceServiceImplTest > linkPatientInsurance_staffMode_noHospital_throwsBusiness() PASSED

PatientInsuranceServiceImplTest > upsertAndLinkByNaturalKey_patientMode_withHospital_throwsBusiness() PASSED

PatientInsuranceServiceImplTest > linkPatientInsurance_staffMode_noPermission_throwsAccessDenied() PASSED

PatientInsuranceServiceImplTest > updatePatientInsurance_success() PASSED

PatientInsuranceServiceImplTest > getPatientInsuranceById_notFound_throws() PASSED

PatientInsuranceServiceImplTest > linkPatientInsurance_patientMode_success() PASSED

PatientInsuranceServiceImplTest > upsertAndLinkByInsuranceId_nullPatientId_throwsBusiness() PASSED

PatientInsuranceServiceImplTest > addInsuranceToPatient_nullPatientId_throwsBusinessException() PASSED

PatientInsuranceServiceImplTest > getInsurancesByPatientId_success() PASSED

PatientInsuranceServiceImplTest > addInsuranceToPatient_success() PASSED

PatientInsuranceServiceImplTest > upsertAndLinkByNaturalKey_createsNew_success() PASSED

PatientInsuranceServiceImplTest > enforceSelfAccessIfPatient_wrongUser_throwsAccessDenied() PASSED

PatientInsuranceServiceImplTest > deletePatientInsurance_success() PASSED

PatientInsuranceServiceImplTest > upsertAndLinkByNaturalKey_missingPayerCode_throwsBusiness() PASSED

PatientInsuranceServiceImplTest > upsertAndLinkByInsuranceId_success() PASSED

PatientInsuranceServiceImplTest > linkPatientInsurance_patientMode_withHospitalId_throwsBusiness() PASSED

PatientInsuranceServiceImplTest > linkPatientInsurance_staffMode_success() PASSED

PatientPrimaryCareServiceImplTest > DeletePrimaryCare > deletesWhenExists() PASSED

PatientPrimaryCareServiceImplTest > DeletePrimaryCare > notFoundThrows() PASSED

PatientPrimaryCareServiceImplTest > GetPrimaryCareHistory > emptyHistory() PASSED

PatientPrimaryCareServiceImplTest > GetPrimaryCareHistory > returnsMappedList() PASSED

PatientPrimaryCareServiceImplTest > GetCurrentPrimaryCare > found() PASSED

PatientPrimaryCareServiceImplTest > GetCurrentPrimaryCare > notFound() PASSED

PatientPrimaryCareServiceImplTest > EndPrimaryCare > nullEndDateDefaultsToToday() PASSED

PatientPrimaryCareServiceImplTest > EndPrimaryCare > endDateBeforeStartDateThrows() PASSED

PatientPrimaryCareServiceImplTest > EndPrimaryCare > endDateEqualsStartDateIsAllowed() PASSED

PatientPrimaryCareServiceImplTest > EndPrimaryCare > nullStartDateSkipsBeforeCheck() PASSED

PatientPrimaryCareServiceImplTest > EndPrimaryCare > notFound() PASSED

PatientPrimaryCareServiceImplTest > EndPrimaryCare > validEndDate() PASSED

PatientPrimaryCareServiceImplTest > UpdatePrimaryCare > sameAssignmentIdDoesNotSwitch() PASSED

PatientPrimaryCareServiceImplTest > UpdatePrimaryCare > switchHospitalNotFound() PASSED

PatientPrimaryCareServiceImplTest > UpdatePrimaryCare > switchAssignmentHospitalMismatch() PASSED

PatientPrimaryCareServiceImplTest > UpdatePrimaryCare > switchesAssignment() PASSED

PatientPrimaryCareServiceImplTest > UpdatePrimaryCare > switchAssignmentNotFound() PASSED

PatientPrimaryCareServiceImplTest > UpdatePrimaryCare > updatesStartDateEndDateNotes() PASSED

PatientPrimaryCareServiceImplTest > UpdatePrimaryCare > switchesHospital() PASSED

PatientPrimaryCareServiceImplTest > UpdatePrimaryCare > skipNullFields() PASSED

PatientPrimaryCareServiceImplTest > UpdatePrimaryCare > sameHospitalIdDoesNotSwitch() PASSED

PatientPrimaryCareServiceImplTest > UpdatePrimaryCare > notFound() PASSED

PatientPrimaryCareServiceImplTest > AssignPrimaryCare > hospitalNotFound() PASSED

PatientPrimaryCareServiceImplTest > AssignPrimaryCare > assignmentHospitalMismatch() PASSED

PatientPrimaryCareServiceImplTest > AssignPrimaryCare > assignmentNotFound() PASSED

PatientPrimaryCareServiceImplTest > AssignPrimaryCare > noExistingPcpCreatesNew() PASSED

PatientPrimaryCareServiceImplTest > AssignPrimaryCare > endsExistingPcpAndCreatesNew() PASSED

PatientPrimaryCareServiceImplTest > AssignPrimaryCare > patientNotFound() PASSED

PatientServiceImplTest > createPatientDiagnosisPersistsProblemAndHistory() STANDARD_OUT
    2026-03-10 23:50:51  INFO [Test worker] c.e.hms.service.PatientServiceImpl       - Diagnosis CREATED [patientId=ad08390a-fa6f-4aa2-9779-c7a1f815af06, hospitalId=9b5811b4-84c3-4493-9ebf-c5c141ac086e, diagnosisId=fe088566-8099-4b0c-b008-c2c2cb40f7a5, requesterId=7cd1823c-23b5-481c-9585-cae4b39c0b46, status=ACTIVE, icdVersion=N/A, codeProvided=true, additionalCodes=0, chronic=false, changeReasonProvided=false]

PatientServiceImplTest > createPatientDiagnosisPersistsProblemAndHistory() PASSED

PatientServiceImplTest > deletePatientDiagnosisRequiresReason() PASSED

PatientServiceImplTest > searchPatientsBuildsPatternsAndReturnsMappedPage() PASSED

PatientServiceImplTest > createPatientByStaffRequiresHospitalId() PASSED

PatientServiceImplTest > getPatientByIdWorksForMultiHospitalPatient() STANDARD_OUT
    2026-03-10 23:50:51  INFO [Test worker] c.e.hms.service.PatientServiceImpl       - [getPatientById] Looking up patient id=eae8b7e4-a033-4f55-94e2-59fb03fbac82, hospitalId=4c8a52ee-0ca9-4a92-a513-371d1d97f8e4
    2026-03-10 23:50:51  INFO [Test worker] c.e.hms.service.PatientServiceImpl       - [getPatientById] Found patient entity pk=eae8b7e4-a033-4f55-94e2-59fb03fbac82, user=null
    2026-03-10 23:50:51  INFO [Test worker] c.e.hms.service.PatientServiceImpl       - [getPatientById] Hospital scope check: patientId=eae8b7e4-a033-4f55-94e2-59fb03fbac82, hospitalId=4c8a52ee-0ca9-4a92-a513-371d1d97f8e4, registered=true

PatientServiceImplTest > getPatientByIdWorksForMultiHospitalPatient() PASSED

PatientServiceImplTest > getDoctorTimelineAggregatesClinicalEventsAndLogsAudit() PASSED

PatientServiceImplTest > getPatientByIdDeniesAccessWhenNotRegisteredAtHospital() STANDARD_OUT
    2026-03-10 23:50:51  INFO [Test worker] c.e.hms.service.PatientServiceImpl       - [getPatientById] Looking up patient id=60bc8def-0d43-4700-9f4d-663a97a07b36, hospitalId=b7575fca-24bc-48f1-a5ac-d99d856ae156
    2026-03-10 23:50:51  INFO [Test worker] c.e.hms.service.PatientServiceImpl       - [getPatientById] Found patient entity pk=60bc8def-0d43-4700-9f4d-663a97a07b36, user=null
    2026-03-10 23:50:51  INFO [Test worker] c.e.hms.service.PatientServiceImpl       - [getPatientById] Hospital scope check: patientId=60bc8def-0d43-4700-9f4d-663a97a07b36, hospitalId=b7575fca-24bc-48f1-a5ac-d99d856ae156, registered=false

PatientServiceImplTest > getPatientByIdDeniesAccessWhenNotRegisteredAtHospital() PASSED

PatientServiceImplTest > getPatientByIdReturnsDtoWhenRegistered() STANDARD_OUT
    2026-03-10 23:50:51  INFO [Test worker] c.e.hms.service.PatientServiceImpl       - [getPatientById] Looking up patient id=97955ee9-549b-4767-828b-db11dfc74958, hospitalId=cbbd701c-df4c-4f70-ba58-4f2ea01c02f6
    2026-03-10 23:50:51  INFO [Test worker] c.e.hms.service.PatientServiceImpl       - [getPatientById] Found patient entity pk=97955ee9-549b-4767-828b-db11dfc74958, user=null
    2026-03-10 23:50:51  INFO [Test worker] c.e.hms.service.PatientServiceImpl       - [getPatientById] Hospital scope check: patientId=97955ee9-549b-4767-828b-db11dfc74958, hospitalId=cbbd701c-df4c-4f70-ba58-4f2ea01c02f6, registered=true

PatientServiceImplTest > getPatientByIdReturnsDtoWhenRegistered() PASSED

PatientServiceImplTest > createPatientDiagnosisEnforcesIcdPatternWhenVersionStrict() PASSED

PatientServiceImplTest > deletePatientThrowsWhenNotFound() PASSED

PatientServiceImplTest > updatePatientDiagnosisRequiresReasonForStatusChange() PASSED

PatientServiceImplTest > createPatientDiagnosisAllowsNonIcdCodeWhenVersionNotStrict() STANDARD_OUT
    2026-03-10 23:50:51  INFO [Test worker] c.e.hms.service.PatientServiceImpl       - Diagnosis CREATED [patientId=72e16eb2-b4ec-48f1-ba13-2bfe64e029f4, hospitalId=02be8d69-8379-40c5-bc1a-f15573b54e47, diagnosisId=b5eda370-912a-40c2-81e5-2ae12f998950, requesterId=adfea4e5-fef2-41aa-a3c0-ae0ecf1d3bab, status=ACTIVE, icdVersion=Code diagnostic Version ΓÇª, codeProvided=true, additionalCodes=0, chronic=false, changeReasonProvided=false]

PatientServiceImplTest > createPatientDiagnosisAllowsNonIcdCodeWhenVersionNotStrict() PASSED

PatientServiceImplTest > getPatientByIdThrowsWhenNotRegistered() STANDARD_OUT
    2026-03-10 23:50:51  INFO [Test worker] c.e.hms.service.PatientServiceImpl       - [getPatientById] Looking up patient id=0a4b3e83-ea81-465c-bff0-da10a9abc73c, hospitalId=76da829c-53eb-48f4-bec0-f7229de20120
    2026-03-10 23:50:51  INFO [Test worker] c.e.hms.service.PatientServiceImpl       - [getPatientById] Found patient entity pk=0a4b3e83-ea81-465c-bff0-da10a9abc73c, user=null
    2026-03-10 23:50:51  INFO [Test worker] c.e.hms.service.PatientServiceImpl       - [getPatientById] Hospital scope check: patientId=0a4b3e83-ea81-465c-bff0-da10a9abc73c, hospitalId=76da829c-53eb-48f4-bec0-f7229de20120, registered=false

PatientServiceImplTest > getPatientByIdThrowsWhenNotRegistered() PASSED

PatientServiceImplTest > createPatientCreatesNewPatientAndInsurance() PASSED

PatientServiceImplTest > getDoctorRecordAggregatesSectionsAndLogsAudit() PASSED

PatientVitalSignServiceImplTest > getLatestSnapshot_returnsEmptyWhenNoVitalsPresent() PASSED

PatientVitalSignServiceImplTest > getLatestSnapshot_returnsMappedSnapshotWhenPresent() PASSED

PatientVitalSignServiceImplTest > recordVital_persistsMeasurementWithResolvedContext() PASSED

PatientVitalSignServiceImplTest > recordVital_throwsWhenRecorderHospitalMismatch() PASSED

PatientVitalSignServiceImplTest > getRecentVitals_prefersHospitalScopedQueryWhenProvided() PASSED

PatientVitalSignServiceImplTest > getRecentVitals_withoutHospitalFallsBackToGlobalQuery() PASSED

PatientVitalSignServiceImplTest > recordVital_throwsWhenPatientMissing() PASSED

PrenatalSchedulingServiceImplTest > createReminderEnqueuesNotification() PASSED

PrenatalSchedulingServiceImplTest > createReminderRejectsPastAppointments() PASSED

PrenatalSchedulingServiceImplTest > reschedulePrenatalAppointmentDelegatesToAppointmentService() PASSED

PrenatalSchedulingServiceImplTest > generateScheduleHighRiskProducesWeeklyVisitsAfterTwentyEightWeeks() PASSED

PrescriptionServiceImplTest > createPrescriptionResolvePrescriberWhenEncounterAssignmentNull() PASSED

PrescriptionServiceImplTest > determineHospitalIdWithNullStaffUsesPatient() PASSED

PrescriptionServiceImplTest > updatePrescriptionWhenNotFoundThrows() PASSED

PrescriptionServiceImplTest > deletePrescriptionWhenExistsDeletesById() PASSED

PrescriptionServiceImplTest > getPrescriptionsByStaffIdReturnsList() PASSED

PrescriptionServiceImplTest > createPrescriptionWithSevereAllergyNoOverrideThrowsBusiness() STANDARD_OUT
    2026-03-10 23:50:52  WARN [Test worker] c.e.hms.service.PrescriptionServiceImpl  - ALLERGY ALERT: Patient 41949020-612a-443f-b270-8a20bad620e9 has documented allergy to 'Ibuprofen' (severity: SEVERE, reaction: Anaphylaxis). Attempted to prescribe 'Ibuprofen'. Override: null

PrescriptionServiceImplTest > createPrescriptionWithSevereAllergyNoOverrideThrowsBusiness() PASSED

PrescriptionServiceImplTest > createPrescriptionWithMildAllergyNoOverrideProceeds() STANDARD_OUT
    2026-03-10 23:50:52  WARN [Test worker] c.e.hms.service.PrescriptionServiceImpl  - ALLERGY ALERT: Patient c7246ae1-cda3-4b2c-b94a-da851b1cda10 has documented allergy to 'Ibuprofen' (severity: MILD, reaction: Mild rash). Attempted to prescribe 'Ibuprofen'. Override: null
    2026-03-10 23:50:52  INFO [Test worker] c.e.hms.service.PrescriptionServiceImpl  - Prescription proceeding with documented MILD allergy to 'Ibuprofen'

PrescriptionServiceImplTest > createPrescriptionWithMildAllergyNoOverrideProceeds() PASSED

PrescriptionServiceImplTest > createPrescriptionUsesEncounterAssignment() PASSED

PrescriptionServiceImplTest > createPrescriptionWithPatientIdentifierByUuidResolves() PASSED

PrescriptionServiceImplTest > createPrescriptionWhenHospitalIdNullAfterContextThrows() PASSED

PrescriptionServiceImplTest > createPrescriptionWhenStaffHospitalMismatchThrows() PASSED

PrescriptionServiceImplTest > createPrescriptionWhenHospitalLinkMissingOnEncounterThrows() PASSED

PrescriptionServiceImplTest > createPrescriptionWhenEncounterNotFoundByIdThrows() PASSED

PrescriptionServiceImplTest > createPrescriptionDetermineHospitalIdFromRoleValidator() PASSED

PrescriptionServiceImplTest > listWhenPatientFilterProvidedUsesPatientRepository() PASSED

PrescriptionServiceImplTest > createPrescriptionWhenPatientMissingThrowsResourceNotFound() PASSED

PrescriptionServiceImplTest > resolveAssignmentForStaffWithNullHospitalIdThrows() PASSED

PrescriptionServiceImplTest > createPrescriptionWithoutEncounterCreatesSnapshotWhenMissing() PASSED

PrescriptionServiceImplTest > createPrescriptionUsesRoleValidatorHospitalIdFallback() PASSED

PrescriptionServiceImplTest > createPrescriptionWhenAuthorizedPersistsEntityAndReturnsDto() PASSED

PrescriptionServiceImplTest > createPrescriptionWithNullSeverityAllergyProceeds() STANDARD_OUT
    2026-03-10 23:50:52  WARN [Test worker] c.e.hms.service.PrescriptionServiceImpl  - ALLERGY ALERT: Patient 67464c48-b0d3-4839-9377-2d7981708e71 has documented allergy to 'Ibuprofen' (severity: UNKNOWN, reaction: unspecified reaction). Attempted to prescribe 'Ibuprofen'. Override: null
    2026-03-10 23:50:52  INFO [Test worker] c.e.hms.service.PrescriptionServiceImpl  - Prescription proceeding with documented UNKNOWN allergy to 'Ibuprofen'

PrescriptionServiceImplTest > createPrescriptionWithNullSeverityAllergyProceeds() PASSED

PrescriptionServiceImplTest > createPrescriptionWithBlankMedicationNameSkipsAllergyCheck() PASSED

PrescriptionServiceImplTest > createPrescriptionWithInactiveAllergySkipsCheck() PASSED

PrescriptionServiceImplTest > getPrescriptionByIdThrowsWhenNotFound() PASSED

PrescriptionServiceImplTest > createPrescriptionWithAllergenContainingMedication() STANDARD_OUT
    2026-03-10 23:50:52  WARN [Test worker] c.e.hms.service.PrescriptionServiceImpl  - ALLERGY ALERT: Patient efa92a4d-2c25-4aa6-b463-5dca297250b8 has documented allergy to 'Amoxicillin Penicillin Compound' (severity: MILD, reaction: Rash). Attempted to prescribe 'penicillin'. Override: null
    2026-03-10 23:50:52  INFO [Test worker] c.e.hms.service.PrescriptionServiceImpl  - Prescription proceeding with documented MILD allergy to 'Amoxicillin Penicillin Compound'

PrescriptionServiceImplTest > createPrescriptionWithAllergenContainingMedication() PASSED

PrescriptionServiceImplTest > listWithNoFiltersCallsFindAll() PASSED

PrescriptionServiceImplTest > createPrescriptionStaffAssignmentNullHospitalFallsToUrha() PASSED

PrescriptionServiceImplTest > createPrescriptionWhenRoleValidationFailsThrowsBusinessException() PASSED

PrescriptionServiceImplTest > listWhenStaffFilterProvidedUsesStaffRepository() PASSED

PrescriptionServiceImplTest > createPrescriptionWhenStaffAssignmentHospitalNullFallsToUrha() PASSED

PrescriptionServiceImplTest > getPrescriptionById_sameHospital_success() PASSED

PrescriptionServiceImplTest > getPrescriptionsByPatientId_usesHospitalScopedQuery() PASSED

PrescriptionServiceImplTest > createPrescriptionResolvesPatientByUsernameOrEmail() PASSED

PrescriptionServiceImplTest > createPrescriptionAutoCreatesNewEncounter() PASSED

PrescriptionServiceImplTest > updatePrescriptionHappyPathFullFlow() PASSED

PrescriptionServiceImplTest > createPrescriptionAutoCreatesEncounterWhenExistingFound() PASSED

PrescriptionServiceImplTest > createPrescriptionWhenAssignmentResolvedViaUrhaUsesRepositoryLookup() PASSED

PrescriptionServiceImplTest > createPrescriptionUsesRoleDoctorFallback() PASSED

PrescriptionServiceImplTest > createPrescriptionWithPatientIdentifierNotFoundThrows() PASSED

PrescriptionServiceImplTest > listWhenEncounterFilterProvidedUsesEncounterRepository() PASSED

PrescriptionServiceImplTest > createPrescriptionWithNullAllergenDisplaySkips() PASSED

PrescriptionServiceImplTest > createPrescriptionWhenEncounterStaffMismatchThrows() PASSED

PrescriptionServiceImplTest > createPrescriptionWithLifeThreateningAllergyNoOverrideThrows() STANDARD_OUT
    2026-03-10 23:50:52  WARN [Test worker] c.e.hms.service.PrescriptionServiceImpl  - ALLERGY ALERT: Patient 50666a7d-2a8b-46c9-89f2-cab3371f3e2c has documented allergy to 'Ibuprofen' (severity: LIFE_THREATENING, reaction: Anaphylaxis). Attempted to prescribe 'Ibuprofen'. Override: null

PrescriptionServiceImplTest > createPrescriptionWithLifeThreateningAllergyNoOverrideThrows() PASSED

PrescriptionServiceImplTest > createPrescriptionWithSevereAllergyAndOverrideProceeds() STANDARD_OUT
    2026-03-10 23:50:52  WARN [Test worker] c.e.hms.service.PrescriptionServiceImpl  - ALLERGY ALERT: Patient 605b0015-9673-488b-8ad9-3c52213c5b5a has documented allergy to 'Ibuprofen' (severity: SEVERE, reaction: Rash). Attempted to prescribe 'Ibuprofen'. Override: true
    2026-03-10 23:50:52  INFO [Test worker] c.e.hms.service.PrescriptionServiceImpl  - Prescription proceeding with documented SEVERE allergy to 'Ibuprofen'

PrescriptionServiceImplTest > createPrescriptionWithSevereAllergyAndOverrideProceeds() PASSED

PrescriptionServiceImplTest > createPrescriptionWithPatientIdentifierByMrnResolves() PASSED

PrescriptionServiceImplTest > createPrescriptionWhenNoStaffFoundForCurrentUserThrows() PASSED

PrescriptionServiceImplTest > createPrescriptionUsesStaffDirectAssignment() PASSED

PrescriptionServiceImplTest > createPrescriptionWhenEncounterStaffNullThrows() PASSED

PrescriptionServiceImplTest > updatePrescriptionWhenAuthorizedUpdatesExistingEntity() PASSED

PrescriptionServiceImplTest > createPrescriptionWhenEncounterPatientMismatchThrowsBusinessException() PASSED

PrescriptionServiceImplTest > createPrescriptionWhenStaffNotFoundByIdThrows() PASSED

PrescriptionServiceImplTest > createPrescriptionWhenStaffUserNullThrows() PASSED

PrescriptionServiceImplTest > getPrescriptionByIdReturnsDto() PASSED

PrescriptionServiceImplTest > list_withPatientFilter_usesHospitalScopedQuery() PASSED

PrescriptionServiceImplTest > getPrescriptionById_crossHospital_throws404() PASSED

PrescriptionServiceImplTest > createPrescriptionWhenEncounterStaffIdMismatchThrows() PASSED

PrescriptionServiceImplTest > createPrescriptionWhenEncounterPatientNullThrows() PASSED

PrescriptionServiceImplTest > updatePrescriptionWhenHospitalIdNullThrows() PASSED

PrescriptionServiceImplTest > createPrescriptionWhenResolveAssignmentWithNullStaffThrows() PASSED

PrescriptionServiceImplTest > listWhenNoFiltersFallsBackToFindAll() PASSED

PrescriptionServiceImplTest > createPrescriptionWhenStaffAssignmentMatchesHospitalUsesIt() PASSED

PrescriptionServiceImplTest > deletePrescriptionThrowsWhenNotExists() PASSED

PrescriptionServiceImplTest > getPrescriptionsByPatientIdReturnsList() PASSED

PrescriptionServiceImplTest > updatePrescriptionNotAuthorizedThrows() PASSED

PrescriptionServiceImplTest > createPrescriptionWithPatientIdentifierResolvesPatientByUsernameOrEmail() PASSED

PrescriptionServiceImplTest > createPrescriptionWhenStaffUserNullThrowsMissingUser() PASSED

PrescriptionServiceImplTest > createPrescriptionWhenNoAssignmentFoundThrows() PASSED

PrescriptionServiceImplTest > updatePrescriptionWhenHospitalNullAfterConsistencyThrows() PASSED

PrescriptionServiceImplTest > createPrescriptionWhenDetermineHospitalIdReturnsNullThrows() PASSED

PrescriptionServiceImplTest > createPrescriptionWithNullMedicationNameSkipsAllergyCheck() PASSED

PrescriptionServiceImplTest > createPrescriptionResolvesPatientByUuidStringNotFound() PASSED

PrescriptionServiceImplTest > createPrescriptionWithoutEncounterUsesPatientHospitalId() PASSED

PrescriptionServiceImplTest > createPrescriptionWithNonMatchingAllergenProceeds() PASSED

PrescriptionServiceImplTest > deletePrescription_crossHospital_throws404() PASSED

PrescriptionServiceImplTest > list_withEncounterFilter_usesHospitalScopedQuery() PASSED

PrescriptionServiceImplTest > getPrescriptionsByEncounterIdReturnsList() PASSED

PrescriptionServiceImplTest > list_withNoFilter_usesHospitalScopedQuery() PASSED

PrescriptionServiceImplTest > createPrescriptionWhenStaffAssignmentHospitalIdMismatchFallsToUrha() PASSED

PrescriptionServiceImplTest > createPrescriptionStaffAssignmentHospitalMismatchFallsToUrha() PASSED

PrescriptionServiceImplTest > updatePrescriptionHappyPath() PASSED

PrescriptionServiceImplTest > createPrescriptionDetermineHospitalIdFromPatientWhenStaffHospitalNull() PASSED

PrescriptionServiceImplTest > createPrescriptionWithoutStaffOrEncounterUsesCurrentDoctorContext() PASSED

PrescriptionServiceImplTest > list_withStaffFilter_usesHospitalScopedQuery() PASSED

PrescriptionServiceImplTest > createPrescriptionNoPatientIdOrIdentifierThrowsBusiness() PASSED

PrescriptionServiceImplTest > createPrescriptionWhenNoStaffAndNullCurrentUserThrows() PASSED

ReferenceCatalogServiceImplTest > schedulePublish_pastDate_immediatelyPublishes() STANDARD_OUT
    2026-03-10 23:50:53  INFO [Test worker] c.e.h.s.ReferenceCatalogServiceImpl      - [catalog:schedule] catalog=DEPT_TYPES status=ACTIVE publishAt=2026-03-09T23:50:53.331939900

ReferenceCatalogServiceImplTest > schedulePublish_pastDate_immediatelyPublishes() PASSED

ReferenceCatalogServiceImplTest > listCatalogs_success() PASSED

ReferenceCatalogServiceImplTest > createCatalog_duplicateCode_throws() PASSED

ReferenceCatalogServiceImplTest > createCatalog_nullDescription_success() STANDARD_OUT
    2026-03-10 23:50:53  INFO [Test worker] c.e.h.s.ReferenceCatalogServiceImpl      - [catalog:create] code=TEST_CAT id=85b7924e-18d9-4f29-a5c8-0f9f8d7234f2

ReferenceCatalogServiceImplTest > createCatalog_nullDescription_success() PASSED

ReferenceCatalogServiceImplTest > importCatalog_noLabelUsesCodeAsLabel() STANDARD_OUT
    2026-03-10 23:50:53  INFO [Test worker] c.e.h.s.ReferenceCatalogServiceImpl      - [catalog:import] catalog=DEPT_TYPES processed=1 created=1 updated=0 skipped=0 entries=1 file=catalog.csv

ReferenceCatalogServiceImplTest > importCatalog_noLabelUsesCodeAsLabel() PASSED

ReferenceCatalogServiceImplTest > importCatalog_updateExisting() STANDARD_OUT
    2026-03-10 23:50:53  INFO [Test worker] c.e.h.s.ReferenceCatalogServiceImpl      - [catalog:import] catalog=DEPT_TYPES processed=1 created=0 updated=1 skipped=0 entries=1 file=catalog.csv

ReferenceCatalogServiceImplTest > importCatalog_updateExisting() PASSED

ReferenceCatalogServiceImplTest > importCatalog_success() STANDARD_OUT
    2026-03-10 23:50:53  INFO [Test worker] c.e.h.s.ReferenceCatalogServiceImpl      - [catalog:import] catalog=DEPT_TYPES processed=2 created=2 updated=0 skipped=0 entries=2 file=catalog.csv

ReferenceCatalogServiceImplTest > importCatalog_success() PASSED

ReferenceCatalogServiceImplTest > createCatalog_success() STANDARD_OUT
    2026-03-10 23:50:53  INFO [Test worker] c.e.h.s.ReferenceCatalogServiceImpl      - [catalog:create] code=NEW_CATALOG id=2fdfccaa-229e-4c44-9210-09a1d6bb3ee6

ReferenceCatalogServiceImplTest > createCatalog_success() PASSED

ReferenceCatalogServiceImplTest > createCatalog_blankCode_throws() PASSED

ReferenceCatalogServiceImplTest > importCatalog_noChanges_skips() STANDARD_OUT
    2026-03-10 23:50:53  INFO [Test worker] c.e.h.s.ReferenceCatalogServiceImpl      - [catalog:import] catalog=DEPT_TYPES processed=1 created=0 updated=0 skipped=1 entries=1 file=catalog.csv

ReferenceCatalogServiceImplTest > importCatalog_noChanges_skips() PASSED

ReferenceCatalogServiceImplTest > listCatalogs_empty() PASSED

ReferenceCatalogServiceImplTest > importCatalog_nullFile_throws() PASSED

ReferenceCatalogServiceImplTest > importCatalog_emptyFile_throws() PASSED

ReferenceCatalogServiceImplTest > importCatalog_withMetadata() STANDARD_OUT
    2026-03-10 23:50:53  INFO [Test worker] c.e.h.s.ReferenceCatalogServiceImpl      - [catalog:import] catalog=DEPT_TYPES processed=1 created=1 updated=0 skipped=0 entries=1 file=catalog.csv

ReferenceCatalogServiceImplTest > importCatalog_withMetadata() PASSED

ReferenceCatalogServiceImplTest > importCatalog_catalogNotFound_throws() PASSED

ReferenceCatalogServiceImplTest > importCatalog_skipEmptyCode() STANDARD_OUT
    2026-03-10 23:50:53  INFO [Test worker] c.e.h.s.ReferenceCatalogServiceImpl      - [catalog:import] catalog=DEPT_TYPES processed=2 created=1 updated=0 skipped=1 entries=1 file=catalog.csv

ReferenceCatalogServiceImplTest > importCatalog_skipEmptyCode() PASSED

ReferenceCatalogServiceImplTest > schedulePublish_futureDate_schedulesPublish() STANDARD_OUT
    2026-03-10 23:50:53  INFO [Test worker] c.e.h.s.ReferenceCatalogServiceImpl      - [catalog:schedule] catalog=DEPT_TYPES status=SCHEDULED publishAt=2026-03-17T23:50:53.439004800

ReferenceCatalogServiceImplTest > schedulePublish_futureDate_schedulesPublish() PASSED

ReferenceCatalogServiceImplTest > createCatalog_specialCharsInCode_normalized() STANDARD_OUT
    2026-03-10 23:50:53  INFO [Test worker] c.e.h.s.ReferenceCatalogServiceImpl      - [catalog:create] code=MY_SPECIAL_CODE id=4677eb86-556a-4c62-9cc6-d916535f4712

ReferenceCatalogServiceImplTest > createCatalog_specialCharsInCode_normalized() PASSED

ReferenceCatalogServiceImplTest > schedulePublish_catalogNotFound_throws() PASSED

RoleServiceImplTest > listBlueprintsExposesAllDefinitions() PASSED

RoleServiceImplTest > updateWithEmptyPermissionSetClearsAssignments() PASSED

RoleServiceImplTest > exportMatrixCsvProducesHeaderAndRows() PASSED

RoleServiceImplTest > createWithBlueprintAndCustomPermissionsMergesAllSources() STANDARD_OUT
    2026-03-10 23:50:53  WARN [Test worker] c.example.hms.service.RoleServiceImpl    - Missing permissions for blueprint CLINICAL_LEADERSHIP: [ENCOUNTER_CLOSE, CARE_PLAN_APPROVE, LAB_RESULT_REVIEW, PATIENT_UPDATE, APPOINTMENT_MANAGE]

RoleServiceImplTest > createWithBlueprintAndCustomPermissionsMergesAllSources() PASSED

SecurityPolicyGovernanceServiceImplTest > exportLatestBaselineSerializesPayload() PASSED

SecurityPolicyGovernanceServiceImplTest > createBaselinePersistsEntityAndReturnsResponse() STANDARD_OUT
    2026-03-10 23:50:53  INFO [Test worker] .h.s.SecurityPolicyGovernanceServiceImpl - Created security policy baseline baseline-20260311-035053

SecurityPolicyGovernanceServiceImplTest > createBaselinePersistsEntityAndReturnsResponse() PASSED

SecurityPolicyGovernanceServiceImplTest > listPendingApprovalsReturnsRepositoryValues() PASSED

SecurityPolicyGovernanceServiceImplTest > exportLatestBaselineThrowsWhenMissing() PASSED

SecurityRuleGovernanceServiceImplTest > simulatePolicyImpactCalculatesScore() PASSED

SecurityRuleGovernanceServiceImplTest > createRuleSetPersistsEntityAndReturnsResponse() STANDARD_OUT
    2026-03-10 23:50:53  INFO [Test worker] .e.h.s.SecurityRuleGovernanceServiceImpl - Created security rule set CLINICAL-ENFORCEMENT-PACK

SecurityRuleGovernanceServiceImplTest > createRuleSetPersistsEntityAndReturnsResponse() PASSED

SecurityRuleGovernanceServiceImplTest > simulatePolicyImpactThrowsWhenNoRulesProvided() PASSED

SecurityRuleGovernanceServiceImplTest > importTemplateCreatesRuleSetFromTemplate() STANDARD_OUT
    2026-03-10 23:50:54  INFO [Test worker] .e.h.s.SecurityRuleGovernanceServiceImpl - Imported security rule template DEVICE_HYGIENE into rule set MANAGED-DEVICE-COMPLIANCE

SecurityRuleGovernanceServiceImplTest > importTemplateCreatesRuleSetFromTemplate() PASSED

ServiceTranslationServiceImplTest > deleteTranslation > deletes existing translation PASSED

ServiceTranslationServiceImplTest > deleteTranslation > throws when translation does not exist PASSED

ServiceTranslationServiceImplTest > updateTranslation > updates and returns DTO PASSED

ServiceTranslationServiceImplTest > updateTranslation > throws when translation not found PASSED

ServiceTranslationServiceImplTest > getAllTranslations > returns mapped list PASSED

ServiceTranslationServiceImplTest > getAllTranslations > returns empty list when no translations exist PASSED

ServiceTranslationServiceImplTest > getTranslationById > returns DTO when found PASSED

ServiceTranslationServiceImplTest > getTranslationById > throws when not found PASSED

ServiceTranslationServiceImplTest > createTranslation > happy path ΓÇô saves and returns DTO PASSED

ServiceTranslationServiceImplTest > createTranslation > throws when treatment not found PASSED

ServiceTranslationServiceImplTest > createTranslation > throws when assignment not found PASSED

StaffAvailabilityServiceImplTest > isStaffAvailable_withinRange_returnsTrue() STANDARD_OUT
    2026-03-10 23:50:54  INFO [Test worker] c.e.h.s.StaffAvailabilityServiceImpl     - Checking staff availability: staffId=c46fad9b-1be6-4edf-aedd-0e43e3e4bae3, date=2026-03-11, time=10:00, availableFrom=09:00, availableTo=17:00, dayOff=false
    2026-03-10 23:50:54  INFO [Test worker] c.e.h.s.StaffAvailabilityServiceImpl     - Staff c46fad9b-1be6-4edf-aedd-0e43e3e4bae3 is available at 10:00 (available 09:00-17:00)

StaffAvailabilityServiceImplTest > isStaffAvailable_withinRange_returnsTrue() PASSED

StaffAvailabilityServiceImplTest > create_invalidTimeRange_throws() PASSED

StaffAvailabilityServiceImplTest > create_pastDate_throws() PASSED

StaffAvailabilityServiceImplTest > create_staffDifferentHospital_throws() PASSED

StaffAvailabilityServiceImplTest > isStaffAvailable_noRecord_returnsTrue() STANDARD_OUT
    2026-03-10 23:50:54  INFO [Test worker] c.e.h.s.StaffAvailabilityServiceImpl     - No availability record found for staff 8acd85c3-2d54-4f01-8a6a-358ddee52f6e on 2026-03-11 ΓÇö treating as available (open schedule)

StaffAvailabilityServiceImplTest > isStaffAvailable_noRecord_returnsTrue() PASSED

StaffAvailabilityServiceImplTest > create_hospitalNotFound_throws() PASSED

StaffAvailabilityServiceImplTest > isStaffAvailable_staffNotActive_returnsFalse() STANDARD_OUT
    2026-03-10 23:50:54  WARN [Test worker] c.e.h.s.StaffAvailabilityServiceImpl     - Staff not found or inactive: 80080b6d-3254-4a8d-975a-29a919eebc5e

StaffAvailabilityServiceImplTest > isStaffAvailable_staffNotActive_returnsFalse() PASSED

StaffAvailabilityServiceImplTest > create_missingTimeForNonDayOff_throws() PASSED

StaffAvailabilityServiceImplTest > isStaffAvailable_outsideRange_returnsFalse() STANDARD_OUT
    2026-03-10 23:50:54  INFO [Test worker] c.e.h.s.StaffAvailabilityServiceImpl     - Checking staff availability: staffId=eeaf5f4c-35fc-4926-93fa-34fba5c0c662, date=2026-03-11, time=18:00, availableFrom=09:00, availableTo=17:00, dayOff=false
    2026-03-10 23:50:54  INFO [Test worker] c.e.h.s.StaffAvailabilityServiceImpl     - Staff eeaf5f4c-35fc-4926-93fa-34fba5c0c662 not available at 18:00 (available 09:00-17:00)

StaffAvailabilityServiceImplTest > isStaffAvailable_outsideRange_returnsFalse() PASSED

StaffAvailabilityServiceImplTest > create_nullDepartmentId_throws() PASSED

StaffAvailabilityServiceImplTest > create_staffNotFound_throws() PASSED

StaffAvailabilityServiceImplTest > create_staffDepartmentMismatch_throws() PASSED

StaffAvailabilityServiceImplTest > create_staffInactive_throws() PASSED

StaffAvailabilityServiceImplTest > create_alreadyExists_throws() PASSED

StaffAvailabilityServiceImplTest > create_dayOff_success() PASSED

StaffAvailabilityServiceImplTest > create_success() PASSED

StaffAvailabilityServiceImplTest > isStaffAvailable_nullTimes_returnsFalse() STANDARD_OUT
    2026-03-10 23:50:54  INFO [Test worker] c.e.h.s.StaffAvailabilityServiceImpl     - Checking staff availability: staffId=1d2b36a2-6649-4ee6-9138-dd97d4e72c53, date=2026-03-11, time=10:00, availableFrom=null, availableTo=null, dayOff=false
    2026-03-10 23:50:54  WARN [Test worker] c.e.h.s.StaffAvailabilityServiceImpl     - Staff 1d2b36a2-6649-4ee6-9138-dd97d4e72c53 has invalid availability times on 2026-03-11: availableFrom=null, availableTo=null

StaffAvailabilityServiceImplTest > isStaffAvailable_nullTimes_returnsFalse() PASSED

StaffAvailabilityServiceImplTest > create_departmentHospitalMismatch_throws() PASSED

StaffAvailabilityServiceImplTest > isStaffAvailable_dayOff_returnsFalse() STANDARD_OUT
    2026-03-10 23:50:54  INFO [Test worker] c.e.h.s.StaffAvailabilityServiceImpl     - Checking staff availability: staffId=242f5850-d35b-4606-81cb-3d456003872c, date=2026-03-11, time=10:00, availableFrom=null, availableTo=null, dayOff=true
    2026-03-10 23:50:54  INFO [Test worker] c.e.h.s.StaffAvailabilityServiceImpl     - Staff 242f5850-d35b-4606-81cb-3d456003872c is on day off on 2026-03-11

StaffAvailabilityServiceImplTest > isStaffAvailable_dayOff_returnsFalse() PASSED

StaffSchedulingServiceImplTest > scheduleShift_reusesExistingAvailabilityWhenPresent() STANDARD_OUT
    2026-03-10 23:50:54  INFO [Test worker] c.e.h.s.StaffSchedulingServiceImpl       - [schedule] shift created staff=421e3d12-f3c9-4078-b4c9-f7e94761c64a, date=2026-03-12, start=10:00, end=18:00

StaffSchedulingServiceImplTest > scheduleShift_reusesExistingAvailabilityWhenPresent() PASSED

StaffSchedulingServiceImplTest > scheduleShift_autoCreatesAvailabilityWhenMissing() STANDARD_OUT
    2026-03-10 23:50:54  INFO [Test worker] c.e.h.s.StaffSchedulingServiceImpl       - [schedule] auto-created availability staff=c14ff723-01c8-4e75-bbf3-90e2ce43eb8d date=2026-03-11 start=08:00 end=16:00
    2026-03-10 23:50:54  INFO [Test worker] c.e.h.s.StaffSchedulingServiceImpl       - [schedule] shift created staff=c14ff723-01c8-4e75-bbf3-90e2ce43eb8d, date=2026-03-11, start=08:00, end=16:00

StaffSchedulingServiceImplTest > scheduleShift_autoCreatesAvailabilityWhenMissing() PASSED

StaffServiceImplTest > getActiveStaffByUserId_returnsActiveOnly() PASSED

StaffServiceImplTest > createStaff_doctorRole_validatesSpecialization() PASSED

StaffServiceImplTest > createStaff_departmentNotInHospital_throws() PASSED

StaffServiceImplTest > createStaff_success_minimalWithRole() PASSED

StaffServiceImplTest > createStaff_withDepartment() PASSED

StaffServiceImplTest > getAllStaff_superAdmin_returnsAll() PASSED

StaffServiceImplTest > toMinimalDTO_returnsDto() PASSED

StaffServiceImplTest > updateStaffDepartment_staffNotFound_throws() PASSED

StaffServiceImplTest > getStaffByUserPhoneNumber_returnsMatchingStaff() PASSED

StaffServiceImplTest > getFirstStaffByUserIdOrderByCreatedAtAsc_returnsFirst() PASSED

StaffServiceImplTest > getStaffById_returnsStaff() PASSED

StaffServiceImplTest > getAnyLicenseByUserId_returnsLicense() PASSED

StaffServiceImplTest > getStaffByIdAndActiveTrue_returnsActiveStaff() PASSED

StaffServiceImplTest > deleteStaff_deactivatesStaff() PASSED

StaffServiceImplTest > existsByLicenseNumberAndUserId_returnsTrue() PASSED

StaffServiceImplTest > toMinimalDTO_returnsNullForNullInput() PASSED

StaffServiceImplTest > updateStaffDepartment_departmentNotFound_throws() PASSED

StaffServiceImplTest > createStaff_withHeadOfDepartment_updatesDepartment() PASSED

StaffServiceImplTest > createStaff_nurseRole_validatesEmploymentType() PASSED

StaffServiceImplTest > getStaffByHospitalId_returnsPage() PASSED

StaffServiceImplTest > updateStaffDepartment_updatesSuccessfully() PASSED

StaffServiceImplTest > createStaff_duplicateLicense_throws() PASSED

StaffServiceImplTest > getStaffByUserEmail_returnsMatchingStaff() PASSED

StaffServiceImplTest > deleteStaff_throwsWhenIsHead() PASSED

StaffServiceImplTest > getStaffById_notVisible_throws() PASSED

StaffServiceImplTest > getStaffByUserEmail_nonSuperAdmin_filtersHospital() PASSED

StaffServiceImplTest > createStaff_throwsWhenHospitalNameBlank() PASSED

StaffServiceImplTest > createStaff_radiologistRole_validatesFields() PASSED

StaffServiceImplTest > isStaffVisible_nullStaff_returnsTrue() PASSED

StaffServiceImplTest > createStaff_throwsWhenEmailBlank() PASSED

StaffServiceImplTest > getAllStaff_nonSuperAdmin_noHospitalScope_returnsEmpty() PASSED

StaffServiceImplTest > createStaff_hospitalNotFound_throws() PASSED

StaffServiceImplTest > updateStaffDepartment_hospitalNotFound_throws() PASSED

StaffServiceImplTest > getStaffByHospitalIdAndActiveTrue_returnsPage() PASSED

StaffServiceImplTest > existsByIdAndHospitalIdAndActiveTrue_returnsTrue() PASSED

StaffServiceImplTest > createStaff_throwsWhenJobTitleBlank() PASSED

StaffServiceImplTest > createStaff_noRoleName_succeedsWithoutNPE() PASSED

StaffServiceImplTest > radiologist_endDateBeforeStart_throws() PASSED

StaffServiceImplTest > createStaff_nullLicense_throws() PASSED

StaffServiceImplTest > getStaffById_throwsWhenNotFound() PASSED

StaffServiceImplTest > existsByIdAndHospitalIdAndActiveTrue_nonSuperAdmin_noAccess_throws() PASSED

StaffServiceImplTest > updateStaffDepartment_wrongHospital_throws() PASSED

StaffServiceImplTest > deleteStaff_skipsIfAlreadyInactive() PASSED

StaffServiceImplTest > createStaff_userNotFound_throws() PASSED

StaffServiceImplTest > createStaff_nurseRole_endDateBeforeStart_throws() PASSED

StaffServiceImplTest > radiologist_noSpecialization_throws() PASSED

StaffServiceImplTest > getAllStaff_nonSuperAdmin_withHospitalScope_returnsFiltered() PASSED

StaffServiceImplTest > getStaffEntityById_returnsEntity() PASSED

SuperAdminDashboardServiceImplTest > getRecentEncounters_success() PASSED

SuperAdminDashboardServiceImplTest > getSummary_success() PASSED

SuperAdminDashboardServiceImplTest > getSummary_zeroValues() PASSED

SuperAdminDashboardServiceImplTest > getRecentStaffAvailability_success() PASSED

SuperAdminDashboardServiceImplTest > getRecentPatientConsents_success() PASSED

SuperAdminDashboardServiceImplTest > getRecentEncounters_emptyPage() PASSED

Tenant Isolation ΓÇö Cross-Hospital Access Prevention > NotificationWebSocket ΓÇö User-Scoped Delivery > notification with recipientUsername ΓåÆ sent to user destination only PASSED

Tenant Isolation ΓÇö Cross-Hospital Access Prevention > NotificationWebSocket ΓÇö User-Scoped Delivery > notification without recipientUsername ΓåÆ broadcast fallback PASSED

Tenant Isolation ΓÇö Cross-Hospital Access Prevention > TreatmentPlanService ΓÇö Tenant Isolation > getById ΓÇö own hospital ΓåÆ success PASSED

Tenant Isolation ΓÇö Cross-Hospital Access Prevention > TreatmentPlanService ΓÇö Tenant Isolation > super-admin (null) ΓåÆ getById returns any hospital entity PASSED

Tenant Isolation ΓÇö Cross-Hospital Access Prevention > TreatmentPlanService ΓÇö Tenant Isolation > listByHospital ΓÇö scoped to A, B data excluded PASSED

Tenant Isolation ΓÇö Cross-Hospital Access Prevention > TreatmentPlanService ΓÇö Tenant Isolation > getById ΓÇö cross-hospital ΓåÆ 404 PASSED

Tenant Isolation ΓÇö Cross-Hospital Access Prevention > GeneralReferralService ΓÇö Tenant Isolation > listByPatient ΓÇö SQL-scoped to hospital A PASSED

Tenant Isolation ΓÇö Cross-Hospital Access Prevention > GeneralReferralService ΓÇö Tenant Isolation > listByPatient ΓÇö cross-tenant ΓåÆ empty PASSED

Tenant Isolation ΓÇö Cross-Hospital Access Prevention > GeneralReferralService ΓÇö Tenant Isolation > getById ΓÇö cross-hospital referral ΓåÆ 404 PASSED

Tenant Isolation ΓÇö Cross-Hospital Access Prevention > DischargeSummaryService ΓÇö Tenant Isolation > listByPatient ΓÇö SQL-scoped to hospital A PASSED

Tenant Isolation ΓÇö Cross-Hospital Access Prevention > DischargeSummaryService ΓÇö Tenant Isolation > listByPatient ΓÇö patient B, user scoped A ΓåÆ empty PASSED

Tenant Isolation ΓÇö Cross-Hospital Access Prevention > DischargeSummaryService ΓÇö Tenant Isolation > getById ΓÇö cross-hospital ΓåÆ 404 PASSED

Tenant Isolation ΓÇö Cross-Hospital Access Prevention > DischargeSummaryService ΓÇö Tenant Isolation > listByProvider ΓÇö SQL-scoped to hospital A PASSED

Tenant Isolation ΓÇö Cross-Hospital Access Prevention > ProcedureOrderService ΓÇö Tenant Isolation > pendingConsent ΓÇö SQL-scoped to hospital A only PASSED

Tenant Isolation ΓÇö Cross-Hospital Access Prevention > ProcedureOrderService ΓÇö Tenant Isolation > super-admin ΓåÆ listByPatient returns unfiltered (uses findByPatient_Id) PASSED

Tenant Isolation ΓÇö Cross-Hospital Access Prevention > ProcedureOrderService ΓÇö Tenant Isolation > listByPatient ΓÇö SQL-scoped returns only hospital A data PASSED

Tenant Isolation ΓÇö Cross-Hospital Access Prevention > ProcedureOrderService ΓÇö Tenant Isolation > getById ΓÇö own hospital ΓåÆ success PASSED

Tenant Isolation ΓÇö Cross-Hospital Access Prevention > ProcedureOrderService ΓÇö Tenant Isolation > super-admin (null hospitalId) ΓåÆ getById returns any hospital entity PASSED

Tenant Isolation ΓÇö Cross-Hospital Access Prevention > ProcedureOrderService ΓÇö Tenant Isolation > listByPatient ΓÇö patient in B, user scoped to A ΓåÆ empty (SQL returns nothing) PASSED

Tenant Isolation ΓÇö Cross-Hospital Access Prevention > ProcedureOrderService ΓÇö Tenant Isolation > getById ΓÇö cross-hospital ΓåÆ 404 PASSED

TreatmentPlanServiceImplTest > listAll_withStatus_success() PASSED

TreatmentPlanServiceImplTest > create_encounterHospitalMismatch_throws() PASSED

TreatmentPlanServiceImplTest > create_withFollowUps_success() PASSED

TreatmentPlanServiceImplTest > addReview_reviewerNotFound_throws() PASSED

TreatmentPlanServiceImplTest > listByHospital_noStatus_success() PASSED

TreatmentPlanServiceImplTest > update_planNotFound_throws() PASSED

TreatmentPlanServiceImplTest > create_hospitalNotFound_throws() PASSED

TreatmentPlanServiceImplTest > create_signOffStaffHospitalMismatch_throws() PASSED

TreatmentPlanServiceImplTest > addFollowUp_withAssignedStaff_success() PASSED

TreatmentPlanServiceImplTest > listByHospital_scopedOverridesParam() PASSED

TreatmentPlanServiceImplTest > create_withFollowUps_assignedStaff_success() PASSED

TreatmentPlanServiceImplTest > listByPatient_scopedToHospital() PASSED

TreatmentPlanServiceImplTest > create_withFollowUps_staffNotFound_throws() PASSED

TreatmentPlanServiceImplTest > listByPatient_success() PASSED

TreatmentPlanServiceImplTest > create_encounterPatientMismatch_throws() PASSED

TreatmentPlanServiceImplTest > listByHospital_withStatus_success() PASSED

TreatmentPlanServiceImplTest > create_assignmentNotFound_throws() PASSED

TreatmentPlanServiceImplTest > create_noOptionalStaff_success() PASSED

TreatmentPlanServiceImplTest > addReview_planNotFound_throws() PASSED

TreatmentPlanServiceImplTest > create_patientNotFound_throws() PASSED

TreatmentPlanServiceImplTest > listAll_superAdmin_allPlans() PASSED

TreatmentPlanServiceImplTest > create_assignmentHospitalMismatch_throws() PASSED

TreatmentPlanServiceImplTest > create_authorHospitalMismatch_throws() PASSED

TreatmentPlanServiceImplTest > updateFollowUp_notFound_throws() PASSED

TreatmentPlanServiceImplTest > create_noEncounter_success() PASSED

TreatmentPlanServiceImplTest > addReview_success() PASSED

TreatmentPlanServiceImplTest > listAll_noStatus_success() PASSED

TreatmentPlanServiceImplTest > addFollowUp_planNotFound_throws() PASSED

TreatmentPlanServiceImplTest > listAll_scopedToHospital() PASSED

TreatmentPlanServiceImplTest > update_success() PASSED

TreatmentPlanServiceImplTest > create_success() PASSED

TreatmentPlanServiceImplTest > create_supervisingStaffHospitalMismatch_throws() PASSED

TreatmentPlanServiceImplTest > create_authorNotFound_throws() PASSED

TreatmentPlanServiceImplTest > getById_success() PASSED

TreatmentPlanServiceImplTest > updateFollowUp_withAssignedStaff_success() PASSED

TreatmentPlanServiceImplTest > getById_superAdmin_noFilter() PASSED

TreatmentPlanServiceImplTest > addFollowUp_success() PASSED

TreatmentPlanServiceImplTest > create_encounterNotFound_throws() PASSED

TreatmentPlanServiceImplTest > getById_crossHospital_throws404() PASSED

TreatmentPlanServiceImplTest > getById_notFound_throws() PASSED

TreatmentPlanServiceImplTest > getById_sameHospital_success() PASSED

TreatmentPlanServiceImplTest > updateFollowUp_success() PASSED

TreatmentSecurityServiceTest > isTreatmentCreator_returnsTrue_whenCurrentUserIsCreator() PASSED

TreatmentSecurityServiceTest > isTreatmentCreator_returnsFalse_whenTreatmentNotFound() PASSED

TreatmentSecurityServiceTest > isTreatmentCreator_returnsFalse_whenCurrentUserIsNotCreator() PASSED

TreatmentServiceImplTest > updateTreatment_notFound() PASSED

TreatmentServiceImplTest > updateTreatment_success() PASSED

TreatmentServiceImplTest > getAllTreatments_superAdmin_allTreatments() PASSED

TreatmentServiceImplTest > getTreatmentById_sameHospital_success() PASSED

TreatmentServiceImplTest > getTreatmentById_crossHospital_throws404() PASSED

TreatmentServiceImplTest > getTreatmentById_success() PASSED

TreatmentServiceImplTest > getTreatmentById_superAdmin_noFilter() PASSED

TreatmentServiceImplTest > deleteTreatment_success() PASSED

TreatmentServiceImplTest > deleteTreatment_notFound() PASSED

TreatmentServiceImplTest > getTreatmentById_notFound() PASSED

TreatmentServiceImplTest > getAllTreatments_scopedToHospital() PASSED

TreatmentServiceImplTest > getAllTreatments_success() PASSED

TreatmentServiceImplTest > createTreatment_departmentNotFound() PASSED

TreatmentServiceImplTest > createTreatment_success() PASSED

TreatmentServiceImplTest > createTreatment_withEffectiveRoleHeader() PASSED

TreatmentValidationServiceTest > validateTreatmentUpdate > throws BusinessValidationException when department not in hospital during update PASSED

TreatmentValidationServiceTest > validateTreatmentUpdate > throws BusinessValidationException when hospital ID changed PASSED

TreatmentValidationServiceTest > validateTreatmentUpdate > passes when hospital matches and department is valid PASSED

TreatmentValidationServiceTest > validateTreatmentCreation > throws BusinessValidationException when department not in hospital PASSED

TreatmentValidationServiceTest > validateTreatmentCreation > passes when department belongs to hospital and user is assigned PASSED

TreatmentValidationServiceTest > validateTreatmentCreation > throws UnauthorizedAccessException when user not assigned to hospital PASSED

UltrasoundServiceImplTest > createOrder_setsOrderedByFromStaffUserName() PASSED

UltrasoundServiceImplTest > createOrUpdateReport_throwsWhenOrderCancelled() PASSED

UltrasoundServiceImplTest > markPatientNotified_throwsWhenAlreadyNotified() PASSED

UltrasoundServiceImplTest > simpleReadQueriesDelegateToRepositories() PASSED

UltrasoundServiceImplTest > reportLookupMethodsDelegateToRepository() PASSED

UltrasoundServiceImplTest > createOrUpdateReport_createsNewReportAndAdvancesOrderStatus() PASSED

UltrasoundServiceImplTest > updateOrder_changesHospitalAndDelegatesToMapper() PASSED

UltrasoundServiceImplTest > getReportByOrderId_throwsWhenMissing() PASSED

UltrasoundServiceImplTest > createOrUpdateReport_updatesExistingReport() PASSED

UltrasoundServiceImplTest > getTemplateMethodsReturnPresetValues() PASSED

UltrasoundServiceImplTest > createOrder_withInvalidGestationalAgeThrowsBusinessException() PASSED

UltrasoundServiceImplTest > createOrder_withInvalidAnatomyScanWindowThrowsBusinessException() PASSED

UltrasoundServiceImplTest > markReportReviewed_throwsWhenAlreadyReviewed() PASSED

UltrasoundServiceImplTest > markPatientNotified_updatesNotificationTimestamp() PASSED

UltrasoundServiceImplTest > updateOrder_throwsWhenCancelled() PASSED

UltrasoundServiceImplTest > createOrUpdateReport_throwsWhenReportAlreadyReviewed() PASSED

UltrasoundServiceImplTest > markReportReviewed_withoutMatchingStaffKeepsFinalizedByNull() PASSED

UltrasoundServiceImplTest > getReportById_throwsWhenMissing() PASSED

UltrasoundServiceImplTest > createOrder_whenStaffMissingLeavesOrderedByUnset() PASSED

UltrasoundServiceImplTest > cancelOrder_throwsWhenCompleted() PASSED

UltrasoundServiceImplTest > markReportReviewed_setsReviewerAndCompletesOrder() PASSED

UltrasoundServiceImplTest > getOrderById_throwsWhenMissing() PASSED

UltrasoundServiceImplTest > cancelOrder_updatesStatusAndReason() PASSED

UserCredentialLifecycleServiceImplTest > recordSuccessfulLoginWithNullUserIdDoesNothing() PASSED

UserCredentialLifecycleServiceImplTest > getCredentialHealthWhenUserMissingThrowsException() PASSED

UserCredentialLifecycleServiceImplTest > upsertRecoveryContactsMaintainsPrimaryFlag() PASSED

UserCredentialLifecycleServiceImplTest > recordSuccessfulLoginWhenUserMissingDoesNotAttemptSave() PASSED

UserCredentialLifecycleServiceImplTest > upsertMfaEnrollmentsEnforcesSinglePrimaryFactor() PASSED

UserCredentialLifecycleServiceImplTest > recordSuccessfulLoginUpdatesLastLogin() PASSED

UserCredentialLifecycleServiceImplTest > listCredentialHealthAggregatesCounts() PASSED

UserCredentialLifecycleServiceImplTest > upsertMfaEnrollmentsWithNullPayloadDeletesExisting() PASSED

UserCredentialLifecycleServiceImplTest > getCredentialHealthAggregatesForUser() PASSED

UserCredentialLifecycleServiceImplTest > upsertMfaEnrollmentsReplacesPreviousEntries() PASSED

UserCredentialLifecycleServiceImplTest > upsertRecoveryContactsUpdatesVerifiedTimestamp() PASSED

UserGovernanceServiceTest > forcePasswordResetHandlesUsersFromIdsAndEmails() PASSED

UserGovernanceServiceTest > createUserDelegatesToUserService() PASSED

UserGovernanceServiceTest > listPasswordRotationStatusComputesDueDatesAndOrdering() PASSED

UserGovernanceServiceTest > importUsersParsesCsvAndQueuesInvitations() PASSED

UserRoleHospitalAssignmentServiceImplTest > verifyAssignmentByCode_withTempPassword_includesCredentialsAndClearsAfterward() STANDARD_OUT
    2026-03-10 23:50:58  INFO [Test worker] .s.UserRoleHospitalAssignmentServiceImpl - Γ£à Assignment 'ASSIGN-001' self-verified and activated by assignee.

UserRoleHospitalAssignmentServiceImplTest > verifyAssignmentByCode_withTempPassword_includesCredentialsAndClearsAfterward() PASSED

UserRoleHospitalAssignmentServiceImplTest > verifyAssignmentByCode_success_returnsPublicView() STANDARD_OUT
    2026-03-10 23:50:58  INFO [Test worker] .s.UserRoleHospitalAssignmentServiceImpl - Γ£à Assignment 'ASSIGN-001' self-verified and activated by assignee.

UserRoleHospitalAssignmentServiceImplTest > verifyAssignmentByCode_success_returnsPublicView() PASSED

UserRoleHospitalAssignmentServiceImplTest > verifyAssignmentByCode_blankCode_throwsResourceNotFoundException() PASSED

UserRoleHospitalAssignmentServiceImplTest > verifyAssignmentByCode_alreadyVerified_returnsExistingViewWithoutSaving() STANDARD_OUT
    2026-03-10 23:50:58  INFO [Test worker] .s.UserRoleHospitalAssignmentServiceImpl - ΓÅ¡∩╕Å Assignment 'ASSIGN-001' is already verified ΓÇö returning current public view.

UserRoleHospitalAssignmentServiceImplTest > verifyAssignmentByCode_alreadyVerified_returnsExistingViewWithoutSaving() PASSED

UserRoleHospitalAssignmentServiceImplTest > verifyAssignmentByCode_wrongPin_throwsBusinessException() PASSED

UserServiceImplTest > changeOwnPassword_success_clearsForcePasswordChangeFlag() STANDARD_OUT
    2026-03-10 23:50:58  INFO [Test worker] c.example.hms.service.UserServiceImpl    - ≡ƒöæ [CHANGE-PWD] Password updated and forcePasswordChange cleared for user=62f0afa5-ea16-4696-a439-36be8b2e211e

UserServiceImplTest > changeOwnPassword_success_clearsForcePasswordChangeFlag() PASSED

UserServiceImplTest > changeOwnPassword_userNotFound_throwsResourceNotFoundException() PASSED

UserServiceImplTest > bootstrapFirstUser_withExistingUsers_returnsFalse() PASSED

UserServiceImplTest > bootstrap succeeds even when audit logging throws an exception STANDARD_OUT
    2026-03-10 23:50:58  INFO [Test worker] c.example.hms.service.UserServiceImpl    - [BOOTSTRAP] Welcome email sent to admin@test.com

UserServiceImplTest > bootstrap succeeds even when audit logging throws an exception PASSED

UserServiceImplTest > bootstrapFirstUser_success() STANDARD_OUT
    2026-03-10 23:50:58  INFO [Test worker] c.example.hms.service.UserServiceImpl    - [BOOTSTRAP] Welcome email sent to admin@test.com

UserServiceImplTest > bootstrapFirstUser_success() PASSED

UserServiceImplTest > bootstrapFirstUser_whenUsersExist_returnsFalse() PASSED

UserServiceImplTest > bootstrap passes null userId and SYSTEM userName to audit (no JWT actor) STANDARD_OUT
    2026-03-10 23:50:58  INFO [Test worker] c.example.hms.service.UserServiceImpl    - [BOOTSTRAP] Welcome email sent to admin@test.com

UserServiceImplTest > bootstrap passes null userId and SYSTEM userName to audit (no JWT actor) PASSED

UserServiceImplTest > changeOwnPassword_encodesNewPassword() STANDARD_OUT
    2026-03-10 23:50:58  INFO [Test worker] c.example.hms.service.UserServiceImpl    - ≡ƒöæ [CHANGE-PWD] Password updated and forcePasswordChange cleared for user=610b6dd7-f40f-4ecc-bda9-e18f66ef5190

UserServiceImplTest > changeOwnPassword_encodesNewPassword() PASSED

UserServiceImplTest > updateUser (merge-preserve semantics) > setting only active flag preserves all other fields PASSED

UserServiceImplTest > updateUser (merge-preserve semantics) > blank phoneNumber is ignored ΓÇö existing number preserved PASSED

UserServiceImplTest > updateUser (merge-preserve semantics) > completely empty DTO preserves every field (the exact bug scenario) PASSED

UserServiceImplTest > updateUser (merge-preserve semantics) > mapper receives saved user and assignments PASSED

UserServiceImplTest > updateUser (merge-preserve semantics) > new password that differs from current hash is encoded and saved PASSED

UserServiceImplTest > updateUser (merge-preserve semantics) > multiple fields updated simultaneously PASSED

UserServiceImplTest > updateUser (merge-preserve semantics) > throws ResourceNotFoundException when user does not exist PASSED

UserServiceImplTest > updateUser (merge-preserve semantics) > partial update ΓÇö only firstName ΓÇö preserves every other field PASSED

UserServiceImplTest > updateUser (merge-preserve semantics) > null password is ignored ΓÇö existing hash preserved PASSED

UserServiceImplTest > updateUser (merge-preserve semantics) > same password as current hash is NOT re-encoded PASSED

UserServiceImplTest > updateUser (merge-preserve semantics) > blank password is ignored ΓÇö existing hash preserved PASSED

UserServiceImplTest > updateUser (merge-preserve semantics) > non-blank phoneNumber is applied PASSED

UserServiceImplTest > updateUser (merge-preserve semantics) > audit event is logged on successful update PASSED

UserServiceImplTest > restoreUser > reactivates associated staff records when user is restored STANDARD_OUT
    2026-03-10 23:50:58  INFO [Test worker] c.example.hms.service.UserServiceImpl    - ΓÖ╗∩╕Å User restored with ID: 75111719-2517-43b4-828f-6e5aab52ae19

UserServiceImplTest > restoreUser > reactivates associated staff records when user is restored PASSED

UserServiceImplTest > restoreUser > throws ResourceNotFoundException when user does not exist PASSED

UserServiceImplTest > restoreUser > email failure does not roll back the restore (fire-and-forget) STANDARD_OUT
    2026-03-10 23:50:58  INFO [Test worker] c.example.hms.service.UserServiceImpl    - ΓÖ╗∩╕Å User restored with ID: e2fd0aa4-d8f2-4363-a093-f0d2a556dd52
    2026-03-10 23:50:58  WARN [Test worker] c.example.hms.service.UserServiceImpl    - ΓÜá∩╕Å Failed to send account-restored notification to 'test@example.com': SMTP down

UserServiceImplTest > restoreUser > email failure does not roll back the restore (fire-and-forget) PASSED

UserServiceImplTest > restoreUser > sends account-restored notification email after save STANDARD_OUT
    2026-03-10 23:50:58  INFO [Test worker] c.example.hms.service.UserServiceImpl    - ΓÖ╗∩╕Å User restored with ID: 124809d2-d893-4303-9307-f38540c4a0b6

UserServiceImplTest > restoreUser > sends account-restored notification email after save PASSED

UserServiceImplTest > restoreUser > restores a deleted user: sets isDeleted=false, isActive=true and saves STANDARD_OUT
    2026-03-10 23:50:58  INFO [Test worker] c.example.hms.service.UserServiceImpl    - ΓÖ╗∩╕Å User restored with ID: bc66698f-19b3-47ff-80a8-4405b34cf11e

UserServiceImplTest > restoreUser > restores a deleted user: sets isDeleted=false, isActive=true and saves PASSED

UserServiceImplTest > deleteUser > soft-deletes user: sets isDeleted=true, isActive=false and saves STANDARD_OUT
    2026-03-10 23:50:58  INFO [Test worker] c.example.hms.service.UserServiceImpl    - ≡ƒùæ∩╕Å User soft-deleted with ID: 3bc1958e-779b-448d-9ded-a5b6a40f29af

UserServiceImplTest > deleteUser > soft-deletes user: sets isDeleted=true, isActive=false and saves PASSED

UserServiceImplTest > deleteUser > throws ResourceNotFoundException when user does not exist PASSED

UserServiceImplTest > deleteUser > deactivates associated staff records when user is deleted STANDARD_OUT
    2026-03-10 23:50:58  INFO [Test worker] c.example.hms.service.UserServiceImpl    - ≡ƒùæ∩╕Å User soft-deleted with ID: 31f814c5-5d02-4d80-928c-092368317254

UserServiceImplTest > deleteUser > deactivates associated staff records when user is deleted PASSED

UserServiceImplTest > formatRoleLabel > converts ROLE_SUPER_ADMIN ΓåÆ 'Super Admin' PASSED

UserServiceImplTest > formatRoleLabel > converts ROLE_HOSPITAL_ADMIN ΓåÆ 'Hospital Admin' PASSED

UserServiceImplTest > formatRoleLabel > code without ROLE_ prefix still title-cases correctly PASSED

UserServiceImplTest > formatRoleLabel > converts ROLE_DOCTOR ΓåÆ 'Doctor' PASSED

UserServiceImplTest > formatRoleLabel > null input returns 'User' PASSED

UserServiceImplTest > formatRoleLabel > converts ROLE_PATIENT ΓåÆ 'Patient' PASSED

UserServiceImplTest > resolveDisplayName > returns firstName alone when lastName is blank PASSED

UserServiceImplTest > resolveDisplayName > returns 'there' when all name fields and username are null PASSED

UserServiceImplTest > resolveDisplayName > returns lastName alone when firstName is blank PASSED

UserServiceImplTest > resolveDisplayName > returns username when both names are blank PASSED

UserServiceImplTest > resolveDisplayName > returns 'firstName lastName' when both are set PASSED

UserServiceImplTest > resolveDisplayName > returns 'there' when user is null PASSED

UserServiceImplTest > createUserWithRolesAndHospital duplicate checks > patient already assigned at SAME hospital throws specific conflict STANDARD_OUT
    2026-03-10 23:50:58  INFO [Test worker] c.example.hms.service.UserServiceImpl    - [SERVICE] Starting createUserWithRolesAndHospital for username=patient.doe, hospitalId=00000000-0000-0000-0000-000000000002, roles=[ROLE_PATIENT]
    2026-03-10 23:50:58  INFO [Test worker] c.example.hms.service.UserServiceImpl    - [RECEPTION/ADMIN] Resolved hospitalId for patient registration: 00000000-0000-0000-0000-000000000002

UserServiceImplTest > createUserWithRolesAndHospital duplicate checks > patient already assigned at SAME hospital throws specific conflict PASSED

UserServiceImplTest > createUserWithRolesAndHospital duplicate checks > throws ConflictException with 'username' field when username already exists STANDARD_OUT
    2026-03-10 23:50:58  INFO [Test worker] c.example.hms.service.UserServiceImpl    - [SERVICE] Starting createUserWithRolesAndHospital for username=johndoe, hospitalId=null, roles=[ROLE_HOSPITAL_ADMIN]

UserServiceImplTest > createUserWithRolesAndHospital duplicate checks > throws ConflictException with 'username' field when username already exists PASSED

UserServiceImplTest > createUserWithRolesAndHospital duplicate checks > patient with existing email at DIFFERENT hospital skips 409 (multi-hospital) STANDARD_OUT
    2026-03-10 23:50:58  INFO [Test worker] c.example.hms.service.UserServiceImpl    - [SERVICE] Starting createUserWithRolesAndHospital for username=patient.doe, hospitalId=00000000-0000-0000-0000-000000000001, roles=[ROLE_PATIENT]
    2026-03-10 23:50:58  INFO [Test worker] c.example.hms.service.UserServiceImpl    - [RECEPTION/ADMIN] Resolved hospitalId for patient registration: 00000000-0000-0000-0000-000000000001
    2026-03-10 23:50:58  INFO [Test worker] c.example.hms.service.UserServiceImpl    - [RECEPTION/ADMIN] Resolved hospitalId for patient registration: 00000000-0000-0000-0000-000000000001
    2026-03-10 23:50:58  INFO [Test worker] c.example.hms.service.UserServiceImpl    - [ASSIGN] ROLE_PATIENT -> user=testuser hospitalId=00000000-0000-0000-0000-000000000001 active=false

UserServiceImplTest > createUserWithRolesAndHospital duplicate checks > patient with existing email at DIFFERENT hospital skips 409 (multi-hospital) PASSED

UserServiceImplTest > createUserWithRolesAndHospital duplicate checks > username check is skipped when username is null STANDARD_OUT
    2026-03-10 23:50:58  INFO [Test worker] c.example.hms.service.UserServiceImpl    - [SERVICE] Starting createUserWithRolesAndHospital for username=null, hospitalId=null, roles=[ROLE_HOSPITAL_ADMIN]

UserServiceImplTest > createUserWithRolesAndHospital duplicate checks > username check is skipped when username is null PASSED

UserServiceImplTest > createUserWithRolesAndHospital duplicate checks > brand-new patient (no existing user) passes duplicate check STANDARD_OUT
    2026-03-10 23:50:58  INFO [Test worker] c.example.hms.service.UserServiceImpl    - [SERVICE] Starting createUserWithRolesAndHospital for username=new.patient, hospitalId=00000000-0000-0000-0000-000000000003, roles=[ROLE_PATIENT]
    2026-03-10 23:50:58  INFO [Test worker] c.example.hms.service.UserServiceImpl    - [RECEPTION/ADMIN] Resolved hospitalId for patient registration: 00000000-0000-0000-0000-000000000003

UserServiceImplTest > createUserWithRolesAndHospital duplicate checks > brand-new patient (no existing user) passes duplicate check PASSED

UserServiceImplTest > createUserWithRolesAndHospital duplicate checks > throws ConflictException with 'email' field when email already exists STANDARD_OUT
    2026-03-10 23:50:58  INFO [Test worker] c.example.hms.service.UserServiceImpl    - [SERVICE] Starting createUserWithRolesAndHospital for username=newuser, hospitalId=null, roles=[ROLE_HOSPITAL_ADMIN]

UserServiceImplTest > createUserWithRolesAndHospital duplicate checks > throws ConflictException with 'email' field when email already exists PASSED

UserServiceImplTest > createUserWithRolesAndHospital duplicate checks > throws ConflictException with 'phone' field when phone already exists STANDARD_OUT
    2026-03-10 23:50:58  INFO [Test worker] c.example.hms.service.UserServiceImpl    - [SERVICE] Starting createUserWithRolesAndHospital for username=newuser, hospitalId=null, roles=[ROLE_HOSPITAL_ADMIN]

UserServiceImplTest > createUserWithRolesAndHospital duplicate checks > throws ConflictException with 'phone' field when phone already exists PASSED

UserServiceImplTest > createUserWithRolesAndHospital duplicate checks > phone check is skipped when phone is blank STANDARD_OUT
    2026-03-10 23:50:58  INFO [Test worker] c.example.hms.service.UserServiceImpl    - [SERVICE] Starting createUserWithRolesAndHospital for username=newuser, hospitalId=null, roles=[ROLE_HOSPITAL_ADMIN]

UserServiceImplTest > createUserWithRolesAndHospital duplicate checks > phone check is skipped when phone is blank PASSED

UsernameReminderServiceImplTest > sendReminder > does nothing when user not found (prevents account enumeration) PASSED

UsernameReminderServiceImplTest > sendReminder > sends email when identifier contains @ and user found STANDARD_OUT
    2026-03-10 23:50:58  INFO [Test worker] c.e.h.s.UsernameReminderServiceImpl      - ≡ƒô¿ Username reminder issued for userId=938271e5-058b-4d00-8bc8-e087f9daecbd ip=192.168.1.1

UsernameReminderServiceImplTest > sendReminder > sends email when identifier contains @ and user found PASSED

UsernameReminderServiceImplTest > sendReminder > sends SMS when identifier is phone and smsService is available STANDARD_OUT
    2026-03-10 23:50:58  INFO [Test worker] c.e.h.s.UsernameReminderServiceImpl      - ≡ƒô¿ Username reminder issued for userId=ddb3765d-6e8f-4b5a-b547-049019b91831 ip=192.168.1.1

UsernameReminderServiceImplTest > sendReminder > sends SMS when identifier is phone and smsService is available PASSED

UsernameReminderServiceImplTest > sendReminder > falls back to email when identifier is phone but smsService is null STANDARD_OUT
    2026-03-10 23:50:58  INFO [Test worker] c.e.h.s.UsernameReminderServiceImpl      - ≡ƒô¿ Username reminder issued for userId=e2dcfed4-9d07-4068-b4e6-71f38b1d7e27 ip=192.168.1.1

UsernameReminderServiceImplTest > sendReminder > falls back to email when identifier is phone but smsService is null PASSED

UsernameReminderServiceImplTest > sendReminder > does nothing when phone user not found PASSED

AdmissionServiceImplTest > cancelAdmission_success() PASSED

AdmissionServiceImplTest > getAdmission_notFound() PASSED

AdmissionServiceImplTest > getAdmission_found() PASSED

AdmissionServiceImplTest > getAdmissionsByPatient_returnsList() PASSED

AdmissionServiceImplTest > admitPatient_patientNotFound() PASSED

AdmissionServiceImplTest > admitPatient_success() PASSED

AdmissionServiceImplTest > dischargePatient_success() PASSED

AdmissionServiceImplTest > deactivateOrderSet_success() PASSED

AdmissionServiceImplTest > updateAdmission_success() PASSED

AdmissionServiceImplTest > getAdmissionsByHospital_withStatus_filtersCorrectly() PASSED

AdmissionServiceImplTest > getOrderSet_found() PASSED

AdmissionServiceImplTest > cancelAdmission_notFound() PASSED

AdmissionServiceImplTest > getAdmissionsByHospital_withoutStatus_returnsAll() PASSED

AdmissionServiceImplTest > getCurrentAdmissionForPatient_noActive_returnsNull() PASSED

AdmissionServiceImplTest > getOrderSet_notFound() PASSED

ConsultationServiceImplTest > createConsultation_patientNotFound() PASSED

ConsultationServiceImplTest > getAllConsultations_superAdmin_withStatus() PASSED

ConsultationServiceImplTest > createConsultation_success() STANDARD_OUT
    2026-03-10 23:50:59  INFO [Test worker] c.e.h.s.impl.ConsultationServiceImpl     - Created consultation ID 4eb17b2f-4cfe-4f69-ae07-301dc7496159 for patient ee302e0d-64b5-4658-935f-fe63f2065c37 requesting Cardiology specialty

ConsultationServiceImplTest > createConsultation_success() PASSED

ConsultationServiceImplTest > completeConsultation_success() STANDARD_OUT
    2026-03-10 23:50:59  INFO [Test worker] c.e.h.s.impl.ConsultationServiceImpl     - Consultation d6ed8492-af11-477b-b4a3-ab76228f1f58 completed

ConsultationServiceImplTest > completeConsultation_success() PASSED

ConsultationServiceImplTest > updateConsultation_setsScheduledStatus() PASSED

ConsultationServiceImplTest > getAllConsultations_superAdmin_noStatus() PASSED

ConsultationServiceImplTest > cancelConsultation_alreadyCancelled() PASSED

ConsultationServiceImplTest > cancelConsultation_success() STANDARD_OUT
    2026-03-10 23:50:59  INFO [Test worker] c.e.h.s.impl.ConsultationServiceImpl     - Consultation dd9b4761-f022-45aa-ba0c-955f13748f9a cancelled: No longer needed

ConsultationServiceImplTest > cancelConsultation_success() PASSED

ConsultationServiceImplTest > getConsultationsForHospital_withStatus() PASSED

ConsultationServiceImplTest > getConsultationsAssignedTo_withStatus() PASSED

ConsultationServiceImplTest > getConsultationsForPatient() PASSED

ConsultationServiceImplTest > getPendingConsultations() PASSED

ConsultationServiceImplTest > getConsultationsForPatient_scopedToHospital() PASSED

ConsultationServiceImplTest > getConsultation_sameHospital_success() PASSED

ConsultationServiceImplTest > getConsultation_crossHospital_throws404() PASSED

ConsultationServiceImplTest > getConsultation_superAdmin_noFilter() PASSED

ConsultationServiceImplTest > getConsultationsRequestedBy_superAdmin_noFilter() PASSED

ConsultationServiceImplTest > getConsultationsForPatient_superAdmin_noFilter() PASSED

ConsultationServiceImplTest > completeConsultation_alreadyCompleted() PASSED

ConsultationServiceImplTest > getConsultationsRequestedBy() PASSED

ConsultationServiceImplTest > completeConsultation_cancelled() PASSED

ConsultationServiceImplTest > getConsultation_success() PASSED

ConsultationServiceImplTest > getConsultationsForHospital_withoutStatus() PASSED

ConsultationServiceImplTest > cancelConsultation_alreadyCompleted() PASSED

ConsultationServiceImplTest > getConsultationsAssignedTo_withoutStatus() PASSED

ConsultationServiceImplTest > acknowledgeConsultation_success() STANDARD_OUT
    2026-03-10 23:50:59  INFO [Test worker] c.e.h.s.impl.ConsultationServiceImpl     - Consultation 372aa182-38e6-4ee4-84da-977766bac925 acknowledged by consultant 00c1a2e6-317d-420f-8a10-374c8d5edf72

ConsultationServiceImplTest > acknowledgeConsultation_success() PASSED

ConsultationServiceImplTest > getConsultationsRequestedBy_scopedToHospital() PASSED

ConsultationServiceImplTest > getAllConsultations_scopedToHospital_withStatus() PASSED

ConsultationServiceImplTest > acknowledgeConsultation_alreadyAcknowledged() PASSED

ConsultationServiceImplTest > getConsultation_notFound() PASSED

FamilyHistoryServiceImplTest > deleteFamilyHistory_softDeletes() STANDARD_OUT
    2026-03-10 23:51:00  INFO [Test worker] c.e.h.s.impl.FamilyHistoryServiceImpl    - Deleting family history with id: 3f120451-411f-40bf-b4da-45b4d6c4daaf
    2026-03-10 23:51:00  INFO [Test worker] c.e.h.s.impl.FamilyHistoryServiceImpl    - Family history soft deleted: 3f120451-411f-40bf-b4da-45b4d6c4daaf

FamilyHistoryServiceImplTest > deleteFamilyHistory_softDeletes() PASSED

FamilyHistoryServiceImplTest > getGeneticConditions_patientNotFound() PASSED

FamilyHistoryServiceImplTest > getFamilyHistoryById_found() PASSED

FamilyHistoryServiceImplTest > getScreeningRecommendations_patientNotFound() PASSED

FamilyHistoryServiceImplTest > updateFamilyHistory_success() STANDARD_OUT
    2026-03-10 23:51:00  INFO [Test worker] c.e.h.s.impl.FamilyHistoryServiceImpl    - Updating family history with id: e929bc94-a39b-44e8-92ed-f39e9a4e8174
    2026-03-10 23:51:00  INFO [Test worker] c.e.h.s.impl.FamilyHistoryServiceImpl    - Family history updated successfully: e929bc94-a39b-44e8-92ed-f39e9a4e8174

FamilyHistoryServiceImplTest > updateFamilyHistory_success() PASSED

FamilyHistoryServiceImplTest > getFamilyHistoryById_notFound() PASSED

FamilyHistoryServiceImplTest > deleteFamilyHistory_notFound() STANDARD_OUT
    2026-03-10 23:51:00  INFO [Test worker] c.e.h.s.impl.FamilyHistoryServiceImpl    - Deleting family history with id: 7b12728b-24e7-4ce5-89d2-6f8fff12f1f4

FamilyHistoryServiceImplTest > deleteFamilyHistory_notFound() PASSED

FamilyHistoryServiceImplTest > getFamilyHistoriesByConditionCategory_success() PASSED

FamilyHistoryServiceImplTest > getFamilyHistoriesByPatientId_success() PASSED

FamilyHistoryServiceImplTest > createFamilyHistory_patientNotFound() STANDARD_OUT
    2026-03-10 23:51:00  INFO [Test worker] c.e.h.s.impl.FamilyHistoryServiceImpl    - Creating family history for patient: 3391264b-a7fd-4a0f-9aa4-fafbd9b0ed1e

FamilyHistoryServiceImplTest > createFamilyHistory_patientNotFound() PASSED

FamilyHistoryServiceImplTest > getGeneticConditions_success() PASSED

FamilyHistoryServiceImplTest > getFamilyHistoriesByPatientId_patientNotFound() PASSED

FamilyHistoryServiceImplTest > getScreeningRecommendations_success() PASSED

FamilyHistoryServiceImplTest > updateFamilyHistory_notFound() STANDARD_OUT
    2026-03-10 23:51:00  INFO [Test worker] c.e.h.s.impl.FamilyHistoryServiceImpl    - Updating family history with id: 60d4cebd-dddf-406f-9759-ad9bdfb71270

FamilyHistoryServiceImplTest > updateFamilyHistory_notFound() PASSED

FamilyHistoryServiceImplTest > createFamilyHistory_success() STANDARD_OUT
    2026-03-10 23:51:00  INFO [Test worker] c.e.h.s.impl.FamilyHistoryServiceImpl    - Creating family history for patient: 92a50642-f3af-49af-b800-589eb8f126b0
    2026-03-10 23:51:00  INFO [Test worker] c.e.h.s.impl.FamilyHistoryServiceImpl    - Family history created with id: 7e73ca3d-c692-4c51-b9d6-432a7b063ba8

FamilyHistoryServiceImplTest > createFamilyHistory_success() PASSED

FeatureFlagServiceImplTest > listFlagsMergesPropertiesAndOverrides() PASSED

FeatureFlagServiceImplTest > deleteOverrideRemovesRecordAndRecalculatesFlags() STANDARD_OUT
    2026-03-10 23:51:00  INFO [Test worker] c.e.h.s.impl.FeatureFlagServiceImpl      - Feature flag override removed key=feature.beta updatedBy=tester env=null id=null

FeatureFlagServiceImplTest > deleteOverrideRemovesRecordAndRecalculatesFlags() PASSED

FeatureFlagServiceImplTest > upsertOverrideCreatesOrUpdatesRecord() STANDARD_OUT
    2026-03-10 23:51:00  INFO [Test worker] c.e.h.s.impl.FeatureFlagServiceImpl      - Feature flag override saved key=feature.delta enabled=false updatedBy=tester env=staging

FeatureFlagServiceImplTest > upsertOverrideCreatesOrUpdatesRecord() PASSED

GeneralReferralServiceImplTest > getReferralsByHospital_scopedWithStatus() PASSED

GeneralReferralServiceImplTest > createReferral_populatesEntitiesAndCalculatesPriorityScore() PASSED

GeneralReferralServiceImplTest > getReferralsByReferringProvider_returnsDescendingList() PASSED

GeneralReferralServiceImplTest > getReferralsByHospital_withStatusFilterUsesProperRepository() PASSED

GeneralReferralServiceImplTest > getReferralsByPatient_scopedToHospital() PASSED

GeneralReferralServiceImplTest > getReferralsByReceivingProvider_returnsMappedList() PASSED

GeneralReferralServiceImplTest > cancelReferral_marksReferralCancelledAndPersistsReason() PASSED

GeneralReferralServiceImplTest > completeReferral_updatesCompletionMetadata() PASSED

GeneralReferralServiceImplTest > submitReferral_transitionsReferralToSubmittedAndSetsTimestamps() PASSED

GeneralReferralServiceImplTest > getReferralsByReferringProvider_scopedToHospital() PASSED

GeneralReferralServiceImplTest > getReferralsByReceivingProvider_scopedToHospital() PASSED

GeneralReferralServiceImplTest > getReferralsByHospital_scopedOverridesHospitalParam() PASSED

GeneralReferralServiceImplTest > acknowledgeReferral_withUnknownReceivingProvider_throws() PASSED

GeneralReferralServiceImplTest > getReferralsByPatient_returnsDTOsWithMappedNames() PASSED

GeneralReferralServiceImplTest > getOverdueReferrals_delegatesToRepositoryAndMapsResults() PASSED

ImmunizationServiceImplTest > markReminderSent_success() STANDARD_OUT
    2026-03-10 23:51:00  INFO [Test worker] c.e.h.s.impl.ImmunizationServiceImpl     - Marking reminder sent for immunization: 914dd05e-c967-409f-b479-5daff4021fca
    2026-03-10 23:51:00  INFO [Test worker] c.e.h.s.impl.ImmunizationServiceImpl     - Reminder marked as sent for immunization: 914dd05e-c967-409f-b479-5daff4021fca

ImmunizationServiceImplTest > markReminderSent_success() PASSED

ImmunizationServiceImplTest > getImmunizationsByVaccineCode_success() PASSED

ImmunizationServiceImplTest > getUpcomingImmunizations_success() PASSED

ImmunizationServiceImplTest > getImmunizationsByPatientId_patientNotFound() PASSED

ImmunizationServiceImplTest > getImmunizationById_notFound() PASSED

ImmunizationServiceImplTest > getOverdueImmunizations_success() PASSED

ImmunizationServiceImplTest > markReminderSent_notFound() STANDARD_OUT
    2026-03-10 23:51:00  INFO [Test worker] c.e.h.s.impl.ImmunizationServiceImpl     - Marking reminder sent for immunization: 17a534db-2bcb-46b3-b7da-b1540c44722e

ImmunizationServiceImplTest > markReminderSent_notFound() PASSED

ImmunizationServiceImplTest > getImmunizationsNeedingReminders_success() PASSED

ImmunizationServiceImplTest > createImmunization_patientNotFound() STANDARD_OUT
    2026-03-10 23:51:00  INFO [Test worker] c.e.h.s.impl.ImmunizationServiceImpl     - Creating immunization for patient: 9e2cbfa1-3a67-4edf-85cd-2881ae5d8c6e

ImmunizationServiceImplTest > createImmunization_patientNotFound() PASSED

ImmunizationServiceImplTest > getImmunizationById_found() PASSED

ImmunizationServiceImplTest > createImmunization_withStaffAndEncounter() STANDARD_OUT
    2026-03-10 23:51:00  INFO [Test worker] c.e.h.s.impl.ImmunizationServiceImpl     - Creating immunization for patient: d402f7c9-174d-49dc-b5eb-72083ac627ab
    2026-03-10 23:51:00  INFO [Test worker] c.e.h.s.impl.ImmunizationServiceImpl     - Immunization created with id: a868b1d0-6d15-4829-bc75-9f5916d70b77

ImmunizationServiceImplTest > createImmunization_withStaffAndEncounter() PASSED

ImmunizationServiceImplTest > createImmunization_success() STANDARD_OUT
    2026-03-10 23:51:00  INFO [Test worker] c.e.h.s.impl.ImmunizationServiceImpl     - Creating immunization for patient: a9cfe656-829d-438b-a9b9-90c678acbe18
    2026-03-10 23:51:00  INFO [Test worker] c.e.h.s.impl.ImmunizationServiceImpl     - Immunization created with id: b7b299f2-9068-46d5-8d29-24ca3237493e

ImmunizationServiceImplTest > createImmunization_success() PASSED

ImmunizationServiceImplTest > getImmunizationsByPatientId_success() PASSED

ImmunizationServiceImplTest > deleteImmunization_notFound() STANDARD_OUT
    2026-03-10 23:51:00  INFO [Test worker] c.e.h.s.impl.ImmunizationServiceImpl     - Deleting immunization with id: bddcb7d0-3854-4776-8241-5071b093ffda

ImmunizationServiceImplTest > deleteImmunization_notFound() PASSED

ImmunizationServiceImplTest > deleteImmunization_softDeletes() STANDARD_OUT
    2026-03-10 23:51:00  INFO [Test worker] c.e.h.s.impl.ImmunizationServiceImpl     - Deleting immunization with id: abe3da77-d469-4f2f-817b-1d797bae080b
    2026-03-10 23:51:00  INFO [Test worker] c.e.h.s.impl.ImmunizationServiceImpl     - Immunization soft deleted: abe3da77-d469-4f2f-817b-1d797bae080b

ImmunizationServiceImplTest > deleteImmunization_softDeletes() PASSED

ImmunizationServiceImplTest > updateImmunization_success() STANDARD_OUT
    2026-03-10 23:51:00  INFO [Test worker] c.e.h.s.impl.ImmunizationServiceImpl     - Updating immunization with id: 90e0ce90-d518-43d0-8d84-4789113261a9
    2026-03-10 23:51:00  INFO [Test worker] c.e.h.s.impl.ImmunizationServiceImpl     - Immunization updated successfully: 90e0ce90-d518-43d0-8d84-4789113261a9

ImmunizationServiceImplTest > updateImmunization_success() PASSED

MedicationHistoryServiceImplTest > updatePharmacyFill_success() STANDARD_OUT
    2026-03-10 23:51:01  INFO [Test worker] c.e.h.s.i.MedicationHistoryServiceImpl   - Updating pharmacy fill: 2794d82d-1eb7-42df-b7f4-88db1e5626de
    2026-03-10 23:51:01  INFO [Test worker] c.e.h.s.i.MedicationHistoryServiceImpl   - Pharmacy fill updated: 2794d82d-1eb7-42df-b7f4-88db1e5626de

MedicationHistoryServiceImplTest > updatePharmacyFill_success() PASSED

MedicationHistoryServiceImplTest > getMedicationTimeline_polypharmacyDetected() STANDARD_OUT
    2026-03-10 23:51:01  INFO [Test worker] c.e.h.s.i.MedicationHistoryServiceImpl   - Generating medication timeline for patient: 334a32d1-17d7-4a37-a149-04cda45db173, hospital: 5c06e165-ca8e-4399-92f5-3dd6c2b5965c
    2026-03-10 23:51:01  INFO [Test worker] c.e.h.s.i.MedicationHistoryServiceImpl   - Timeline generated: 6 total meds, 0 active, 0 interactions, 0 overlaps

MedicationHistoryServiceImplTest > getMedicationTimeline_polypharmacyDetected() PASSED

MedicationHistoryServiceImplTest > getPharmacyFillsByPatient() PASSED

MedicationHistoryServiceImplTest > getMedicationTimeline_success_emptyLists() STANDARD_OUT
    2026-03-10 23:51:01  INFO [Test worker] c.e.h.s.i.MedicationHistoryServiceImpl   - Generating medication timeline for patient: 2c0113b9-ba0b-45af-988a-ecf7808d0e22, hospital: e50e26f3-5e8a-45c6-86ad-9a906a4a5b87
    2026-03-10 23:51:01  INFO [Test worker] c.e.h.s.i.MedicationHistoryServiceImpl   - Timeline generated: 0 total meds, 0 active, 0 interactions, 0 overlaps

MedicationHistoryServiceImplTest > getMedicationTimeline_success_emptyLists() PASSED

MedicationHistoryServiceImplTest > getMedicationTimeline_withOverlappingPrescriptions() STANDARD_OUT
    2026-03-10 23:51:01  INFO [Test worker] c.e.h.s.i.MedicationHistoryServiceImpl   - Generating medication timeline for patient: a65ad916-140c-4a26-936b-d986c7761b74, hospital: a2ce85bb-5c91-473b-8ca5-79f38125ecab
    2026-03-10 23:51:01  INFO [Test worker] c.e.h.s.i.MedicationHistoryServiceImpl   - Timeline generated: 2 total meds, 0 active, 0 interactions, 2 overlaps

MedicationHistoryServiceImplTest > getMedicationTimeline_withOverlappingPrescriptions() PASSED

MedicationHistoryServiceImplTest > getMedicationTimeline_overlappingWarning() STANDARD_OUT
    2026-03-10 23:51:01  INFO [Test worker] c.e.h.s.i.MedicationHistoryServiceImpl   - Generating medication timeline for patient: 6ba47c23-fcfe-447a-b6c8-1bd28f8e3ea7, hospital: 1cac50a4-fe56-4d47-a6fe-0484881acb0d
    2026-03-10 23:51:01  INFO [Test worker] c.e.h.s.i.MedicationHistoryServiceImpl   - Timeline generated: 2 total meds, 0 active, 0 interactions, 2 overlaps

MedicationHistoryServiceImplTest > getMedicationTimeline_overlappingWarning() PASSED

MedicationHistoryServiceImplTest > getMedicationTimeline_prescriptionWithDisplayName() STANDARD_OUT
    2026-03-10 23:51:01  INFO [Test worker] c.e.h.s.i.MedicationHistoryServiceImpl   - Generating medication timeline for patient: c20dc268-8d0b-4bb8-af75-9df3f093c656, hospital: 2f26fb1b-6b86-4dbe-b985-e070a23022bf
    2026-03-10 23:51:01  INFO [Test worker] c.e.h.s.i.MedicationHistoryServiceImpl   - Timeline generated: 1 total meds, 0 active, 0 interactions, 0 overlaps

MedicationHistoryServiceImplTest > getMedicationTimeline_prescriptionWithDisplayName() PASSED

MedicationHistoryServiceImplTest > getPharmacyFillById_notFound() PASSED

MedicationHistoryServiceImplTest > deletePharmacyFill_success() STANDARD_OUT
    2026-03-10 23:51:01  INFO [Test worker] c.e.h.s.i.MedicationHistoryServiceImpl   - Deleting pharmacy fill: af46ef93-3beb-4b79-8291-1bd4e9605c91
    2026-03-10 23:51:01  INFO [Test worker] c.e.h.s.i.MedicationHistoryServiceImpl   - Pharmacy fill deleted: af46ef93-3beb-4b79-8291-1bd4e9605c91

MedicationHistoryServiceImplTest > deletePharmacyFill_success() PASSED

MedicationHistoryServiceImplTest > getMedicationTimeline_withDrugInteractions() STANDARD_OUT
    2026-03-10 23:51:01  INFO [Test worker] c.e.h.s.i.MedicationHistoryServiceImpl   - Generating medication timeline for patient: 4e3ab901-910d-4578-9205-aee87f49dfc0, hospital: cb76e669-94fb-4fe4-bcc4-838093aa9e16
    2026-03-10 23:51:01  INFO [Test worker] c.e.h.s.i.MedicationHistoryServiceImpl   - Timeline generated: 2 total meds, 0 active, 2 interactions, 0 overlaps

MedicationHistoryServiceImplTest > getMedicationTimeline_withDrugInteractions() PASSED

MedicationHistoryServiceImplTest > getMedicationTimeline_fillWithRxnormCode() STANDARD_OUT
    2026-03-10 23:51:01  INFO [Test worker] c.e.h.s.i.MedicationHistoryServiceImpl   - Generating medication timeline for patient: b041c4c9-10ac-4afe-9643-433fb3bd611f, hospital: 940c9264-7cd0-4ceb-acfd-88054ec17124
    2026-03-10 23:51:01  INFO [Test worker] c.e.h.s.i.MedicationHistoryServiceImpl   - Timeline generated: 1 total meds, 1 active, 0 interactions, 0 overlaps

MedicationHistoryServiceImplTest > getMedicationTimeline_fillWithRxnormCode() PASSED

MedicationHistoryServiceImplTest > createPharmacyFill_hospitalNotFound() STANDARD_OUT
    2026-03-10 23:51:01  INFO [Test worker] c.e.h.s.i.MedicationHistoryServiceImpl   - Creating pharmacy fill for patient: 2f604a3c-5cd6-4662-9c39-412be177b2d9

MedicationHistoryServiceImplTest > createPharmacyFill_hospitalNotFound() PASSED

MedicationHistoryServiceImplTest > getMedicationTimeline_withPrescriptions() STANDARD_OUT
    2026-03-10 23:51:01  INFO [Test worker] c.e.h.s.i.MedicationHistoryServiceImpl   - Generating medication timeline for patient: dff4ec7a-48fa-4d5b-a614-a3d773c84b76, hospital: fb837594-4b0f-4748-86a4-42c32f312e0d
    2026-03-10 23:51:01  INFO [Test worker] c.e.h.s.i.MedicationHistoryServiceImpl   - Timeline generated: 1 total meds, 0 active, 0 interactions, 0 overlaps

MedicationHistoryServiceImplTest > getMedicationTimeline_withPrescriptions() PASSED

MedicationHistoryServiceImplTest > getMedicationTimeline_withPharmacyFills() STANDARD_OUT
    2026-03-10 23:51:01  INFO [Test worker] c.e.h.s.i.MedicationHistoryServiceImpl   - Generating medication timeline for patient: 23b0df79-24be-4929-91d9-1856cc06aebf, hospital: 9879a474-c98a-4fa3-90d3-e6847e705867
    2026-03-10 23:51:01  INFO [Test worker] c.e.h.s.i.MedicationHistoryServiceImpl   - Timeline generated: 1 total meds, 1 active, 0 interactions, 0 overlaps

MedicationHistoryServiceImplTest > getMedicationTimeline_withPharmacyFills() PASSED

MedicationHistoryServiceImplTest > getMedicationTimeline_withStartDateOnly() STANDARD_OUT
    2026-03-10 23:51:01  INFO [Test worker] c.e.h.s.i.MedicationHistoryServiceImpl   - Generating medication timeline for patient: 98493ed0-5e27-497c-94bf-41d8b6159c0a, hospital: 4c40c1db-39c6-44f4-b779-1d131b9a66c8
    2026-03-10 23:51:01  INFO [Test worker] c.e.h.s.i.MedicationHistoryServiceImpl   - Timeline generated: 0 total meds, 0 active, 0 interactions, 0 overlaps

MedicationHistoryServiceImplTest > getMedicationTimeline_withStartDateOnly() PASSED

MedicationHistoryServiceImplTest > getMedicationTimeline_patientNotFound() STANDARD_OUT
    2026-03-10 23:51:01  INFO [Test worker] c.e.h.s.i.MedicationHistoryServiceImpl   - Generating medication timeline for patient: 7c1dab46-84e4-4ab1-93a7-03f81dc7b8bd, hospital: c863c77a-44cb-4379-9761-36c75e36a1b9

MedicationHistoryServiceImplTest > getMedicationTimeline_patientNotFound() PASSED

MedicationHistoryServiceImplTest > getMedicationTimeline_durationMonths() STANDARD_OUT
    2026-03-10 23:51:01  INFO [Test worker] c.e.h.s.i.MedicationHistoryServiceImpl   - Generating medication timeline for patient: 7e9e40cd-2381-4356-b6dc-fcedd3878c7a, hospital: b6848688-2a00-472e-82d3-1200454603f6
    2026-03-10 23:51:01  INFO [Test worker] c.e.h.s.i.MedicationHistoryServiceImpl   - Timeline generated: 1 total meds, 0 active, 0 interactions, 0 overlaps

MedicationHistoryServiceImplTest > getMedicationTimeline_durationMonths() PASSED

MedicationHistoryServiceImplTest > createPharmacyFill_patientNotFound() STANDARD_OUT
    2026-03-10 23:51:01  INFO [Test worker] c.e.h.s.i.MedicationHistoryServiceImpl   - Creating pharmacy fill for patient: 93c871b8-36aa-43bf-a65d-8f60faeb360b

MedicationHistoryServiceImplTest > createPharmacyFill_patientNotFound() PASSED

MedicationHistoryServiceImplTest > getMedicationTimeline_hospitalNotFound() STANDARD_OUT
    2026-03-10 23:51:01  INFO [Test worker] c.e.h.s.i.MedicationHistoryServiceImpl   - Generating medication timeline for patient: 0dca9009-13e4-4d8d-88cd-d36e0b5c0e15, hospital: ba40f75f-9843-42df-b08b-69f129ce9c4e

MedicationHistoryServiceImplTest > getMedicationTimeline_hospitalNotFound() PASSED

MedicationHistoryServiceImplTest > getMedicationTimeline_fillWithSourceSystem() STANDARD_OUT
    2026-03-10 23:51:01  INFO [Test worker] c.e.h.s.i.MedicationHistoryServiceImpl   - Generating medication timeline for patient: b8085274-e206-4f09-93fa-216cc9791d24, hospital: f6435591-b093-4777-8b43-048ab32209a1
    2026-03-10 23:51:01  INFO [Test worker] c.e.h.s.i.MedicationHistoryServiceImpl   - Timeline generated: 1 total meds, 1 active, 0 interactions, 0 overlaps

MedicationHistoryServiceImplTest > getMedicationTimeline_fillWithSourceSystem() PASSED

MedicationHistoryServiceImplTest > updatePharmacyFill_notFound() STANDARD_OUT
    2026-03-10 23:51:01  INFO [Test worker] c.e.h.s.i.MedicationHistoryServiceImpl   - Updating pharmacy fill: b9ce8ad7-0b46-4991-af12-60b2c890ad6b

MedicationHistoryServiceImplTest > updatePharmacyFill_notFound() PASSED

MedicationHistoryServiceImplTest > getMedicationTimeline_unparsableDuration_endDateNull() STANDARD_OUT
    2026-03-10 23:51:01  INFO [Test worker] c.e.h.s.i.MedicationHistoryServiceImpl   - Generating medication timeline for patient: 87d6d3ae-040c-4735-9e85-3f215cead45f, hospital: 0c833de3-1c4a-4f36-9f66-f6e810ff7c2f
    2026-03-10 23:51:01  INFO [Test worker] c.e.h.s.i.MedicationHistoryServiceImpl   - Timeline generated: 1 total meds, 0 active, 0 interactions, 0 overlaps

MedicationHistoryServiceImplTest > getMedicationTimeline_unparsableDuration_endDateNull() PASSED

MedicationHistoryServiceImplTest > getMedicationTimeline_durationWeeks() STANDARD_OUT
    2026-03-10 23:51:01  INFO [Test worker] c.e.h.s.i.MedicationHistoryServiceImpl   - Generating medication timeline for patient: 466bb7c6-40cb-40b2-85e8-6d4967a36ae8, hospital: 0f0ef130-a894-4eb7-8027-ebf8465002d8
    2026-03-10 23:51:01  INFO [Test worker] c.e.h.s.i.MedicationHistoryServiceImpl   - Timeline generated: 1 total meds, 0 active, 0 interactions, 0 overlaps

MedicationHistoryServiceImplTest > getMedicationTimeline_durationWeeks() PASSED

MedicationHistoryServiceImplTest > getMedicationTimeline_nameBasedOverlap() STANDARD_OUT
    2026-03-10 23:51:01  INFO [Test worker] c.e.h.s.i.MedicationHistoryServiceImpl   - Generating medication timeline for patient: 74861584-edba-4d1c-9d14-306239464a53, hospital: f135fd28-4796-4927-a710-66ee5f328cd5
    2026-03-10 23:51:01  INFO [Test worker] c.e.h.s.i.MedicationHistoryServiceImpl   - Timeline generated: 2 total meds, 0 active, 0 interactions, 2 overlaps

MedicationHistoryServiceImplTest > getMedicationTimeline_nameBasedOverlap() PASSED

MedicationHistoryServiceImplTest > getPharmacyFillById_success() PASSED

MedicationHistoryServiceImplTest > getMedicationTimeline_withDateRange() STANDARD_OUT
    2026-03-10 23:51:01  INFO [Test worker] c.e.h.s.i.MedicationHistoryServiceImpl   - Generating medication timeline for patient: 2b2417fe-ad38-461a-902a-8c4c05dedfb6, hospital: 65957136-6430-45fa-8dd2-b38e79f8e725
    2026-03-10 23:51:01  INFO [Test worker] c.e.h.s.i.MedicationHistoryServiceImpl   - Timeline generated: 0 total meds, 0 active, 0 interactions, 0 overlaps

MedicationHistoryServiceImplTest > getMedicationTimeline_withDateRange() PASSED

MedicationHistoryServiceImplTest > getMedicationTimeline_prescriptionWithNullCreatedAt_sortsSafely() STANDARD_OUT
    2026-03-10 23:51:01  INFO [Test worker] c.e.h.s.i.MedicationHistoryServiceImpl   - Generating medication timeline for patient: c9d18523-7fb5-47ab-b16e-322adcc250e4, hospital: 4f857a09-1d82-432d-bb46-9e96865026d6
    2026-03-10 23:51:01  INFO [Test worker] c.e.h.s.i.MedicationHistoryServiceImpl   - Timeline generated: 2 total meds, 0 active, 0 interactions, 0 overlaps

MedicationHistoryServiceImplTest > getMedicationTimeline_prescriptionWithNullCreatedAt_sortsSafely() PASSED

MedicationHistoryServiceImplTest > createPharmacyFill_success() STANDARD_OUT
    2026-03-10 23:51:01  INFO [Test worker] c.e.h.s.i.MedicationHistoryServiceImpl   - Creating pharmacy fill for patient: 7cb3c16e-e203-41ee-9fbc-712cfe000f99
    2026-03-10 23:51:01  INFO [Test worker] c.e.h.s.i.MedicationHistoryServiceImpl   - Pharmacy fill created with ID: 8207dacf-ba1e-4925-a50b-bbf8dae66b49

MedicationHistoryServiceImplTest > createPharmacyFill_success() PASSED

MedicationHistoryServiceImplTest > deletePharmacyFill_notFound() STANDARD_OUT
    2026-03-10 23:51:01  INFO [Test worker] c.e.h.s.i.MedicationHistoryServiceImpl   - Deleting pharmacy fill: f46b6d17-9a42-454e-9029-2661050a523c

MedicationHistoryServiceImplTest > deletePharmacyFill_notFound() PASSED

MedicationHistoryServiceImplTest > createPharmacyFill_withPrescription() STANDARD_OUT
    2026-03-10 23:51:01  INFO [Test worker] c.e.h.s.i.MedicationHistoryServiceImpl   - Creating pharmacy fill for patient: b226ae0a-34e6-4930-a0ac-401b55ed6789
    2026-03-10 23:51:01  INFO [Test worker] c.e.h.s.i.MedicationHistoryServiceImpl   - Pharmacy fill created with ID: a05d98c1-ea10-40dd-bf01-80d23d695ee3

MedicationHistoryServiceImplTest > createPharmacyFill_withPrescription() PASSED

NewbornAssessmentServiceImplTest > recordAssessmentStableDoesNotTriggerAlert() PASSED

NewbornAssessmentServiceImplTest > recordAssessmentWithLowApgarTriggersUrgentAlert() PASSED

NewbornAssessmentServiceImplTest > searchAssessmentsReturnsPagedResults() PASSED

NewbornAssessmentServiceImplTest > recordAssessmentWithNullRequestThrowsBusinessException() PASSED

NurseTaskServiceImplTest > getAnnouncementsAbbreviatesHospitalId() PASSED

NurseTaskServiceImplTest > updateHandoffChecklistItemThrowsWhenHandoffMissing() PASSED

NurseTaskServiceImplTest > getDueVitalsClampsLowerWindowAndDeduplicatesPatients() PASSED

NurseTaskServiceImplTest > updateHandoffChecklistItemWrapsLookupErrors() PASSED

NurseTaskServiceImplTest > getHandoffSummariesClampsLimit() PASSED

NurseTaskServiceImplTest > getMedicationTasksUsesStatusFilterWhenProvided() PASSED

NurseTaskServiceImplTest > updateHandoffChecklistItemRequiresIdentifiers() PASSED

NurseTaskServiceImplTest > getOrderTasksAppliesPriorityFilterAndClamp() PASSED

NurseTaskServiceImplTest > completeHandoffRequiresIdentifiers() PASSED

NurseTaskServiceImplTest > resolvePatientNameFallsBackToFirstAndLast() PASSED

NurseTaskServiceImplTest > recordMedicationAdministrationRejectsUnsupportedStatus() PASSED

NurseTaskServiceImplTest > getMedicationTasksGeneratesDefaultPatientsWhenHospitalMissing() PASSED

NurseTaskServiceImplTest > getDueVitalsClampsUpperWindow() PASSED

NurseTaskServiceImplTest > updateHandoffChecklistItemReturnsResponseWhenHandoffExists() PASSED

NurseTaskServiceImplTest > completeHandoffReturnsSilentlyWhenNotFound() PASSED

NurseTaskServiceImplTest > recordMedicationAdministrationDefaultsAndNormalizesStatus() PASSED

NurseTaskServiceImplTest > getMedicationTasksFallsBackToHospitalWideQuery() PASSED

NurseTaskServiceImplTest > getAnnouncementsUsesDefaultHospitalSeedWhenNull() PASSED

NurseTaskServiceImplTest > recordMedicationAdministrationThrowsWhenTaskMissing() PASSED

ObgynReferralServiceImplTest > createReferral_success() STANDARD_OUT
    2026-03-10 23:51:02  INFO [Test worker] c.e.h.s.impl.ObgynReferralServiceImpl    - Created OB-GYN referral 1abd1869-e069-4e5d-bf51-c9b2ccb8fd16 for patient 5486d254-5211-4415-8ad8-37debfc1258c

ObgynReferralServiceImplTest > createReferral_success() PASSED

ObgynReferralServiceImplTest > getReferral_success() PASSED

ObgynReferralServiceImplTest > getReferral_notFound() PASSED

ObgynReferralServiceImplTest > getMessages_success() PASSED

ObgynReferralServiceImplTest > getReferralsForHospital() PASSED

ObgynReferralServiceImplTest > getStatusSummary() PASSED

ObgynReferralServiceImplTest > addMessage_cancelledReferral_throws() PASSED

ObgynReferralServiceImplTest > completeReferral_success() STANDARD_OUT
    2026-03-10 23:51:02  INFO [Test worker] c.e.h.s.impl.ObgynReferralServiceImpl    - Referral 5d471c4e-5328-4f42-a79a-c7516d0aeba5 marked complete by admin

ObgynReferralServiceImplTest > completeReferral_success() PASSED

ObgynReferralServiceImplTest > getReferralsForObgyn() PASSED

ObgynReferralServiceImplTest > createReferral_urgentNoAttachment_throws() PASSED

ObgynReferralServiceImplTest > acknowledgeReferral_closedReferral_throws() PASSED

ObgynReferralServiceImplTest > addMessage_success() PASSED

ObgynReferralServiceImplTest > cancelReferral_success() STANDARD_OUT
    2026-03-10 23:51:02  INFO [Test worker] c.e.h.s.impl.ObgynReferralServiceImpl    - Referral 8b530b28-4f1e-4f61-8833-21cf4f37beb1 cancelled by admin

ObgynReferralServiceImplTest > cancelReferral_success() PASSED

ObgynReferralServiceImplTest > acknowledgeReferral_noObgynId_throws() PASSED

ObgynReferralServiceImplTest > getReferralsForPatient() PASSED

ObgynReferralServiceImplTest > createReferral_patientNotFound() PASSED

ObgynReferralServiceImplTest > cancelReferral_alreadyClosed_throws() PASSED

ObgynReferralServiceImplTest > acknowledgeReferral_success() STANDARD_OUT
    2026-03-10 23:51:02  INFO [Test worker] c.e.h.s.impl.ObgynReferralServiceImpl    - Referral 40804814-8cf1-4e1c-9d1f-ab592ebc62d4 acknowledged by midwife1

ObgynReferralServiceImplTest > acknowledgeReferral_success() PASSED

OrganizationSecurityPolicyServiceImplTest > toResponseDtoHandlesNullOrganization() PASSED

OrganizationSecurityPolicyServiceImplTest > getPolicyByIdReturnsMatchWhenPresent() PASSED

OrganizationSecurityPolicyServiceImplTest > toResponseDtoHandlesNullRules() PASSED

OrganizationSecurityPolicyServiceImplTest > getAllPoliciesReturnsRepositoryResult() PASSED

OrganizationSecurityPolicyServiceImplTest > deletePolicyDelegatesToRepository() PASSED

OrganizationSecurityPolicyServiceImplTest > createPolicyPersistsAndReturnsEntity() PASSED

OrganizationSecurityPolicyServiceImplTest > toResponseDtoMapsRulesWhenPresent() PASSED

OrganizationSecurityPolicyServiceImplTest > updatePolicyAppliesIdBeforeSaving() PASSED

OrganizationSecurityPolicyServiceImplTest > updatePolicyFromDtoWithNullPriorityKeepsExisting() PASSED

OrganizationSecurityPolicyServiceImplTest > updatePolicyFromDtoThrowsWhenPolicyNotFound() PASSED

OrganizationSecurityPolicyServiceImplTest > getPolicyByIdReturnsNullWhenMissing() PASSED

OrganizationSecurityPolicyServiceImplTest > getAllPoliciesAsDtoReturnsMappedDtos() PASSED

OrganizationSecurityPolicyServiceImplTest > updatePolicyFromDtoSuccess() PASSED

OrganizationSecurityPolicyServiceImplTest > createPolicyFromDtoWithExplicitPriority() PASSED

OrganizationSecurityPolicyServiceImplTest > getPolicyByIdAsDtoThrowsWhenNotFound() PASSED

OrganizationSecurityPolicyServiceImplTest > createPolicyFromDtoWithNullPriorityDefaultsToZero() PASSED

OrganizationSecurityPolicyServiceImplTest > getPolicyByIdAsDtoReturnsDto() PASSED

OrganizationSecurityPolicyServiceImplTest > createPolicyFromDtoThrowsWhenOrganizationNotFound() PASSED

OrganizationSecurityPolicyServiceImplTest > updatePolicyFromDtoThrowsWhenOrganizationNotFound() PASSED

OrganizationSecurityRuleServiceImplTest > getRuleByIdAsDtoReturnsDto() PASSED

OrganizationSecurityRuleServiceImplTest > getRuleByIdReturnsNullWhenMissing() PASSED

OrganizationSecurityRuleServiceImplTest > updateRuleFromDtoThrowsWhenRuleNotFound() PASSED

OrganizationSecurityRuleServiceImplTest > getAllRulesAsDtoReturnsMappedDtos() PASSED

OrganizationSecurityRuleServiceImplTest > createRuleFromDtoWithExplicitPriority() PASSED

OrganizationSecurityRuleServiceImplTest > updateRuleFromDtoWithNullPriorityKeepsExisting() PASSED

OrganizationSecurityRuleServiceImplTest > getRuleByIdReturnsMatchWhenPresent() PASSED

OrganizationSecurityRuleServiceImplTest > updateRuleFromDtoThrowsWhenPolicyNotFound() PASSED

OrganizationSecurityRuleServiceImplTest > toResponseDtoHandlesNullSecurityPolicy() PASSED

OrganizationSecurityRuleServiceImplTest > createRulePersistsAndReturnsEntity() PASSED

OrganizationSecurityRuleServiceImplTest > createRuleFromDtoWithNullPriorityDefaultsToZero() PASSED

OrganizationSecurityRuleServiceImplTest > updateRuleFromDtoSuccess() PASSED

OrganizationSecurityRuleServiceImplTest > getRuleByIdAsDtoThrowsWhenNotFound() PASSED

OrganizationSecurityRuleServiceImplTest > updateRuleAppliesIdBeforeSaving() PASSED

OrganizationSecurityRuleServiceImplTest > createRuleFromDtoThrowsWhenPolicyNotFound() PASSED

OrganizationSecurityRuleServiceImplTest > deleteRuleDelegatesToRepository() PASSED

OrganizationSecurityRuleServiceImplTest > getAllRulesReturnsRepositoryResult() PASSED

OrganizationServiceImplTest > getOrganizationByIdReturnsMatchWhenPresent() PASSED

OrganizationServiceImplTest > deleteOrganizationDelegatesToRepository() PASSED

OrganizationServiceImplTest > getAllOrganizationsReturnsRepositoryResult() PASSED

OrganizationServiceImplTest > createOrganizationPersistsAndReturnsEntity() PASSED

OrganizationServiceImplTest > getOrganizationByIdReturnsNullWhenMissing() PASSED

OrganizationServiceImplTest > updateOrganizationAppliesIdBeforeSaving() PASSED

PatientEducationServiceImplTest > getResourceById_shouldReturnMappedDto() PASSED

PatientEducationServiceImplTest > deleteResource_shouldSoftDeleteResource() STANDARD_OUT
    2026-03-10 23:51:04  INFO [Test worker] c.e.h.s.i.PatientEducationServiceImpl    - Deleting education resource: fc78e5ef-437c-4173-bdbd-8f3880f797c5
    2026-03-10 23:51:04  INFO [Test worker] c.e.h.s.i.PatientEducationServiceImpl    - Soft deleted education resource: fc78e5ef-437c-4173-bdbd-8f3880f797c5

PatientEducationServiceImplTest > deleteResource_shouldSoftDeleteResource() PASSED

PatientEducationServiceImplTest > incrementResourceViewCount_shouldIncreaseViewCount() PASSED

PatientEducationServiceImplTest > trackProgress_shouldMarkCompletedWhenProgressIs100() STANDARD_OUT
    2026-03-10 23:51:04  INFO [Test worker] c.e.h.s.i.PatientEducationServiceImpl    - Tracking progress for patient: 2c2609cd-0287-42ba-9ecf-a705573800b9 on resource: 32e140cd-ad73-4f5a-ac60-21c64bebe1f5
    2026-03-10 23:51:04  INFO [Test worker] c.e.h.s.i.PatientEducationServiceImpl    - Tracked progress with id: 1bc6bb57-28e5-479b-855b-846cdcf77a78

PatientEducationServiceImplTest > trackProgress_shouldMarkCompletedWhenProgressIs100() PASSED

PatientEducationServiceImplTest > getAllResources_shouldReturnActiveResourcesForHospital() PASSED

PatientEducationServiceImplTest > updateVisitDocumentation_shouldPersistUpdates() STANDARD_OUT
    2026-03-10 23:51:04  INFO [Test worker] c.e.h.s.i.PatientEducationServiceImpl    - Updating visit education documentation: ed6631cd-7d24-4607-822b-fd336e674718

PatientEducationServiceImplTest > updateVisitDocumentation_shouldPersistUpdates() PASSED

PatientEducationServiceImplTest > getRecentProviderDocumentation_shouldUseLookbackWindow() PASSED

PatientEducationServiceImplTest > createResource_shouldCreateNewResource() STANDARD_OUT
    2026-03-10 23:51:04  INFO [Test worker] c.e.h.s.i.PatientEducationServiceImpl    - Creating education resource for hospital: a39eb8d6-aef0-4d75-ad25-c001a8d1ab92
    2026-03-10 23:51:04  INFO [Test worker] c.e.h.s.i.PatientEducationServiceImpl    - Created education resource with id: 6997e15b-cc50-4092-b3ae-171c2b4dbf19

PatientEducationServiceImplTest > createResource_shouldCreateNewResource() PASSED

PatientEducationServiceImplTest > getResourceFilters_shouldDelegateToRepositoryQueries() PASSED

PatientEducationServiceImplTest > getUrgentQuestions_shouldReturnOnlyUrgentQuestions() PASSED

PatientEducationServiceImplTest > hasDiscussedCategory_shouldReturnTrueWhenCategoryDiscussed() PASSED

PatientEducationServiceImplTest > getQuestionsRequiringAppointment_shouldReturnFollowUpItems() PASSED

PatientEducationServiceImplTest > createResource_shouldThrowExceptionWhenHospitalNotFound() STANDARD_OUT
    2026-03-10 23:51:04  INFO [Test worker] c.e.h.s.i.PatientEducationServiceImpl    - Creating education resource for hospital: 2ed73953-e65c-462e-838b-a26e838dde78

PatientEducationServiceImplTest > createResource_shouldThrowExceptionWhenHospitalNotFound() PASSED

PatientEducationServiceImplTest > answerQuestion_shouldUpdateQuestionWithAnswer() STANDARD_OUT
    2026-03-10 23:51:04  INFO [Test worker] c.e.h.s.i.PatientEducationServiceImpl    - Answering question: d507ce6d-12b7-47f5-a4c4-8b3215dc6454 by staff: f3d55fb2-062f-462f-a1c8-af95e0d2a94b
    2026-03-10 23:51:04  INFO [Test worker] c.e.h.s.i.PatientEducationServiceImpl    - Answered question: d507ce6d-12b7-47f5-a4c4-8b3215dc6454

PatientEducationServiceImplTest > answerQuestion_shouldUpdateQuestionWithAnswer() PASSED

PatientEducationServiceImplTest > questionLookups_shouldReturnMappedDtos() PASSED

PatientEducationServiceImplTest > deleteResource_shouldThrowWhenResourceMissing() STANDARD_OUT
    2026-03-10 23:51:04  INFO [Test worker] c.e.h.s.i.PatientEducationServiceImpl    - Deleting education resource: a785b157-d0ed-449b-9e80-b277d21e2b2c

PatientEducationServiceImplTest > deleteResource_shouldThrowWhenResourceMissing() PASSED

PatientEducationServiceImplTest > searchResources_shouldFindMatchingResources() PASSED

PatientEducationServiceImplTest > trackProgress_shouldCreateNewProgressWhenNotExists() STANDARD_OUT
    2026-03-10 23:51:04  INFO [Test worker] c.e.h.s.i.PatientEducationServiceImpl    - Tracking progress for patient: dd499c3e-3248-4014-afcf-5c9ec84d45d4 on resource: 52a4e2f9-d523-47bf-9432-82dc8f75a129
    2026-03-10 23:51:04  INFO [Test worker] c.e.h.s.i.PatientEducationServiceImpl    - Tracked progress with id: b878e7e3-8692-4335-9731-f2943139d4a7

PatientEducationServiceImplTest > trackProgress_shouldCreateNewProgressWhenNotExists() PASSED

PatientEducationServiceImplTest > hasDiscussedCategory_shouldReturnFalseWhenCategoryNotDiscussed() PASSED

PatientEducationServiceImplTest > updateQuestion_shouldApplyRequestValues() STANDARD_OUT
    2026-03-10 23:51:04  INFO [Test worker] c.e.h.s.i.PatientEducationServiceImpl    - Updating question: c398efd7-2818-460b-b412-1ffccd66bf91

PatientEducationServiceImplTest > updateQuestion_shouldApplyRequestValues() PASSED

PatientEducationServiceImplTest > submitQuestion_shouldCreateNewQuestion() STANDARD_OUT
    2026-03-10 23:51:04  INFO [Test worker] c.e.h.s.i.PatientEducationServiceImpl    - Submitting question from patient: 8213a443-d890-48ba-b991-2d4ef6d7768c
    2026-03-10 23:51:04  INFO [Test worker] c.e.h.s.i.PatientEducationServiceImpl    - Submitted question with id: 21043e23-337b-4f3c-a9b8-33db17f60d90

PatientEducationServiceImplTest > submitQuestion_shouldCreateNewQuestion() PASSED

PatientEducationServiceImplTest > updateProgress_shouldCompleteAndRefreshAverageRating() STANDARD_OUT
    2026-03-10 23:51:04  INFO [Test worker] c.e.h.s.i.PatientEducationServiceImpl    - Updating progress: ca205b67-26f3-45af-b028-7c29772019f9

PatientEducationServiceImplTest > updateProgress_shouldCompleteAndRefreshAverageRating() PASSED

PatientEducationServiceImplTest > visitDocumentationLookups_shouldReturnMappedDtos() PASSED

PatientEducationServiceImplTest > documentVisitEducation_shouldCreateDocumentation() STANDARD_OUT
    2026-03-10 23:51:04  INFO [Test worker] c.e.h.s.i.PatientEducationServiceImpl    - Documenting visit education for encounter: 9d61ba21-5f64-4932-afcd-644d124e4257
    2026-03-10 23:51:04  INFO [Test worker] c.e.h.s.i.PatientEducationServiceImpl    - Documented visit education with id: 8033a84c-0f16-48a7-95ab-707ccf10b845

PatientEducationServiceImplTest > documentVisitEducation_shouldCreateDocumentation() PASSED

PatientEducationServiceImplTest > getPatientProgress_shouldReturnAllProgressForPatient() PASSED

PatientEducationServiceImplTest > getUnansweredQuestions_shouldReturnOnlyUnansweredQuestions() PASSED

PatientEducationServiceImplTest > trackProgress_shouldUpdateExistingProgress() STANDARD_OUT
    2026-03-10 23:51:04  INFO [Test worker] c.e.h.s.i.PatientEducationServiceImpl    - Tracking progress for patient: ba7dd148-c68b-4202-bc09-380734898ba9 on resource: a8660fad-1322-4e1b-ac1b-a321fab5afd2
    2026-03-10 23:51:04  INFO [Test worker] c.e.h.s.i.PatientEducationServiceImpl    - Tracked progress with id: 2d731d66-1f99-4445-8924-c9e4be780505

PatientEducationServiceImplTest > trackProgress_shouldUpdateExistingProgress() PASSED

PatientEducationServiceImplTest > progressLookupsShouldReturnMappedDtosAndAggregates() PASSED

PatientEducationServiceImplTest > updateResource_shouldUpdateExistingResource() STANDARD_OUT
    2026-03-10 23:51:04  INFO [Test worker] c.e.h.s.i.PatientEducationServiceImpl    - Updating education resource: 0e9dd4b4-ff84-44b1-b81c-68a8582e720d
    2026-03-10 23:51:04  INFO [Test worker] c.e.h.s.i.PatientEducationServiceImpl    - Updated education resource: 0e9dd4b4-ff84-44b1-b81c-68a8582e720d

PatientEducationServiceImplTest > updateResource_shouldUpdateExistingResource() PASSED

PatientEducationServiceImplTest > updateProgress_shouldThrowWhenProgressMissing() STANDARD_OUT
    2026-03-10 23:51:04  INFO [Test worker] c.e.h.s.i.PatientEducationServiceImpl    - Updating progress: 6cef591b-4834-446f-8a8a-ca7da61c55fb

PatientEducationServiceImplTest > updateProgress_shouldThrowWhenProgressMissing() PASSED

PatientLabResultServiceImplTest > getLabResults_released_normalStatus() STANDARD_OUT
    2026-03-10 23:51:04  INFO [Test worker] c.e.h.s.i.PatientLabResultServiceImpl    - Fetching lab results for patient 4f731d38-94fd-4548-bb41-a17f55cf5dc1 in hospital bdcb20fc-f0c5-4a74-8e74-7fbffee7bf1f

PatientLabResultServiceImplTest > getLabResults_released_normalStatus() PASSED

PatientLabResultServiceImplTest > getLabResults_assignmentUserResolution() STANDARD_OUT
    2026-03-10 23:51:04  INFO [Test worker] c.e.h.s.i.PatientLabResultServiceImpl    - Fetching lab results for patient 5825d8e3-201b-4f78-95a2-5e2612113c73 in hospital 4a2db376-a2fd-46bd-a5b7-0a9cd3e52f22

PatientLabResultServiceImplTest > getLabResults_assignmentUserResolution() PASSED

PatientLabResultServiceImplTest > getLabResults_hospitalNotFound() STANDARD_OUT
    2026-03-10 23:51:04  INFO [Test worker] c.e.h.s.i.PatientLabResultServiceImpl    - Fetching lab results for patient 35c9e936-3413-4740-b30e-846289bcf89a in hospital bc07f4cc-4ec3-485e-91eb-76ce47a51f7e

PatientLabResultServiceImplTest > getLabResults_hospitalNotFound() PASSED

PatientLabResultServiceImplTest > getLabResults_noLabOrder_fallbackTestName() STANDARD_OUT
    2026-03-10 23:51:04  INFO [Test worker] c.e.h.s.i.PatientLabResultServiceImpl    - Fetching lab results for patient 4a5646c8-e4b4-4b56-abc1-c5efd2cb69ab in hospital 4fcfa55c-b47e-4511-a617-c7984d68c92e

PatientLabResultServiceImplTest > getLabResults_noLabOrder_fallbackTestName() PASSED

PatientLabResultServiceImplTest > getLabResults_withResults_pendingStatus() STANDARD_OUT
    2026-03-10 23:51:04  INFO [Test worker] c.e.h.s.i.PatientLabResultServiceImpl    - Fetching lab results for patient c3700931-888c-4213-b60f-c4af5c899709 in hospital 1c38cf8e-3da7-43be-ac9a-07698d324086

PatientLabResultServiceImplTest > getLabResults_withResults_pendingStatus() PASSED

PatientLabResultServiceImplTest > getLabResults_defaultLimit() STANDARD_OUT
    2026-03-10 23:51:04  INFO [Test worker] c.e.h.s.i.PatientLabResultServiceImpl    - Fetching lab results for patient 62b011b0-9900-4215-a0e6-fd291e97debc in hospital 142711d9-7c29-4a52-8c03-d5195996bc24

PatientLabResultServiceImplTest > getLabResults_defaultLimit() PASSED

PatientLabResultServiceImplTest > getLabResults_referenceRange_minAndMax() STANDARD_OUT
    2026-03-10 23:51:04  INFO [Test worker] c.e.h.s.i.PatientLabResultServiceImpl    - Fetching lab results for patient 7888f292-bc7b-41d2-b5b6-da6ae1de94da in hospital 22bcef48-72e8-497c-92b7-bddc331399f0

PatientLabResultServiceImplTest > getLabResults_referenceRange_minAndMax() PASSED

PatientLabResultServiceImplTest > getLabResults_patientNotFound() STANDARD_OUT
    2026-03-10 23:51:04  INFO [Test worker] c.e.h.s.i.PatientLabResultServiceImpl    - Fetching lab results for patient e82313b1-487c-4ce9-840e-f4f5f7d43720 in hospital d9a639da-6c9e-40ed-961a-56b600647ef1

PatientLabResultServiceImplTest > getLabResults_patientNotFound() PASSED

PatientLabResultServiceImplTest > getLabResults_released_lowSeverity() STANDARD_OUT
    2026-03-10 23:51:05  INFO [Test worker] c.e.h.s.i.PatientLabResultServiceImpl    - Fetching lab results for patient e3ad3a5a-7a0b-4a2b-a495-f789f08bfb83 in hospital 1c72337f-af03-4375-bd8d-4a384b9e8e98

PatientLabResultServiceImplTest > getLabResults_released_lowSeverity() PASSED

PatientLabResultServiceImplTest > getLabResults_released_criticalSeverity() STANDARD_OUT
    2026-03-10 23:51:05  INFO [Test worker] c.e.h.s.i.PatientLabResultServiceImpl    - Fetching lab results for patient ab2c7f54-05eb-472c-ac7a-8a1084d3e6d1 in hospital f2f77cdc-196b-4e56-a6a5-26cea28699f0

PatientLabResultServiceImplTest > getLabResults_released_criticalSeverity() PASSED

PatientLabResultServiceImplTest > getLabResults_released_highSeverity_notAcknowledged() STANDARD_OUT
    2026-03-10 23:51:05  INFO [Test worker] c.e.h.s.i.PatientLabResultServiceImpl    - Fetching lab results for patient 34342fbe-31ef-410b-844e-f57d567167dd in hospital 94f621cf-483d-4787-9219-0e8c0a11fa93

PatientLabResultServiceImplTest > getLabResults_released_highSeverity_notAcknowledged() PASSED

PatientLabResultServiceImplTest > getLabResults_exceedsMaxLimit() STANDARD_OUT
    2026-03-10 23:51:05  INFO [Test worker] c.e.h.s.i.PatientLabResultServiceImpl    - Fetching lab results for patient 462745b1-4c54-4e01-aa49-533a5dd53c9f in hospital 35a09c7b-8b28-4f20-870a-9c5d0b06b176

PatientLabResultServiceImplTest > getLabResults_exceedsMaxLimit() PASSED

PatientLabResultServiceImplTest > getLabResults_released_highSeverity_acknowledged() STANDARD_OUT
    2026-03-10 23:51:05  INFO [Test worker] c.e.h.s.i.PatientLabResultServiceImpl    - Fetching lab results for patient fb8c5de0-d31d-4804-844c-db263e87d0a1 in hospital 04521f05-ee38-4d15-9266-b0af521156f5

PatientLabResultServiceImplTest > getLabResults_released_highSeverity_acknowledged() PASSED

PatientLabResultServiceImplTest > getLabResults_staffNameResolution() STANDARD_OUT
    2026-03-10 23:51:05  INFO [Test worker] c.e.h.s.i.PatientLabResultServiceImpl    - Fetching lab results for patient afc89e69-7fd8-4c2a-8582-d6a6342209d3 in hospital 125fb9c4-f2de-4c60-a01d-563b72c23ac9

PatientLabResultServiceImplTest > getLabResults_staffNameResolution() PASSED

PatientLabResultServiceImplTest > getLabResults_success_empty() STANDARD_OUT
    2026-03-10 23:51:05  INFO [Test worker] c.e.h.s.i.PatientLabResultServiceImpl    - Fetching lab results for patient 65c70e0f-3016-4f8a-adfe-6d3bdb7ae3a3 in hospital 5c116578-c4a9-41a5-8b3d-3c62078536e4

PatientLabResultServiceImplTest > getLabResults_success_empty() PASSED

PatientMedicationServiceImplTest > getMedications_defaultLimit_appliesWhenZero() STANDARD_OUT
    2026-03-10 23:51:05  INFO [Test worker] c.e.h.s.i.PatientMedicationServiceImpl   - Fetching medications for patient ea3e9425-a988-4980-9c0c-ae3fb0aef081 in hospital 2aa42655-9865-408d-92a1-7da4749219fa

PatientMedicationServiceImplTest > getMedications_defaultLimit_appliesWhenZero() PASSED

PatientMedicationServiceImplTest > getMedications_patientNotFound_throws() STANDARD_OUT
    2026-03-10 23:51:05  INFO [Test worker] c.e.h.s.i.PatientMedicationServiceImpl   - Fetching medications for patient b46f390f-b3e6-4b7f-88e2-1749e5aa38d9 in hospital a948a54b-1370-466a-97fa-a625c10c0d9b

PatientMedicationServiceImplTest > getMedications_patientNotFound_throws() PASSED

PatientMedicationServiceImplTest > getMedications_nullStatusWithPastEndDate_completed() STANDARD_OUT
    2026-03-10 23:51:05  INFO [Test worker] c.e.h.s.i.PatientMedicationServiceImpl   - Fetching medications for patient b5013a50-37bd-47d3-9362-752303849bbc in hospital 5ec2247e-2d54-49eb-ab45-b1f16089daea

PatientMedicationServiceImplTest > getMedications_nullStatusWithPastEndDate_completed() PASSED

PatientMedicationServiceImplTest > getMedications_usesDisplayNameOverMedicationName() STANDARD_OUT
    2026-03-10 23:51:05  INFO [Test worker] c.e.h.s.i.PatientMedicationServiceImpl   - Fetching medications for patient d04a1dd4-2e32-479f-af1d-31834dff84fa in hospital 360f4d90-42b8-47f6-9682-c3306eaf2ca4

PatientMedicationServiceImplTest > getMedications_usesDisplayNameOverMedicationName() PASSED

PatientMedicationServiceImplTest > getMedications_hospitalNotFound_throws() STANDARD_OUT
    2026-03-10 23:51:05  INFO [Test worker] c.e.h.s.i.PatientMedicationServiceImpl   - Fetching medications for patient 51a3352d-6e50-4eec-b329-625b20a63f98 in hospital 6c1568a3-7894-43af-9584-195a801c8a18

PatientMedicationServiceImplTest > getMedications_hospitalNotFound_throws() PASSED

PatientMedicationServiceImplTest > getMedications_returnsSortedByDate() STANDARD_OUT
    2026-03-10 23:51:05  INFO [Test worker] c.e.h.s.i.PatientMedicationServiceImpl   - Fetching medications for patient 1b210fd5-f135-4bb9-af96-a918d0fe4a3c in hospital ad6fa3a1-1472-4a67-8630-3c3e90d4e765

PatientMedicationServiceImplTest > getMedications_returnsSortedByDate() PASSED

PatientMedicationServiceImplTest > getMedications_discontinuedStatus() STANDARD_OUT
    2026-03-10 23:51:05  INFO [Test worker] c.e.h.s.i.PatientMedicationServiceImpl   - Fetching medications for patient 584e153c-b6e4-4352-8085-de1054f1284b in hospital 741e5e3a-0a67-4319-b0bd-4b749032b99d

PatientMedicationServiceImplTest > getMedications_discontinuedStatus() PASSED

PatientMedicationServiceImplTest > getMedications_resolvesDurationInWeeks() STANDARD_OUT
    2026-03-10 23:51:05  INFO [Test worker] c.e.h.s.i.PatientMedicationServiceImpl   - Fetching medications for patient 38feead0-8df5-4144-ab54-41ae8e65535a in hospital 6f95bcd5-b344-477e-800c-00d6c0dc4888

PatientMedicationServiceImplTest > getMedications_resolvesDurationInWeeks() PASSED

PatientPortalServiceImplPhase1Test > IDOR rejection ΓÇö consent endpoints > grantMyConsent ΓÇö should throw BusinessException when patient not registered at source hospital PASSED

PatientPortalServiceImplPhase1Test > IDOR rejection ΓÇö consent endpoints > revokeMyConsent ΓÇö should throw BusinessException when patient not registered at source hospital PASSED

PatientPortalServiceImplPhase1Test > getMyAccessLog > should map audit log entries to AccessLogEntryDTOs PASSED

PatientPortalServiceImplPhase1Test > getMyCareTeam > should return care team with current PCP and history PASSED

PatientPortalServiceImplPhase1Test > getMyCareTeam > should return null primaryCare when no current PCP assigned PASSED

PatientPortalServiceImplPhase1Test > getMyAfterVisitSummaries > should delegate to dischargeSummaryService with patientId and locale PASSED

PatientPortalServiceImplPhase1Test > getMyReferrals > should delegate to referralService with patientId PASSED

PatientPortalServiceImplPhase1Test > getMyTreatmentPlans > should delegate to treatmentPlanService with patientId and pageable PASSED

PatientPortalServiceImplPhase1Test > getMyConsultations > should delegate to consultationService with patientId PASSED

PatientPortalServiceImplPhase1Test > getMyImmunizations > should delegate to immunizationService with patientId PASSED

PatientPortalServiceImplPhase1Test > getMyConsents > should delegate to consentService with patientId and pageable PASSED

PatientPortalServiceImplPhase1Test > getMyInvoices > should delegate to billingInvoiceService with patientId, pageable and locale PASSED

PatientPortalServiceImplPhase1Test > getMyAppointments > should delegate with patientId, locale and username from auth PASSED

PatientPortalServiceImplPhase1Test > getMyEncounters > should delegate to encounterService with correct patientId and locale PASSED

PatientPortalServiceImplPhase1Test > getMyVitals > should delegate to vitalSignService with correct patientId and limit PASSED

PatientPortalServiceImplPhase1Test > getMyPrescriptions > should delegate to prescriptionService with correct patientId and locale PASSED

PatientPortalServiceImplPhase1Test > getMyMedications > should delegate to medicationService with correct patientId and limit PASSED

PatientPortalServiceImplPhase1Test > getMyLabResults > should delegate to labResultService with correct patientId and limit PASSED

PatientPortalServiceImplPhase1Test > getHealthSummary > should return empty lists when sub-services throw (partial availability) STANDARD_OUT
    2026-03-10 23:51:06  WARN [Test worker] c.e.h.s.impl.PatientPortalServiceImpl    - Failed to fetch lab results for health summary: lab service down
    2026-03-10 23:51:06  WARN [Test worker] c.e.h.s.impl.PatientPortalServiceImpl    - Failed to fetch medications for health summary: med service down
    2026-03-10 23:51:06  WARN [Test worker] c.e.h.s.impl.PatientPortalServiceImpl    - Failed to fetch vitals for health summary: vital service down
    2026-03-10 23:51:06  WARN [Test worker] c.e.h.s.impl.PatientPortalServiceImpl    - Failed to fetch immunizations for health summary: immunization service down

PatientPortalServiceImplPhase1Test > getHealthSummary > should return empty lists when sub-services throw (partial availability) PASSED

PatientPortalServiceImplPhase1Test > getHealthSummary > should return empty allergies and chronicConditions when fields are null PASSED

PatientPortalServiceImplPhase1Test > getHealthSummary > should return aggregated health summary PASSED

PatientPortalServiceImplPhase1Test > updateMyProfile > should update only non-null fields and save STANDARD_OUT
    2026-03-10 23:51:06  INFO [Test worker] c.e.h.s.impl.PatientPortalServiceImpl    - Patient 56f58b1f-63b3-4a33-a24d-2184586b08c7 updated their profile

PatientPortalServiceImplPhase1Test > updateMyProfile > should update only non-null fields and save PASSED

PatientPortalServiceImplPhase1Test > updateMyProfile > should skip null fields and not overwrite existing values STANDARD_OUT
    2026-03-10 23:51:06  INFO [Test worker] c.e.h.s.impl.PatientPortalServiceImpl    - Patient 7279cc3e-3645-4d22-a8d7-f8eb62db2dee updated their profile

PatientPortalServiceImplPhase1Test > updateMyProfile > should skip null fields and not overwrite existing values PASSED

PatientPortalServiceImplPhase1Test > updateMyProfile > should update all allowed fields when all provided STANDARD_OUT
    2026-03-10 23:51:06  INFO [Test worker] c.e.h.s.impl.PatientPortalServiceImpl    - Patient 4f89b690-73f8-41a3-a75a-038ff60d37c5 updated their profile

PatientPortalServiceImplPhase1Test > updateMyProfile > should update all allowed fields when all provided PASSED

PatientPortalServiceImplPhase1Test > getMyProfile > should propagate ResourceNotFoundException when patient not found PASSED

PatientPortalServiceImplPhase1Test > getMyProfile > should return PatientProfileDTO with correct fields PASSED

PatientPortalServiceImplPhase1Test > resolvePatientId > should throw ResourceNotFoundException when no patient linked to user PASSED

PatientPortalServiceImplPhase1Test > resolvePatientId > should return patientId when user and patient both exist PASSED

PatientPortalServiceImplPhase1Test > resolvePatientId > should throw BusinessException when userId cannot be resolved PASSED

PatientPortalServiceImplPhase2Test > identity resolution edge cases > should throw ResourceNotFoundException when no patient record linked PASSED

PatientPortalServiceImplPhase2Test > identity resolution edge cases > should throw BusinessException when user cannot be resolved from auth PASSED

PatientPortalServiceImplPhase2Test > getMyAccessLog > should return empty page when no audit events PASSED

PatientPortalServiceImplPhase2Test > getMyAccessLog > should return paginated audit entries mapped to AccessLogEntryDTO PASSED

PatientPortalServiceImplPhase2Test > getMyCareTeam > should return null primaryCare when no current PCP exists PASSED

PatientPortalServiceImplPhase2Test > getMyCareTeam > should return current PCP and history PASSED

PatientPortalServiceImplPhase2Test > getMyAfterVisitSummaries > should return empty list when no summaries exist PASSED

PatientPortalServiceImplPhase2Test > getMyAfterVisitSummaries > should delegate to discharge summary service PASSED

PatientPortalServiceImplPhase2Test > medication refills > requestMedicationRefill ΓÇö should throw if prescription belongs to another patient PASSED

PatientPortalServiceImplPhase2Test > medication refills > cancelMyRefill ΓÇö should throw if refill is DENIED PASSED

PatientPortalServiceImplPhase2Test > medication refills > requestMedicationRefill ΓÇö should create a REQUESTED refill STANDARD_OUT
    2026-03-10 23:51:07  INFO [Test worker] c.e.h.s.impl.PatientPortalServiceImpl    - Patient 0cd90b38-62a9-409b-a3da-63082f4047bd requested refill d950285b-670a-42d7-9ed8-21033204de31 for prescription 0c9e2329-4f47-4a31-8d33-e91ca580e62c

PatientPortalServiceImplPhase2Test > medication refills > requestMedicationRefill ΓÇö should create a REQUESTED refill PASSED

PatientPortalServiceImplPhase2Test > medication refills > getMyRefills ΓÇö should return paginated refills PASSED

PatientPortalServiceImplPhase2Test > medication refills > cancelMyRefill ΓÇö should throw if refill is already APPROVED (not REQUESTED) PASSED

PatientPortalServiceImplPhase2Test > medication refills > cancelMyRefill ΓÇö should throw if refill belongs to another patient PASSED

PatientPortalServiceImplPhase2Test > medication refills > cancelMyRefill ΓÇö should cancel a REQUESTED refill STANDARD_OUT
    2026-03-10 23:51:07  INFO [Test worker] c.e.h.s.impl.PatientPortalServiceImpl    - Patient 9e2c2254-bfde-4aca-a8d9-a53e735255fe cancelled refill request 92bce95b-a678-485d-b5a9-deb92c6a90a1

PatientPortalServiceImplPhase2Test > medication refills > cancelMyRefill ΓÇö should cancel a REQUESTED refill PASSED

PatientPortalServiceImplPhase2Test > medication refills > requestMedicationRefill ΓÇö should throw if prescription not found PASSED

PatientPortalServiceImplPhase2Test > medication refills > cancelMyRefill ΓÇö should throw if refill not found PASSED

PatientPortalServiceImplPhase2Test > recordHomeVital > should use provided recordedAt when present STANDARD_OUT
    2026-03-10 23:51:07  INFO [Test worker] c.e.h.s.impl.PatientPortalServiceImpl    - Patient 81da9a5e-92da-4237-b92d-9edcdcd7d62e recording home vital

PatientPortalServiceImplPhase2Test > recordHomeVital > should use provided recordedAt when present PASSED

PatientPortalServiceImplPhase2Test > recordHomeVital > should record vital with source=PATIENT_REPORTED and correct fields STANDARD_OUT
    2026-03-10 23:51:07  INFO [Test worker] c.e.h.s.impl.PatientPortalServiceImpl    - Patient c5ac86ee-cdf9-473b-8158-143f9f7f1165 recording home vital

PatientPortalServiceImplPhase2Test > recordHomeVital > should record vital with source=PATIENT_REPORTED and correct fields PASSED

PatientPortalServiceImplPhase2Test > consent management > revokeMyConsent ΓÇö should resolve patientId and delegate STANDARD_OUT
    2026-03-10 23:51:07  INFO [Test worker] c.e.h.s.impl.PatientPortalServiceImpl    - Patient c6f08544-b3df-4017-ab09-975a4398838a revoking consent from hospital a0ea9ee4-bb21-4e01-b3c4-7dc84ab80ccd to hospital e5f5a669-48e8-45a4-b1b6-d5cdbfe185cc

PatientPortalServiceImplPhase2Test > consent management > revokeMyConsent ΓÇö should resolve patientId and delegate PASSED

PatientPortalServiceImplPhase2Test > consent management > grantMyConsent ΓÇö should auto-fill patientId and delegate STANDARD_OUT
    2026-03-10 23:51:07  INFO [Test worker] c.e.h.s.impl.PatientPortalServiceImpl    - Patient 8e663526-173d-4953-95be-8cf663f5c808 granting consent from hospital b5c64271-b4bf-4962-b1e1-dd827e01afa6 to hospital 24d9b95e-3771-498c-94b5-b9b595991078

PatientPortalServiceImplPhase2Test > consent management > grantMyConsent ΓÇö should auto-fill patientId and delegate PASSED

PatientPortalServiceImplPhase2Test > rescheduleMyAppointment > should throw when appointment belongs to different patient PASSED

PatientPortalServiceImplPhase2Test > rescheduleMyAppointment > should throw when appointment not found PASSED

PatientPortalServiceImplPhase2Test > rescheduleMyAppointment > should throw when appointment is completed PASSED

PatientPortalServiceImplPhase2Test > rescheduleMyAppointment > should throw when appointment is cancelled PASSED

PatientPortalServiceImplPhase2Test > rescheduleMyAppointment > should reschedule a scheduled appointment successfully STANDARD_OUT
    2026-03-10 23:51:07  INFO [Test worker] c.e.h.s.impl.PatientPortalServiceImpl    - Patient ba850fc6-864f-4e77-b014-adf6d24e20b6 rescheduled appointment 82105d95-fa7c-4158-9cf0-53d2d322a125 to 2026-05-20

PatientPortalServiceImplPhase2Test > rescheduleMyAppointment > should reschedule a scheduled appointment successfully PASSED

PatientPortalServiceImplPhase2Test > cancelMyAppointment > should append cancel reason to existing notes with separator STANDARD_OUT
    2026-03-10 23:51:07  INFO [Test worker] c.e.h.s.impl.PatientPortalServiceImpl    - Patient 9d3e1591-7cfc-411b-b6b8-c71910e212d8 cancelled appointment 4ac61445-a0b0-405e-9154-1946a80cdfc6

PatientPortalServiceImplPhase2Test > cancelMyAppointment > should append cancel reason to existing notes with separator PASSED

PatientPortalServiceImplPhase2Test > cancelMyAppointment > should throw when appointment belongs to different patient PASSED

PatientPortalServiceImplPhase2Test > cancelMyAppointment > should throw when appointment is completed PASSED

PatientPortalServiceImplPhase2Test > cancelMyAppointment > should cancel a scheduled appointment successfully STANDARD_OUT
    2026-03-10 23:51:07  INFO [Test worker] c.e.h.s.impl.PatientPortalServiceImpl    - Patient 17cfd79d-b948-491b-91a2-812c932377cf cancelled appointment 6837e698-3110-4f1a-b86c-93f871953236

PatientPortalServiceImplPhase2Test > cancelMyAppointment > should cancel a scheduled appointment successfully PASSED

PatientPortalServiceImplPhase2Test > cancelMyAppointment > should throw when appointment not found PASSED

PatientPortalServiceImplPhase2Test > cancelMyAppointment > should cancel without reason ΓÇö notes remain unchanged STANDARD_OUT
    2026-03-10 23:51:07  INFO [Test worker] c.e.h.s.impl.PatientPortalServiceImpl    - Patient 586f2906-18c4-4f39-8dc6-4776ec672d5b cancelled appointment 6f499760-18fe-4c22-9154-2f736c744730

PatientPortalServiceImplPhase2Test > cancelMyAppointment > should cancel without reason ΓÇö notes remain unchanged PASSED

PatientPortalServiceImplPhase2Test > cancelMyAppointment > should throw when appointment is already cancelled PASSED

PatientVitalSignServiceImplTest > recordVitalThrowsWhenAssignmentHospitalMismatch() PASSED

PatientVitalSignServiceImplTest > recordVitalThrowsWhenAssignmentNotFound() PASSED

PatientVitalSignServiceImplTest > recordVitalThrowsWhenRegistrationBelongsToDifferentPatient() PASSED

PatientVitalSignServiceImplTest > recordVitalResolvesContextFromRegistrationAndRecorderUser() PASSED

PatientVitalSignServiceImplTest > recordVitalUsesFirstActiveRegistrationWhenHospitalNotSpecified() PASSED

PatientVitalSignServiceImplTest > recordVitalThrowsWhenRecorderStaffHospitalMismatch() PASSED

PatientVitalSignServiceImplTest > recordVitalThrowsWhenAssignmentInactive() PASSED

PatientVitalSignServiceImplTest > getRecentVitalsFallsBackToPatientOnlyWhenHospitalMissing() PASSED

PatientVitalSignServiceImplTest > recordVitalThrowsWhenStaffIdInvalid() PASSED

PatientVitalSignServiceImplTest > getRecentVitalsFiltersByHospital() PASSED

PatientVitalSignServiceImplTest > getLatestSnapshotReturnsEmptyWhenNoRecords() PASSED

PatientVitalSignServiceImplTest > getLatestSnapshotResolvesHospitalSpecificRecord() PASSED

PatientVitalSignServiceImplTest > recordVitalThrowsWhenRegistrationMissing() PASSED

PatientVitalSignServiceImplTest > recordVitalThrowsWhenRequestedHospitalNotFound() PASSED

PostpartumCareServiceImplTest > recordObservationWithHemorrhageIndicatorsEmitsUrgentAlert() PASSED

PostpartumCareServiceImplTest > recordObservationReusesExistingPlanAndSchedulesImmediateFollowUp() PASSED

PostpartumCareServiceImplTest > recordObservationCompletesImmediateWindowWhenStabilized() PASSED

PostpartumCareServiceImplTest > recordObservationEscalatesToEnhancedMonitoringOnInfectionAlert() PASSED

PostpartumCareServiceImplTest > recordObservationWithNullRequestThrowsBusinessException() PASSED

ProcedureOrderServiceImplTest > createProcedureOrder_success() STANDARD_OUT
    2026-03-10 23:51:07  INFO [Test worker] c.e.h.s.impl.ProcedureOrderServiceImpl   - Created procedure order ID e1c7c953-a361-4bfd-bc98-259299840cda for patient d95df707-253e-429a-b821-624cd1343597 - Procedure: Appendectomy

ProcedureOrderServiceImplTest > createProcedureOrder_success() PASSED

ProcedureOrderServiceImplTest > updateProcedureOrder_completedOrder_throws() PASSED

ProcedureOrderServiceImplTest > getPendingConsentOrders_scopedOverridesParam() PASSED

ProcedureOrderServiceImplTest > getProcedureOrdersForPatient() PASSED

ProcedureOrderServiceImplTest > getProcedureOrder_sameHospital_success() PASSED

ProcedureOrderServiceImplTest > getProcedureOrder_notFound() PASSED

ProcedureOrderServiceImplTest > getProcedureOrdersScheduledBetween_scopedOverridesParam() PASSED

ProcedureOrderServiceImplTest > getProcedureOrdersForHospital_withStatus() PASSED

ProcedureOrderServiceImplTest > getProcedureOrder_success() PASSED

ProcedureOrderServiceImplTest > getProcedureOrdersScheduledBetween() PASSED

ProcedureOrderServiceImplTest > updateProcedureOrder_cancelledOrder_throws() PASSED

ProcedureOrderServiceImplTest > getProcedureOrdersOrderedBy_scopedToHospital() PASSED

ProcedureOrderServiceImplTest > updateProcedureOrder_success() PASSED

ProcedureOrderServiceImplTest > getProcedureOrdersForPatient_scopedToHospital() PASSED

ProcedureOrderServiceImplTest > getProcedureOrdersOrderedBy() PASSED

ProcedureOrderServiceImplTest > cancelProcedureOrder_success() STANDARD_OUT
    2026-03-10 23:51:08  INFO [Test worker] c.e.h.s.impl.ProcedureOrderServiceImpl   - Procedure order e30d0da5-eb97-4e24-846e-301f0d6f6957 cancelled: No longer needed

ProcedureOrderServiceImplTest > cancelProcedureOrder_success() PASSED

ProcedureOrderServiceImplTest > updateProcedureOrder_scheduledDateSetsStatus() PASSED

ProcedureOrderServiceImplTest > getProcedureOrder_crossHospital_throws404() PASSED

ProcedureOrderServiceImplTest > getPendingConsentOrders() PASSED

ProcedureOrderServiceImplTest > cancelProcedureOrder_alreadyCompleted_throws() PASSED

ProcedureOrderServiceImplTest > createProcedureOrder_patientNotFound() PASSED

ProcedureOrderServiceImplTest > getProcedureOrdersForHospital_scopedOverridesParam() PASSED

ProcedureOrderServiceImplTest > cancelProcedureOrder_alreadyCancelled_throws() PASSED

SocialHistoryServiceImplTest > createSocialHistory_success() STANDARD_OUT
    2026-03-10 23:51:08  INFO [Test worker] c.e.h.s.impl.SocialHistoryServiceImpl    - Creating social history for patient: fc6b9cd9-dd61-48bb-985f-1f100981193e
    2026-03-10 23:51:08  INFO [Test worker] c.e.h.s.impl.SocialHistoryServiceImpl    - Social history created with id: 4f195890-45ff-4ed7-baaa-5a29b4945db4

SocialHistoryServiceImplTest > createSocialHistory_success() PASSED

SocialHistoryServiceImplTest > deleteSocialHistory_softDeletes() STANDARD_OUT
    2026-03-10 23:51:08  INFO [Test worker] c.e.h.s.impl.SocialHistoryServiceImpl    - Deleting social history with id: 11d86068-dbe1-4f56-a279-d0549763d290
    2026-03-10 23:51:08  INFO [Test worker] c.e.h.s.impl.SocialHistoryServiceImpl    - Social history soft deleted: 11d86068-dbe1-4f56-a279-d0549763d290

SocialHistoryServiceImplTest > deleteSocialHistory_softDeletes() PASSED

SocialHistoryServiceImplTest > getSocialHistoryById_notFound_throws() PASSED

SocialHistoryServiceImplTest > deleteSocialHistory_notFound_throws() STANDARD_OUT
    2026-03-10 23:51:08  INFO [Test worker] c.e.h.s.impl.SocialHistoryServiceImpl    - Deleting social history with id: 3a099495-0367-49c5-a0e6-8a7293dc8c4f

SocialHistoryServiceImplTest > deleteSocialHistory_notFound_throws() PASSED

SocialHistoryServiceImplTest > getCurrentSocialHistory_noCurrent_returnsNull() PASSED

SocialHistoryServiceImplTest > getCurrentSocialHistory_patientNotFound_throws() PASSED

SocialHistoryServiceImplTest > createSocialHistory_patientNotFound_throws() STANDARD_OUT
    2026-03-10 23:51:08  INFO [Test worker] c.e.h.s.impl.SocialHistoryServiceImpl    - Creating social history for patient: 9c8e4b97-7e02-43f7-b605-de20be0656c8

SocialHistoryServiceImplTest > createSocialHistory_patientNotFound_throws() PASSED

SocialHistoryServiceImplTest > updateSocialHistory_notFound_throws() STANDARD_OUT
    2026-03-10 23:51:08  INFO [Test worker] c.e.h.s.impl.SocialHistoryServiceImpl    - Updating social history with id: d7c7c0d8-f295-4cc0-ae85-80bb63ab8d9a

SocialHistoryServiceImplTest > updateSocialHistory_notFound_throws() PASSED

SocialHistoryServiceImplTest > getSocialHistoriesByPatientId_returnsList() PASSED

SocialHistoryServiceImplTest > updateSocialHistory_success() STANDARD_OUT
    2026-03-10 23:51:08  INFO [Test worker] c.e.h.s.impl.SocialHistoryServiceImpl    - Updating social history with id: f3980620-c921-4b1c-992e-29ee3e3f9b64
    2026-03-10 23:51:08  INFO [Test worker] c.e.h.s.impl.SocialHistoryServiceImpl    - Social history updated successfully: f3980620-c921-4b1c-992e-29ee3e3f9b64

SocialHistoryServiceImplTest > updateSocialHistory_success() PASSED

SocialHistoryServiceImplTest > getSocialHistoryById_found() PASSED

SocialHistoryServiceImplTest > createSocialHistory_deactivatesPreviousRecords() STANDARD_OUT
    2026-03-10 23:51:08  INFO [Test worker] c.e.h.s.impl.SocialHistoryServiceImpl    - Creating social history for patient: f3b0a8d0-b9d5-4b1e-9060-dbd0b77d4fad
    2026-03-10 23:51:08  INFO [Test worker] c.e.h.s.impl.SocialHistoryServiceImpl    - Social history created with id: 926c2960-b254-466b-8de7-b033d408d8f6

SocialHistoryServiceImplTest > createSocialHistory_deactivatesPreviousRecords() PASSED

SocialHistoryServiceImplTest > getSocialHistoriesByPatientId_patientNotFound_throws() PASSED

SuperAdminLabOrderServiceImplTest > createLabOrder_staffRoleMatchesByNameWhenCodeMissing() STANDARD_OUT
    2026-03-10 23:51:08  INFO [Test worker] c.e.h.s.i.SuperAdminLabOrderServiceImpl  - Super admin lab order request org=CAREPLUS hospital=RIVERSIDE patient=MRN-001 staff=drsmith labTest=CBC status=PENDING
    2026-03-10 23:51:08  INFO [Test worker] c.e.h.s.i.SuperAdminLabOrderServiceImpl  - Resolved hospital-scoped lab test CBC for hospital 43720229-256e-4819-90c3-59a20011b61a
    2026-03-10 23:51:08  INFO [Test worker] c.e.h.s.i.SuperAdminLabOrderServiceImpl  - Resolved lab test definition 04df6ae5-449f-475a-8bfe-f0b756233acb (hospital=43720229-256e-4819-90c3-59a20011b61a) for identifier CBC

SuperAdminLabOrderServiceImplTest > createLabOrder_staffRoleMatchesByNameWhenCodeMissing() PASSED

SuperAdminLabOrderServiceImplTest > createLabOrder_staffRoleMismatchThrowsBusinessException() STANDARD_OUT
    2026-03-10 23:51:08  INFO [Test worker] c.e.h.s.i.SuperAdminLabOrderServiceImpl  - Super admin lab order request org=CAREPLUS hospital=RIVERSIDE patient=MRN-001 staff=drsmith labTest=CBC status=PENDING
    2026-03-10 23:51:08  INFO [Test worker] c.e.h.s.i.SuperAdminLabOrderServiceImpl  - Resolved hospital-scoped lab test CBC for hospital f8a83523-a076-4618-a76d-1c6bdf4991c4
    2026-03-10 23:51:08  INFO [Test worker] c.e.h.s.i.SuperAdminLabOrderServiceImpl  - Resolved lab test definition d50da584-d230-43cc-849a-64ed39fa3f38 (hospital=f8a83523-a076-4618-a76d-1c6bdf4991c4) for identifier CBC

SuperAdminLabOrderServiceImplTest > createLabOrder_staffRoleMismatchThrowsBusinessException() PASSED

SuperAdminLabOrderServiceImplTest > createLabOrder_labTestFallbackFiltersInactiveCandidatesBeforeThrowing() STANDARD_OUT
    2026-03-10 23:51:08  INFO [Test worker] c.e.h.s.i.SuperAdminLabOrderServiceImpl  - Super admin lab order request org=CAREPLUS hospital=RIVERSIDE patient=MRN-001 staff=drsmith labTest=CBC status=PENDING
    2026-03-10 23:51:08  INFO [Test worker] c.e.h.s.i.SuperAdminLabOrderServiceImpl  - Filtered out inactive lab test definition 9ec31cec-fb06-4800-af89-c11b16488720 while resolving identifier=CBC (definition hospital=161f9a73-9870-4321-8011-e409740ecf7d, definitionOrg=e82538db-6504-4a3a-8da2-8b8d69530e5a, targetOrg=e82538db-6504-4a3a-8da2-8b8d69530e5a)
    2026-03-10 23:51:08  INFO [Test worker] c.e.h.s.i.SuperAdminLabOrderServiceImpl  - No fallback lab test candidates resolved for identifier CBC

SuperAdminLabOrderServiceImplTest > createLabOrder_labTestFallbackFiltersInactiveCandidatesBeforeThrowing() PASSED

SuperAdminLabOrderServiceImplTest > createLabOrder_labTestFallbackPrefersHospitalSpecificDefinitionWhenAvailable() STANDARD_OUT
    2026-03-10 23:51:08  INFO [Test worker] c.e.h.s.i.SuperAdminLabOrderServiceImpl  - Super admin lab order request org=CAREPLUS hospital=RIVERSIDE patient=MRN-001 staff=drsmith labTest=CBC status=PENDING
    2026-03-10 23:51:08  INFO [Test worker] c.e.h.s.i.SuperAdminLabOrderServiceImpl  - Selected fallback lab test 1cf7dee0-80e3-4a94-86a9-03a5e38eb687 for hospital 6ace5345-f269-4ce9-81bf-a34b95cb9f13 (candidate count=2)
    2026-03-10 23:51:08  INFO [Test worker] c.e.h.s.i.SuperAdminLabOrderServiceImpl  - Resolved lab test definition 1cf7dee0-80e3-4a94-86a9-03a5e38eb687 (hospital=6ace5345-f269-4ce9-81bf-a34b95cb9f13) for identifier CBC

SuperAdminLabOrderServiceImplTest > createLabOrder_labTestFallbackPrefersHospitalSpecificDefinitionWhenAvailable() PASSED

SuperAdminLabOrderServiceImplTest > createLabOrder_patientRegistrationNotFoundThrowsResourceNotFound() STANDARD_OUT
    2026-03-10 23:51:08  INFO [Test worker] c.e.h.s.i.SuperAdminLabOrderServiceImpl  - Super admin lab order request org=CAREPLUS hospital=RIVERSIDE patient=UNKNOWN staff=drsmith labTest=CBC status=PENDING

SuperAdminLabOrderServiceImplTest > createLabOrder_patientRegistrationNotFoundThrowsResourceNotFound() PASSED

SuperAdminLabOrderServiceImplTest > createLabOrder_missingOrganizationIdentifierThrowsBusinessException() PASSED

SuperAdminLabOrderServiceImplTest > createLabOrder_resolvesIdentifiersAndDelegatesToLabOrderService() STANDARD_OUT
    2026-03-10 23:51:08  INFO [Test worker] c.e.h.s.i.SuperAdminLabOrderServiceImpl  - Super admin lab order request org=CAREPLUS hospital=RIVERSIDE patient=MRN-001 staff=drsmith labTest=CBC status=PENDING
    2026-03-10 23:51:08  INFO [Test worker] c.e.h.s.i.SuperAdminLabOrderServiceImpl  - Resolved hospital-scoped lab test CBC for hospital dc90c2ec-4e36-4ecc-85d8-6cb1e5fe749b
    2026-03-10 23:51:08  INFO [Test worker] c.e.h.s.i.SuperAdminLabOrderServiceImpl  - Resolved lab test definition b43d2d50-020f-4ebb-81ab-b605f339b3e5 (hospital=dc90c2ec-4e36-4ecc-85d8-6cb1e5fe749b) for identifier CBC

SuperAdminLabOrderServiceImplTest > createLabOrder_resolvesIdentifiersAndDelegatesToLabOrderService() PASSED

SuperAdminLabOrderServiceImplTest > createLabOrder_fallsBackToGlobalDefinitionWhenHospitalScopedMissing() STANDARD_OUT
    2026-03-10 23:51:08  INFO [Test worker] c.e.h.s.i.SuperAdminLabOrderServiceImpl  - Super admin lab order request org=CAREPLUS hospital=RIVERSIDE patient=MRN-001 staff=drsmith labTest=CBC status=PENDING
    2026-03-10 23:51:08  INFO [Test worker] c.e.h.s.i.SuperAdminLabOrderServiceImpl  - Resolved global lab test CBC
    2026-03-10 23:51:08  INFO [Test worker] c.e.h.s.i.SuperAdminLabOrderServiceImpl  - Resolved lab test definition 0410a4e6-fdd7-4abb-9592-5227906de3ba (hospital=GLOBAL) for identifier CBC

SuperAdminLabOrderServiceImplTest > createLabOrder_fallsBackToGlobalDefinitionWhenHospitalScopedMissing() PASSED

SuperAdminLabOrderServiceImplTest > createLabOrder_staffAssignmentMismatchThrowsBusinessException() STANDARD_OUT
    2026-03-10 23:51:08  INFO [Test worker] c.e.h.s.i.SuperAdminLabOrderServiceImpl  - Super admin lab order request org=CAREPLUS hospital=RIVERSIDE patient=MRN-001 staff=drsmith labTest=CBC status=PENDING
    2026-03-10 23:51:08  INFO [Test worker] c.e.h.s.i.SuperAdminLabOrderServiceImpl  - Resolved hospital-scoped lab test CBC for hospital b5fbce94-3a8d-491b-9acf-4d6525f6a959
    2026-03-10 23:51:08  INFO [Test worker] c.e.h.s.i.SuperAdminLabOrderServiceImpl  - Resolved lab test definition 6663bcb0-9d49-4727-90e1-32c5cc2bd269 (hospital=b5fbce94-3a8d-491b-9acf-4d6525f6a959) for identifier CBC

SuperAdminLabOrderServiceImplTest > createLabOrder_staffAssignmentMismatchThrowsBusinessException() PASSED

SuperAdminLabOrderServiceImplTest > createLabOrder_labTestDefinitionResolvedByIdWhenUuidProvided() STANDARD_OUT
    2026-03-10 23:51:08  INFO [Test worker] c.e.h.s.i.SuperAdminLabOrderServiceImpl  - Super admin lab order request org=CAREPLUS hospital=RIVERSIDE patient=MRN-001 staff=drsmith labTest=83191c77-fdc5-4c66-82d8-2f16c0fd301c status=PENDING
    2026-03-10 23:51:08  INFO [Test worker] c.e.h.s.i.SuperAdminLabOrderServiceImpl  - Resolved lab test definition by id 83191c77-fdc5-4c66-82d8-2f16c0fd301c for hospital 5d4ca72e-fffd-4d0a-8d40-9403bc59aeaf
    2026-03-10 23:51:08  INFO [Test worker] c.e.h.s.i.SuperAdminLabOrderServiceImpl  - Resolved lab test definition 83191c77-fdc5-4c66-82d8-2f16c0fd301c (hospital=5d4ca72e-fffd-4d0a-8d40-9403bc59aeaf) for identifier 83191c77-fdc5-4c66-82d8-2f16c0fd301c

SuperAdminLabOrderServiceImplTest > createLabOrder_labTestDefinitionResolvedByIdWhenUuidProvided() PASSED

SuperAdminLabOrderServiceImplTest > createLabOrder_ignoresDefinitionsFromOtherHospitalsDuringFallback() STANDARD_OUT
    2026-03-10 23:51:09  INFO [Test worker] c.e.h.s.i.SuperAdminLabOrderServiceImpl  - Super admin lab order request org=CAREPLUS hospital=RIVERSIDE patient=MRN-001 staff=drsmith labTest=CBC status=PENDING
    2026-03-10 23:51:09  INFO [Test worker] c.e.h.s.i.SuperAdminLabOrderServiceImpl  - Selected fallback lab test 22491ce7-fa7f-42bc-9138-804a84af47b2 for hospital cc38243a-b84d-4ee6-8913-4f6eaaec9c0f (candidate count=2)
    2026-03-10 23:51:09  INFO [Test worker] c.e.h.s.i.SuperAdminLabOrderServiceImpl  - Resolved lab test definition 22491ce7-fa7f-42bc-9138-804a84af47b2 (hospital=GLOBAL) for identifier CBC

SuperAdminLabOrderServiceImplTest > createLabOrder_ignoresDefinitionsFromOtherHospitalsDuringFallback() PASSED

SuperAdminLabOrderServiceImplTest > createLabOrder_multiplePatientMatchesThrowsBusinessException() STANDARD_OUT
    2026-03-10 23:51:09  INFO [Test worker] c.e.h.s.i.SuperAdminLabOrderServiceImpl  - Super admin lab order request org=CAREPLUS hospital=RIVERSIDE patient=MRN-001 staff=drsmith labTest=CBC status=PENDING

SuperAdminLabOrderServiceImplTest > createLabOrder_multiplePatientMatchesThrowsBusinessException() PASSED

SuperAdminLabOrderServiceImplTest > createLabOrder_resolvesOrganizationByNameWhenCodeLookupFails() STANDARD_OUT
    2026-03-10 23:51:09  INFO [Test worker] c.e.h.s.i.SuperAdminLabOrderServiceImpl  - Super admin lab order request org=Care Plus Network hospital=RIVERSIDE patient=MRN-001 staff=drsmith labTest=CBC status=PENDING
    2026-03-10 23:51:09  INFO [Test worker] c.e.h.s.i.SuperAdminLabOrderServiceImpl  - Resolved hospital-scoped lab test CBC for hospital a49a00b3-7523-4a9d-8d36-6da60aa5b579
    2026-03-10 23:51:09  INFO [Test worker] c.e.h.s.i.SuperAdminLabOrderServiceImpl  - Resolved lab test definition 8f189cbf-1209-410f-8bcc-5c5a9bf4bbff (hospital=a49a00b3-7523-4a9d-8d36-6da60aa5b579) for identifier CBC

SuperAdminLabOrderServiceImplTest > createLabOrder_resolvesOrganizationByNameWhenCodeLookupFails() PASSED

SuperAdminLabOrderServiceImplTest > createLabOrder_labTestFallbackWithoutCandidatesThrowsResourceNotFound() STANDARD_OUT
    2026-03-10 23:51:09  INFO [Test worker] c.e.h.s.i.SuperAdminLabOrderServiceImpl  - Super admin lab order request org=CAREPLUS hospital=RIVERSIDE patient=MRN-001 staff=drsmith labTest=CBC status=PENDING
    2026-03-10 23:51:09  INFO [Test worker] c.e.h.s.i.SuperAdminLabOrderServiceImpl  - No active lab test definitions found anywhere for identifier CBC

SuperAdminLabOrderServiceImplTest > createLabOrder_labTestFallbackWithoutCandidatesThrowsResourceNotFound() PASSED

SuperAdminLabOrderServiceImplTest > createLabOrder_hospitalOrganizationMismatchThrowsBusinessException() STANDARD_OUT
    2026-03-10 23:51:09  INFO [Test worker] c.e.h.s.i.SuperAdminLabOrderServiceImpl  - Super admin lab order request org=CAREPLUS hospital=RIVERSIDE patient=MRN-001 staff=drsmith labTest=CBC status=PENDING

SuperAdminLabOrderServiceImplTest > createLabOrder_hospitalOrganizationMismatchThrowsBusinessException() PASSED

SuperAdminLabOrderServiceImplTest > createLabOrder_staffWithoutAssignmentThrowsBusinessException() STANDARD_OUT
    2026-03-10 23:51:09  INFO [Test worker] c.e.h.s.i.SuperAdminLabOrderServiceImpl  - Super admin lab order request org=CAREPLUS hospital=RIVERSIDE patient=MRN-001 staff=drsmith labTest=CBC status=PENDING
    2026-03-10 23:51:09  INFO [Test worker] c.e.h.s.i.SuperAdminLabOrderServiceImpl  - Resolved hospital-scoped lab test CBC for hospital 4b2fc40a-c18c-471f-9453-44fddd5b43be
    2026-03-10 23:51:09  INFO [Test worker] c.e.h.s.i.SuperAdminLabOrderServiceImpl  - Resolved lab test definition 96a852c6-015c-4712-ac50-a5c760c5763b (hospital=4b2fc40a-c18c-471f-9453-44fddd5b43be) for identifier CBC

SuperAdminLabOrderServiceImplTest > createLabOrder_staffWithoutAssignmentThrowsBusinessException() PASSED

SuperAdminLabOrderServiceImplTest > createLabOrder_staffLookupWithoutRoleUsesTrimAndDefaults() STANDARD_OUT
    2026-03-10 23:51:09  INFO [Test worker] c.e.h.s.i.SuperAdminLabOrderServiceImpl  - Super admin lab order request org=CAREPLUS hospital=RIVERSIDE patient=MRN-001 staff=drsmith labTest=CBC status=PENDING
    2026-03-10 23:51:09  INFO [Test worker] c.e.h.s.i.SuperAdminLabOrderServiceImpl  - Resolved hospital-scoped lab test CBC for hospital 209dd2c3-a47d-460f-bad3-99b0209de392
    2026-03-10 23:51:09  INFO [Test worker] c.e.h.s.i.SuperAdminLabOrderServiceImpl  - Resolved lab test definition 20b57cf4-0713-48a8-8d85-9793591b7ec5 (hospital=209dd2c3-a47d-460f-bad3-99b0209de392) for identifier CBC

SuperAdminLabOrderServiceImplTest > createLabOrder_staffLookupWithoutRoleUsesTrimAndDefaults() PASSED

SuperAdminOrganizationOverviewServiceImplTest > getOrganizationHierarchyAppliesSearchAndActiveFilters() PASSED

SuperAdminOrganizationOverviewServiceImplTest > getOrganizationHierarchyReturnsEarlyWhenNoDirectoryDataRequested() PASSED

SuperAdminOrganizationOverviewServiceImplTest > getOrganizationHierarchyRespectsLimitsAndAggregatesCounts() PASSED

SuperAdminOrganizationOverviewServiceImplTest > getOrganizationsSummaryHandlesMultipleAlertPaths() STANDARD_OUT
    2026-03-10 23:51:09  WARN [Test worker] uperAdminOrganizationOverviewServiceImpl - Failed to resolve compliance violations for organization 10d0c4a4-076a-472d-95ec-34c803af24db: compliance service unavailable
    2026-03-10 23:51:09  WARN [Test worker] uperAdminOrganizationOverviewServiceImpl - Failed to resolve compliance violations for organization 10d0c4a4-076a-472d-95ec-34c803af24db: compliance service unavailable
    2026-03-10 23:51:09  WARN [Test worker] uperAdminOrganizationOverviewServiceImpl - Unsupported region code 'ZZZ' encountered; falling back to 'US'

SuperAdminOrganizationOverviewServiceImplTest > getOrganizationsSummaryHandlesMultipleAlertPaths() PASSED

SuperAdminOrganizationOverviewServiceImplTest > getOrganizationsSummaryAggregatesDirectoryComplianceAndLocalization() PASSED

SuperAdminOrganizationProvisioningServiceImplTest > createOrganization_whenCodeAlreadyExists_throwsIllegalArgumentException() PASSED

SuperAdminOrganizationProvisioningServiceImplTest > createOrganization_persistsOrganizationAndBootstrapsDependencies() STANDARD_OUT
    2026-03-10 23:51:09  INFO [Test worker] AdminOrganizationProvisioningServiceImpl - Provisioned organization BH-NORTH with timezone America/New_York

SuperAdminOrganizationProvisioningServiceImplTest > createOrganization_persistsOrganizationAndBootstrapsDependencies() PASSED

SuperAdminOrganizationProvisioningServiceImplTest > createOrganization_whenContactPhoneBlank_setsNullPhoneNumber() STANDARD_OUT
    2026-03-10 23:51:09  INFO [Test worker] AdminOrganizationProvisioningServiceImpl - Provisioned organization ORION with timezone America/Toronto

SuperAdminOrganizationProvisioningServiceImplTest > createOrganization_whenContactPhoneBlank_setsNullPhoneNumber() PASSED

SuperAdminPlatformRegistryServiceImplTest > getRegistrySummaryAggregatesMetrics() PASSED

SuperAdminPlatformRegistryServiceImplTest > scheduleReleaseWindowPersistsAndReturnsResponse() PASSED

SuperAdminPlatformRegistryServiceImplTest > scheduleReleaseWindowRejectsInvalidRange() PASSED

OrganizationPlatformBootstrapServiceTest > shouldSkipDisabledIntegrations() PASSED

OrganizationPlatformBootstrapServiceTest > shouldIgnoreConflictsWhenIntegrationAlreadyExists() PASSED

OrganizationPlatformBootstrapServiceTest > shouldRegisterAutoProvisionedIntegrations() STANDARD_OUT
    2026-03-10 23:51:10  INFO [Test worker] s.p.OrganizationPlatformBootstrapService - Auto-provisioned EHR integration for organization aba2f6d9-5cfb-4bdd-b2df-2a71f858e6bf

OrganizationPlatformBootstrapServiceTest > shouldRegisterAutoProvisionedIntegrations() PASSED

PlatformRegistryServiceImplTest > getOrganizationServiceWhenServiceNotFoundThrowsResourceNotFound() PASSED

PlatformRegistryServiceImplTest > getOrganizationServiceWhenServiceMissingOrganizationThrowsBusinessRuleException() PASSED

PlatformRegistryServiceImplTest > linkHospitalToServiceWhenServiceMissingThrowsResourceNotFound() PASSED

PlatformRegistryServiceImplTest > unlinkHospitalFromServiceRemovesLinkAndPublishesEvent() STANDARD_OUT
    2026-03-10 23:51:10  INFO [Test worker] c.e.h.s.p.i.PlatformRegistryServiceImpl  - Unlinked hospital e9b0e1ea-5657-4ff4-8ae4-39e17edcebac from platform service 95b987dd-7c5b-4a9a-80e5-e71fdd6b485c

PlatformRegistryServiceImplTest > unlinkHospitalFromServiceRemovesLinkAndPublishesEvent() PASSED

PlatformRegistryServiceImplTest > registerOrganizationServicePublishesEventEvenWhenPublisherFails() STANDARD_OUT
    2026-03-10 23:51:10  INFO [Test worker] c.e.h.s.p.i.PlatformRegistryServiceImpl  - Registered platform service type=LIMS for organization 3cf1bb53-02a2-4dec-867f-4bd3506b8b74
    2026-03-10 23:51:10  WARN [Test worker] c.e.h.s.p.i.PlatformRegistryServiceImpl  - Failed to publish platform registry event ORGANIZATION_SERVICE_REGISTERED for organization 3cf1bb53-02a2-4dec-867f-4bd3506b8b74: Kafka offline

PlatformRegistryServiceImplTest > registerOrganizationServicePublishesEventEvenWhenPublisherFails() PASSED

PlatformRegistryServiceImplTest > unlinkDepartmentFromServiceRemovesLinkAndPublishesEvent() STANDARD_OUT
    2026-03-10 23:51:10  INFO [Test worker] c.e.h.s.p.i.PlatformRegistryServiceImpl  - Unlinked department d1251687-e921-4f20-a127-35ff94a7273a from platform service a997746e-f8c9-4d50-84b0-d5d1884abcaa

PlatformRegistryServiceImplTest > unlinkDepartmentFromServiceRemovesLinkAndPublishesEvent() PASSED

PlatformRegistryServiceImplTest > linkHospitalToServicePersistsLink() STANDARD_OUT
    2026-03-10 23:51:10  INFO [Test worker] c.e.h.s.p.i.PlatformRegistryServiceImpl  - Linked hospital 69057c17-b2c8-4890-9ea5-ca267e54ab28 to platform service 45a6b74a-043b-44eb-b49a-6fb6a0d0b6b5

PlatformRegistryServiceImplTest > linkHospitalToServicePersistsLink() PASSED

PlatformRegistryServiceImplTest > registerOrganizationServicePersistsNewRecord() STANDARD_OUT
    2026-03-10 23:51:10  INFO [Test worker] c.e.h.s.p.i.PlatformRegistryServiceImpl  - Registered platform service type=EHR for organization ef903f27-6ea6-4cab-b285-fbf5019901f6

PlatformRegistryServiceImplTest > registerOrganizationServicePersistsNewRecord() PASSED

PlatformRegistryServiceImplTest > listOrganizationServicesFiltersByStatus() PASSED

PlatformRegistryServiceImplTest > listHospitalServiceLinksMapsEntities() PASSED

PlatformRegistryServiceImplTest > getOrganizationServiceWithMismatchedOrganizationThrowsBusinessRuleException() PASSED

PlatformRegistryServiceImplTest > linkDepartmentToServiceWhenDepartmentMissingHospitalThrowsBusinessRuleException() PASSED

PlatformRegistryServiceImplTest > registerOrganizationServiceDuplicateTypeThrowsConflict() PASSED

PlatformRegistryServiceImplTest > linkHospitalToServiceWhenHospitalMissingThrowsResourceNotFound() PASSED

PlatformRegistryServiceImplTest > registerOrganizationServiceWhenOrganizationMissingThrowsResourceNotFound() PASSED

PlatformRegistryServiceImplTest > linkDepartmentToServiceWhenDepartmentMissingThrowsResourceNotFound() PASSED

PlatformRegistryServiceImplTest > getOrganizationServiceReturnsMappedResult() PASSED

PlatformRegistryServiceImplTest > unlinkDepartmentFromServiceWhenLinkMissingThrowsResourceNotFound() PASSED

PlatformRegistryServiceImplTest > linkDepartmentToServiceWhenAlreadyLinkedThrowsConflict() PASSED

PlatformRegistryServiceImplTest > linkDepartmentToServicePersistsLink() STANDARD_OUT
    2026-03-10 23:51:10  INFO [Test worker] c.e.h.s.p.i.PlatformRegistryServiceImpl  - Linked department 6d7e44c2-2af0-4017-b7db-0632c5c51348 to platform service 884a04b5-80e2-4b5f-93c7-49b57a2fe1c0

PlatformRegistryServiceImplTest > linkDepartmentToServicePersistsLink() PASSED

PlatformRegistryServiceImplTest > linkDepartmentToServiceWhenServiceMissingThrowsResourceNotFound() PASSED

PlatformRegistryServiceImplTest > listOrganizationServicesWithoutStatusReturnsAllEntries() PASSED

PlatformRegistryServiceImplTest > linkHospitalToServiceWhenServiceHasNoOrganizationThrowsBusinessRuleException() PASSED

PlatformRegistryServiceImplTest > linkHospitalToServiceWhenAlreadyLinkedThrowsConflict() PASSED

PlatformRegistryServiceImplTest > listDepartmentServiceLinksMapsEntities() PASSED

PlatformRegistryServiceImplTest > unlinkHospitalFromServiceWhenLinkMissingThrowsResourceNotFound() PASSED

PlatformRegistryServiceImplTest > unlinkHospitalFromServiceSkipsEventWhenServiceMissing() STANDARD_OUT
    2026-03-10 23:51:10  INFO [Test worker] c.e.h.s.p.i.PlatformRegistryServiceImpl  - Unlinked hospital 750089aa-9c6b-431a-86bf-0de8c82be631 from platform service 741a70c7-4f90-4303-9eca-708a4a13e658

PlatformRegistryServiceImplTest > unlinkHospitalFromServiceSkipsEventWhenServiceMissing() PASSED

PlatformRegistryServiceImplTest > linkHospitalToServiceWithDifferentOrganizationThrowsBusinessRuleException() PASSED

PlatformRegistryServiceImplTest > updateOrganizationServiceAppliesChangesAndPublishesEvent() PASSED

DefaultPlatformServiceRegistryTest > shouldListOnlyEnabledDescriptorsByDefault() PASSED

DefaultPlatformServiceRegistryTest > shouldFindDescriptorByServiceType() PASSED

DefaultPlatformServiceRegistryTest > shouldUseDefaultLocaleWhenInputLocaleIsNull() PASSED

DefaultPlatformServiceRegistryTest > shouldIncludeDisabledDescriptorsWhenRequested() PASSED

DefaultPlatformServiceRegistryTest > shouldDelegateListEnabledIntegrationsToListIntegrations() PASSED

DefaultPlatformServiceRegistryTest > shouldSortDescriptorsByDisplayNameIgnoringCase() PASSED

DefaultPlatformServiceRegistryTest > shouldSkipNullDescriptors() PASSED

DefaultPlatformServiceRegistryTest > shouldReturnEmptyOptionalWhenServiceTypeIsNull() PASSED

PlatformIntegrationAdapterTest > shouldUseSuppliedLocaleWhenEvaluating() PASSED

PlatformIntegrationAdapterTest > shouldReturnDescriptorEnabledState() PASSED

KafkaPlatformRegistryEventPublisherTest > publishShouldLogWarningWhenSendFails(CapturedOutput) STANDARD_OUT
    2026-03-10 23:51:10  WARN [Test worker] .p.e.KafkaPlatformRegistryEventPublisher - Failed to publish platform registry event ORGANIZATION_SERVICE_REGISTERED to topic platform.registry.events: broker down

KafkaPlatformRegistryEventPublisherTest > publishShouldLogWarningWhenSendFails(CapturedOutput) PASSED

KafkaPlatformRegistryEventPublisherTest > publishShouldIgnoreNullPayload() PASSED

KafkaPlatformRegistryEventPublisherTest > publishShouldSendEventWhenTemplateAvailable() PASSED

KafkaPlatformRegistryEventPublisherTest > publishShouldSkipWhenTemplateUnavailable() PASSED

NoopPlatformRegistryEventPublisherTest > publishWithPayloadLogsWhenDebugEnabled(CapturedOutput) STANDARD_OUT
    2026-03-10 23:51:11 DEBUG [Test worker] s.p.e.NoopPlatformRegistryEventPublisher - No-op platform registry event for DEPARTMENT_LINKED_TO_SERVICE

NoopPlatformRegistryEventPublisherTest > publishWithPayloadLogsWhenDebugEnabled(CapturedOutput) PASSED

NoopPlatformRegistryEventPublisherTest > publishWithNullPayloadDoesNothing() PASSED

HospitalScopeUtilsTest > resolveScope_withPermittedAndActiveHospital() PASSED

HospitalScopeUtilsTest > resolveScope_withNullActiveHospital() PASSED

HospitalScopeUtilsTest > resolveScope_removesNullEntries() PASSED

HospitalScopeUtilsTest > isHospitalAccessible_hospitalInScope_returnsTrue() PASSED

HospitalScopeUtilsTest > resolveScope_emptyPermitted_onlyActiveReturned() PASSED

HospitalScopeUtilsTest > isHospitalAccessible_hospitalNotInScope_returnsFalse() PASSED

HospitalScopeUtilsTest > isHospitalAccessible_nullHospitalId_returnsFalse() PASSED

HospitalScopeUtilsTest > isHospitalAccessible_activeHospital_returnsTrue() PASSED

AppointmentSpecificationTest > inHospitalsWithIdsBuildsInPredicate() PASSED

AppointmentSpecificationTest > withFilterPopulatesPredicatesForAllBranches() PASSED

AppointmentSpecificationTest > withFilterNullReturnsConjunction() PASSED

AppointmentSpecificationTest > forPatientUserNullReturnsDisjunction() PASSED

AppointmentSpecificationTest > inHospitalsEmptySetReturnsDisjunction() PASSED

AppointmentSpecificationTest > forPatientUserWithIdCreatesJoinPredicate() PASSED

PermissionSpecificationTest > buildWhenQueryNotForPermissionSkipsFetchAndReturnsBasePredicate() PASSED

PermissionSpecificationTest > buildWhenSelectingEntitiesFetchesAssociationsAndBuildsPredicate() PASSED

UserRoleHospitalAssignmentSpecificationTest > hasActiveWhenFlagProvidedBuildsEqualityPredicate() PASSED

UserRoleHospitalAssignmentSpecificationTest > hasAssignmentCodeNormalizesValueBeforeComparison() PASSED

UserRoleHospitalAssignmentSpecificationTest > matchesSearchWhenTermProvidedBuildsOrPredicateWithLowercasePattern() PASSED

UserRoleHospitalAssignmentSpecificationTest > matchesSearchWhenBlankReturnsNull() PASSED

UserRoleHospitalAssignmentSpecificationTest > belongsToHospitalWhenNullReturnsNull() PASSED

UserRoleHospitalAssignmentSpecificationTest > hasActiveWhenNullReturnsNull() PASSED

UserRoleHospitalAssignmentSpecificationTest > hasAssignmentCodeWhenBlankReturnsNull() PASSED

UserRoleHospitalAssignmentSpecificationTest > belongsToHospitalWhenIdProvidedBuildsPredicate() PASSED

2026-03-10 23:51:13 ERROR [SpringApplicationShutdownHook] .SchemaDropperImpl$DelayedDropActionImpl - HHH000478: Unsuccessful: drop table if exists billing.billing_invoices cascade 
2026-03-10 23:51:13 ERROR [SpringApplicationShutdownHook] .SchemaDropperImpl$DelayedDropActionImpl - HHH000478: Unsuccessful: drop table if exists billing.invoice_items cascade 
2026-03-10 23:51:13 ERROR [SpringApplicationShutdownHook] .SchemaDropperImpl$DelayedDropActionImpl - HHH000478: Unsuccessful: drop table if exists clinical.advance_directives cascade 
2026-03-10 23:51:13 ERROR [SpringApplicationShutdownHook] .SchemaDropperImpl$DelayedDropActionImpl - HHH000478: Unsuccessful: drop table if exists clinical.appointments cascade 
2026-03-10 23:51:13 ERROR [SpringApplicationShutdownHook] .SchemaDropperImpl$DelayedDropActionImpl - HHH000478: Unsuccessful: drop table if exists clinical.birth_plan_comfort_items cascade 
2026-03-10 23:51:13 ERROR [SpringApplicationShutdownHook] .SchemaDropperImpl$DelayedDropActionImpl - HHH000478: Unsuccessful: drop table if exists clinical.birth_plan_medicated_options cascade 
2026-03-10 23:51:13 ERROR [SpringApplicationShutdownHook] .SchemaDropperImpl$DelayedDropActionImpl - HHH000478: Unsuccessful: drop table if exists clinical.birth_plan_support_persons cascade 
2026-03-10 23:51:13 ERROR [SpringApplicationShutdownHook] .SchemaDropperImpl$DelayedDropActionImpl - HHH000478: Unsuccessful: drop table if exists clinical.birth_plan_unmedicated_techniques cascade 
2026-03-10 23:51:13 ERROR [SpringApplicationShutdownHook] .SchemaDropperImpl$DelayedDropActionImpl - HHH000478: Unsuccessful: drop table if exists clinical.birth_plans cascade 
2026-03-10 23:51:13 ERROR [SpringApplicationShutdownHook] .SchemaDropperImpl$DelayedDropActionImpl - HHH000478: Unsuccessful: drop table if exists clinical.consultations cascade 
2026-03-10 23:51:13 ERROR [SpringApplicationShutdownHook] .SchemaDropperImpl$DelayedDropActionImpl - HHH000478: Unsuccessful: drop table if exists clinical.digital_signature_audit_log cascade 
2026-03-10 23:51:13 ERROR [SpringApplicationShutdownHook] .SchemaDropperImpl$DelayedDropActionImpl - HHH000478: Unsuccessful: drop table if exists clinical.digital_signatures cascade 
2026-03-10 23:51:13 ERROR [SpringApplicationShutdownHook] .SchemaDropperImpl$DelayedDropActionImpl - HHH000478: Unsuccessful: drop table if exists clinical.discharge_approvals cascade 
2026-03-10 23:51:13 ERROR [SpringApplicationShutdownHook] .SchemaDropperImpl$DelayedDropActionImpl - HHH000478: Unsuccessful: drop table if exists clinical.discharge_equipment_supplies cascade 
2026-03-10 23:51:13 ERROR [SpringApplicationShutdownHook] .SchemaDropperImpl$DelayedDropActionImpl - HHH000478: Unsuccessful: drop table if exists clinical.discharge_follow_up_appointments cascade 
2026-03-10 23:51:13 ERROR [SpringApplicationShutdownHook] .SchemaDropperImpl$DelayedDropActionImpl - HHH000478: Unsuccessful: drop table if exists clinical.discharge_medication_reconciliations cascade 
2026-03-10 23:51:13 ERROR [SpringApplicationShutdownHook] .SchemaDropperImpl$DelayedDropActionImpl - HHH000478: Unsuccessful: drop table if exists clinical.discharge_pending_test_results cascade 
2026-03-10 23:51:13 ERROR [SpringApplicationShutdownHook] .SchemaDropperImpl$DelayedDropActionImpl - HHH000478: Unsuccessful: drop table if exists clinical.discharge_summaries cascade 
2026-03-10 23:51:13 ERROR [SpringApplicationShutdownHook] .SchemaDropperImpl$DelayedDropActionImpl - HHH000478: Unsuccessful: drop table if exists clinical.drug_interactions cascade 
2026-03-10 23:51:13 ERROR [SpringApplicationShutdownHook] .SchemaDropperImpl$DelayedDropActionImpl - HHH000478: Unsuccessful: drop table if exists clinical.education_resource_content_translations cascade 
2026-03-10 23:51:13 ERROR [SpringApplicationShutdownHook] .SchemaDropperImpl$DelayedDropActionImpl - HHH000478: Unsuccessful: drop table if exists clinical.education_resource_cultural_notes cascade 
2026-03-10 23:51:13 ERROR [SpringApplicationShutdownHook] .SchemaDropperImpl$DelayedDropActionImpl - HHH000478: Unsuccessful: drop table if exists clinical.education_resource_related cascade 
2026-03-10 23:51:13 ERROR [SpringApplicationShutdownHook] .SchemaDropperImpl$DelayedDropActionImpl - HHH000478: Unsuccessful: drop table if exists clinical.education_resource_tags cascade 
2026-03-10 23:51:13 ERROR [SpringApplicationShutdownHook] .SchemaDropperImpl$DelayedDropActionImpl - HHH000478: Unsuccessful: drop table if exists clinical.education_resource_translations cascade 
2026-03-10 23:51:13 ERROR [SpringApplicationShutdownHook] .SchemaDropperImpl$DelayedDropActionImpl - HHH000478: Unsuccessful: drop table if exists clinical.education_resources cascade 
2026-03-10 23:51:13 ERROR [SpringApplicationShutdownHook] .SchemaDropperImpl$DelayedDropActionImpl - HHH000478: Unsuccessful: drop table if exists clinical.encounter_history cascade 
2026-03-10 23:51:13 ERROR [SpringApplicationShutdownHook] .SchemaDropperImpl$DelayedDropActionImpl - HHH000478: Unsuccessful: drop table if exists clinical.encounter_note_addenda cascade 
2026-03-10 23:51:13 ERROR [SpringApplicationShutdownHook] .SchemaDropperImpl$DelayedDropActionImpl - HHH000478: Unsuccessful: drop table if exists clinical.encounter_note_history cascade 
2026-03-10 23:51:13 ERROR [SpringApplicationShutdownHook] .SchemaDropperImpl$DelayedDropActionImpl - HHH000478: Unsuccessful: drop table if exists clinical.encounter_note_links cascade 
2026-03-10 23:51:13 ERROR [SpringApplicationShutdownHook] .SchemaDropperImpl$DelayedDropActionImpl - HHH000478: Unsuccessful: drop table if exists clinical.encounter_notes cascade 
2026-03-10 23:51:13 ERROR [SpringApplicationShutdownHook] .SchemaDropperImpl$DelayedDropActionImpl - HHH000478: Unsuccessful: drop table if exists clinical.encounter_treatments cascade 
2026-03-10 23:51:13 ERROR [SpringApplicationShutdownHook] .SchemaDropperImpl$DelayedDropActionImpl - HHH000478: Unsuccessful: drop table if exists clinical.encounters cascade 
2026-03-10 23:51:13 ERROR [SpringApplicationShutdownHook] .SchemaDropperImpl$DelayedDropActionImpl - HHH000478: Unsuccessful: drop table if exists clinical.high_risk_plan_bp_logs cascade 
2026-03-10 23:51:13 ERROR [SpringApplicationShutdownHook] .SchemaDropperImpl$DelayedDropActionImpl - HHH000478: Unsuccessful: drop table if exists clinical.high_risk_plan_care_team_members cascade 
2026-03-10 23:51:13 ERROR [SpringApplicationShutdownHook] .SchemaDropperImpl$DelayedDropActionImpl - HHH000478: Unsuccessful: drop table if exists clinical.high_risk_plan_care_team_notes cascade 
2026-03-10 23:51:13 ERROR [SpringApplicationShutdownHook] .SchemaDropperImpl$DelayedDropActionImpl - HHH000478: Unsuccessful: drop table if exists clinical.high_risk_plan_education_topics cascade 
2026-03-10 23:51:13 ERROR [SpringApplicationShutdownHook] .SchemaDropperImpl$DelayedDropActionImpl - HHH000478: Unsuccessful: drop table if exists clinical.high_risk_plan_emergency_symptoms cascade 
2026-03-10 23:51:13 ERROR [SpringApplicationShutdownHook] .SchemaDropperImpl$DelayedDropActionImpl - HHH000478: Unsuccessful: drop table if exists clinical.high_risk_plan_lifestyle_factors cascade 
2026-03-10 23:51:13 ERROR [SpringApplicationShutdownHook] .SchemaDropperImpl$DelayedDropActionImpl - HHH000478: Unsuccessful: drop table if exists clinical.high_risk_plan_medication_logs cascade 
2026-03-10 23:51:13 ERROR [SpringApplicationShutdownHook] .SchemaDropperImpl$DelayedDropActionImpl - HHH000478: Unsuccessful: drop table if exists clinical.high_risk_plan_milestones cascade 
2026-03-10 23:51:13 ERROR [SpringApplicationShutdownHook] .SchemaDropperImpl$DelayedDropActionImpl - HHH000478: Unsuccessful: drop table if exists clinical.high_risk_plan_preexisting_conditions cascade 
2026-03-10 23:51:13 ERROR [SpringApplicationShutdownHook] .SchemaDropperImpl$DelayedDropActionImpl - HHH000478: Unsuccessful: drop table if exists clinical.high_risk_plan_pregnancy_conditions cascade 
2026-03-10 23:51:13 ERROR [SpringApplicationShutdownHook] .SchemaDropperImpl$DelayedDropActionImpl - HHH000478: Unsuccessful: drop table if exists clinical.high_risk_plan_preventive_guidance cascade 
2026-03-10 23:51:13 ERROR [SpringApplicationShutdownHook] .SchemaDropperImpl$DelayedDropActionImpl - HHH000478: Unsuccessful: drop table if exists clinical.high_risk_plan_support_resources cascade 
2026-03-10 23:51:13 ERROR [SpringApplicationShutdownHook] .SchemaDropperImpl$DelayedDropActionImpl - HHH000478: Unsuccessful: drop table if exists clinical.high_risk_pregnancy_plans cascade 
2026-03-10 23:51:13 ERROR [SpringApplicationShutdownHook] .SchemaDropperImpl$DelayedDropActionImpl - HHH000478: Unsuccessful: drop table if exists clinical.imaging_orders cascade 
2026-03-10 23:51:13 ERROR [SpringApplicationShutdownHook] .SchemaDropperImpl$DelayedDropActionImpl - HHH000478: Unsuccessful: drop table if exists clinical.imaging_report_attachments cascade 
2026-03-10 23:51:13 ERROR [SpringApplicationShutdownHook] .SchemaDropperImpl$DelayedDropActionImpl - HHH000478: Unsuccessful: drop table if exists clinical.imaging_report_measurements cascade 
2026-03-10 23:51:13 ERROR [SpringApplicationShutdownHook] .SchemaDropperImpl$DelayedDropActionImpl - HHH000478: Unsuccessful: drop table if exists clinical.imaging_report_status_history cascade 
2026-03-10 23:51:13 ERROR [SpringApplicationShutdownHook] .SchemaDropperImpl$DelayedDropActionImpl - HHH000478: Unsuccessful: drop table if exists clinical.imaging_reports cascade 
2026-03-10 23:51:13 ERROR [SpringApplicationShutdownHook] .SchemaDropperImpl$DelayedDropActionImpl - HHH000478: Unsuccessful: drop table if exists clinical.maternal_history cascade 
2026-03-10 23:51:13 ERROR [SpringApplicationShutdownHook] .SchemaDropperImpl$DelayedDropActionImpl - HHH000478: Unsuccessful: drop table if exists clinical.newborn_assessment_alerts cascade 
2026-03-10 23:51:13 ERROR [SpringApplicationShutdownHook] .SchemaDropperImpl$DelayedDropActionImpl - HHH000478: Unsuccessful: drop table if exists clinical.newborn_assessment_education_topics cascade 
2026-03-10 23:51:13 ERROR [SpringApplicationShutdownHook] .SchemaDropperImpl$DelayedDropActionImpl - HHH000478: Unsuccessful: drop table if exists clinical.newborn_assessment_follow_up_actions cascade 
2026-03-10 23:51:13 ERROR [SpringApplicationShutdownHook] .SchemaDropperImpl$DelayedDropActionImpl - HHH000478: Unsuccessful: drop table if exists clinical.newborn_assessments cascade 
2026-03-10 23:51:13 ERROR [SpringApplicationShutdownHook] .SchemaDropperImpl$DelayedDropActionImpl - HHH000478: Unsuccessful: drop table if exists clinical.nursing_note_addenda cascade 
2026-03-10 23:51:13 ERROR [SpringApplicationShutdownHook] .SchemaDropperImpl$DelayedDropActionImpl - HHH000478: Unsuccessful: drop table if exists clinical.nursing_note_education_entries cascade 
2026-03-10 23:51:13 ERROR [SpringApplicationShutdownHook] .SchemaDropperImpl$DelayedDropActionImpl - HHH000478: Unsuccessful: drop table if exists clinical.nursing_note_interventions cascade 
2026-03-10 23:51:13 ERROR [SpringApplicationShutdownHook] .SchemaDropperImpl$DelayedDropActionImpl - HHH000478: Unsuccessful: drop table if exists clinical.nursing_notes cascade 
2026-03-10 23:51:13 ERROR [SpringApplicationShutdownHook] .SchemaDropperImpl$DelayedDropActionImpl - HHH000478: Unsuccessful: drop table if exists clinical.obgyn_referral_attachments cascade 
2026-03-10 23:51:13 ERROR [SpringApplicationShutdownHook] .SchemaDropperImpl$DelayedDropActionImpl - HHH000478: Unsuccessful: drop table if exists clinical.obgyn_referral_messages cascade 
2026-03-10 23:51:13 ERROR [SpringApplicationShutdownHook] .SchemaDropperImpl$DelayedDropActionImpl - HHH000478: Unsuccessful: drop table if exists clinical.obgyn_referrals cascade 
2026-03-10 23:51:13 ERROR [SpringApplicationShutdownHook] .SchemaDropperImpl$DelayedDropActionImpl - HHH000478: Unsuccessful: drop table if exists clinical.patient_allergies cascade 
2026-03-10 23:51:13 ERROR [SpringApplicationShutdownHook] .SchemaDropperImpl$DelayedDropActionImpl - HHH000478: Unsuccessful: drop table if exists clinical.patient_chart_attachments cascade 
2026-03-10 23:51:13 ERROR [SpringApplicationShutdownHook] .SchemaDropperImpl$DelayedDropActionImpl - HHH000478: Unsuccessful: drop table if exists clinical.patient_chart_section_entries cascade 
2026-03-10 23:51:13 ERROR [SpringApplicationShutdownHook] .SchemaDropperImpl$DelayedDropActionImpl - HHH000478: Unsuccessful: drop table if exists clinical.patient_chart_updates cascade 
2026-03-10 23:51:13 ERROR [SpringApplicationShutdownHook] .SchemaDropperImpl$DelayedDropActionImpl - HHH000478: Unsuccessful: drop table if exists clinical.patient_consents cascade 
2026-03-10 23:51:13 ERROR [SpringApplicationShutdownHook] .SchemaDropperImpl$DelayedDropActionImpl - HHH000478: Unsuccessful: drop table if exists clinical.patient_education_progress cascade 
2026-03-10 23:51:13 ERROR [SpringApplicationShutdownHook] .SchemaDropperImpl$DelayedDropActionImpl - HHH000478: Unsuccessful: drop table if exists clinical.patient_education_questions cascade 
2026-03-10 23:51:13 ERROR [SpringApplicationShutdownHook] .SchemaDropperImpl$DelayedDropActionImpl - HHH000478: Unsuccessful: drop table if exists clinical.patient_family_history cascade 
2026-03-10 23:51:13 ERROR [SpringApplicationShutdownHook] .SchemaDropperImpl$DelayedDropActionImpl - HHH000478: Unsuccessful: drop table if exists clinical.patient_hospital_registrations cascade 
2026-03-10 23:51:13 ERROR [SpringApplicationShutdownHook] .SchemaDropperImpl$DelayedDropActionImpl - HHH000478: Unsuccessful: drop table if exists clinical.patient_immunization cascade 
2026-03-10 23:51:13 ERROR [SpringApplicationShutdownHook] .SchemaDropperImpl$DelayedDropActionImpl - HHH000478: Unsuccessful: drop table if exists clinical.patient_insurances cascade 
2026-03-10 23:51:13 ERROR [SpringApplicationShutdownHook] .SchemaDropperImpl$DelayedDropActionImpl - HHH000478: Unsuccessful: drop table if exists clinical.patient_primary_care cascade 
2026-03-10 23:51:13 ERROR [SpringApplicationShutdownHook] .SchemaDropperImpl$DelayedDropActionImpl - HHH000478: Unsuccessful: drop table if exists clinical.patient_problem_history cascade 
2026-03-10 23:51:13 ERROR [SpringApplicationShutdownHook] .SchemaDropperImpl$DelayedDropActionImpl - HHH000478: Unsuccessful: drop table if exists clinical.patient_problems cascade 
2026-03-10 23:51:13 ERROR [SpringApplicationShutdownHook] .SchemaDropperImpl$DelayedDropActionImpl - HHH000478: Unsuccessful: drop table if exists clinical.patient_social_history cascade 
2026-03-10 23:51:13 ERROR [SpringApplicationShutdownHook] .SchemaDropperImpl$DelayedDropActionImpl - HHH000478: Unsuccessful: drop table if exists clinical.patient_surgical_history cascade 
2026-03-10 23:51:13 ERROR [SpringApplicationShutdownHook] .SchemaDropperImpl$DelayedDropActionImpl - HHH000478: Unsuccessful: drop table if exists clinical.patient_vital_signs cascade 
2026-03-10 23:51:13 ERROR [SpringApplicationShutdownHook] .SchemaDropperImpl$DelayedDropActionImpl - HHH000478: Unsuccessful: drop table if exists clinical.patients cascade 
2026-03-10 23:51:13 ERROR [SpringApplicationShutdownHook] .SchemaDropperImpl$DelayedDropActionImpl - HHH000478: Unsuccessful: drop table if exists clinical.pharmacy_fills cascade 
2026-03-10 23:51:13 ERROR [SpringApplicationShutdownHook] .SchemaDropperImpl$DelayedDropActionImpl - HHH000478: Unsuccessful: drop table if exists clinical.postpartum_care_plans cascade 
2026-03-10 23:51:13 ERROR [SpringApplicationShutdownHook] .SchemaDropperImpl$DelayedDropActionImpl - HHH000478: Unsuccessful: drop table if exists clinical.postpartum_observation_alerts cascade 
2026-03-10 23:51:13 ERROR [SpringApplicationShutdownHook] .SchemaDropperImpl$DelayedDropActionImpl - HHH000478: Unsuccessful: drop table if exists clinical.postpartum_observation_education_topics cascade 
2026-03-10 23:51:13 ERROR [SpringApplicationShutdownHook] .SchemaDropperImpl$DelayedDropActionImpl - HHH000478: Unsuccessful: drop table if exists clinical.postpartum_observations cascade 
2026-03-10 23:51:13 ERROR [SpringApplicationShutdownHook] .SchemaDropperImpl$DelayedDropActionImpl - HHH000478: Unsuccessful: drop table if exists clinical.prescription_alerts cascade 
2026-03-10 23:51:13 ERROR [SpringApplicationShutdownHook] .SchemaDropperImpl$DelayedDropActionImpl - HHH000478: Unsuccessful: drop table if exists clinical.prescription_instructions cascade 
2026-03-10 23:51:13 ERROR [SpringApplicationShutdownHook] .SchemaDropperImpl$DelayedDropActionImpl - HHH000478: Unsuccessful: drop table if exists clinical.prescription_transmissions cascade 
2026-03-10 23:51:13 ERROR [SpringApplicationShutdownHook] .SchemaDropperImpl$DelayedDropActionImpl - HHH000478: Unsuccessful: drop table if exists clinical.prescriptions cascade 
2026-03-10 23:51:13 ERROR [SpringApplicationShutdownHook] .SchemaDropperImpl$DelayedDropActionImpl - HHH000478: Unsuccessful: drop table if exists clinical.procedure_orders cascade 
2026-03-10 23:51:13 ERROR [SpringApplicationShutdownHook] .SchemaDropperImpl$DelayedDropActionImpl - HHH000478: Unsuccessful: drop table if exists clinical.refill_requests cascade 
2026-03-10 23:51:13 ERROR [SpringApplicationShutdownHook] .SchemaDropperImpl$DelayedDropActionImpl - HHH000478: Unsuccessful: drop table if exists clinical.treatment_plan_followups cascade 
2026-03-10 23:51:13 ERROR [SpringApplicationShutdownHook] .SchemaDropperImpl$DelayedDropActionImpl - HHH000478: Unsuccessful: drop table if exists clinical.treatment_plan_reviews cascade 
2026-03-10 23:51:13 ERROR [SpringApplicationShutdownHook] .SchemaDropperImpl$DelayedDropActionImpl - HHH000478: Unsuccessful: drop table if exists clinical.treatment_plans cascade 
2026-03-10 23:51:13 ERROR [SpringApplicationShutdownHook] .SchemaDropperImpl$DelayedDropActionImpl - HHH000478: Unsuccessful: drop table if exists clinical.treatments cascade 
2026-03-10 23:51:13 ERROR [SpringApplicationShutdownHook] .SchemaDropperImpl$DelayedDropActionImpl - HHH000478: Unsuccessful: drop table if exists clinical.ultrasound_orders cascade 
2026-03-10 23:51:13 ERROR [SpringApplicationShutdownHook] .SchemaDropperImpl$DelayedDropActionImpl - HHH000478: Unsuccessful: drop table if exists clinical.ultrasound_reports cascade 
2026-03-10 23:51:13 ERROR [SpringApplicationShutdownHook] .SchemaDropperImpl$DelayedDropActionImpl - HHH000478: Unsuccessful: drop table if exists clinical.visit_education_documentation cascade 
2026-03-10 23:51:13 ERROR [SpringApplicationShutdownHook] .SchemaDropperImpl$DelayedDropActionImpl - HHH000478: Unsuccessful: drop table if exists clinical.visit_education_resources_provided cascade 
2026-03-10 23:51:13 ERROR [SpringApplicationShutdownHook] .SchemaDropperImpl$DelayedDropActionImpl - HHH000478: Unsuccessful: drop table if exists empi.identity_aliases cascade 
2026-03-10 23:51:13 ERROR [SpringApplicationShutdownHook] .SchemaDropperImpl$DelayedDropActionImpl - HHH000478: Unsuccessful: drop table if exists empi.master_identities cascade 
2026-03-10 23:51:13 ERROR [SpringApplicationShutdownHook] .SchemaDropperImpl$DelayedDropActionImpl - HHH000478: Unsuccessful: drop table if exists empi.merge_events cascade 
2026-03-10 23:51:13 ERROR [SpringApplicationShutdownHook] .SchemaDropperImpl$DelayedDropActionImpl - HHH000478: Unsuccessful: drop table if exists governance.security_policy_approvals cascade 
2026-03-10 23:51:13 ERROR [SpringApplicationShutdownHook] .SchemaDropperImpl$DelayedDropActionImpl - HHH000478: Unsuccessful: drop table if exists governance.security_policy_baselines cascade 
2026-03-10 23:51:13 ERROR [SpringApplicationShutdownHook] .SchemaDropperImpl$DelayedDropActionImpl - HHH000478: Unsuccessful: drop table if exists governance.security_rule_sets cascade 
2026-03-10 23:51:13 ERROR [SpringApplicationShutdownHook] .SchemaDropperImpl$DelayedDropActionImpl - HHH000478: Unsuccessful: drop table if exists hospital.department_translations cascade 
2026-03-10 23:51:13 ERROR [SpringApplicationShutdownHook] .SchemaDropperImpl$DelayedDropActionImpl - HHH000478: Unsuccessful: drop table if exists hospital.departments cascade 
2026-03-10 23:51:13 ERROR [SpringApplicationShutdownHook] .SchemaDropperImpl$DelayedDropActionImpl - HHH000478: Unsuccessful: drop table if exists hospital.hospitals cascade 
2026-03-10 23:51:13 ERROR [SpringApplicationShutdownHook] .SchemaDropperImpl$DelayedDropActionImpl - HHH000478: Unsuccessful: drop table if exists hospital.organizations cascade 
2026-03-10 23:51:13 ERROR [SpringApplicationShutdownHook] .SchemaDropperImpl$DelayedDropActionImpl - HHH000478: Unsuccessful: drop table if exists hospital.staff cascade 
2026-03-10 23:51:13 ERROR [SpringApplicationShutdownHook] .SchemaDropperImpl$DelayedDropActionImpl - HHH000478: Unsuccessful: drop table if exists hospital.staff_availability cascade 
2026-03-10 23:51:13 ERROR [SpringApplicationShutdownHook] .SchemaDropperImpl$DelayedDropActionImpl - HHH000478: Unsuccessful: drop table if exists hospital.staff_leave_requests cascade 
2026-03-10 23:51:13 ERROR [SpringApplicationShutdownHook] .SchemaDropperImpl$DelayedDropActionImpl - HHH000478: Unsuccessful: drop table if exists hospital.staff_shifts cascade 
2026-03-10 23:51:13 ERROR [SpringApplicationShutdownHook] .SchemaDropperImpl$DelayedDropActionImpl - HHH000478: Unsuccessful: drop table if exists lab.lab_orders cascade 
2026-03-10 23:51:13 ERROR [SpringApplicationShutdownHook] .SchemaDropperImpl$DelayedDropActionImpl - HHH000478: Unsuccessful: drop table if exists lab.lab_results cascade 
2026-03-10 23:51:13 ERROR [SpringApplicationShutdownHook] .SchemaDropperImpl$DelayedDropActionImpl - HHH000478: Unsuccessful: drop table if exists lab.lab_test_definitions cascade 
2026-03-10 23:51:13 ERROR [SpringApplicationShutdownHook] .SchemaDropperImpl$DelayedDropActionImpl - HHH000478: Unsuccessful: drop table if exists platform.department_platform_service_links cascade 
2026-03-10 23:51:13 ERROR [SpringApplicationShutdownHook] .SchemaDropperImpl$DelayedDropActionImpl - HHH000478: Unsuccessful: drop table if exists platform.hospital_platform_service_links cascade 
2026-03-10 23:51:13 ERROR [SpringApplicationShutdownHook] .SchemaDropperImpl$DelayedDropActionImpl - HHH000478: Unsuccessful: drop table if exists platform.organization_platform_services cascade 
2026-03-10 23:51:13 ERROR [SpringApplicationShutdownHook] .SchemaDropperImpl$DelayedDropActionImpl - HHH000478: Unsuccessful: drop table if exists platform.platform_feature_flag_overrides cascade 
2026-03-10 23:51:13 ERROR [SpringApplicationShutdownHook] .SchemaDropperImpl$DelayedDropActionImpl - HHH000478: Unsuccessful: drop table if exists platform.platform_release_windows cascade 
2026-03-10 23:51:13 ERROR [SpringApplicationShutdownHook] .SchemaDropperImpl$DelayedDropActionImpl - HHH000478: Unsuccessful: drop table if exists reference.catalog_entries cascade 
2026-03-10 23:51:13 ERROR [SpringApplicationShutdownHook] .SchemaDropperImpl$DelayedDropActionImpl - HHH000478: Unsuccessful: drop table if exists reference.catalogs cascade 
2026-03-10 23:51:13 ERROR [SpringApplicationShutdownHook] .SchemaDropperImpl$DelayedDropActionImpl - HHH000478: Unsuccessful: drop table if exists security.notifications cascade 
2026-03-10 23:51:13 ERROR [SpringApplicationShutdownHook] .SchemaDropperImpl$DelayedDropActionImpl - HHH000478: Unsuccessful: drop table if exists security.organization_security_policies cascade 
2026-03-10 23:51:13 ERROR [SpringApplicationShutdownHook] .SchemaDropperImpl$DelayedDropActionImpl - HHH000478: Unsuccessful: drop table if exists security.organization_security_rules cascade 
2026-03-10 23:51:13 ERROR [SpringApplicationShutdownHook] .SchemaDropperImpl$DelayedDropActionImpl - HHH000478: Unsuccessful: drop table if exists security.password_reset_tokens cascade 
2026-03-10 23:51:13 ERROR [SpringApplicationShutdownHook] .SchemaDropperImpl$DelayedDropActionImpl - HHH000478: Unsuccessful: drop table if exists security.permissions cascade 
2026-03-10 23:51:13 ERROR [SpringApplicationShutdownHook] .SchemaDropperImpl$DelayedDropActionImpl - HHH000478: Unsuccessful: drop table if exists security.role_permissions cascade 
2026-03-10 23:51:13 ERROR [SpringApplicationShutdownHook] .SchemaDropperImpl$DelayedDropActionImpl - HHH000478: Unsuccessful: drop table if exists security.roles cascade 
2026-03-10 23:51:13 ERROR [SpringApplicationShutdownHook] .SchemaDropperImpl$DelayedDropActionImpl - HHH000478: Unsuccessful: drop table if exists security.user_mfa_enrollments cascade 
2026-03-10 23:51:13 ERROR [SpringApplicationShutdownHook] .SchemaDropperImpl$DelayedDropActionImpl - HHH000478: Unsuccessful: drop table if exists security.user_recovery_contacts cascade 
2026-03-10 23:51:13 ERROR [SpringApplicationShutdownHook] .SchemaDropperImpl$DelayedDropActionImpl - HHH000478: Unsuccessful: drop table if exists security.user_role_hospital_assignment cascade 
2026-03-10 23:51:13 ERROR [SpringApplicationShutdownHook] .SchemaDropperImpl$DelayedDropActionImpl - HHH000478: Unsuccessful: drop table if exists security.user_roles cascade 
2026-03-10 23:51:13 ERROR [SpringApplicationShutdownHook] .SchemaDropperImpl$DelayedDropActionImpl - HHH000478: Unsuccessful: drop table if exists security.users cascade 
2026-03-10 23:51:13 ERROR [SpringApplicationShutdownHook] .SchemaDropperImpl$DelayedDropActionImpl - HHH000478: Unsuccessful: drop table if exists support.audit_event_logs cascade 
2026-03-10 23:51:13 ERROR [SpringApplicationShutdownHook] .SchemaDropperImpl$DelayedDropActionImpl - HHH000478: Unsuccessful: drop table if exists support.chat_messages cascade 
2026-03-10 23:51:13 ERROR [SpringApplicationShutdownHook] .SchemaDropperImpl$DelayedDropActionImpl - HHH000478: Unsuccessful: drop table if exists support.frontend_audit_events cascade 
2026-03-10 23:51:13 ERROR [SpringApplicationShutdownHook] .SchemaDropperImpl$DelayedDropActionImpl - HHH000478: Unsuccessful: drop table if exists support.service_translations cascade 
2026-03-10 23:51:13 ERROR [SpringApplicationShutdownHook] .SchemaDropperImpl$DelayedDropActionImpl - HHH000478: Unsuccessful: drop table if exists billing.billing_invoices cascade 
2026-03-10 23:51:13 ERROR [SpringApplicationShutdownHook] .SchemaDropperImpl$DelayedDropActionImpl - HHH000478: Unsuccessful: drop table if exists billing.invoice_items cascade 
2026-03-10 23:51:13 ERROR [SpringApplicationShutdownHook] .SchemaDropperImpl$DelayedDropActionImpl - HHH000478: Unsuccessful: drop table if exists clinical.advance_directives cascade 
2026-03-10 23:51:13 ERROR [SpringApplicationShutdownHook] .SchemaDropperImpl$DelayedDropActionImpl - HHH000478: Unsuccessful: drop table if exists clinical.appointments cascade 
2026-03-10 23:51:13 ERROR [SpringApplicationShutdownHook] .SchemaDropperImpl$DelayedDropActionImpl - HHH000478: Unsuccessful: drop table if exists clinical.birth_plan_comfort_items cascade 
2026-03-10 23:51:13 ERROR [SpringApplicationShutdownHook] .SchemaDropperImpl$DelayedDropActionImpl - HHH000478: Unsuccessful: drop table if exists clinical.birth_plan_medicated_options cascade 
2026-03-10 23:51:13 ERROR [SpringApplicationShutdownHook] .SchemaDropperImpl$DelayedDropActionImpl - HHH000478: Unsuccessful: drop table if exists clinical.birth_plan_support_persons cascade 
2026-03-10 23:51:13 ERROR [SpringApplicationShutdownHook] .SchemaDropperImpl$DelayedDropActionImpl - HHH000478: Unsuccessful: drop table if exists clinical.birth_plan_unmedicated_techniques cascade 
2026-03-10 23:51:13 ERROR [SpringApplicationShutdownHook] .SchemaDropperImpl$DelayedDropActionImpl - HHH000478: Unsuccessful: drop table if exists clinical.birth_plans cascade 
2026-03-10 23:51:13 ERROR [SpringApplicationShutdownHook] .SchemaDropperImpl$DelayedDropActionImpl - HHH000478: Unsuccessful: drop table if exists clinical.consultations cascade 
2026-03-10 23:51:13 ERROR [SpringApplicationShutdownHook] .SchemaDropperImpl$DelayedDropActionImpl - HHH000478: Unsuccessful: drop table if exists clinical.digital_signature_audit_log cascade 
2026-03-10 23:51:13 ERROR [SpringApplicationShutdownHook] .SchemaDropperImpl$DelayedDropActionImpl - HHH000478: Unsuccessful: drop table if exists clinical.digital_signatures cascade 
2026-03-10 23:51:13 ERROR [SpringApplicationShutdownHook] .SchemaDropperImpl$DelayedDropActionImpl - HHH000478: Unsuccessful: drop table if exists clinical.discharge_approvals cascade 
2026-03-10 23:51:13 ERROR [SpringApplicationShutdownHook] .SchemaDropperImpl$DelayedDropActionImpl - HHH000478: Unsuccessful: drop table if exists clinical.discharge_equipment_supplies cascade 
2026-03-10 23:51:13 ERROR [SpringApplicationShutdownHook] .SchemaDropperImpl$DelayedDropActionImpl - HHH000478: Unsuccessful: drop table if exists clinical.discharge_follow_up_appointments cascade 
2026-03-10 23:51:13 ERROR [SpringApplicationShutdownHook] .SchemaDropperImpl$DelayedDropActionImpl - HHH000478: Unsuccessful: drop table if exists clinical.discharge_medication_reconciliations cascade 
2026-03-10 23:51:13 ERROR [SpringApplicationShutdownHook] .SchemaDropperImpl$DelayedDropActionImpl - HHH000478: Unsuccessful: drop table if exists clinical.discharge_pending_test_results cascade 
2026-03-10 23:51:13 ERROR [SpringApplicationShutdownHook] .SchemaDropperImpl$DelayedDropActionImpl - HHH000478: Unsuccessful: drop table if exists clinical.discharge_summaries cascade 
2026-03-10 23:51:13 ERROR [SpringApplicationShutdownHook] .SchemaDropperImpl$DelayedDropActionImpl - HHH000478: Unsuccessful: drop table if exists clinical.drug_interactions cascade 
2026-03-10 23:51:13 ERROR [SpringApplicationShutdownHook] .SchemaDropperImpl$DelayedDropActionImpl - HHH000478: Unsuccessful: drop table if exists clinical.education_resource_content_translations cascade 
2026-03-10 23:51:13 ERROR [SpringApplicationShutdownHook] .SchemaDropperImpl$DelayedDropActionImpl - HHH000478: Unsuccessful: drop table if exists clinical.education_resource_cultural_notes cascade 
2026-03-10 23:51:13 ERROR [SpringApplicationShutdownHook] .SchemaDropperImpl$DelayedDropActionImpl - HHH000478: Unsuccessful: drop table if exists clinical.education_resource_related cascade 
2026-03-10 23:51:13 ERROR [SpringApplicationShutdownHook] .SchemaDropperImpl$DelayedDropActionImpl - HHH000478: Unsuccessful: drop table if exists clinical.education_resource_tags cascade 
2026-03-10 23:51:13 ERROR [SpringApplicationShutdownHook] .SchemaDropperImpl$DelayedDropActionImpl - HHH000478: Unsuccessful: drop table if exists clinical.education_resource_translations cascade 
2026-03-10 23:51:13 ERROR [SpringApplicationShutdownHook] .SchemaDropperImpl$DelayedDropActionImpl - HHH000478: Unsuccessful: drop table if exists clinical.education_resources cascade 
2026-03-10 23:51:13 ERROR [SpringApplicationShutdownHook] .SchemaDropperImpl$DelayedDropActionImpl - HHH000478: Unsuccessful: drop table if exists clinical.encounter_history cascade 
2026-03-10 23:51:13 ERROR [SpringApplicationShutdownHook] .SchemaDropperImpl$DelayedDropActionImpl - HHH000478: Unsuccessful: drop table if exists clinical.encounter_note_addenda cascade 
2026-03-10 23:51:13 ERROR [SpringApplicationShutdownHook] .SchemaDropperImpl$DelayedDropActionImpl - HHH000478: Unsuccessful: drop table if exists clinical.encounter_note_history cascade 
2026-03-10 23:51:13 ERROR [SpringApplicationShutdownHook] .SchemaDropperImpl$DelayedDropActionImpl - HHH000478: Unsuccessful: drop table if exists clinical.encounter_note_links cascade 
2026-03-10 23:51:13 ERROR [SpringApplicationShutdownHook] .SchemaDropperImpl$DelayedDropActionImpl - HHH000478: Unsuccessful: drop table if exists clinical.encounter_notes cascade 
2026-03-10 23:51:13 ERROR [SpringApplicationShutdownHook] .SchemaDropperImpl$DelayedDropActionImpl - HHH000478: Unsuccessful: drop table if exists clinical.encounter_treatments cascade 
2026-03-10 23:51:13 ERROR [SpringApplicationShutdownHook] .SchemaDropperImpl$DelayedDropActionImpl - HHH000478: Unsuccessful: drop table if exists clinical.encounters cascade 
2026-03-10 23:51:13 ERROR [SpringApplicationShutdownHook] .SchemaDropperImpl$DelayedDropActionImpl - HHH000478: Unsuccessful: drop table if exists clinical.high_risk_plan_bp_logs cascade 
2026-03-10 23:51:13 ERROR [SpringApplicationShutdownHook] .SchemaDropperImpl$DelayedDropActionImpl - HHH000478: Unsuccessful: drop table if exists clinical.high_risk_plan_care_team_members cascade 
2026-03-10 23:51:13 ERROR [SpringApplicationShutdownHook] .SchemaDropperImpl$DelayedDropActionImpl - HHH000478: Unsuccessful: drop table if exists clinical.high_risk_plan_care_team_notes cascade 
2026-03-10 23:51:13 ERROR [SpringApplicationShutdownHook] .SchemaDropperImpl$DelayedDropActionImpl - HHH000478: Unsuccessful: drop table if exists clinical.high_risk_plan_education_topics cascade 
2026-03-10 23:51:13 ERROR [SpringApplicationShutdownHook] .SchemaDropperImpl$DelayedDropActionImpl - HHH000478: Unsuccessful: drop table if exists clinical.high_risk_plan_emergency_symptoms cascade 
2026-03-10 23:51:13 ERROR [SpringApplicationShutdownHook] .SchemaDropperImpl$DelayedDropActionImpl - HHH000478: Unsuccessful: drop table if exists clinical.high_risk_plan_lifestyle_factors cascade 
2026-03-10 23:51:13 ERROR [SpringApplicationShutdownHook] .SchemaDropperImpl$DelayedDropActionImpl - HHH000478: Unsuccessful: drop table if exists clinical.high_risk_plan_medication_logs cascade 
2026-03-10 23:51:13 ERROR [SpringApplicationShutdownHook] .SchemaDropperImpl$DelayedDropActionImpl - HHH000478: Unsuccessful: drop table if exists clinical.high_risk_plan_milestones cascade 
2026-03-10 23:51:13 ERROR [SpringApplicationShutdownHook] .SchemaDropperImpl$DelayedDropActionImpl - HHH000478: Unsuccessful: drop table if exists clinical.high_risk_plan_preexisting_conditions cascade 
2026-03-10 23:51:13 ERROR [SpringApplicationShutdownHook] .SchemaDropperImpl$DelayedDropActionImpl - HHH000478: Unsuccessful: drop table if exists clinical.high_risk_plan_pregnancy_conditions cascade 
2026-03-10 23:51:13 ERROR [SpringApplicationShutdownHook] .SchemaDropperImpl$DelayedDropActionImpl - HHH000478: Unsuccessful: drop table if exists clinical.high_risk_plan_preventive_guidance cascade 
2026-03-10 23:51:13 ERROR [SpringApplicationShutdownHook] .SchemaDropperImpl$DelayedDropActionImpl - HHH000478: Unsuccessful: drop table if exists clinical.high_risk_plan_support_resources cascade 
2026-03-10 23:51:13 ERROR [SpringApplicationShutdownHook] .SchemaDropperImpl$DelayedDropActionImpl - HHH000478: Unsuccessful: drop table if exists clinical.high_risk_pregnancy_plans cascade 
2026-03-10 23:51:13 ERROR [SpringApplicationShutdownHook] .SchemaDropperImpl$DelayedDropActionImpl - HHH000478: Unsuccessful: drop table if exists clinical.imaging_orders cascade 
2026-03-10 23:51:13 ERROR [SpringApplicationShutdownHook] .SchemaDropperImpl$DelayedDropActionImpl - HHH000478: Unsuccessful: drop table if exists clinical.imaging_report_attachments cascade 
2026-03-10 23:51:13 ERROR [SpringApplicationShutdownHook] .SchemaDropperImpl$DelayedDropActionImpl - HHH000478: Unsuccessful: drop table if exists clinical.imaging_report_measurements cascade 
2026-03-10 23:51:13 ERROR [SpringApplicationShutdownHook] .SchemaDropperImpl$DelayedDropActionImpl - HHH000478: Unsuccessful: drop table if exists clinical.imaging_report_status_history cascade 
2026-03-10 23:51:13 ERROR [SpringApplicationShutdownHook] .SchemaDropperImpl$DelayedDropActionImpl - HHH000478: Unsuccessful: drop table if exists clinical.imaging_reports cascade 
2026-03-10 23:51:13 ERROR [SpringApplicationShutdownHook] .SchemaDropperImpl$DelayedDropActionImpl - HHH000478: Unsuccessful: drop table if exists clinical.maternal_history cascade 
2026-03-10 23:51:13 ERROR [SpringApplicationShutdownHook] .SchemaDropperImpl$DelayedDropActionImpl - HHH000478: Unsuccessful: drop table if exists clinical.newborn_assessment_alerts cascade 
2026-03-10 23:51:13 ERROR [SpringApplicationShutdownHook] .SchemaDropperImpl$DelayedDropActionImpl - HHH000478: Unsuccessful: drop table if exists clinical.newborn_assessment_education_topics cascade 
2026-03-10 23:51:13 ERROR [SpringApplicationShutdownHook] .SchemaDropperImpl$DelayedDropActionImpl - HHH000478: Unsuccessful: drop table if exists clinical.newborn_assessment_follow_up_actions cascade 
2026-03-10 23:51:13 ERROR [SpringApplicationShutdownHook] .SchemaDropperImpl$DelayedDropActionImpl - HHH000478: Unsuccessful: drop table if exists clinical.newborn_assessments cascade 
2026-03-10 23:51:13 ERROR [SpringApplicationShutdownHook] .SchemaDropperImpl$DelayedDropActionImpl - HHH000478: Unsuccessful: drop table if exists clinical.nursing_note_addenda cascade 
2026-03-10 23:51:13 ERROR [SpringApplicationShutdownHook] .SchemaDropperImpl$DelayedDropActionImpl - HHH000478: Unsuccessful: drop table if exists clinical.nursing_note_education_entries cascade 
2026-03-10 23:51:13 ERROR [SpringApplicationShutdownHook] .SchemaDropperImpl$DelayedDropActionImpl - HHH000478: Unsuccessful: drop table if exists clinical.nursing_note_interventions cascade 
2026-03-10 23:51:13 ERROR [SpringApplicationShutdownHook] .SchemaDropperImpl$DelayedDropActionImpl - HHH000478: Unsuccessful: drop table if exists clinical.nursing_notes cascade 
2026-03-10 23:51:13 ERROR [SpringApplicationShutdownHook] .SchemaDropperImpl$DelayedDropActionImpl - HHH000478: Unsuccessful: drop table if exists clinical.obgyn_referral_attachments cascade 
2026-03-10 23:51:13 ERROR [SpringApplicationShutdownHook] .SchemaDropperImpl$DelayedDropActionImpl - HHH000478: Unsuccessful: drop table if exists clinical.obgyn_referral_messages cascade 
2026-03-10 23:51:13 ERROR [SpringApplicationShutdownHook] .SchemaDropperImpl$DelayedDropActionImpl - HHH000478: Unsuccessful: drop table if exists clinical.obgyn_referrals cascade 
2026-03-10 23:51:13 ERROR [SpringApplicationShutdownHook] .SchemaDropperImpl$DelayedDropActionImpl - HHH000478: Unsuccessful: drop table if exists clinical.patient_allergies cascade 
2026-03-10 23:51:13 ERROR [SpringApplicationShutdownHook] .SchemaDropperImpl$DelayedDropActionImpl - HHH000478: Unsuccessful: drop table if exists clinical.patient_chart_attachments cascade 
2026-03-10 23:51:13 ERROR [SpringApplicationShutdownHook] .SchemaDropperImpl$DelayedDropActionImpl - HHH000478: Unsuccessful: drop table if exists clinical.patient_chart_section_entries cascade 
2026-03-10 23:51:13 ERROR [SpringApplicationShutdownHook] .SchemaDropperImpl$DelayedDropActionImpl - HHH000478: Unsuccessful: drop table if exists clinical.patient_chart_updates cascade 
2026-03-10 23:51:13 ERROR [SpringApplicationShutdownHook] .SchemaDropperImpl$DelayedDropActionImpl - HHH000478: Unsuccessful: drop table if exists clinical.patient_consents cascade 
2026-03-10 23:51:13 ERROR [SpringApplicationShutdownHook] .SchemaDropperImpl$DelayedDropActionImpl - HHH000478: Unsuccessful: drop table if exists clinical.patient_education_progress cascade 
2026-03-10 23:51:13 ERROR [SpringApplicationShutdownHook] .SchemaDropperImpl$DelayedDropActionImpl - HHH000478: Unsuccessful: drop table if exists clinical.patient_education_questions cascade 
2026-03-10 23:51:13 ERROR [SpringApplicationShutdownHook] .SchemaDropperImpl$DelayedDropActionImpl - HHH000478: Unsuccessful: drop table if exists clinical.patient_family_history cascade 
2026-03-10 23:51:13 ERROR [SpringApplicationShutdownHook] .SchemaDropperImpl$DelayedDropActionImpl - HHH000478: Unsuccessful: drop table if exists clinical.patient_hospital_registrations cascade 
2026-03-10 23:51:13 ERROR [SpringApplicationShutdownHook] .SchemaDropperImpl$DelayedDropActionImpl - HHH000478: Unsuccessful: drop table if exists clinical.patient_immunization cascade 
2026-03-10 23:51:13 ERROR [SpringApplicationShutdownHook] .SchemaDropperImpl$DelayedDropActionImpl - HHH000478: Unsuccessful: drop table if exists clinical.patient_insurances cascade 
2026-03-10 23:51:13 ERROR [SpringApplicationShutdownHook] .SchemaDropperImpl$DelayedDropActionImpl - HHH000478: Unsuccessful: drop table if exists clinical.patient_primary_care cascade 
2026-03-10 23:51:13 ERROR [SpringApplicationShutdownHook] .SchemaDropperImpl$DelayedDropActionImpl - HHH000478: Unsuccessful: drop table if exists clinical.patient_problem_history cascade 
2026-03-10 23:51:13 ERROR [SpringApplicationShutdownHook] .SchemaDropperImpl$DelayedDropActionImpl - HHH000478: Unsuccessful: drop table if exists clinical.patient_problems cascade 
2026-03-10 23:51:13 ERROR [SpringApplicationShutdownHook] .SchemaDropperImpl$DelayedDropActionImpl - HHH000478: Unsuccessful: drop table if exists clinical.patient_social_history cascade 
2026-03-10 23:51:13 ERROR [SpringApplicationShutdownHook] .SchemaDropperImpl$DelayedDropActionImpl - HHH000478: Unsuccessful: drop table if exists clinical.patient_surgical_history cascade 
2026-03-10 23:51:13 ERROR [SpringApplicationShutdownHook] .SchemaDropperImpl$DelayedDropActionImpl - HHH000478: Unsuccessful: drop table if exists clinical.patient_vital_signs cascade 
2026-03-10 23:51:13 ERROR [SpringApplicationShutdownHook] .SchemaDropperImpl$DelayedDropActionImpl - HHH000478: Unsuccessful: drop table if exists clinical.patients cascade 
2026-03-10 23:51:13 ERROR [SpringApplicationShutdownHook] .SchemaDropperImpl$DelayedDropActionImpl - HHH000478: Unsuccessful: drop table if exists clinical.pharmacy_fills cascade 
2026-03-10 23:51:13 ERROR [SpringApplicationShutdownHook] .SchemaDropperImpl$DelayedDropActionImpl - HHH000478: Unsuccessful: drop table if exists clinical.postpartum_care_plans cascade 
2026-03-10 23:51:13 ERROR [SpringApplicationShutdownHook] .SchemaDropperImpl$DelayedDropActionImpl - HHH000478: Unsuccessful: drop table if exists clinical.postpartum_observation_alerts cascade 
2026-03-10 23:51:13 ERROR [SpringApplicationShutdownHook] .SchemaDropperImpl$DelayedDropActionImpl - HHH000478: Unsuccessful: drop table if exists clinical.postpartum_observation_education_topics cascade 
2026-03-10 23:51:13 ERROR [SpringApplicationShutdownHook] .SchemaDropperImpl$DelayedDropActionImpl - HHH000478: Unsuccessful: drop table if exists clinical.postpartum_observations cascade 
2026-03-10 23:51:13 ERROR [SpringApplicationShutdownHook] .SchemaDropperImpl$DelayedDropActionImpl - HHH000478: Unsuccessful: drop table if exists clinical.prescription_alerts cascade 
2026-03-10 23:51:13 ERROR [SpringApplicationShutdownHook] .SchemaDropperImpl$DelayedDropActionImpl - HHH000478: Unsuccessful: drop table if exists clinical.prescription_instructions cascade 
2026-03-10 23:51:13 ERROR [SpringApplicationShutdownHook] .SchemaDropperImpl$DelayedDropActionImpl - HHH000478: Unsuccessful: drop table if exists clinical.prescription_transmissions cascade 
2026-03-10 23:51:13 ERROR [SpringApplicationShutdownHook] .SchemaDropperImpl$DelayedDropActionImpl - HHH000478: Unsuccessful: drop table if exists clinical.prescriptions cascade 
2026-03-10 23:51:13 ERROR [SpringApplicationShutdownHook] .SchemaDropperImpl$DelayedDropActionImpl - HHH000478: Unsuccessful: drop table if exists clinical.procedure_orders cascade 
2026-03-10 23:51:13 ERROR [SpringApplicationShutdownHook] .SchemaDropperImpl$DelayedDropActionImpl - HHH000478: Unsuccessful: drop table if exists clinical.refill_requests cascade 
2026-03-10 23:51:13 ERROR [SpringApplicationShutdownHook] .SchemaDropperImpl$DelayedDropActionImpl - HHH000478: Unsuccessful: drop table if exists clinical.treatment_plan_followups cascade 
2026-03-10 23:51:13 ERROR [SpringApplicationShutdownHook] .SchemaDropperImpl$DelayedDropActionImpl - HHH000478: Unsuccessful: drop table if exists clinical.treatment_plan_reviews cascade 
2026-03-10 23:51:13 ERROR [SpringApplicationShutdownHook] .SchemaDropperImpl$DelayedDropActionImpl - HHH000478: Unsuccessful: drop table if exists clinical.treatment_plans cascade 
2026-03-10 23:51:13 ERROR [SpringApplicationShutdownHook] .SchemaDropperImpl$DelayedDropActionImpl - HHH000478: Unsuccessful: drop table if exists clinical.treatments cascade 
2026-03-10 23:51:13 ERROR [SpringApplicationShutdownHook] .SchemaDropperImpl$DelayedDropActionImpl - HHH000478: Unsuccessful: drop table if exists clinical.ultrasound_orders cascade 
2026-03-10 23:51:13 ERROR [SpringApplicationShutdownHook] .SchemaDropperImpl$DelayedDropActionImpl - HHH000478: Unsuccessful: drop table if exists clinical.ultrasound_reports cascade 
2026-03-10 23:51:13 ERROR [SpringApplicationShutdownHook] .SchemaDropperImpl$DelayedDropActionImpl - HHH000478: Unsuccessful: drop table if exists clinical.visit_education_documentation cascade 
2026-03-10 23:51:13 ERROR [SpringApplicationShutdownHook] .SchemaDropperImpl$DelayedDropActionImpl - HHH000478: Unsuccessful: drop table if exists clinical.visit_education_resources_provided cascade 
2026-03-10 23:51:13 ERROR [SpringApplicationShutdownHook] .SchemaDropperImpl$DelayedDropActionImpl - HHH000478: Unsuccessful: drop table if exists empi.identity_aliases cascade 
2026-03-10 23:51:13 ERROR [SpringApplicationShutdownHook] .SchemaDropperImpl$DelayedDropActionImpl - HHH000478: Unsuccessful: drop table if exists empi.master_identities cascade 
2026-03-10 23:51:13 ERROR [SpringApplicationShutdownHook] .SchemaDropperImpl$DelayedDropActionImpl - HHH000478: Unsuccessful: drop table if exists empi.merge_events cascade 
2026-03-10 23:51:13 ERROR [SpringApplicationShutdownHook] .SchemaDropperImpl$DelayedDropActionImpl - HHH000478: Unsuccessful: drop table if exists governance.security_policy_approvals cascade 
2026-03-10 23:51:13 ERROR [SpringApplicationShutdownHook] .SchemaDropperImpl$DelayedDropActionImpl - HHH000478: Unsuccessful: drop table if exists governance.security_policy_baselines cascade 
2026-03-10 23:51:13 ERROR [SpringApplicationShutdownHook] .SchemaDropperImpl$DelayedDropActionImpl - HHH000478: Unsuccessful: drop table if exists governance.security_rule_sets cascade 
2026-03-10 23:51:13 ERROR [SpringApplicationShutdownHook] .SchemaDropperImpl$DelayedDropActionImpl - HHH000478: Unsuccessful: drop table if exists hospital.department_translations cascade 
2026-03-10 23:51:13 ERROR [SpringApplicationShutdownHook] .SchemaDropperImpl$DelayedDropActionImpl - HHH000478: Unsuccessful: drop table if exists hospital.departments cascade 
2026-03-10 23:51:13 ERROR [SpringApplicationShutdownHook] .SchemaDropperImpl$DelayedDropActionImpl - HHH000478: Unsuccessful: drop table if exists hospital.hospitals cascade 
2026-03-10 23:51:13 ERROR [SpringApplicationShutdownHook] .SchemaDropperImpl$DelayedDropActionImpl - HHH000478: Unsuccessful: drop table if exists hospital.organizations cascade 
2026-03-10 23:51:13 ERROR [SpringApplicationShutdownHook] .SchemaDropperImpl$DelayedDropActionImpl - HHH000478: Unsuccessful: drop table if exists hospital.staff cascade 
2026-03-10 23:51:13 ERROR [SpringApplicationShutdownHook] .SchemaDropperImpl$DelayedDropActionImpl - HHH000478: Unsuccessful: drop table if exists hospital.staff_availability cascade 
2026-03-10 23:51:13 ERROR [SpringApplicationShutdownHook] .SchemaDropperImpl$DelayedDropActionImpl - HHH000478: Unsuccessful: drop table if exists hospital.staff_leave_requests cascade 
2026-03-10 23:51:13 ERROR [SpringApplicationShutdownHook] .SchemaDropperImpl$DelayedDropActionImpl - HHH000478: Unsuccessful: drop table if exists hospital.staff_shifts cascade 
2026-03-10 23:51:13 ERROR [SpringApplicationShutdownHook] .SchemaDropperImpl$DelayedDropActionImpl - HHH000478: Unsuccessful: drop table if exists lab.lab_orders cascade 
2026-03-10 23:51:13 ERROR [SpringApplicationShutdownHook] .SchemaDropperImpl$DelayedDropActionImpl - HHH000478: Unsuccessful: drop table if exists lab.lab_results cascade 
2026-03-10 23:51:13 ERROR [SpringApplicationShutdownHook] .SchemaDropperImpl$DelayedDropActionImpl - HHH000478: Unsuccessful: drop table if exists lab.lab_test_definitions cascade 
2026-03-10 23:51:13 ERROR [SpringApplicationShutdownHook] .SchemaDropperImpl$DelayedDropActionImpl - HHH000478: Unsuccessful: drop table if exists platform.department_platform_service_links cascade 
2026-03-10 23:51:13 ERROR [SpringApplicationShutdownHook] .SchemaDropperImpl$DelayedDropActionImpl - HHH000478: Unsuccessful: drop table if exists platform.hospital_platform_service_links cascade 
2026-03-10 23:51:13 ERROR [SpringApplicationShutdownHook] .SchemaDropperImpl$DelayedDropActionImpl - HHH000478: Unsuccessful: drop table if exists platform.organization_platform_services cascade 
2026-03-10 23:51:13 ERROR [SpringApplicationShutdownHook] .SchemaDropperImpl$DelayedDropActionImpl - HHH000478: Unsuccessful: drop table if exists platform.platform_feature_flag_overrides cascade 
2026-03-10 23:51:13 ERROR [SpringApplicationShutdownHook] .SchemaDropperImpl$DelayedDropActionImpl - HHH000478: Unsuccessful: drop table if exists platform.platform_release_windows cascade 
2026-03-10 23:51:13 ERROR [SpringApplicationShutdownHook] .SchemaDropperImpl$DelayedDropActionImpl - HHH000478: Unsuccessful: drop table if exists reference.catalog_entries cascade 
2026-03-10 23:51:13 ERROR [SpringApplicationShutdownHook] .SchemaDropperImpl$DelayedDropActionImpl - HHH000478: Unsuccessful: drop table if exists reference.catalogs cascade 
2026-03-10 23:51:13 ERROR [SpringApplicationShutdownHook] .SchemaDropperImpl$DelayedDropActionImpl - HHH000478: Unsuccessful: drop table if exists security.notifications cascade 
2026-03-10 23:51:13 ERROR [SpringApplicationShutdownHook] .SchemaDropperImpl$DelayedDropActionImpl - HHH000478: Unsuccessful: drop table if exists security.organization_security_policies cascade 
2026-03-10 23:51:13 ERROR [SpringApplicationShutdownHook] .SchemaDropperImpl$DelayedDropActionImpl - HHH000478: Unsuccessful: drop table if exists security.organization_security_rules cascade 
2026-03-10 23:51:13 ERROR [SpringApplicationShutdownHook] .SchemaDropperImpl$DelayedDropActionImpl - HHH000478: Unsuccessful: drop table if exists security.password_reset_tokens cascade 
2026-03-10 23:51:13 ERROR [SpringApplicationShutdownHook] .SchemaDropperImpl$DelayedDropActionImpl - HHH000478: Unsuccessful: drop table if exists security.permissions cascade 
2026-03-10 23:51:13 ERROR [SpringApplicationShutdownHook] .SchemaDropperImpl$DelayedDropActionImpl - HHH000478: Unsuccessful: drop table if exists security.role_permissions cascade 
2026-03-10 23:51:13 ERROR [SpringApplicationShutdownHook] .SchemaDropperImpl$DelayedDropActionImpl - HHH000478: Unsuccessful: drop table if exists security.roles cascade 
2026-03-10 23:51:13 ERROR [SpringApplicationShutdownHook] .SchemaDropperImpl$DelayedDropActionImpl - HHH000478: Unsuccessful: drop table if exists security.user_mfa_enrollments cascade 
2026-03-10 23:51:13 ERROR [SpringApplicationShutdownHook] .SchemaDropperImpl$DelayedDropActionImpl - HHH000478: Unsuccessful: drop table if exists security.user_recovery_contacts cascade 
2026-03-10 23:51:13 ERROR [SpringApplicationShutdownHook] .SchemaDropperImpl$DelayedDropActionImpl - HHH000478: Unsuccessful: drop table if exists security.user_role_hospital_assignment cascade 
2026-03-10 23:51:13 ERROR [SpringApplicationShutdownHook] .SchemaDropperImpl$DelayedDropActionImpl - HHH000478: Unsuccessful: drop table if exists security.user_roles cascade 
2026-03-10 23:51:13 ERROR [SpringApplicationShutdownHook] .SchemaDropperImpl$DelayedDropActionImpl - HHH000478: Unsuccessful: drop table if exists security.users cascade 
2026-03-10 23:51:13 ERROR [SpringApplicationShutdownHook] .SchemaDropperImpl$DelayedDropActionImpl - HHH000478: Unsuccessful: drop table if exists support.audit_event_logs cascade 
2026-03-10 23:51:13 ERROR [SpringApplicationShutdownHook] .SchemaDropperImpl$DelayedDropActionImpl - HHH000478: Unsuccessful: drop table if exists support.chat_messages cascade 
2026-03-10 23:51:13 ERROR [SpringApplicationShutdownHook] .SchemaDropperImpl$DelayedDropActionImpl - HHH000478: Unsuccessful: drop table if exists support.frontend_audit_events cascade 
2026-03-10 23:51:13 ERROR [SpringApplicationShutdownHook] .SchemaDropperImpl$DelayedDropActionImpl - HHH000478: Unsuccessful: drop table if exists support.service_translations cascade 
Hibernate: drop table if exists billing.billing_invoices cascade 
Hibernate: drop table if exists billing.invoice_items cascade 
Hibernate: drop table if exists clinical.advance_directives cascade 
Hibernate: drop table if exists clinical.appointments cascade 
Hibernate: drop table if exists clinical.birth_plan_comfort_items cascade 
Hibernate: drop table if exists clinical.birth_plan_medicated_options cascade 
Hibernate: drop table if exists clinical.birth_plan_support_persons cascade 
Hibernate: drop table if exists clinical.birth_plan_unmedicated_techniques cascade 
Hibernate: drop table if exists clinical.birth_plans cascade 
Hibernate: drop table if exists clinical.consultations cascade 
Hibernate: drop table if exists clinical.digital_signature_audit_log cascade 
Hibernate: drop table if exists clinical.digital_signatures cascade 
Hibernate: drop table if exists clinical.discharge_approvals cascade 
Hibernate: drop table if exists clinical.discharge_equipment_supplies cascade 
Hibernate: drop table if exists clinical.discharge_follow_up_appointments cascade 
Hibernate: drop table if exists clinical.discharge_medication_reconciliations cascade 
Hibernate: drop table if exists clinical.discharge_pending_test_results cascade 
Hibernate: drop table if exists clinical.discharge_summaries cascade 
Hibernate: drop table if exists clinical.drug_interactions cascade 
Hibernate: drop table if exists clinical.education_resource_content_translations cascade 
Hibernate: drop table if exists clinical.education_resource_cultural_notes cascade 
Hibernate: drop table if exists clinical.education_resource_related cascade 
Hibernate: drop table if exists clinical.education_resource_tags cascade 
Hibernate: drop table if exists clinical.education_resource_translations cascade 
Hibernate: drop table if exists clinical.education_resources cascade 
Hibernate: drop table if exists clinical.encounter_history cascade 
Hibernate: drop table if exists clinical.encounter_note_addenda cascade 
Hibernate: drop table if exists clinical.encounter_note_history cascade 
Hibernate: drop table if exists clinical.encounter_note_links cascade 
Hibernate: drop table if exists clinical.encounter_notes cascade 
Hibernate: drop table if exists clinical.encounter_treatments cascade 
Hibernate: drop table if exists clinical.encounters cascade 
Hibernate: drop table if exists clinical.high_risk_plan_bp_logs cascade 
Hibernate: drop table if exists clinical.high_risk_plan_care_team_members cascade 
Hibernate: drop table if exists clinical.high_risk_plan_care_team_notes cascade 
Hibernate: drop table if exists clinical.high_risk_plan_education_topics cascade 
Hibernate: drop table if exists clinical.high_risk_plan_emergency_symptoms cascade 
Hibernate: drop table if exists clinical.high_risk_plan_lifestyle_factors cascade 
Hibernate: drop table if exists clinical.high_risk_plan_medication_logs cascade 
Hibernate: drop table if exists clinical.high_risk_plan_milestones cascade 
Hibernate: drop table if exists clinical.high_risk_plan_preexisting_conditions cascade 
Hibernate: drop table if exists clinical.high_risk_plan_pregnancy_conditions cascade 
Hibernate: drop table if exists clinical.high_risk_plan_preventive_guidance cascade 
Hibernate: drop table if exists clinical.high_risk_plan_support_resources cascade 
Hibernate: drop table if exists clinical.high_risk_pregnancy_plans cascade 
Hibernate: drop table if exists clinical.imaging_orders cascade 
Hibernate: drop table if exists clinical.imaging_report_attachments cascade 
Hibernate: drop table if exists clinical.imaging_report_measurements cascade 
Hibernate: drop table if exists clinical.imaging_report_status_history cascade 
Hibernate: drop table if exists clinical.imaging_reports cascade 
Hibernate: drop table if exists clinical.maternal_history cascade 
Hibernate: drop table if exists clinical.newborn_assessment_alerts cascade 
Hibernate: drop table if exists clinical.newborn_assessment_education_topics cascade 
Hibernate: drop table if exists clinical.newborn_assessment_follow_up_actions cascade 
Hibernate: drop table if exists clinical.newborn_assessments cascade 
Hibernate: drop table if exists clinical.nursing_note_addenda cascade 
Hibernate: drop table if exists clinical.nursing_note_education_entries cascade 
Hibernate: drop table if exists clinical.nursing_note_interventions cascade 
Hibernate: drop table if exists clinical.nursing_notes cascade 
Hibernate: drop table if exists clinical.obgyn_referral_attachments cascade 
Hibernate: drop table if exists clinical.obgyn_referral_messages cascade 
Hibernate: drop table if exists clinical.obgyn_referrals cascade 
Hibernate: drop table if exists clinical.patient_allergies cascade 
Hibernate: drop table if exists clinical.patient_chart_attachments cascade 
Hibernate: drop table if exists clinical.patient_chart_section_entries cascade 
Hibernate: drop table if exists clinical.patient_chart_updates cascade 
Hibernate: drop table if exists clinical.patient_consents cascade 
Hibernate: drop table if exists clinical.patient_education_progress cascade 
Hibernate: drop table if exists clinical.patient_education_questions cascade 
Hibernate: drop table if exists clinical.patient_family_history cascade 
Hibernate: drop table if exists clinical.patient_hospital_registrations cascade 
Hibernate: drop table if exists clinical.patient_immunization cascade 
Hibernate: drop table if exists clinical.patient_insurances cascade 
Hibernate: drop table if exists clinical.patient_primary_care cascade 
Hibernate: drop table if exists clinical.patient_problem_history cascade 
Hibernate: drop table if exists clinical.patient_problems cascade 
Hibernate: drop table if exists clinical.patient_social_history cascade 
Hibernate: drop table if exists clinical.patient_surgical_history cascade 
Hibernate: drop table if exists clinical.patient_vital_signs cascade 
Hibernate: drop table if exists clinical.patients cascade 
Hibernate: drop table if exists clinical.pharmacy_fills cascade 
Hibernate: drop table if exists clinical.postpartum_care_plans cascade 
Hibernate: drop table if exists clinical.postpartum_observation_alerts cascade 
Hibernate: drop table if exists clinical.postpartum_observation_education_topics cascade 
Hibernate: drop table if exists clinical.postpartum_observations cascade 
Hibernate: drop table if exists clinical.prescription_alerts cascade 
Hibernate: drop table if exists clinical.prescription_instructions cascade 
Hibernate: drop table if exists clinical.prescription_transmissions cascade 
Hibernate: drop table if exists clinical.prescriptions cascade 
Hibernate: drop table if exists clinical.procedure_orders cascade 
Hibernate: drop table if exists clinical.refill_requests cascade 
Hibernate: drop table if exists clinical.treatment_plan_followups cascade 
Hibernate: drop table if exists clinical.treatment_plan_reviews cascade 
Hibernate: drop table if exists clinical.treatment_plans cascade 
Hibernate: drop table if exists clinical.treatments cascade 
Hibernate: drop table if exists clinical.ultrasound_orders cascade 
Hibernate: drop table if exists clinical.ultrasound_reports cascade 
Hibernate: drop table if exists clinical.visit_education_documentation cascade 
Hibernate: drop table if exists clinical.visit_education_resources_provided cascade 
Hibernate: drop table if exists empi.identity_aliases cascade 
Hibernate: drop table if exists empi.master_identities cascade 
Hibernate: drop table if exists empi.merge_events cascade 
Hibernate: drop table if exists governance.security_policy_approvals cascade 
Hibernate: drop table if exists governance.security_policy_baselines cascade 
Hibernate: drop table if exists governance.security_rule_sets cascade 
Hibernate: drop table if exists hospital.department_translations cascade 
Hibernate: drop table if exists hospital.departments cascade 
Hibernate: drop table if exists hospital.hospitals cascade 
Hibernate: drop table if exists hospital.organizations cascade 
Hibernate: drop table if exists hospital.staff cascade 
Hibernate: drop table if exists hospital.staff_availability cascade 
Hibernate: drop table if exists hospital.staff_leave_requests cascade 
Hibernate: drop table if exists hospital.staff_shifts cascade 
Hibernate: drop table if exists lab.lab_orders cascade 
Hibernate: drop table if exists lab.lab_results cascade 
Hibernate: drop table if exists lab.lab_test_definitions cascade 
Hibernate: drop table if exists platform.department_platform_service_links cascade 
Hibernate: drop table if exists platform.hospital_platform_service_links cascade 
Hibernate: drop table if exists platform.organization_platform_services cascade 
Hibernate: drop table if exists platform.platform_feature_flag_overrides cascade 
Hibernate: drop table if exists platform.platform_release_windows cascade 
Hibernate: drop table if exists reference.catalog_entries cascade 
Hibernate: drop table if exists reference.catalogs cascade 
Hibernate: drop table if exists security.notifications cascade 
Hibernate: drop table if exists security.organization_security_policies cascade 
Hibernate: drop table if exists security.organization_security_rules cascade 
Hibernate: drop table if exists security.password_reset_tokens cascade 
Hibernate: drop table if exists security.permissions cascade 
Hibernate: drop table if exists security.role_permissions cascade 
Hibernate: drop table if exists security.roles cascade 
Hibernate: drop table if exists security.user_mfa_enrollments cascade 
Hibernate: drop table if exists security.user_recovery_contacts cascade 
Hibernate: drop table if exists security.user_role_hospital_assignment cascade 
Hibernate: drop table if exists security.user_roles cascade 
Hibernate: drop table if exists security.users cascade 
Hibernate: drop table if exists support.audit_event_logs cascade 
Hibernate: drop table if exists support.chat_messages cascade 
Hibernate: drop table if exists support.frontend_audit_events cascade 
Hibernate: drop table if exists support.service_translations cascade 
Hibernate: drop table if exists admission_applied_order_sets cascade 
Hibernate: drop table if exists admission_order_sets cascade 
Hibernate: drop table if exists admissions cascade 
Hibernate: drop table if exists announcement cascade 
Hibernate: drop table if exists articles cascade 
Hibernate: drop table if exists education_resources cascade 
Hibernate: drop table if exists general_referrals cascade 
Hibernate: drop table if exists patient_insurances_v2 cascade 
Hibernate: drop table if exists patient_medical_histories_v2 cascade 
Hibernate: drop table if exists patients_v2 cascade 
Hibernate: drop table if exists permission_matrix_audit_events cascade 
Hibernate: drop table if exists permission_matrix_snapshots cascade 
Hibernate: drop table if exists referral_attachments cascade 
Hibernate: drop table if exists testimonials cascade 
Hibernate: drop table if exists billing.billing_invoices cascade 
Hibernate: drop table if exists billing.invoice_items cascade 
Hibernate: drop table if exists clinical.advance_directives cascade 
Hibernate: drop table if exists clinical.appointments cascade 
Hibernate: drop table if exists clinical.birth_plan_comfort_items cascade 
Hibernate: drop table if exists clinical.birth_plan_medicated_options cascade 
Hibernate: drop table if exists clinical.birth_plan_support_persons cascade 
Hibernate: drop table if exists clinical.birth_plan_unmedicated_techniques cascade 
Hibernate: drop table if exists clinical.birth_plans cascade 
Hibernate: drop table if exists clinical.consultations cascade 
Hibernate: drop table if exists clinical.digital_signature_audit_log cascade 
Hibernate: drop table if exists clinical.digital_signatures cascade 
Hibernate: drop table if exists clinical.discharge_approvals cascade 
Hibernate: drop table if exists clinical.discharge_equipment_supplies cascade 
Hibernate: drop table if exists clinical.discharge_follow_up_appointments cascade 
Hibernate: drop table if exists clinical.discharge_medication_reconciliations cascade 
Hibernate: drop table if exists clinical.discharge_pending_test_results cascade 
Hibernate: drop table if exists clinical.discharge_summaries cascade 
Hibernate: drop table if exists clinical.drug_interactions cascade 
Hibernate: drop table if exists clinical.education_resource_content_translations cascade 
Hibernate: drop table if exists clinical.education_resource_cultural_notes cascade 
Hibernate: drop table if exists clinical.education_resource_related cascade 
Hibernate: drop table if exists clinical.education_resource_tags cascade 
Hibernate: drop table if exists clinical.education_resource_translations cascade 
Hibernate: drop table if exists clinical.education_resources cascade 
Hibernate: drop table if exists clinical.encounter_history cascade 
Hibernate: drop table if exists clinical.encounter_note_addenda cascade 
Hibernate: drop table if exists clinical.encounter_note_history cascade 
Hibernate: drop table if exists clinical.encounter_note_links cascade 
Hibernate: drop table if exists clinical.encounter_notes cascade 
Hibernate: drop table if exists clinical.encounter_treatments cascade 
Hibernate: drop table if exists clinical.encounters cascade 
Hibernate: drop table if exists clinical.high_risk_plan_bp_logs cascade 
Hibernate: drop table if exists clinical.high_risk_plan_care_team_members cascade 
Hibernate: drop table if exists clinical.high_risk_plan_care_team_notes cascade 
Hibernate: drop table if exists clinical.high_risk_plan_education_topics cascade 
Hibernate: drop table if exists clinical.high_risk_plan_emergency_symptoms cascade 
Hibernate: drop table if exists clinical.high_risk_plan_lifestyle_factors cascade 
Hibernate: drop table if exists clinical.high_risk_plan_medication_logs cascade 
Hibernate: drop table if exists clinical.high_risk_plan_milestones cascade 
Hibernate: drop table if exists clinical.high_risk_plan_preexisting_conditions cascade 
Hibernate: drop table if exists clinical.high_risk_plan_pregnancy_conditions cascade 
Hibernate: drop table if exists clinical.high_risk_plan_preventive_guidance cascade 
Hibernate: drop table if exists clinical.high_risk_plan_support_resources cascade 
Hibernate: drop table if exists clinical.high_risk_pregnancy_plans cascade 
Hibernate: drop table if exists clinical.imaging_orders cascade 
Hibernate: drop table if exists clinical.imaging_report_attachments cascade 
Hibernate: drop table if exists clinical.imaging_report_measurements cascade 
Hibernate: drop table if exists clinical.imaging_report_status_history cascade 
Hibernate: drop table if exists clinical.imaging_reports cascade 
Hibernate: drop table if exists clinical.maternal_history cascade 
Hibernate: drop table if exists clinical.newborn_assessment_alerts cascade 
Hibernate: drop table if exists clinical.newborn_assessment_education_topics cascade 
Hibernate: drop table if exists clinical.newborn_assessment_follow_up_actions cascade 
Hibernate: drop table if exists clinical.newborn_assessments cascade 
Hibernate: drop table if exists clinical.nursing_note_addenda cascade 
Hibernate: drop table if exists clinical.nursing_note_education_entries cascade 
Hibernate: drop table if exists clinical.nursing_note_interventions cascade 
Hibernate: drop table if exists clinical.nursing_notes cascade 
Hibernate: drop table if exists clinical.obgyn_referral_attachments cascade 
Hibernate: drop table if exists clinical.obgyn_referral_messages cascade 
Hibernate: drop table if exists clinical.obgyn_referrals cascade 
Hibernate: drop table if exists clinical.patient_allergies cascade 
Hibernate: drop table if exists clinical.patient_chart_attachments cascade 
Hibernate: drop table if exists clinical.patient_chart_section_entries cascade 
Hibernate: drop table if exists clinical.patient_chart_updates cascade 
Hibernate: drop table if exists clinical.patient_consents cascade 
Hibernate: drop table if exists clinical.patient_education_progress cascade 
Hibernate: drop table if exists clinical.patient_education_questions cascade 
Hibernate: drop table if exists clinical.patient_family_history cascade 
Hibernate: drop table if exists clinical.patient_hospital_registrations cascade 
Hibernate: drop table if exists clinical.patient_immunization cascade 
Hibernate: drop table if exists clinical.patient_insurances cascade 
Hibernate: drop table if exists clinical.patient_primary_care cascade 
Hibernate: drop table if exists clinical.patient_problem_history cascade 
Hibernate: drop table if exists clinical.patient_problems cascade 
Hibernate: drop table if exists clinical.patient_social_history cascade 
Hibernate: drop table if exists clinical.patient_surgical_history cascade 
Hibernate: drop table if exists clinical.patient_vital_signs cascade 
Hibernate: drop table if exists clinical.patients cascade 
Hibernate: drop table if exists clinical.pharmacy_fills cascade 
Hibernate: drop table if exists clinical.postpartum_care_plans cascade 
Hibernate: drop table if exists clinical.postpartum_observation_alerts cascade 
Hibernate: drop table if exists clinical.postpartum_observation_education_topics cascade 
Hibernate: drop table if exists clinical.postpartum_observations cascade 
Hibernate: drop table if exists clinical.prescription_alerts cascade 
Hibernate: drop table if exists clinical.prescription_instructions cascade 
Hibernate: drop table if exists clinical.prescription_transmissions cascade 
Hibernate: drop table if exists clinical.prescriptions cascade 
Hibernate: drop table if exists clinical.procedure_orders cascade 
Hibernate: drop table if exists clinical.refill_requests cascade 
Hibernate: drop table if exists clinical.treatment_plan_followups cascade 
Hibernate: drop table if exists clinical.treatment_plan_reviews cascade 
Hibernate: drop table if exists clinical.treatment_plans cascade 
Hibernate: drop table if exists clinical.treatments cascade 
Hibernate: drop table if exists clinical.ultrasound_orders cascade 
Hibernate: drop table if exists clinical.ultrasound_reports cascade 
Hibernate: drop table if exists clinical.visit_education_documentation cascade 
Hibernate: drop table if exists clinical.visit_education_resources_provided cascade 
Hibernate: drop table if exists empi.identity_aliases cascade 
Hibernate: drop table if exists empi.master_identities cascade 
Hibernate: drop table if exists empi.merge_events cascade 
Hibernate: drop table if exists governance.security_policy_approvals cascade 
Hibernate: drop table if exists governance.security_policy_baselines cascade 
Hibernate: drop table if exists governance.security_rule_sets cascade 
Hibernate: drop table if exists hospital.department_translations cascade 
Hibernate: drop table if exists hospital.departments cascade 
Hibernate: drop table if exists hospital.hospitals cascade 
Hibernate: drop table if exists hospital.organizations cascade 
Hibernate: drop table if exists hospital.staff cascade 
Hibernate: drop table if exists hospital.staff_availability cascade 
Hibernate: drop table if exists hospital.staff_leave_requests cascade 
Hibernate: drop table if exists hospital.staff_shifts cascade 
Hibernate: drop table if exists lab.lab_orders cascade 
Hibernate: drop table if exists lab.lab_results cascade 
Hibernate: drop table if exists lab.lab_test_definitions cascade 
Hibernate: drop table if exists platform.department_platform_service_links cascade 
Hibernate: drop table if exists platform.hospital_platform_service_links cascade 
Hibernate: drop table if exists platform.organization_platform_services cascade 
Hibernate: drop table if exists platform.platform_feature_flag_overrides cascade 
Hibernate: drop table if exists platform.platform_release_windows cascade 
Hibernate: drop table if exists reference.catalog_entries cascade 
Hibernate: drop table if exists reference.catalogs cascade 
Hibernate: drop table if exists security.notifications cascade 
Hibernate: drop table if exists security.organization_security_policies cascade 
Hibernate: drop table if exists security.organization_security_rules cascade 
Hibernate: drop table if exists security.password_reset_tokens cascade 
Hibernate: drop table if exists security.permissions cascade 
Hibernate: drop table if exists security.role_permissions cascade 
Hibernate: drop table if exists security.roles cascade 
Hibernate: drop table if exists security.user_mfa_enrollments cascade 
Hibernate: drop table if exists security.user_recovery_contacts cascade 
Hibernate: drop table if exists security.user_role_hospital_assignment cascade 
Hibernate: drop table if exists security.user_roles cascade 
Hibernate: drop table if exists security.users cascade 
Hibernate: drop table if exists support.audit_event_logs cascade 
Hibernate: drop table if exists support.chat_messages cascade 
Hibernate: drop table if exists support.frontend_audit_events cascade 
Hibernate: drop table if exists support.service_translations cascade 
Hibernate: drop table if exists admission_applied_order_sets cascade 
Hibernate: drop table if exists admission_order_sets cascade 
Hibernate: drop table if exists admissions cascade 
Hibernate: drop table if exists announcement cascade 
Hibernate: drop table if exists articles cascade 
Hibernate: drop table if exists education_resources cascade 
Hibernate: drop table if exists general_referrals cascade 
Hibernate: drop table if exists patient_insurances_v2 cascade 
Hibernate: drop table if exists patient_medical_histories_v2 cascade 
Hibernate: drop table if exists patients_v2 cascade 
Hibernate: drop table if exists permission_matrix_audit_events cascade 
Hibernate: drop table if exists permission_matrix_snapshots cascade 
Hibernate: drop table if exists referral_attachments cascade 
Hibernate: drop table if exists testimonials cascade 
Hibernate: drop table if exists empi.identity_aliases cascade 
Hibernate: drop table if exists empi.master_identities cascade 
Hibernate: drop table if exists empi.merge_events cascade 
Hibernate: drop schema empi

[Incubating] Problems report is available at: file:///C:/Users/tiego/OneDrive/Desktop/HMS/hms/build/reports/problems/problems-report.html

Deprecated Gradle features were used in this build, making it incompatible with Gradle 9.0.

You can use '--warning-mode all' to show the individual deprecation warnings and determine if they come from your own scripts or plugins.

For more on this, please refer to https://docs.gradle.org/8.13/userguide/command_line_interface.html#sec:command_line_warnings in the Gradle documentation.

BUILD SUCCESSFUL in 4m 11s
5 actionable tasks: 1 executed, 4 up-to-date
